2026-05-30 22:31:22,359 [INFO] merge_service - ============================================================
2026-05-30 22:31:22,359 [INFO] merge_service - 合并+清洗服务 — 新任务
2026-05-30 22:31:22,359 [INFO] merge_service -   合并ID: 7f1220cd-6a17-4070-a108-615a3c34f8d9
2026-05-30 22:31:22,359 [INFO] merge_service -   PDF名称: 医脉通】冠心病合并心房颤动患者抗栓管理中国专家共识 (原始: 医脉通】冠心病合并心房颤动患者抗栓管理中国专家共识.pdf)
2026-05-30 22:31:22,359 [INFO] merge_service -   关联提取任务数: 13
2026-05-30 22:31:22,359 [INFO] merge_service -   输出目录: ./output
2026-05-30 22:31:22,359 [INFO] merge_service -   提取服务: http://localhost:8001
2026-05-30 22:31:22,359 [INFO] merge_service - ============================================================
2026-05-30 22:31:22,360 [INFO] merge_service - [Poll] 开始轮询 13 个提取任务...
2026-05-30 22:31:22,360 [INFO] merge_service - [Poll] 提取服务地址: http://localhost:8001
2026-05-30 22:31:22,360 [INFO] merge_service - [Poll] 轮询间隔: 3.0s, 最大等待: 3600.0s
2026-05-30 22:31:22,585 [INFO] merge_service - [Poll] 进度: 0/13 完成, 剩余 13 个任务仍在处理中...
2026-05-30 22:31:25,740 [INFO] merge_service - [Poll] 进度: 0/13 完成, 剩余 13 个任务仍在处理中...
2026-05-30 22:31:28,912 [INFO] merge_service - [Poll] 进度: 0/13 完成, 剩余 13 个任务仍在处理中...
2026-05-30 22:31:32,060 [INFO] merge_service - [Poll] 进度: 0/13 完成, 剩余 13 个任务仍在处理中...
2026-05-30 22:31:35,214 [INFO] merge_service - [Poll] 进度: 0/13 完成, 剩余 13 个任务仍在处理中...
2026-05-30 22:31:38,363 [INFO] merge_service - [Poll] 进度: 0/13 完成, 剩余 13 个任务仍在处理中...
2026-05-30 22:31:41,503 [INFO] merge_service - [Poll] 进度: 0/13 完成, 剩余 13 个任务仍在处理中...
2026-05-30 22:31:44,678 [INFO] merge_service - [Poll] 进度: 0/13 完成, 剩余 13 个任务仍在处理中...
2026-05-30 22:31:47,826 [INFO] merge_service - [Poll] 进度: 0/13 完成, 剩余 13 个任务仍在处理中...
2026-05-30 22:31:50,970 [INFO] merge_service - [Poll] 进度: 0/13 完成, 剩余 13 个任务仍在处理中...
2026-05-30 22:31:54,159 [INFO] merge_service - [Poll] 进度: 0/13 完成, 剩余 13 个任务仍在处理中...
2026-05-30 22:31:57,329 [INFO] merge_service - [Poll] 进度: 0/13 完成, 剩余 13 个任务仍在处理中...
2026-05-30 22:32:00,472 [INFO] merge_service - [Poll] 进度: 0/13 完成, 剩余 13 个任务仍在处理中...
2026-05-30 22:32:03,667 [INFO] merge_service - [Poll] 进度: 0/13 完成, 剩余 13 个任务仍在处理中...
2026-05-30 22:32:06,824 [INFO] merge_service - [Poll] 进度: 0/13 完成, 剩余 13 个任务仍在处理中...
2026-05-30 22:32:09,966 [INFO] merge_service - [Poll] 进度: 0/13 完成, 剩余 13 个任务仍在处理中...
2026-05-30 22:32:13,121 [INFO] merge_service - [Poll] 进度: 0/13 完成, 剩余 13 个任务仍在处理中...
2026-05-30 22:32:16,277 [INFO] merge_service - [Poll] 进度: 0/13 完成, 剩余 13 个任务仍在处理中...
2026-05-30 22:32:19,420 [INFO] merge_service - [Poll] 进度: 0/13 完成, 剩余 13 个任务仍在处理中...
2026-05-30 22:32:22,587 [INFO] merge_service - [Poll] 进度: 0/13 完成, 剩余 13 个任务仍在处理中...
2026-05-30 22:32:25,771 [INFO] merge_service - [Poll] 进度: 0/13 完成, 剩余 13 个任务仍在处理中...
2026-05-30 22:32:28,824 [INFO] merge_service - [Poll] 任务 4a42b345-5899-4aca-a2b0-c2f873e43caa (【医脉通】冠心病合并心房颤动患者抗栓管理中国专家共识_1.png) → completed [成功]
2026-05-30 22:32:28,935 [INFO] merge_service - [Poll] 进度: 1/13 完成, 剩余 12 个任务仍在处理中...
2026-05-30 22:32:32,064 [INFO] merge_service - [Poll] 进度: 1/13 完成, 剩余 12 个任务仍在处理中...
2026-05-30 22:32:35,199 [INFO] merge_service - [Poll] 进度: 1/13 完成, 剩余 12 个任务仍在处理中...
2026-05-30 22:32:38,269 [INFO] merge_service - [Poll] 任务 f8cf141a-9c01-49ba-a0b2-dd3d32a89c37 (【医脉通】冠心病合并心房颤动患者抗栓管理中国专家共识_3.png) → completed [成功]
2026-05-30 22:32:38,371 [INFO] merge_service - [Poll] 进度: 2/13 完成, 剩余 11 个任务仍在处理中...
2026-05-30 22:32:41,493 [INFO] merge_service - [Poll] 进度: 2/13 完成, 剩余 11 个任务仍在处理中...
2026-05-30 22:32:44,617 [INFO] merge_service - [Poll] 进度: 2/13 完成, 剩余 11 个任务仍在处理中...
2026-05-30 22:32:47,782 [INFO] merge_service - [Poll] 进度: 2/13 完成, 剩余 11 个任务仍在处理中...
2026-05-30 22:32:50,909 [INFO] merge_service - [Poll] 进度: 2/13 完成, 剩余 11 个任务仍在处理中...
2026-05-30 22:32:54,029 [INFO] merge_service - [Poll] 进度: 2/13 完成, 剩余 11 个任务仍在处理中...
2026-05-30 22:32:57,189 [INFO] merge_service - [Poll] 进度: 2/13 完成, 剩余 11 个任务仍在处理中...
2026-05-30 22:33:00,314 [INFO] merge_service - [Poll] 进度: 2/13 完成, 剩余 11 个任务仍在处理中...
2026-05-30 22:33:03,439 [INFO] merge_service - [Poll] 进度: 2/13 完成, 剩余 11 个任务仍在处理中...
2026-05-30 22:33:06,595 [INFO] merge_service - [Poll] 进度: 2/13 完成, 剩余 11 个任务仍在处理中...
2026-05-30 22:33:09,713 [INFO] merge_service - [Poll] 进度: 2/13 完成, 剩余 11 个任务仍在处理中...
2026-05-30 22:33:12,891 [INFO] merge_service - [Poll] 进度: 2/13 完成, 剩余 11 个任务仍在处理中...
2026-05-30 22:33:16,020 [INFO] merge_service - [Poll] 进度: 2/13 完成, 剩余 11 个任务仍在处理中...
2026-05-30 22:33:19,162 [INFO] merge_service - [Poll] 进度: 2/13 完成, 剩余 11 个任务仍在处理中...
2026-05-30 22:33:22,312 [INFO] merge_service - [Poll] 进度: 2/13 完成, 剩余 11 个任务仍在处理中...
2026-05-30 22:33:25,448 [INFO] merge_service - [Poll] 进度: 2/13 完成, 剩余 11 个任务仍在处理中...
2026-05-30 22:33:28,572 [INFO] merge_service - [Poll] 进度: 2/13 完成, 剩余 11 个任务仍在处理中...
2026-05-30 22:33:31,738 [INFO] merge_service - [Poll] 进度: 2/13 完成, 剩余 11 个任务仍在处理中...
2026-05-30 22:33:34,768 [INFO] merge_service - [Poll] 任务 42267e1b-cd24-40bb-8969-48f193f97a3a (【医脉通】冠心病合并心房颤动患者抗栓管理中国专家共识_7.png) → completed [成功]
2026-05-30 22:33:34,865 [INFO] merge_service - [Poll] 进度: 3/13 完成, 剩余 10 个任务仍在处理中...
2026-05-30 22:33:37,977 [INFO] merge_service - [Poll] 进度: 3/13 完成, 剩余 10 个任务仍在处理中...
2026-05-30 22:33:41,130 [INFO] merge_service - [Poll] 进度: 3/13 完成, 剩余 10 个任务仍在处理中...
2026-05-30 22:33:44,263 [INFO] merge_service - [Poll] 进度: 3/13 完成, 剩余 10 个任务仍在处理中...
2026-05-30 22:33:47,275 [INFO] merge_service - [Poll] 任务 e00b429d-c268-4f85-90a6-9eb8835f945f (【医脉通】冠心病合并心房颤动患者抗栓管理中国专家共识_6.png) → completed [成功]
2026-05-30 22:33:47,375 [INFO] merge_service - [Poll] 进度: 4/13 完成, 剩余 9 个任务仍在处理中...
2026-05-30 22:33:50,530 [INFO] merge_service - [Poll] 进度: 4/13 完成, 剩余 9 个任务仍在处理中...
2026-05-30 22:33:53,632 [INFO] merge_service - [Poll] 进度: 4/13 完成, 剩余 9 个任务仍在处理中...
2026-05-30 22:33:56,731 [INFO] merge_service - [Poll] 进度: 4/13 完成, 剩余 9 个任务仍在处理中...
2026-05-30 22:33:59,779 [INFO] merge_service - [Poll] 任务 d14d06e3-d8f1-4e0a-81c9-66290389306b (【医脉通】冠心病合并心房颤动患者抗栓管理中国专家共识_8.png) → completed [成功]
2026-05-30 22:33:59,854 [INFO] merge_service - [Poll] 进度: 5/13 完成, 剩余 8 个任务仍在处理中...
2026-05-30 22:34:02,942 [INFO] merge_service - [Poll] 进度: 5/13 完成, 剩余 8 个任务仍在处理中...
2026-05-30 22:34:06,057 [INFO] merge_service - [Poll] 任务 67ccf9ac-e7d3-49a6-ad28-e0a6dac6247b (【医脉通】冠心病合并心房颤动患者抗栓管理中国专家共识_2.png) → completed [成功]
2026-05-30 22:34:06,069 [INFO] merge_service - [Poll] 进度: 6/13 完成, 剩余 7 个任务仍在处理中...
2026-05-30 22:34:09,117 [INFO] merge_service - [Poll] 任务 14841d50-44a1-4f19-9853-6a9cb38c52db (【医脉通】冠心病合并心房颤动患者抗栓管理中国专家共识_4.png) → completed [成功]
2026-05-30 22:34:09,149 [INFO] merge_service - [Poll] 进度: 7/13 完成, 剩余 6 个任务仍在处理中...
2026-05-30 22:34:12,220 [INFO] merge_service - [Poll] 任务 4271e671-96ab-476e-9d8f-0f0b433659a1 (【医脉通】冠心病合并心房颤动患者抗栓管理中国专家共识_9.png) → completed [成功]
2026-05-30 22:34:12,220 [INFO] merge_service - [Poll] 进度: 8/13 完成, 剩余 5 个任务仍在处理中...
2026-05-30 22:34:15,260 [INFO] merge_service - [Poll] 任务 c72069b4-ede6-4f27-9c8e-690b44807bc0 (【医脉通】冠心病合并心房颤动患者抗栓管理中国专家共识_5.png) → completed [成功]
2026-05-30 22:34:15,280 [INFO] merge_service - [Poll] 进度: 9/13 完成, 剩余 4 个任务仍在处理中...
2026-05-30 22:34:18,306 [INFO] merge_service - [Poll] 任务 5e863af8-577f-43b8-9608-c5a6d474f1b7 (【医脉通】冠心病合并心房颤动患者抗栓管理中国专家共识_11.png) → completed [成功]
2026-05-30 22:34:18,331 [INFO] merge_service - [Poll] 进度: 10/13 完成, 剩余 3 个任务仍在处理中...
2026-05-30 22:34:21,368 [INFO] merge_service - [Poll] 进度: 10/13 完成, 剩余 3 个任务仍在处理中...
2026-05-30 22:34:24,436 [INFO] merge_service - [Poll] 进度: 10/13 完成, 剩余 3 个任务仍在处理中...
2026-05-30 22:34:27,471 [INFO] merge_service - [Poll] 进度: 10/13 完成, 剩余 3 个任务仍在处理中...
2026-05-30 22:34:30,516 [INFO] merge_service - [Poll] 进度: 10/13 完成, 剩余 3 个任务仍在处理中...
2026-05-30 22:34:33,554 [INFO] merge_service - [Poll] 进度: 10/13 完成, 剩余 3 个任务仍在处理中...
2026-05-30 22:34:36,587 [INFO] merge_service - [Poll] 进度: 10/13 完成, 剩余 3 个任务仍在处理中...
2026-05-30 22:34:39,662 [INFO] merge_service - [Poll] 进度: 10/13 完成, 剩余 3 个任务仍在处理中...
2026-05-30 22:34:42,696 [INFO] merge_service - [Poll] 进度: 10/13 完成, 剩余 3 个任务仍在处理中...
2026-05-30 22:34:45,758 [INFO] merge_service - [Poll] 进度: 10/13 完成, 剩余 3 个任务仍在处理中...
2026-05-30 22:34:48,793 [INFO] merge_service - [Poll] 进度: 10/13 完成, 剩余 3 个任务仍在处理中...
2026-05-30 22:34:51,840 [INFO] merge_service - [Poll] 任务 0e866af6-ff31-449a-886e-ed2064e9252d (【医脉通】冠心病合并心房颤动患者抗栓管理中国专家共识_10.png) → completed [成功]
2026-05-30 22:34:51,853 [INFO] merge_service - [Poll] 进度: 11/13 完成, 剩余 2 个任务仍在处理中...
2026-05-30 22:34:54,877 [INFO] merge_service - [Poll] 进度: 11/13 完成, 剩余 2 个任务仍在处理中...
2026-05-30 22:34:57,906 [INFO] merge_service - [Poll] 进度: 11/13 完成, 剩余 2 个任务仍在处理中...
2026-05-30 22:35:00,946 [INFO] merge_service - [Poll] 进度: 11/13 完成, 剩余 2 个任务仍在处理中...
2026-05-30 22:35:03,968 [INFO] merge_service - [Poll] 进度: 11/13 完成, 剩余 2 个任务仍在处理中...
2026-05-30 22:35:07,027 [INFO] merge_service - [Poll] 进度: 11/13 完成, 剩余 2 个任务仍在处理中...
2026-05-30 22:35:10,050 [INFO] merge_service - [Poll] 进度: 11/13 完成, 剩余 2 个任务仍在处理中...
2026-05-30 22:35:13,091 [INFO] merge_service - [Poll] 任务 45f91573-2208-4110-9f10-568586838de7 (【医脉通】冠心病合并心房颤动患者抗栓管理中国专家共识_12.png) → completed [成功]
2026-05-30 22:35:13,091 [INFO] merge_service - [Poll] 进度: 12/13 完成, 剩余 1 个任务仍在处理中...
2026-05-30 22:35:16,104 [INFO] merge_service - [Poll] 进度: 12/13 完成, 剩余 1 个任务仍在处理中...
2026-05-30 22:35:19,117 [INFO] merge_service - [Poll] 进度: 12/13 完成, 剩余 1 个任务仍在处理中...
2026-05-30 22:35:22,157 [INFO] merge_service - [Poll] 任务 f9c8c270-419d-4440-a3e7-89b530332789 (【医脉通】冠心病合并心房颤动患者抗栓管理中国专家共识_13.png) → completed [成功]
2026-05-30 22:35:22,157 [INFO] merge_service - [7f1220cd-6a17-4070-a108-615a3c34f8d9] 所有提取任务已完成，开始合并清洗...
2026-05-30 22:35:22,157 [INFO] merge_service - [7f1220cd-6a17-4070-a108-615a3c34f8d9] 合并顺序（按原图片文件名序号）:
2026-05-30 22:35:22,157 [INFO] merge_service -   第1页: 【医脉通】冠心病合并心房颤动患者抗栓管理中国专家共识_1.png → output/医脉通】冠心病合并心房颤动患者抗栓管理中国专家共识/医脉通】冠心病合并心房颤动患者抗栓管理中国专家共识_1.md
2026-05-30 22:35:22,157 [INFO] merge_service -   第2页: 【医脉通】冠心病合并心房颤动患者抗栓管理中国专家共识_2.png → output/医脉通】冠心病合并心房颤动患者抗栓管理中国专家共识/医脉通】冠心病合并心房颤动患者抗栓管理中国专家共识_2.md
2026-05-30 22:35:22,157 [INFO] merge_service -   第3页: 【医脉通】冠心病合并心房颤动患者抗栓管理中国专家共识_3.png → output/医脉通】冠心病合并心房颤动患者抗栓管理中国专家共识/医脉通】冠心病合并心房颤动患者抗栓管理中国专家共识_3.md
2026-05-30 22:35:22,157 [INFO] merge_service -   第4页: 【医脉通】冠心病合并心房颤动患者抗栓管理中国专家共识_4.png → output/医脉通】冠心病合并心房颤动患者抗栓管理中国专家共识/医脉通】冠心病合并心房颤动患者抗栓管理中国专家共识_4.md
2026-05-30 22:35:22,157 [INFO] merge_service -   第5页: 【医脉通】冠心病合并心房颤动患者抗栓管理中国专家共识_5.png → output/医脉通】冠心病合并心房颤动患者抗栓管理中国专家共识/医脉通】冠心病合并心房颤动患者抗栓管理中国专家共识_5.md
2026-05-30 22:35:22,157 [INFO] merge_service -   第6页: 【医脉通】冠心病合并心房颤动患者抗栓管理中国专家共识_6.png → output/医脉通】冠心病合并心房颤动患者抗栓管理中国专家共识/医脉通】冠心病合并心房颤动患者抗栓管理中国专家共识_6.md
2026-05-30 22:35:22,157 [INFO] merge_service -   第7页: 【医脉通】冠心病合并心房颤动患者抗栓管理中国专家共识_7.png → output/医脉通】冠心病合并心房颤动患者抗栓管理中国专家共识/医脉通】冠心病合并心房颤动患者抗栓管理中国专家共识_7.md
2026-05-30 22:35:22,157 [INFO] merge_service -   第8页: 【医脉通】冠心病合并心房颤动患者抗栓管理中国专家共识_8.png → output/医脉通】冠心病合并心房颤动患者抗栓管理中国专家共识/医脉通】冠心病合并心房颤动患者抗栓管理中国专家共识_8.md
2026-05-30 22:35:22,157 [INFO] merge_service -   第9页: 【医脉通】冠心病合并心房颤动患者抗栓管理中国专家共识_9.png → output/医脉通】冠心病合并心房颤动患者抗栓管理中国专家共识/医脉通】冠心病合并心房颤动患者抗栓管理中国专家共识_9.md
2026-05-30 22:35:22,157 [INFO] merge_service -   第10页: 【医脉通】冠心病合并心房颤动患者抗栓管理中国专家共识_10.png → output/医脉通】冠心病合并心房颤动患者抗栓管理中国专家共识/医脉通】冠心病合并心房颤动患者抗栓管理中国专家共识_10.md
2026-05-30 22:35:22,157 [INFO] merge_service -   第11页: 【医脉通】冠心病合并心房颤动患者抗栓管理中国专家共识_11.png → output/医脉通】冠心病合并心房颤动患者抗栓管理中国专家共识/医脉通】冠心病合并心房颤动患者抗栓管理中国专家共识_11.md
2026-05-30 22:35:22,157 [INFO] merge_service -   第12页: 【医脉通】冠心病合并心房颤动患者抗栓管理中国专家共识_12.png → output/医脉通】冠心病合并心房颤动患者抗栓管理中国专家共识/医脉通】冠心病合并心房颤动患者抗栓管理中国专家共识_12.md
2026-05-30 22:35:22,157 [INFO] merge_service -   第13页: 【医脉通】冠心病合并心房颤动患者抗栓管理中国专家共识_13.png → output/医脉通】冠心病合并心房颤动患者抗栓管理中国专家共识/医脉通】冠心病合并心房颤动患者抗栓管理中国专家共识_13.md
2026-05-30 22:35:22,191 [INFO] merge_service - 
==================================================
2026-05-30 22:35:22,191 [INFO] merge_service - [7f1220cd-6a17-4070-a108-615a3c34f8d9] 合并清洗完成!
2026-05-30 22:35:22,191 [INFO] merge_service -   合并文件: output/医脉通】冠心病合并心房颤动患者抗栓管理中国专家共识/医脉通】冠心病合并心房颤动患者抗栓管理中国专家共识_merged_output.md
2026-05-30 22:35:22,191 [INFO] merge_service -   有效页面: 11/13
2026-05-30 22:35:22,191 [INFO] merge_service -   总字符数: 25092
2026-05-30 22:35:22,191 [INFO] merge_service -   轮询耗时: 239.8s, 合并耗时: 0.03s
2026-05-30 22:35:22,191 [INFO] merge_service -   跳过页面（参考文献）: [12, 13]
2026-05-30 22:35:22,191 [INFO] merge_service - ==================================================
