2026-05-31 14:36:34,602 [INFO] merge_service - ============================================================
2026-05-31 14:36:34,603 [INFO] merge_service - 合并+清洗服务 — 新任务
2026-05-31 14:36:34,603 [INFO] merge_service -   合并ID: e75ef28f-fc41-4197-8045-770c9058a1d6
2026-05-31 14:36:34,603 [INFO] merge_service -   PDF名称: 应用肾上腺素能受体阻滞剂规范治疗冠心病的中国专家共识 (原始: 应用肾上腺素能受体阻滞剂规范治疗冠心病的中国专家共识.pdf)
2026-05-31 14:36:34,603 [INFO] merge_service -   关联提取任务数: 16
2026-05-31 14:36:34,603 [INFO] merge_service -   输出目录: ./output
2026-05-31 14:36:34,603 [INFO] merge_service -   提取服务: http://localhost:8001
2026-05-31 14:36:34,603 [INFO] merge_service - ============================================================
2026-05-31 14:36:34,604 [INFO] merge_service - [Poll] 开始轮询 16 个提取任务...
2026-05-31 14:36:34,604 [INFO] merge_service - [Poll] 提取服务地址: http://localhost:8001
2026-05-31 14:36:34,604 [INFO] merge_service - [Poll] 轮询间隔: 3.0s, 最大等待: 3600.0s
2026-05-31 14:36:34,926 [INFO] merge_service - [Poll] 进度: 0/16 完成, 剩余 16 个任务仍在处理中...
2026-05-31 14:36:38,117 [INFO] merge_service - [Poll] 进度: 0/16 完成, 剩余 16 个任务仍在处理中...
2026-05-31 14:36:41,300 [INFO] merge_service - [Poll] 进度: 0/16 完成, 剩余 16 个任务仍在处理中...
2026-05-31 14:36:44,483 [INFO] merge_service - [Poll] 进度: 0/16 完成, 剩余 16 个任务仍在处理中...
2026-05-31 14:36:47,682 [INFO] merge_service - [Poll] 进度: 0/16 完成, 剩余 16 个任务仍在处理中...
2026-05-31 14:36:50,900 [INFO] merge_service - [Poll] 进度: 0/16 完成, 剩余 16 个任务仍在处理中...
2026-05-31 14:36:54,098 [INFO] merge_service - [Poll] 进度: 0/16 完成, 剩余 16 个任务仍在处理中...
2026-05-31 14:36:57,290 [INFO] merge_service - [Poll] 进度: 0/16 完成, 剩余 16 个任务仍在处理中...
2026-05-31 14:37:00,478 [INFO] merge_service - [Poll] 进度: 0/16 完成, 剩余 16 个任务仍在处理中...
2026-05-31 14:37:03,665 [INFO] merge_service - [Poll] 进度: 0/16 完成, 剩余 16 个任务仍在处理中...
2026-05-31 14:37:06,843 [INFO] merge_service - [Poll] 进度: 0/16 完成, 剩余 16 个任务仍在处理中...
2026-05-31 14:37:10,028 [INFO] merge_service - [Poll] 进度: 0/16 完成, 剩余 16 个任务仍在处理中...
2026-05-31 14:37:13,210 [INFO] merge_service - [Poll] 进度: 0/16 完成, 剩余 16 个任务仍在处理中...
2026-05-31 14:37:16,394 [INFO] merge_service - [Poll] 进度: 0/16 完成, 剩余 16 个任务仍在处理中...
2026-05-31 14:37:19,590 [INFO] merge_service - [Poll] 进度: 0/16 完成, 剩余 16 个任务仍在处理中...
2026-05-31 14:37:22,770 [INFO] merge_service - [Poll] 进度: 0/16 完成, 剩余 16 个任务仍在处理中...
2026-05-31 14:37:25,953 [INFO] merge_service - [Poll] 进度: 0/16 完成, 剩余 16 个任务仍在处理中...
2026-05-31 14:37:29,136 [INFO] merge_service - [Poll] 进度: 0/16 完成, 剩余 16 个任务仍在处理中...
2026-05-31 14:37:32,316 [INFO] merge_service - [Poll] 进度: 0/16 完成, 剩余 16 个任务仍在处理中...
2026-05-31 14:37:35,497 [INFO] merge_service - [Poll] 进度: 0/16 完成, 剩余 16 个任务仍在处理中...
2026-05-31 14:37:38,678 [INFO] merge_service - [Poll] 进度: 0/16 完成, 剩余 16 个任务仍在处理中...
2026-05-31 14:37:41,855 [INFO] merge_service - [Poll] 进度: 0/16 完成, 剩余 16 个任务仍在处理中...
2026-05-31 14:37:45,035 [INFO] merge_service - [Poll] 进度: 0/16 完成, 剩余 16 个任务仍在处理中...
2026-05-31 14:37:48,211 [INFO] merge_service - [Poll] 进度: 0/16 完成, 剩余 16 个任务仍在处理中...
2026-05-31 14:37:51,390 [INFO] merge_service - [Poll] 进度: 0/16 完成, 剩余 16 个任务仍在处理中...
2026-05-31 14:37:54,574 [INFO] merge_service - [Poll] 进度: 0/16 完成, 剩余 16 个任务仍在处理中...
2026-05-31 14:37:57,753 [INFO] merge_service - [Poll] 进度: 0/16 完成, 剩余 16 个任务仍在处理中...
2026-05-31 14:38:00,925 [INFO] merge_service - [Poll] 任务 336bf7de-cbcc-45b9-8924-aa506985c0f2 (应用肾上腺素能受体阻滞剂规范治疗冠心病的中国专家共识_4.png) → completed [成功]
2026-05-31 14:38:00,936 [INFO] merge_service - [Poll] 进度: 1/16 完成, 剩余 15 个任务仍在处理中...
2026-05-31 14:38:04,100 [INFO] merge_service - [Poll] 进度: 1/16 完成, 剩余 15 个任务仍在处理中...
2026-05-31 14:38:07,267 [INFO] merge_service - [Poll] 进度: 1/16 完成, 剩余 15 个任务仍在处理中...
2026-05-31 14:38:10,432 [INFO] merge_service - [Poll] 进度: 1/16 完成, 剩余 15 个任务仍在处理中...
2026-05-31 14:38:13,534 [INFO] merge_service - [Poll] 任务 73b72fe2-dc0b-4e67-991e-cbd40cbc3fdb (应用肾上腺素能受体阻滞剂规范治疗冠心病的中国专家共识_1.png) → completed [成功]
2026-05-31 14:38:13,596 [INFO] merge_service - [Poll] 进度: 2/16 完成, 剩余 14 个任务仍在处理中...
2026-05-31 14:38:16,757 [INFO] merge_service - [Poll] 进度: 2/16 完成, 剩余 14 个任务仍在处理中...
2026-05-31 14:38:19,914 [INFO] merge_service - [Poll] 进度: 2/16 完成, 剩余 14 个任务仍在处理中...
2026-05-31 14:38:22,994 [INFO] merge_service - [Poll] 任务 86f1dec1-4026-47e4-ab0d-e64f0ad45aea (应用肾上腺素能受体阻滞剂规范治疗冠心病的中国专家共识_2.png) → completed [成功]
2026-05-31 14:38:23,070 [INFO] merge_service - [Poll] 进度: 3/16 完成, 剩余 13 个任务仍在处理中...
2026-05-31 14:38:26,216 [INFO] merge_service - [Poll] 进度: 3/16 完成, 剩余 13 个任务仍在处理中...
2026-05-31 14:38:29,387 [INFO] merge_service - [Poll] 进度: 3/16 完成, 剩余 13 个任务仍在处理中...
2026-05-31 14:38:32,549 [INFO] merge_service - [Poll] 进度: 3/16 完成, 剩余 13 个任务仍在处理中...
2026-05-31 14:38:35,720 [INFO] merge_service - [Poll] 进度: 3/16 完成, 剩余 13 个任务仍在处理中...
2026-05-31 14:38:38,893 [INFO] merge_service - [Poll] 进度: 3/16 完成, 剩余 13 个任务仍在处理中...
2026-05-31 14:38:42,056 [INFO] merge_service - [Poll] 进度: 3/16 完成, 剩余 13 个任务仍在处理中...
2026-05-31 14:38:45,228 [INFO] merge_service - [Poll] 任务 bce253e9-ff3d-4df5-999b-848535d71a9f (应用肾上腺素能受体阻滞剂规范治疗冠心病的中国专家共识_3.png) → completed [成功]
2026-05-31 14:38:45,228 [INFO] merge_service - [Poll] 进度: 4/16 完成, 剩余 12 个任务仍在处理中...
2026-05-31 14:38:48,380 [INFO] merge_service - [Poll] 进度: 4/16 完成, 剩余 12 个任务仍在处理中...
2026-05-31 14:38:51,535 [INFO] merge_service - [Poll] 任务 017a3969-edc0-460b-bceb-98555d38453d (应用肾上腺素能受体阻滞剂规范治疗冠心病的中国专家共识_8.png) → completed [成功]
2026-05-31 14:38:51,536 [INFO] merge_service - [Poll] 进度: 5/16 完成, 剩余 11 个任务仍在处理中...
2026-05-31 14:38:54,687 [INFO] merge_service - [Poll] 进度: 5/16 完成, 剩余 11 个任务仍在处理中...
2026-05-31 14:38:57,757 [INFO] merge_service - [Poll] 任务 21e89161-c8db-46e1-b5b0-1b222107d966 (应用肾上腺素能受体阻滞剂规范治疗冠心病的中国专家共识_11.png) → completed [成功]
2026-05-31 14:38:57,829 [INFO] merge_service - [Poll] 进度: 6/16 完成, 剩余 10 个任务仍在处理中...
2026-05-31 14:39:00,887 [INFO] merge_service - [Poll] 任务 8482d7bd-e277-49e4-9bb2-f31c9a278ad6 (应用肾上腺素能受体阻滞剂规范治疗冠心病的中国专家共识_6.png) → completed [成功]
2026-05-31 14:39:00,969 [INFO] merge_service - [Poll] 进度: 7/16 完成, 剩余 9 个任务仍在处理中...
2026-05-31 14:39:04,097 [INFO] merge_service - [Poll] 进度: 7/16 完成, 剩余 9 个任务仍在处理中...
2026-05-31 14:39:07,167 [INFO] merge_service - [Poll] 任务 ad81cc61-3c8e-4896-b1e6-85b8645cd52a (应用肾上腺素能受体阻滞剂规范治疗冠心病的中国专家共识_7.png) → completed [成功]
2026-05-31 14:39:07,233 [INFO] merge_service - [Poll] 任务 7c7bd969-cc01-4a17-be1f-76f23ff645f1 (应用肾上腺素能受体阻滞剂规范治疗冠心病的中国专家共识_13.png) → completed [成功]
2026-05-31 14:39:07,233 [INFO] merge_service - [Poll] 进度: 9/16 完成, 剩余 7 个任务仍在处理中...
2026-05-31 14:39:10,345 [INFO] merge_service - [Poll] 进度: 9/16 完成, 剩余 7 个任务仍在处理中...
2026-05-31 14:39:13,389 [INFO] merge_service - [Poll] 任务 30d08b29-82d6-47b9-aa31-9cca077122cb (应用肾上腺素能受体阻滞剂规范治疗冠心病的中国专家共识_5.png) → completed [成功]
2026-05-31 14:39:13,448 [INFO] merge_service - [Poll] 进度: 10/16 完成, 剩余 6 个任务仍在处理中...
2026-05-31 14:39:16,531 [INFO] merge_service - [Poll] 进度: 10/16 完成, 剩余 6 个任务仍在处理中...
2026-05-31 14:39:19,570 [INFO] merge_service - [Poll] 任务 845a9fc8-4308-4770-9b7c-c630237fdc11 (应用肾上腺素能受体阻滞剂规范治疗冠心病的中国专家共识_14.png) → completed [成功]
2026-05-31 14:39:19,604 [INFO] merge_service - [Poll] 进度: 11/16 完成, 剩余 5 个任务仍在处理中...
2026-05-31 14:39:22,658 [INFO] merge_service - [Poll] 进度: 11/16 完成, 剩余 5 个任务仍在处理中...
2026-05-31 14:39:25,713 [INFO] merge_service - [Poll] 进度: 11/16 完成, 剩余 5 个任务仍在处理中...
2026-05-31 14:39:28,781 [INFO] merge_service - [Poll] 进度: 11/16 完成, 剩余 5 个任务仍在处理中...
2026-05-31 14:39:31,870 [INFO] merge_service - [Poll] 进度: 11/16 完成, 剩余 5 个任务仍在处理中...
2026-05-31 14:39:34,946 [INFO] merge_service - [Poll] 进度: 11/16 完成, 剩余 5 个任务仍在处理中...
2026-05-31 14:39:38,007 [INFO] merge_service - [Poll] 进度: 11/16 完成, 剩余 5 个任务仍在处理中...
2026-05-31 14:39:41,063 [INFO] merge_service - [Poll] 进度: 11/16 完成, 剩余 5 个任务仍在处理中...
2026-05-31 14:39:44,120 [INFO] merge_service - [Poll] 进度: 11/16 完成, 剩余 5 个任务仍在处理中...
2026-05-31 14:39:47,178 [INFO] merge_service - [Poll] 进度: 11/16 完成, 剩余 5 个任务仍在处理中...
2026-05-31 14:39:50,252 [INFO] merge_service - [Poll] 进度: 11/16 完成, 剩余 5 个任务仍在处理中...
2026-05-31 14:39:53,301 [INFO] merge_service - [Poll] 任务 1928b408-f4fe-4605-9ea6-3b2391143c1a (应用肾上腺素能受体阻滞剂规范治疗冠心病的中国专家共识_15.png) → completed [成功]
2026-05-31 14:39:53,326 [INFO] merge_service - [Poll] 进度: 12/16 完成, 剩余 4 个任务仍在处理中...
2026-05-31 14:39:56,374 [INFO] merge_service - [Poll] 进度: 12/16 完成, 剩余 4 个任务仍在处理中...
2026-05-31 14:39:59,419 [INFO] merge_service - [Poll] 进度: 12/16 完成, 剩余 4 个任务仍在处理中...
2026-05-31 14:40:02,443 [INFO] merge_service - [Poll] 任务 1d807928-d6bc-49f4-b9fd-bab81f4b70d8 (应用肾上腺素能受体阻滞剂规范治疗冠心病的中国专家共识_16.png) → completed [成功]
2026-05-31 14:40:02,468 [INFO] merge_service - [Poll] 进度: 13/16 完成, 剩余 3 个任务仍在处理中...
2026-05-31 14:40:05,529 [INFO] merge_service - [Poll] 进度: 13/16 完成, 剩余 3 个任务仍在处理中...
2026-05-31 14:40:08,581 [INFO] merge_service - [Poll] 进度: 13/16 完成, 剩余 3 个任务仍在处理中...
2026-05-31 14:40:11,618 [INFO] merge_service - [Poll] 进度: 13/16 完成, 剩余 3 个任务仍在处理中...
2026-05-31 14:40:14,655 [INFO] merge_service - [Poll] 进度: 13/16 完成, 剩余 3 个任务仍在处理中...
2026-05-31 14:40:17,690 [INFO] merge_service - [Poll] 进度: 13/16 完成, 剩余 3 个任务仍在处理中...
2026-05-31 14:40:20,726 [INFO] merge_service - [Poll] 进度: 13/16 完成, 剩余 3 个任务仍在处理中...
2026-05-31 14:40:23,769 [INFO] merge_service - [Poll] 进度: 13/16 完成, 剩余 3 个任务仍在处理中...
2026-05-31 14:40:26,802 [INFO] merge_service - [Poll] 进度: 13/16 完成, 剩余 3 个任务仍在处理中...
2026-05-31 14:40:29,836 [INFO] merge_service - [Poll] 进度: 13/16 完成, 剩余 3 个任务仍在处理中...
2026-05-31 14:40:32,898 [INFO] merge_service - [Poll] 任务 93e6ca17-eba6-4cf5-b85f-3cdb6793b961 (应用肾上腺素能受体阻滞剂规范治疗冠心病的中国专家共识_12.png) → completed [成功]
2026-05-31 14:40:32,898 [INFO] merge_service - [Poll] 进度: 14/16 完成, 剩余 2 个任务仍在处理中...
2026-05-31 14:40:35,937 [INFO] merge_service - [Poll] 进度: 14/16 完成, 剩余 2 个任务仍在处理中...
2026-05-31 14:40:38,961 [INFO] merge_service - [Poll] 进度: 14/16 完成, 剩余 2 个任务仍在处理中...
2026-05-31 14:40:41,984 [INFO] merge_service - [Poll] 进度: 14/16 完成, 剩余 2 个任务仍在处理中...
2026-05-31 14:40:45,021 [INFO] merge_service - [Poll] 任务 f88039ac-00fb-4637-9996-4bab743048cc (应用肾上腺素能受体阻滞剂规范治疗冠心病的中国专家共识_10.png) → completed [成功]
2026-05-31 14:40:45,021 [INFO] merge_service - [Poll] 进度: 15/16 完成, 剩余 1 个任务仍在处理中...
2026-05-31 14:40:48,044 [INFO] merge_service - [Poll] 进度: 15/16 完成, 剩余 1 个任务仍在处理中...
2026-05-31 14:40:51,057 [INFO] merge_service - [Poll] 进度: 15/16 完成, 剩余 1 个任务仍在处理中...
2026-05-31 14:40:54,069 [INFO] merge_service - [Poll] 任务 0669e95c-60ba-44c8-b8db-63580dbc355e (应用肾上腺素能受体阻滞剂规范治疗冠心病的中国专家共识_9.png) → completed [成功]
2026-05-31 14:40:54,069 [INFO] merge_service - [e75ef28f-fc41-4197-8045-770c9058a1d6] 所有提取任务已完成，开始合并清洗...
2026-05-31 14:40:54,069 [INFO] merge_service - [e75ef28f-fc41-4197-8045-770c9058a1d6] 合并顺序（按原图片文件名序号）:
2026-05-31 14:40:54,069 [INFO] merge_service -   第1页: 应用肾上腺素能受体阻滞剂规范治疗冠心病的中国专家共识_1.png → output/应用肾上腺素能受体阻滞剂规范治疗冠心病的中国专家共识/应用肾上腺素能受体阻滞剂规范治疗冠心病的中国专家共识_1.md
2026-05-31 14:40:54,069 [INFO] merge_service -   第2页: 应用肾上腺素能受体阻滞剂规范治疗冠心病的中国专家共识_2.png → output/应用肾上腺素能受体阻滞剂规范治疗冠心病的中国专家共识/应用肾上腺素能受体阻滞剂规范治疗冠心病的中国专家共识_2.md
2026-05-31 14:40:54,069 [INFO] merge_service -   第3页: 应用肾上腺素能受体阻滞剂规范治疗冠心病的中国专家共识_3.png → output/应用肾上腺素能受体阻滞剂规范治疗冠心病的中国专家共识/应用肾上腺素能受体阻滞剂规范治疗冠心病的中国专家共识_3.md
2026-05-31 14:40:54,069 [INFO] merge_service -   第4页: 应用肾上腺素能受体阻滞剂规范治疗冠心病的中国专家共识_4.png → output/应用肾上腺素能受体阻滞剂规范治疗冠心病的中国专家共识/应用肾上腺素能受体阻滞剂规范治疗冠心病的中国专家共识_4.md
2026-05-31 14:40:54,069 [INFO] merge_service -   第5页: 应用肾上腺素能受体阻滞剂规范治疗冠心病的中国专家共识_5.png → output/应用肾上腺素能受体阻滞剂规范治疗冠心病的中国专家共识/应用肾上腺素能受体阻滞剂规范治疗冠心病的中国专家共识_5.md
2026-05-31 14:40:54,069 [INFO] merge_service -   第6页: 应用肾上腺素能受体阻滞剂规范治疗冠心病的中国专家共识_6.png → output/应用肾上腺素能受体阻滞剂规范治疗冠心病的中国专家共识/应用肾上腺素能受体阻滞剂规范治疗冠心病的中国专家共识_6.md
2026-05-31 14:40:54,069 [INFO] merge_service -   第7页: 应用肾上腺素能受体阻滞剂规范治疗冠心病的中国专家共识_7.png → output/应用肾上腺素能受体阻滞剂规范治疗冠心病的中国专家共识/应用肾上腺素能受体阻滞剂规范治疗冠心病的中国专家共识_7.md
2026-05-31 14:40:54,069 [INFO] merge_service -   第8页: 应用肾上腺素能受体阻滞剂规范治疗冠心病的中国专家共识_8.png → output/应用肾上腺素能受体阻滞剂规范治疗冠心病的中国专家共识/应用肾上腺素能受体阻滞剂规范治疗冠心病的中国专家共识_8.md
2026-05-31 14:40:54,069 [INFO] merge_service -   第9页: 应用肾上腺素能受体阻滞剂规范治疗冠心病的中国专家共识_9.png → output/应用肾上腺素能受体阻滞剂规范治疗冠心病的中国专家共识/应用肾上腺素能受体阻滞剂规范治疗冠心病的中国专家共识_9.md
2026-05-31 14:40:54,069 [INFO] merge_service -   第10页: 应用肾上腺素能受体阻滞剂规范治疗冠心病的中国专家共识_10.png → output/应用肾上腺素能受体阻滞剂规范治疗冠心病的中国专家共识/应用肾上腺素能受体阻滞剂规范治疗冠心病的中国专家共识_10.md
2026-05-31 14:40:54,069 [INFO] merge_service -   第11页: 应用肾上腺素能受体阻滞剂规范治疗冠心病的中国专家共识_11.png → output/应用肾上腺素能受体阻滞剂规范治疗冠心病的中国专家共识/应用肾上腺素能受体阻滞剂规范治疗冠心病的中国专家共识_11.md
2026-05-31 14:40:54,069 [INFO] merge_service -   第12页: 应用肾上腺素能受体阻滞剂规范治疗冠心病的中国专家共识_12.png → output/应用肾上腺素能受体阻滞剂规范治疗冠心病的中国专家共识/应用肾上腺素能受体阻滞剂规范治疗冠心病的中国专家共识_12.md
2026-05-31 14:40:54,069 [INFO] merge_service -   第13页: 应用肾上腺素能受体阻滞剂规范治疗冠心病的中国专家共识_13.png → output/应用肾上腺素能受体阻滞剂规范治疗冠心病的中国专家共识/应用肾上腺素能受体阻滞剂规范治疗冠心病的中国专家共识_13.md
2026-05-31 14:40:54,069 [INFO] merge_service -   第14页: 应用肾上腺素能受体阻滞剂规范治疗冠心病的中国专家共识_14.png → output/应用肾上腺素能受体阻滞剂规范治疗冠心病的中国专家共识/应用肾上腺素能受体阻滞剂规范治疗冠心病的中国专家共识_14.md
2026-05-31 14:40:54,069 [INFO] merge_service -   第15页: 应用肾上腺素能受体阻滞剂规范治疗冠心病的中国专家共识_15.png → output/应用肾上腺素能受体阻滞剂规范治疗冠心病的中国专家共识/应用肾上腺素能受体阻滞剂规范治疗冠心病的中国专家共识_15.md
2026-05-31 14:40:54,069 [INFO] merge_service -   第16页: 应用肾上腺素能受体阻滞剂规范治疗冠心病的中国专家共识_16.png → output/应用肾上腺素能受体阻滞剂规范治疗冠心病的中国专家共识/应用肾上腺素能受体阻滞剂规范治疗冠心病的中国专家共识_16.md
2026-05-31 14:40:54,103 [INFO] merge_service - 
==================================================
2026-05-31 14:40:54,103 [INFO] merge_service - [e75ef28f-fc41-4197-8045-770c9058a1d6] 合并清洗完成!
2026-05-31 14:40:54,103 [INFO] merge_service -   合并文件: output/应用肾上腺素能受体阻滞剂规范治疗冠心病的中国专家共识/应用肾上腺素能受体阻滞剂规范治疗冠心病的中国专家共识_merged_output.md
2026-05-31 14:40:54,103 [INFO] merge_service -   有效页面: 13/16
2026-05-31 14:40:54,103 [INFO] merge_service -   总字符数: 33030
2026-05-31 14:40:54,103 [INFO] merge_service -   轮询耗时: 259.46s, 合并耗时: 0.03s
2026-05-31 14:40:54,103 [INFO] merge_service -   跳过页面（参考文献）: [12, 13, 14]
2026-05-31 14:40:54,103 [INFO] merge_service - ==================================================
