2026-05-31 16:27:05,801 [INFO] merge_service - ============================================================
2026-05-31 16:27:05,801 [INFO] merge_service - 合并+清洗服务 — 新任务
2026-05-31 16:27:05,801 [INFO] merge_service -   合并ID: 1e89379a-cc70-47a5-8241-5ce2e8628bb7
2026-05-31 16:27:05,801 [INFO] merge_service -   PDF名称: 025_Guideline_for_the_Management_of_Patients_With_Acute_Coronary_Syndromes (原始: 025_Guideline_for_the_Management_of_Patients_With_Acute_Coronary_Syndromes.pdf)
2026-05-31 16:27:05,801 [INFO] merge_service -   关联提取任务数: 92
2026-05-31 16:27:05,801 [INFO] merge_service -   输出目录: ./output
2026-05-31 16:27:05,801 [INFO] merge_service -   提取服务: http://localhost:8001
2026-05-31 16:27:05,801 [INFO] merge_service - ============================================================
2026-05-31 16:27:05,802 [INFO] merge_service - [Poll] 开始轮询 92 个提取任务...
2026-05-31 16:27:05,802 [INFO] merge_service - [Poll] 提取服务地址: http://localhost:8001
2026-05-31 16:27:05,802 [INFO] merge_service - [Poll] 轮询间隔: 3.0s, 最大等待: 3600.0s
2026-05-31 16:27:07,076 [INFO] merge_service - [Poll] 进度: 0/92 完成, 剩余 92 个任务仍在处理中...
2026-05-31 16:27:11,137 [INFO] merge_service - [Poll] 进度: 0/92 完成, 剩余 92 个任务仍在处理中...
2026-05-31 16:27:15,219 [INFO] merge_service - [Poll] 进度: 0/92 完成, 剩余 92 个任务仍在处理中...
2026-05-31 16:27:19,216 [INFO] merge_service - [Poll] 进度: 0/92 完成, 剩余 92 个任务仍在处理中...
2026-05-31 16:27:23,261 [INFO] merge_service - [Poll] 进度: 0/92 完成, 剩余 92 个任务仍在处理中...
2026-05-31 16:27:27,253 [INFO] merge_service - [Poll] 进度: 0/92 完成, 剩余 92 个任务仍在处理中...
2026-05-31 16:27:31,260 [INFO] merge_service - [Poll] 进度: 0/92 完成, 剩余 92 个任务仍在处理中...
2026-05-31 16:27:35,272 [INFO] merge_service - [Poll] 进度: 0/92 完成, 剩余 92 个任务仍在处理中...
2026-05-31 16:27:38,588 [INFO] merge_service - [Poll] 任务 3ad1986d-969a-445f-aa69-850455685db2 (2025_Guideline_for_the_Management_of_Patients_With_Acute_Coronary_Syndromes_3.png) → completed [成功]
2026-05-31 16:27:39,266 [INFO] merge_service - [Poll] 进度: 1/92 完成, 剩余 91 个任务仍在处理中...
2026-05-31 16:27:43,267 [INFO] merge_service - [Poll] 进度: 1/92 完成, 剩余 91 个任务仍在处理中...
2026-05-31 16:27:47,252 [INFO] merge_service - [Poll] 进度: 1/92 完成, 剩余 91 个任务仍在处理中...
2026-05-31 16:27:50,955 [INFO] merge_service - [Poll] 任务 8a2a5e27-64a1-4692-b9e2-90a6f74eeb97 (2025_Guideline_for_the_Management_of_Patients_With_Acute_Coronary_Syndromes_2.png) → completed [成功]
2026-05-31 16:27:51,234 [INFO] merge_service - [Poll] 进度: 2/92 完成, 剩余 90 个任务仍在处理中...
2026-05-31 16:27:55,229 [INFO] merge_service - [Poll] 进度: 2/92 完成, 剩余 90 个任务仍在处理中...
2026-05-31 16:27:59,222 [INFO] merge_service - [Poll] 进度: 2/92 完成, 剩余 90 个任务仍在处理中...
2026-05-31 16:28:02,367 [INFO] merge_service - [Poll] 任务 2d7118a7-22e8-41ab-8b41-46a87bbd8fdd (2025_Guideline_for_the_Management_of_Patients_With_Acute_Coronary_Syndromes_7.png) → completed [成功]
2026-05-31 16:28:03,200 [INFO] merge_service - [Poll] 进度: 3/92 完成, 剩余 89 个任务仍在处理中...
2026-05-31 16:28:07,189 [INFO] merge_service - [Poll] 进度: 3/92 完成, 剩余 89 个任务仍在处理中...
2026-05-31 16:28:11,142 [INFO] merge_service - [Poll] 进度: 3/92 完成, 剩余 89 个任务仍在处理中...
2026-05-31 16:28:15,109 [INFO] merge_service - [Poll] 进度: 3/92 完成, 剩余 89 个任务仍在处理中...
2026-05-31 16:28:19,063 [INFO] merge_service - [Poll] 进度: 3/92 完成, 剩余 89 个任务仍在处理中...
2026-05-31 16:28:23,057 [INFO] merge_service - [Poll] 进度: 3/92 完成, 剩余 89 个任务仍在处理中...
2026-05-31 16:28:26,420 [INFO] merge_service - [Poll] 任务 7ce3a1ae-1ff5-467a-8073-9760f2407ec0 (2025_Guideline_for_the_Management_of_Patients_With_Acute_Coronary_Syndromes_9.png) → completed [成功]
2026-05-31 16:28:27,025 [INFO] merge_service - [Poll] 进度: 4/92 完成, 剩余 88 个任务仍在处理中...
2026-05-31 16:28:31,016 [INFO] merge_service - [Poll] 进度: 4/92 完成, 剩余 88 个任务仍在处理中...
2026-05-31 16:28:34,316 [INFO] merge_service - [Poll] 任务 064bd846-a854-4d65-9f4a-3f13bd7d7cf1 (2025_Guideline_for_the_Management_of_Patients_With_Acute_Coronary_Syndromes_4.png) → completed [成功]
2026-05-31 16:28:34,972 [INFO] merge_service - [Poll] 进度: 5/92 完成, 剩余 87 个任务仍在处理中...
2026-05-31 16:28:38,963 [INFO] merge_service - [Poll] 进度: 5/92 完成, 剩余 87 个任务仍在处理中...
2026-05-31 16:28:42,429 [INFO] merge_service - [Poll] 任务 4f310239-4ef5-4c2b-a135-c465d1d80201 (2025_Guideline_for_the_Management_of_Patients_With_Acute_Coronary_Syndromes_1.png) → completed [成功]
2026-05-31 16:28:42,618 [INFO] merge_service - [Poll] 任务 862451e5-f592-4100-8cea-b15b8b5079ff (2025_Guideline_for_the_Management_of_Patients_With_Acute_Coronary_Syndromes_5.png) → completed [成功]
2026-05-31 16:28:42,912 [INFO] merge_service - [Poll] 进度: 7/92 完成, 剩余 85 个任务仍在处理中...
2026-05-31 16:28:46,881 [INFO] merge_service - [Poll] 进度: 7/92 完成, 剩余 85 个任务仍在处理中...
2026-05-31 16:28:50,378 [INFO] merge_service - [Poll] 任务 2269df7f-6db8-4b0c-a27e-02b32a7180f8 (2025_Guideline_for_the_Management_of_Patients_With_Acute_Coronary_Syndromes_6.png) → completed [成功]
2026-05-31 16:28:50,794 [INFO] merge_service - [Poll] 进度: 8/92 完成, 剩余 84 个任务仍在处理中...
2026-05-31 16:28:54,706 [INFO] merge_service - [Poll] 进度: 8/92 完成, 剩余 84 个任务仍在处理中...
2026-05-31 16:28:58,627 [INFO] merge_service - [Poll] 进度: 8/92 完成, 剩余 84 个任务仍在处理中...
2026-05-31 16:29:01,672 [INFO] merge_service - [Poll] 任务 a3cc8d08-28b5-4e46-81aa-6c21594429e0 (2025_Guideline_for_the_Management_of_Patients_With_Acute_Coronary_Syndromes_10.png) → completed [成功]
2026-05-31 16:29:02,490 [INFO] merge_service - [Poll] 任务 aba8c8b7-064f-40f7-be08-bda9f5b86cf1 (2025_Guideline_for_the_Management_of_Patients_With_Acute_Coronary_Syndromes_11.png) → completed [成功]
2026-05-31 16:29:02,533 [INFO] merge_service - [Poll] 进度: 10/92 完成, 剩余 82 个任务仍在处理中...
2026-05-31 16:29:06,452 [INFO] merge_service - [Poll] 进度: 10/92 完成, 剩余 82 个任务仍在处理中...
2026-05-31 16:29:09,970 [INFO] merge_service - [Poll] 任务 72bb5220-3e56-4fbd-96d2-8f60cc7717a3 (2025_Guideline_for_the_Management_of_Patients_With_Acute_Coronary_Syndromes_8.png) → completed [成功]
2026-05-31 16:29:10,335 [INFO] merge_service - [Poll] 进度: 11/92 完成, 剩余 81 个任务仍在处理中...
2026-05-31 16:29:14,216 [INFO] merge_service - [Poll] 进度: 11/92 完成, 剩余 81 个任务仍在处理中...
2026-05-31 16:29:18,110 [INFO] merge_service - [Poll] 进度: 11/92 完成, 剩余 81 个任务仍在处理中...
2026-05-31 16:29:21,993 [INFO] merge_service - [Poll] 进度: 11/92 完成, 剩余 81 个任务仍在处理中...
2026-05-31 16:29:25,851 [INFO] merge_service - [Poll] 进度: 11/92 完成, 剩余 81 个任务仍在处理中...
2026-05-31 16:29:29,729 [INFO] merge_service - [Poll] 进度: 11/92 完成, 剩余 81 个任务仍在处理中...
2026-05-31 16:29:33,598 [INFO] merge_service - [Poll] 进度: 11/92 完成, 剩余 81 个任务仍在处理中...
2026-05-31 16:29:37,473 [INFO] merge_service - [Poll] 进度: 11/92 完成, 剩余 81 个任务仍在处理中...
2026-05-31 16:29:41,285 [INFO] merge_service - [Poll] 任务 676ef9c3-8ccf-4d30-b4a1-ae01dce0d169 (2025_Guideline_for_the_Management_of_Patients_With_Acute_Coronary_Syndromes_14.png) → completed [成功]
2026-05-31 16:29:41,349 [INFO] merge_service - [Poll] 进度: 12/92 完成, 剩余 80 个任务仍在处理中...
2026-05-31 16:29:45,267 [INFO] merge_service - [Poll] 进度: 12/92 完成, 剩余 80 个任务仍在处理中...
2026-05-31 16:29:49,142 [INFO] merge_service - [Poll] 进度: 12/92 完成, 剩余 80 个任务仍在处理中...
2026-05-31 16:29:52,993 [INFO] merge_service - [Poll] 进度: 12/92 完成, 剩余 80 个任务仍在处理中...
2026-05-31 16:29:56,861 [INFO] merge_service - [Poll] 进度: 12/92 完成, 剩余 80 个任务仍在处理中...
2026-05-31 16:30:00,739 [INFO] merge_service - [Poll] 进度: 12/92 完成, 剩余 80 个任务仍在处理中...
2026-05-31 16:30:04,586 [INFO] merge_service - [Poll] 进度: 12/92 完成, 剩余 80 个任务仍在处理中...
2026-05-31 16:30:08,443 [INFO] merge_service - [Poll] 进度: 12/92 完成, 剩余 80 个任务仍在处理中...
2026-05-31 16:30:12,360 [INFO] merge_service - [Poll] 进度: 12/92 完成, 剩余 80 个任务仍在处理中...
2026-05-31 16:30:15,632 [INFO] merge_service - [Poll] 任务 b21f5b36-7f68-4ecb-8489-0ab98b1ddf99 (2025_Guideline_for_the_Management_of_Patients_With_Acute_Coronary_Syndromes_18.png) → completed [成功]
2026-05-31 16:30:16,212 [INFO] merge_service - [Poll] 进度: 13/92 完成, 剩余 79 个任务仍在处理中...
2026-05-31 16:30:19,322 [INFO] merge_service - [Poll] 任务 40945b1b-3d1e-484a-8a54-448459f98dcf (2025_Guideline_for_the_Management_of_Patients_With_Acute_Coronary_Syndromes_12.png) → completed [成功]
2026-05-31 16:30:20,055 [INFO] merge_service - [Poll] 进度: 14/92 完成, 剩余 78 个任务仍在处理中...
2026-05-31 16:30:23,902 [INFO] merge_service - [Poll] 进度: 14/92 完成, 剩余 78 个任务仍在处理中...
2026-05-31 16:30:27,773 [INFO] merge_service - [Poll] 进度: 14/92 完成, 剩余 78 个任务仍在处理中...
2026-05-31 16:30:31,604 [INFO] merge_service - [Poll] 进度: 14/92 完成, 剩余 78 个任务仍在处理中...
2026-05-31 16:30:35,381 [INFO] merge_service - [Poll] 任务 d021e132-546b-4c23-9cfd-7c15583b053e (2025_Guideline_for_the_Management_of_Patients_With_Acute_Coronary_Syndromes_13.png) → completed [成功]
2026-05-31 16:30:35,424 [INFO] merge_service - [Poll] 进度: 15/92 完成, 剩余 77 个任务仍在处理中...
2026-05-31 16:30:39,273 [INFO] merge_service - [Poll] 进度: 15/92 完成, 剩余 77 个任务仍在处理中...
2026-05-31 16:30:42,707 [INFO] merge_service - [Poll] 任务 22f5aa98-211b-4214-a9e1-e2434ee642b7 (2025_Guideline_for_the_Management_of_Patients_With_Acute_Coronary_Syndromes_19.png) → completed [成功]
2026-05-31 16:30:43,049 [INFO] merge_service - [Poll] 任务 fcf64ee5-fb48-456e-86f5-3c9611d17599 (2025_Guideline_for_the_Management_of_Patients_With_Acute_Coronary_Syndromes_20.png) → completed [成功]
2026-05-31 16:30:43,156 [INFO] merge_service - [Poll] 进度: 17/92 完成, 剩余 75 个任务仍在处理中...
2026-05-31 16:30:46,329 [INFO] merge_service - [Poll] 任务 f2be4a6a-0bfd-43f0-8b8a-93fdde5e1580 (2025_Guideline_for_the_Management_of_Patients_With_Acute_Coronary_Syndromes_16.png) → completed [成功]
2026-05-31 16:30:46,439 [INFO] merge_service - [Poll] 任务 5cc97c7d-7e08-44bb-8287-ac7010c38d98 (2025_Guideline_for_the_Management_of_Patients_With_Acute_Coronary_Syndromes_17.png) → completed [成功]
2026-05-31 16:30:46,989 [INFO] merge_service - [Poll] 进度: 19/92 完成, 剩余 73 个任务仍在处理中...
2026-05-31 16:30:50,420 [INFO] merge_service - [Poll] 任务 14c2d56e-f460-441b-beaa-46c642e5c446 (2025_Guideline_for_the_Management_of_Patients_With_Acute_Coronary_Syndromes_15.png) → completed [成功]
2026-05-31 16:30:50,778 [INFO] merge_service - [Poll] 进度: 20/92 完成, 剩余 72 个任务仍在处理中...
2026-05-31 16:30:54,533 [INFO] merge_service - [Poll] 进度: 20/92 完成, 剩余 72 个任务仍在处理中...
2026-05-31 16:30:58,299 [INFO] merge_service - [Poll] 进度: 20/92 完成, 剩余 72 个任务仍在处理中...
2026-05-31 16:31:02,069 [INFO] merge_service - [Poll] 进度: 20/92 完成, 剩余 72 个任务仍在处理中...
2026-05-31 16:31:05,854 [INFO] merge_service - [Poll] 进度: 20/92 完成, 剩余 72 个任务仍在处理中...
2026-05-31 16:31:09,666 [INFO] merge_service - [Poll] 进度: 20/92 完成, 剩余 72 个任务仍在处理中...
2026-05-31 16:31:13,468 [INFO] merge_service - [Poll] 进度: 20/92 完成, 剩余 72 个任务仍在处理中...
2026-05-31 16:31:17,240 [INFO] merge_service - [Poll] 进度: 20/92 完成, 剩余 72 个任务仍在处理中...
2026-05-31 16:31:21,008 [INFO] merge_service - [Poll] 进度: 20/92 完成, 剩余 72 个任务仍在处理中...
2026-05-31 16:31:24,771 [INFO] merge_service - [Poll] 进度: 20/92 完成, 剩余 72 个任务仍在处理中...
2026-05-31 16:31:28,537 [INFO] merge_service - [Poll] 进度: 20/92 完成, 剩余 72 个任务仍在处理中...
2026-05-31 16:31:32,299 [INFO] merge_service - [Poll] 进度: 20/92 完成, 剩余 72 个任务仍在处理中...
2026-05-31 16:31:36,056 [INFO] merge_service - [Poll] 进度: 20/92 完成, 剩余 72 个任务仍在处理中...
2026-05-31 16:31:39,814 [INFO] merge_service - [Poll] 进度: 20/92 完成, 剩余 72 个任务仍在处理中...
2026-05-31 16:31:43,598 [INFO] merge_service - [Poll] 进度: 20/92 完成, 剩余 72 个任务仍在处理中...
2026-05-31 16:31:46,769 [INFO] merge_service - [Poll] 任务 5d34dd41-d142-4b08-a781-ec6eb919ad8e (2025_Guideline_for_the_Management_of_Patients_With_Acute_Coronary_Syndromes_26.png) → completed [成功]
2026-05-31 16:31:47,381 [INFO] merge_service - [Poll] 进度: 21/92 完成, 剩余 71 个任务仍在处理中...
2026-05-31 16:31:51,146 [INFO] merge_service - [Poll] 进度: 21/92 完成, 剩余 71 个任务仍在处理中...
2026-05-31 16:31:54,922 [INFO] merge_service - [Poll] 进度: 21/92 完成, 剩余 71 个任务仍在处理中...
2026-05-31 16:31:58,710 [INFO] merge_service - [Poll] 进度: 21/92 完成, 剩余 71 个任务仍在处理中...
2026-05-31 16:32:02,515 [INFO] merge_service - [Poll] 进度: 21/92 完成, 剩余 71 个任务仍在处理中...
2026-05-31 16:32:06,294 [INFO] merge_service - [Poll] 进度: 21/92 完成, 剩余 71 个任务仍在处理中...
2026-05-31 16:32:10,068 [INFO] merge_service - [Poll] 进度: 21/92 完成, 剩余 71 个任务仍在处理中...
2026-05-31 16:32:13,839 [INFO] merge_service - [Poll] 进度: 21/92 完成, 剩余 71 个任务仍在处理中...
2026-05-31 16:32:17,630 [INFO] merge_service - [Poll] 进度: 21/92 完成, 剩余 71 个任务仍在处理中...
2026-05-31 16:32:20,750 [INFO] merge_service - [Poll] 任务 aaa00f96-c577-4938-9fc6-7a48189480f8 (2025_Guideline_for_the_Management_of_Patients_With_Acute_Coronary_Syndromes_21.png) → completed [成功]
2026-05-31 16:32:21,393 [INFO] merge_service - [Poll] 进度: 22/92 完成, 剩余 70 个任务仍在处理中...
2026-05-31 16:32:25,137 [INFO] merge_service - [Poll] 进度: 22/92 完成, 剩余 70 个任务仍在处理中...
2026-05-31 16:32:28,908 [INFO] merge_service - [Poll] 任务 0172e611-ac9a-4b20-8a26-c66c2690d53b (2025_Guideline_for_the_Management_of_Patients_With_Acute_Coronary_Syndromes_22.png) → completed [成功]
2026-05-31 16:32:28,918 [INFO] merge_service - [Poll] 进度: 23/92 完成, 剩余 69 个任务仍在处理中...
2026-05-31 16:32:32,670 [INFO] merge_service - [Poll] 进度: 23/92 完成, 剩余 69 个任务仍在处理中...
2026-05-31 16:32:36,411 [INFO] merge_service - [Poll] 进度: 23/92 完成, 剩余 69 个任务仍在处理中...
2026-05-31 16:32:39,800 [INFO] merge_service - [Poll] 任务 ecdf9eda-dd4b-4aba-961d-b8f7551c26d8 (2025_Guideline_for_the_Management_of_Patients_With_Acute_Coronary_Syndromes_25.png) → completed [成功]
2026-05-31 16:32:40,186 [INFO] merge_service - [Poll] 进度: 24/92 完成, 剩余 68 个任务仍在处理中...
2026-05-31 16:32:43,499 [INFO] merge_service - [Poll] 任务 dcad26fd-2a46-42c7-ab87-486b106edf6e (2025_Guideline_for_the_Management_of_Patients_With_Acute_Coronary_Syndromes_23.png) → completed [成功]
2026-05-31 16:32:43,925 [INFO] merge_service - [Poll] 进度: 25/92 完成, 剩余 67 个任务仍在处理中...
2026-05-31 16:32:47,581 [INFO] merge_service - [Poll] 任务 d6d920b0-0f5d-4964-8ae0-a2cf0f8e47c1 (2025_Guideline_for_the_Management_of_Patients_With_Acute_Coronary_Syndromes_24.png) → completed [成功]
2026-05-31 16:32:47,668 [INFO] merge_service - [Poll] 进度: 26/92 完成, 剩余 66 个任务仍在处理中...
2026-05-31 16:32:51,407 [INFO] merge_service - [Poll] 进度: 26/92 完成, 剩余 66 个任务仍在处理中...
2026-05-31 16:32:55,118 [INFO] merge_service - [Poll] 任务 b22403a5-e411-4ad4-ae8c-c137bec53431 (2025_Guideline_for_the_Management_of_Patients_With_Acute_Coronary_Syndromes_27.png) → completed [成功]
2026-05-31 16:32:55,118 [INFO] merge_service - [Poll] 进度: 27/92 完成, 剩余 65 个任务仍在处理中...
2026-05-31 16:32:58,843 [INFO] merge_service - [Poll] 进度: 27/92 完成, 剩余 65 个任务仍在处理中...
2026-05-31 16:33:02,573 [INFO] merge_service - [Poll] 进度: 27/92 完成, 剩余 65 个任务仍在处理中...
2026-05-31 16:33:06,298 [INFO] merge_service - [Poll] 进度: 27/92 完成, 剩余 65 个任务仍在处理中...
2026-05-31 16:33:10,028 [INFO] merge_service - [Poll] 进度: 27/92 完成, 剩余 65 个任务仍在处理中...
2026-05-31 16:33:13,771 [INFO] merge_service - [Poll] 进度: 27/92 完成, 剩余 65 个任务仍在处理中...
2026-05-31 16:33:17,514 [INFO] merge_service - [Poll] 进度: 27/92 完成, 剩余 65 个任务仍在处理中...
2026-05-31 16:33:21,236 [INFO] merge_service - [Poll] 进度: 27/92 完成, 剩余 65 个任务仍在处理中...
2026-05-31 16:33:24,985 [INFO] merge_service - [Poll] 进度: 27/92 完成, 剩余 65 个任务仍在处理中...
2026-05-31 16:33:28,716 [INFO] merge_service - [Poll] 进度: 27/92 完成, 剩余 65 个任务仍在处理中...
2026-05-31 16:33:32,438 [INFO] merge_service - [Poll] 进度: 27/92 完成, 剩余 65 个任务仍在处理中...
2026-05-31 16:33:36,163 [INFO] merge_service - [Poll] 进度: 27/92 完成, 剩余 65 个任务仍在处理中...
2026-05-31 16:33:39,679 [INFO] merge_service - [Poll] 任务 964fc81e-7922-4bd1-8a0c-0f6232bef7df (2025_Guideline_for_the_Management_of_Patients_With_Acute_Coronary_Syndromes_33.png) → completed [成功]
2026-05-31 16:33:39,906 [INFO] merge_service - [Poll] 进度: 28/92 完成, 剩余 64 个任务仍在处理中...
2026-05-31 16:33:43,616 [INFO] merge_service - [Poll] 任务 bdc7505b-9264-4010-95d6-6442e8cd16ea (2025_Guideline_for_the_Management_of_Patients_With_Acute_Coronary_Syndromes_29.png) → completed [成功]
2026-05-31 16:33:43,627 [INFO] merge_service - [Poll] 进度: 29/92 完成, 剩余 63 个任务仍在处理中...
2026-05-31 16:33:47,311 [INFO] merge_service - [Poll] 进度: 29/92 完成, 剩余 63 个任务仍在处理中...
2026-05-31 16:33:51,002 [INFO] merge_service - [Poll] 进度: 29/92 完成, 剩余 63 个任务仍在处理中...
2026-05-31 16:33:54,689 [INFO] merge_service - [Poll] 进度: 29/92 完成, 剩余 63 个任务仍在处理中...
2026-05-31 16:33:58,377 [INFO] merge_service - [Poll] 进度: 29/92 完成, 剩余 63 个任务仍在处理中...
2026-05-31 16:34:02,034 [INFO] merge_service - [Poll] 任务 72e57149-404f-40f0-b77d-43fe977e13ea (2025_Guideline_for_the_Management_of_Patients_With_Acute_Coronary_Syndromes_28.png) → completed [成功]
2026-05-31 16:34:02,082 [INFO] merge_service - [Poll] 进度: 30/92 完成, 剩余 62 个任务仍在处理中...
2026-05-31 16:34:05,779 [INFO] merge_service - [Poll] 进度: 30/92 完成, 剩余 62 个任务仍在处理中...
2026-05-31 16:34:09,487 [INFO] merge_service - [Poll] 进度: 30/92 完成, 剩余 62 个任务仍在处理中...
2026-05-31 16:34:13,194 [INFO] merge_service - [Poll] 进度: 30/92 完成, 剩余 62 个任务仍在处理中...
2026-05-31 16:34:16,900 [INFO] merge_service - [Poll] 进度: 30/92 完成, 剩余 62 个任务仍在处理中...
2026-05-31 16:34:20,596 [INFO] merge_service - [Poll] 进度: 30/92 完成, 剩余 62 个任务仍在处理中...
2026-05-31 16:34:23,806 [INFO] merge_service - [Poll] 任务 1ccff02a-ede9-4986-a534-925ddec5d318 (2025_Guideline_for_the_Management_of_Patients_With_Acute_Coronary_Syndromes_30.png) → completed [成功]
2026-05-31 16:34:24,284 [INFO] merge_service - [Poll] 进度: 31/92 完成, 剩余 61 个任务仍在处理中...
2026-05-31 16:34:27,957 [INFO] merge_service - [Poll] 进度: 31/92 完成, 剩余 61 个任务仍在处理中...
2026-05-31 16:34:31,643 [INFO] merge_service - [Poll] 进度: 31/92 完成, 剩余 61 个任务仍在处理中...
2026-05-31 16:34:35,336 [INFO] merge_service - [Poll] 进度: 31/92 完成, 剩余 61 个任务仍在处理中...
2026-05-31 16:34:38,738 [INFO] merge_service - [Poll] 任务 ec535d2e-6f9b-4df1-ba63-63cc59d934ec (2025_Guideline_for_the_Management_of_Patients_With_Acute_Coronary_Syndromes_31.png) → completed [成功]
2026-05-31 16:34:39,013 [INFO] merge_service - [Poll] 进度: 32/92 完成, 剩余 60 个任务仍在处理中...
2026-05-31 16:34:42,314 [INFO] merge_service - [Poll] 任务 ec178f8b-8927-4e8b-8fbe-8ffc7f86febd (2025_Guideline_for_the_Management_of_Patients_With_Acute_Coronary_Syndromes_34.png) → completed [成功]
2026-05-31 16:34:42,700 [INFO] merge_service - [Poll] 进度: 33/92 完成, 剩余 59 个任务仍在处理中...
2026-05-31 16:34:46,343 [INFO] merge_service - [Poll] 进度: 33/92 完成, 剩余 59 个任务仍在处理中...
2026-05-31 16:34:49,992 [INFO] merge_service - [Poll] 进度: 33/92 完成, 剩余 59 个任务仍在处理中...
2026-05-31 16:34:53,657 [INFO] merge_service - [Poll] 进度: 33/92 完成, 剩余 59 个任务仍在处理中...
2026-05-31 16:34:56,838 [INFO] merge_service - [Poll] 任务 a0bc1528-443c-485e-b63b-5d83acdcbd4c (2025_Guideline_for_the_Management_of_Patients_With_Acute_Coronary_Syndromes_35.png) → completed [成功]
2026-05-31 16:34:57,313 [INFO] merge_service - [Poll] 进度: 34/92 完成, 剩余 58 个任务仍在处理中...
2026-05-31 16:35:00,970 [INFO] merge_service - [Poll] 进度: 34/92 完成, 剩余 58 个任务仍在处理中...
2026-05-31 16:35:04,673 [INFO] merge_service - [Poll] 进度: 34/92 完成, 剩余 58 个任务仍在处理中...
2026-05-31 16:35:08,006 [INFO] merge_service - [Poll] 任务 6c4107bb-63b2-4531-8c73-e413f2a0fa63 (2025_Guideline_for_the_Management_of_Patients_With_Acute_Coronary_Syndromes_38.png) → completed [成功]
2026-05-31 16:35:08,331 [INFO] merge_service - [Poll] 进度: 35/92 完成, 剩余 57 个任务仍在处理中...
2026-05-31 16:35:12,004 [INFO] merge_service - [Poll] 进度: 35/92 完成, 剩余 57 个任务仍在处理中...
2026-05-31 16:35:15,619 [INFO] merge_service - [Poll] 任务 50d37251-dbca-4c07-8514-d184348c1395 (2025_Guideline_for_the_Management_of_Patients_With_Acute_Coronary_Syndromes_39.png) → completed [成功]
2026-05-31 16:35:15,676 [INFO] merge_service - [Poll] 进度: 36/92 完成, 剩余 56 个任务仍在处理中...
2026-05-31 16:35:19,315 [INFO] merge_service - [Poll] 进度: 36/92 完成, 剩余 56 个任务仍在处理中...
2026-05-31 16:35:22,960 [INFO] merge_service - [Poll] 任务 6bd3ac5b-c598-47b0-ad8a-caafc3189b3a (2025_Guideline_for_the_Management_of_Patients_With_Acute_Coronary_Syndromes_32.png) → completed [成功]
2026-05-31 16:35:22,971 [INFO] merge_service - [Poll] 进度: 37/92 完成, 剩余 55 个任务仍在处理中...
2026-05-31 16:35:26,608 [INFO] merge_service - [Poll] 进度: 37/92 完成, 剩余 55 个任务仍在处理中...
2026-05-31 16:35:30,249 [INFO] merge_service - [Poll] 进度: 37/92 完成, 剩余 55 个任务仍在处理中...
2026-05-31 16:35:33,870 [INFO] merge_service - [Poll] 进度: 37/92 完成, 剩余 55 个任务仍在处理中...
2026-05-31 16:35:37,484 [INFO] merge_service - [Poll] 进度: 37/92 完成, 剩余 55 个任务仍在处理中...
2026-05-31 16:35:40,553 [INFO] merge_service - [Poll] 任务 3cffaf28-da7d-44d1-b089-506c2223bc7d (2025_Guideline_for_the_Management_of_Patients_With_Acute_Coronary_Syndromes_37.png) → completed [成功]
2026-05-31 16:35:41,093 [INFO] merge_service - [Poll] 进度: 38/92 完成, 剩余 54 个任务仍在处理中...
2026-05-31 16:35:44,681 [INFO] merge_service - [Poll] 进度: 38/92 完成, 剩余 54 个任务仍在处理中...
2026-05-31 16:35:47,941 [INFO] merge_service - [Poll] 任务 145a1ee5-772e-42ad-be58-71560d5daa14 (2025_Guideline_for_the_Management_of_Patients_With_Acute_Coronary_Syndromes_40.png) → completed [成功]
2026-05-31 16:35:48,279 [INFO] merge_service - [Poll] 任务 83121451-713f-46a7-ad21-65c401154c63 (2025_Guideline_for_the_Management_of_Patients_With_Acute_Coronary_Syndromes_36.png) → completed [成功]
2026-05-31 16:35:48,280 [INFO] merge_service - [Poll] 进度: 40/92 完成, 剩余 52 个任务仍在处理中...
2026-05-31 16:35:51,847 [INFO] merge_service - [Poll] 进度: 40/92 完成, 剩余 52 个任务仍在处理中...
2026-05-31 16:35:55,416 [INFO] merge_service - [Poll] 进度: 40/92 完成, 剩余 52 个任务仍在处理中...
2026-05-31 16:35:59,006 [INFO] merge_service - [Poll] 进度: 40/92 完成, 剩余 52 个任务仍在处理中...
2026-05-31 16:36:02,596 [INFO] merge_service - [Poll] 进度: 40/92 完成, 剩余 52 个任务仍在处理中...
2026-05-31 16:36:06,194 [INFO] merge_service - [Poll] 进度: 40/92 完成, 剩余 52 个任务仍在处理中...
2026-05-31 16:36:09,761 [INFO] merge_service - [Poll] 进度: 40/92 完成, 剩余 52 个任务仍在处理中...
2026-05-31 16:36:13,325 [INFO] merge_service - [Poll] 进度: 40/92 完成, 剩余 52 个任务仍在处理中...
2026-05-31 16:36:16,891 [INFO] merge_service - [Poll] 进度: 40/92 完成, 剩余 52 个任务仍在处理中...
2026-05-31 16:36:20,485 [INFO] merge_service - [Poll] 进度: 40/92 完成, 剩余 52 个任务仍在处理中...
2026-05-31 16:36:24,079 [INFO] merge_service - [Poll] 进度: 40/92 完成, 剩余 52 个任务仍在处理中...
2026-05-31 16:36:27,665 [INFO] merge_service - [Poll] 进度: 40/92 完成, 剩余 52 个任务仍在处理中...
2026-05-31 16:36:31,033 [INFO] merge_service - [Poll] 任务 c874cf8d-e785-4fa6-925e-34c2a026fca0 (2025_Guideline_for_the_Management_of_Patients_With_Acute_Coronary_Syndromes_41.png) → completed [成功]
2026-05-31 16:36:31,241 [INFO] merge_service - [Poll] 进度: 41/92 完成, 剩余 51 个任务仍在处理中...
2026-05-31 16:36:34,798 [INFO] merge_service - [Poll] 进度: 41/92 完成, 剩余 51 个任务仍在处理中...
2026-05-31 16:36:38,359 [INFO] merge_service - [Poll] 进度: 41/92 完成, 剩余 51 个任务仍在处理中...
2026-05-31 16:36:41,950 [INFO] merge_service - [Poll] 进度: 41/92 完成, 剩余 51 个任务仍在处理中...
2026-05-31 16:36:45,528 [INFO] merge_service - [Poll] 进度: 41/92 完成, 剩余 51 个任务仍在处理中...
2026-05-31 16:36:49,095 [INFO] merge_service - [Poll] 进度: 41/92 完成, 剩余 51 个任务仍在处理中...
2026-05-31 16:36:52,651 [INFO] merge_service - [Poll] 进度: 41/92 完成, 剩余 51 个任务仍在处理中...
2026-05-31 16:36:55,981 [INFO] merge_service - [Poll] 任务 45936e59-497f-455a-a623-103e51dd6287 (2025_Guideline_for_the_Management_of_Patients_With_Acute_Coronary_Syndromes_43.png) → completed [成功]
2026-05-31 16:36:56,214 [INFO] merge_service - [Poll] 进度: 42/92 完成, 剩余 50 个任务仍在处理中...
2026-05-31 16:36:59,786 [INFO] merge_service - [Poll] 进度: 42/92 完成, 剩余 50 个任务仍在处理中...
2026-05-31 16:37:03,358 [INFO] merge_service - [Poll] 进度: 42/92 完成, 剩余 50 个任务仍在处理中...
2026-05-31 16:37:06,495 [INFO] merge_service - [Poll] 任务 84363289-b398-46a0-9fe3-ccd6fe3dcead (2025_Guideline_for_the_Management_of_Patients_With_Acute_Coronary_Syndromes_42.png) → completed [成功]
2026-05-31 16:37:06,551 [INFO] merge_service - [Poll] 任务 6446abae-f898-4a2d-97fd-0e8d7216cf1f (2025_Guideline_for_the_Management_of_Patients_With_Acute_Coronary_Syndromes_45.png) → completed [成功]
2026-05-31 16:37:06,914 [INFO] merge_service - [Poll] 进度: 44/92 完成, 剩余 48 个任务仍在处理中...
2026-05-31 16:37:10,436 [INFO] merge_service - [Poll] 进度: 44/92 完成, 剩余 48 个任务仍在处理中...
2026-05-31 16:37:13,585 [INFO] merge_service - [Poll] 任务 e85c96cf-f273-4504-8cba-7d3102a882bb (2025_Guideline_for_the_Management_of_Patients_With_Acute_Coronary_Syndromes_44.png) → completed [成功]
2026-05-31 16:37:13,974 [INFO] merge_service - [Poll] 进度: 45/92 完成, 剩余 47 个任务仍在处理中...
2026-05-31 16:37:17,506 [INFO] merge_service - [Poll] 进度: 45/92 完成, 剩余 47 个任务仍在处理中...
2026-05-31 16:37:20,550 [INFO] merge_service - [Poll] 任务 baa4b090-da8d-4ace-9bf6-94ba32159575 (2025_Guideline_for_the_Management_of_Patients_With_Acute_Coronary_Syndromes_49.png) → completed [成功]
2026-05-31 16:37:21,020 [INFO] merge_service - [Poll] 进度: 46/92 完成, 剩余 46 个任务仍在处理中...
2026-05-31 16:37:24,528 [INFO] merge_service - [Poll] 进度: 46/92 完成, 剩余 46 个任务仍在处理中...
2026-05-31 16:37:27,692 [INFO] merge_service - [Poll] 任务 5ad6eb59-f87c-4252-893a-168412803552 (2025_Guideline_for_the_Management_of_Patients_With_Acute_Coronary_Syndromes_48.png) → completed [成功]
2026-05-31 16:37:28,040 [INFO] merge_service - [Poll] 进度: 47/92 完成, 剩余 45 个任务仍在处理中...
2026-05-31 16:37:31,532 [INFO] merge_service - [Poll] 进度: 47/92 完成, 剩余 45 个任务仍在处理中...
2026-05-31 16:37:34,778 [INFO] merge_service - [Poll] 任务 9ef8db72-bcd5-4bad-9b3d-26c80b2c78d9 (2025_Guideline_for_the_Management_of_Patients_With_Acute_Coronary_Syndromes_46.png) → completed [成功]
2026-05-31 16:37:35,025 [INFO] merge_service - [Poll] 进度: 48/92 完成, 剩余 44 个任务仍在处理中...
2026-05-31 16:37:38,104 [INFO] merge_service - [Poll] 任务 460b976f-0bdd-4fb9-97f6-085c36bce0ad (2025_Guideline_for_the_Management_of_Patients_With_Acute_Coronary_Syndromes_47.png) → completed [成功]
2026-05-31 16:37:38,531 [INFO] merge_service - [Poll] 进度: 49/92 完成, 剩余 43 个任务仍在处理中...
2026-05-31 16:37:42,004 [INFO] merge_service - [Poll] 进度: 49/92 完成, 剩余 43 个任务仍在处理中...
2026-05-31 16:37:45,481 [INFO] merge_service - [Poll] 进度: 49/92 完成, 剩余 43 个任务仍在处理中...
2026-05-31 16:37:48,968 [INFO] merge_service - [Poll] 进度: 49/92 完成, 剩余 43 个任务仍在处理中...
2026-05-31 16:37:52,443 [INFO] merge_service - [Poll] 进度: 49/92 完成, 剩余 43 个任务仍在处理中...
2026-05-31 16:37:55,947 [INFO] merge_service - [Poll] 进度: 49/92 完成, 剩余 43 个任务仍在处理中...
2026-05-31 16:37:59,423 [INFO] merge_service - [Poll] 进度: 49/92 完成, 剩余 43 个任务仍在处理中...
2026-05-31 16:38:02,895 [INFO] merge_service - [Poll] 进度: 49/92 完成, 剩余 43 个任务仍在处理中...
2026-05-31 16:38:06,392 [INFO] merge_service - [Poll] 进度: 49/92 完成, 剩余 43 个任务仍在处理中...
2026-05-31 16:38:09,837 [INFO] merge_service - [Poll] 任务 0bba1a98-5423-4dad-bef7-f59bd9c01a67 (2025_Guideline_for_the_Management_of_Patients_With_Acute_Coronary_Syndromes_52.png) → completed [成功]
2026-05-31 16:38:09,862 [INFO] merge_service - [Poll] 进度: 50/92 完成, 剩余 42 个任务仍在处理中...
2026-05-31 16:38:13,319 [INFO] merge_service - [Poll] 进度: 50/92 完成, 剩余 42 个任务仍在处理中...
2026-05-31 16:38:16,804 [INFO] merge_service - [Poll] 进度: 50/92 完成, 剩余 42 个任务仍在处理中...
2026-05-31 16:38:20,285 [INFO] merge_service - [Poll] 进度: 50/92 完成, 剩余 42 个任务仍在处理中...
2026-05-31 16:38:23,753 [INFO] merge_service - [Poll] 进度: 50/92 完成, 剩余 42 个任务仍在处理中...
2026-05-31 16:38:27,214 [INFO] merge_service - [Poll] 进度: 50/92 完成, 剩余 42 个任务仍在处理中...
2026-05-31 16:38:30,694 [INFO] merge_service - [Poll] 进度: 50/92 完成, 剩余 42 个任务仍在处理中...
2026-05-31 16:38:34,152 [INFO] merge_service - [Poll] 进度: 50/92 完成, 剩余 42 个任务仍在处理中...
2026-05-31 16:38:37,634 [INFO] merge_service - [Poll] 进度: 50/92 完成, 剩余 42 个任务仍在处理中...
2026-05-31 16:38:40,837 [INFO] merge_service - [Poll] 任务 8981b71c-57fd-458e-8f46-2d69b68bdb63 (2025_Guideline_for_the_Management_of_Patients_With_Acute_Coronary_Syndromes_55.png) → completed [成功]
2026-05-31 16:38:41,056 [INFO] merge_service - [Poll] 任务 33436c4f-67da-442b-8437-ba739e42fdc7 (2025_Guideline_for_the_Management_of_Patients_With_Acute_Coronary_Syndromes_51.png) → completed [成功]
2026-05-31 16:38:41,099 [INFO] merge_service - [Poll] 进度: 52/92 完成, 剩余 40 个任务仍在处理中...
2026-05-31 16:38:44,293 [INFO] merge_service - [Poll] 任务 f290a763-ce90-4ce4-b92b-d4652eddce0b (2025_Guideline_for_the_Management_of_Patients_With_Acute_Coronary_Syndromes_56.png) → completed [成功]
2026-05-31 16:38:44,566 [INFO] merge_service - [Poll] 进度: 53/92 完成, 剩余 39 个任务仍在处理中...
2026-05-31 16:38:47,992 [INFO] merge_service - [Poll] 进度: 53/92 完成, 剩余 39 个任务仍在处理中...
2026-05-31 16:38:51,241 [INFO] merge_service - [Poll] 任务 ddffddf9-de26-4d03-b11c-37206f52d5ae (2025_Guideline_for_the_Management_of_Patients_With_Acute_Coronary_Syndromes_53.png) → completed [成功]
2026-05-31 16:38:51,447 [INFO] merge_service - [Poll] 进度: 54/92 完成, 剩余 38 个任务仍在处理中...
2026-05-31 16:38:54,556 [INFO] merge_service - [Poll] 任务 881bc403-d87d-4c95-a51b-a7d228fefffd (2025_Guideline_for_the_Management_of_Patients_With_Acute_Coronary_Syndromes_50.png) → completed [成功]
2026-05-31 16:38:54,860 [INFO] merge_service - [Poll] 进度: 55/92 完成, 剩余 37 个任务仍在处理中...
2026-05-31 16:38:58,295 [INFO] merge_service - [Poll] 进度: 55/92 完成, 剩余 37 个任务仍在处理中...
2026-05-31 16:39:01,697 [INFO] merge_service - [Poll] 进度: 55/92 完成, 剩余 37 个任务仍在处理中...
2026-05-31 16:39:05,129 [INFO] merge_service - [Poll] 进度: 55/92 完成, 剩余 37 个任务仍在处理中...
2026-05-31 16:39:08,541 [INFO] merge_service - [Poll] 进度: 55/92 完成, 剩余 37 个任务仍在处理中...
2026-05-31 16:39:11,973 [INFO] merge_service - [Poll] 进度: 55/92 完成, 剩余 37 个任务仍在处理中...
2026-05-31 16:39:15,374 [INFO] merge_service - [Poll] 进度: 55/92 完成, 剩余 37 个任务仍在处理中...
2026-05-31 16:39:18,818 [INFO] merge_service - [Poll] 进度: 55/92 完成, 剩余 37 个任务仍在处理中...
2026-05-31 16:39:21,930 [INFO] merge_service - [Poll] 任务 02c671f4-7c24-48c5-a65e-067c90a37e86 (2025_Guideline_for_the_Management_of_Patients_With_Acute_Coronary_Syndromes_57.png) → completed [成功]
2026-05-31 16:39:22,117 [INFO] merge_service - [Poll] 任务 347fdb1f-f44d-47a4-8032-9f5dab59e3cb (2025_Guideline_for_the_Management_of_Patients_With_Acute_Coronary_Syndromes_54.png) → completed [成功]
2026-05-31 16:39:22,229 [INFO] merge_service - [Poll] 进度: 57/92 完成, 剩余 35 个任务仍在处理中...
2026-05-31 16:39:25,618 [INFO] merge_service - [Poll] 进度: 57/92 完成, 剩余 35 个任务仍在处理中...
2026-05-31 16:39:29,010 [INFO] merge_service - [Poll] 进度: 57/92 完成, 剩余 35 个任务仍在处理中...
2026-05-31 16:39:32,439 [INFO] merge_service - [Poll] 进度: 57/92 完成, 剩余 35 个任务仍在处理中...
2026-05-31 16:39:35,756 [INFO] merge_service - [Poll] 任务 31a6d2a5-1254-4811-aaf3-0ddf1a41b52e (2025_Guideline_for_the_Management_of_Patients_With_Acute_Coronary_Syndromes_60.png) → completed [成功]
2026-05-31 16:39:35,850 [INFO] merge_service - [Poll] 进度: 58/92 完成, 剩余 34 个任务仍在处理中...
2026-05-31 16:39:39,141 [INFO] merge_service - [Poll] 任务 c24cf503-eb09-4eb1-be83-4269307984d2 (2025_Guideline_for_the_Management_of_Patients_With_Acute_Coronary_Syndromes_62.png) → completed [成功]
2026-05-31 16:39:39,232 [INFO] merge_service - [Poll] 进度: 59/92 完成, 剩余 33 个任务仍在处理中...
2026-05-31 16:39:42,606 [INFO] merge_service - [Poll] 进度: 59/92 完成, 剩余 33 个任务仍在处理中...
2026-05-31 16:39:45,978 [INFO] merge_service - [Poll] 进度: 59/92 完成, 剩余 33 个任务仍在处理中...
2026-05-31 16:39:49,376 [INFO] merge_service - [Poll] 进度: 59/92 完成, 剩余 33 个任务仍在处理中...
2026-05-31 16:39:52,744 [INFO] merge_service - [Poll] 进度: 59/92 完成, 剩余 33 个任务仍在处理中...
2026-05-31 16:39:56,124 [INFO] merge_service - [Poll] 进度: 59/92 完成, 剩余 33 个任务仍在处理中...
2026-05-31 16:39:59,494 [INFO] merge_service - [Poll] 进度: 59/92 完成, 剩余 33 个任务仍在处理中...
2026-05-31 16:40:02,859 [INFO] merge_service - [Poll] 进度: 59/92 完成, 剩余 33 个任务仍在处理中...
2026-05-31 16:40:06,244 [INFO] merge_service - [Poll] 进度: 59/92 完成, 剩余 33 个任务仍在处理中...
2026-05-31 16:40:09,603 [INFO] merge_service - [Poll] 进度: 59/92 完成, 剩余 33 个任务仍在处理中...
2026-05-31 16:40:12,975 [INFO] merge_service - [Poll] 进度: 59/92 完成, 剩余 33 个任务仍在处理中...
2026-05-31 16:40:16,355 [INFO] merge_service - [Poll] 进度: 59/92 完成, 剩余 33 个任务仍在处理中...
2026-05-31 16:40:19,863 [INFO] merge_service - [Poll] 进度: 59/92 完成, 剩余 33 个任务仍在处理中...
2026-05-31 16:40:23,280 [INFO] merge_service - [Poll] 进度: 59/92 完成, 剩余 33 个任务仍在处理中...
2026-05-31 16:40:26,646 [INFO] merge_service - [Poll] 进度: 59/92 完成, 剩余 33 个任务仍在处理中...
2026-05-31 16:40:30,030 [INFO] merge_service - [Poll] 进度: 59/92 完成, 剩余 33 个任务仍在处理中...
2026-05-31 16:40:33,402 [INFO] merge_service - [Poll] 进度: 59/92 完成, 剩余 33 个任务仍在处理中...
2026-05-31 16:40:36,756 [INFO] merge_service - [Poll] 任务 1579f345-6369-46c7-932a-d4be011e5f0a (2025_Guideline_for_the_Management_of_Patients_With_Acute_Coronary_Syndromes_61.png) → completed [成功]
2026-05-31 16:40:36,767 [INFO] merge_service - [Poll] 进度: 60/92 完成, 剩余 32 个任务仍在处理中...
2026-05-31 16:40:40,145 [INFO] merge_service - [Poll] 进度: 60/92 完成, 剩余 32 个任务仍在处理中...
2026-05-31 16:40:43,408 [INFO] merge_service - [Poll] 任务 d3c6c53e-a460-46f9-b801-f11d37bb69b4 (2025_Guideline_for_the_Management_of_Patients_With_Acute_Coronary_Syndromes_59.png) → completed [成功]
2026-05-31 16:40:43,497 [INFO] merge_service - [Poll] 进度: 61/92 完成, 剩余 31 个任务仍在处理中...
2026-05-31 16:40:46,836 [INFO] merge_service - [Poll] 进度: 61/92 完成, 剩余 31 个任务仍在处理中...
2026-05-31 16:40:50,164 [INFO] merge_service - [Poll] 任务 1e2f71f7-cf03-41b8-b7f7-a8ab287d6470 (2025_Guideline_for_the_Management_of_Patients_With_Acute_Coronary_Syndromes_63.png) → completed [成功]
2026-05-31 16:40:50,234 [INFO] merge_service - [Poll] 进度: 62/92 完成, 剩余 30 个任务仍在处理中...
2026-05-31 16:40:53,566 [INFO] merge_service - [Poll] 进度: 62/92 完成, 剩余 30 个任务仍在处理中...
2026-05-31 16:40:56,897 [INFO] merge_service - [Poll] 进度: 62/92 完成, 剩余 30 个任务仍在处理中...
2026-05-31 16:41:00,256 [INFO] merge_service - [Poll] 进度: 62/92 完成, 剩余 30 个任务仍在处理中...
2026-05-31 16:41:03,583 [INFO] merge_service - [Poll] 进度: 62/92 完成, 剩余 30 个任务仍在处理中...
2026-05-31 16:41:06,928 [INFO] merge_service - [Poll] 进度: 62/92 完成, 剩余 30 个任务仍在处理中...
2026-05-31 16:41:10,022 [INFO] merge_service - [Poll] 任务 1987d248-bc16-484c-9f7e-ac9172caddff (2025_Guideline_for_the_Management_of_Patients_With_Acute_Coronary_Syndromes_65.png) → completed [成功]
2026-05-31 16:41:10,288 [INFO] merge_service - [Poll] 进度: 63/92 完成, 剩余 29 个任务仍在处理中...
2026-05-31 16:41:13,620 [INFO] merge_service - [Poll] 进度: 63/92 完成, 剩余 29 个任务仍在处理中...
2026-05-31 16:41:16,670 [INFO] merge_service - [Poll] 任务 3cedb510-2bbd-4520-adc0-3dd696400cce (2025_Guideline_for_the_Management_of_Patients_With_Acute_Coronary_Syndromes_64.png) → completed [成功]
2026-05-31 16:41:16,765 [INFO] merge_service - [Poll] 任务 84c736f6-11ff-4d7e-ae8a-d01f49d2757c (2025_Guideline_for_the_Management_of_Patients_With_Acute_Coronary_Syndromes_58.png) → completed [成功]
2026-05-31 16:41:16,778 [INFO] merge_service - [Poll] 任务 22cf4ea5-4704-47de-9776-4e8105607cf3 (2025_Guideline_for_the_Management_of_Patients_With_Acute_Coronary_Syndromes_66.png) → completed [成功]
2026-05-31 16:41:16,942 [INFO] merge_service - [Poll] 进度: 66/92 完成, 剩余 26 个任务仍在处理中...
2026-05-31 16:41:20,280 [INFO] merge_service - [Poll] 进度: 66/92 完成, 剩余 26 个任务仍在处理中...
2026-05-31 16:41:23,539 [INFO] merge_service - [Poll] 任务 0e7285c9-6bdd-4828-8002-24e70e6d75e1 (2025_Guideline_for_the_Management_of_Patients_With_Acute_Coronary_Syndromes_71.png) → completed [成功]
2026-05-31 16:41:23,575 [INFO] merge_service - [Poll] 进度: 67/92 完成, 剩余 25 个任务仍在处理中...
2026-05-31 16:41:26,849 [INFO] merge_service - [Poll] 进度: 67/92 完成, 剩余 25 个任务仍在处理中...
2026-05-31 16:41:30,127 [INFO] merge_service - [Poll] 进度: 67/92 完成, 剩余 25 个任务仍在处理中...
2026-05-31 16:41:33,423 [INFO] merge_service - [Poll] 进度: 67/92 完成, 剩余 25 个任务仍在处理中...
2026-05-31 16:41:36,732 [INFO] merge_service - [Poll] 进度: 67/92 完成, 剩余 25 个任务仍在处理中...
2026-05-31 16:41:40,014 [INFO] merge_service - [Poll] 进度: 67/92 完成, 剩余 25 个任务仍在处理中...
2026-05-31 16:41:43,138 [INFO] merge_service - [Poll] 任务 55a5d6fd-3b31-47e0-a81a-bef11357ebec (2025_Guideline_for_the_Management_of_Patients_With_Acute_Coronary_Syndromes_68.png) → completed [成功]
2026-05-31 16:41:43,289 [INFO] merge_service - [Poll] 进度: 68/92 完成, 剩余 24 个任务仍在处理中...
2026-05-31 16:41:46,569 [INFO] merge_service - [Poll] 进度: 68/92 完成, 剩余 24 个任务仍在处理中...
2026-05-31 16:41:49,859 [INFO] merge_service - [Poll] 进度: 68/92 完成, 剩余 24 个任务仍在处理中...
2026-05-31 16:41:53,162 [INFO] merge_service - [Poll] 进度: 68/92 完成, 剩余 24 个任务仍在处理中...
2026-05-31 16:41:56,410 [INFO] merge_service - [Poll] 任务 e2b07b9e-1d8f-4e4e-b927-f6bd87a6f2d5 (2025_Guideline_for_the_Management_of_Patients_With_Acute_Coronary_Syndromes_70.png) → completed [成功]
2026-05-31 16:41:56,454 [INFO] merge_service - [Poll] 进度: 69/92 完成, 剩余 23 个任务仍在处理中...
2026-05-31 16:41:59,710 [INFO] merge_service - [Poll] 任务 cefc0708-4646-49b3-8de5-1133bea23249 (2025_Guideline_for_the_Management_of_Patients_With_Acute_Coronary_Syndromes_67.png) → completed [成功]
2026-05-31 16:41:59,710 [INFO] merge_service - [Poll] 进度: 70/92 完成, 剩余 22 个任务仍在处理中...
2026-05-31 16:42:02,954 [INFO] merge_service - [Poll] 进度: 70/92 完成, 剩余 22 个任务仍在处理中...
2026-05-31 16:42:06,204 [INFO] merge_service - [Poll] 进度: 70/92 完成, 剩余 22 个任务仍在处理中...
2026-05-31 16:42:09,469 [INFO] merge_service - [Poll] 进度: 70/92 完成, 剩余 22 个任务仍在处理中...
2026-05-31 16:42:12,751 [INFO] merge_service - [Poll] 进度: 70/92 完成, 剩余 22 个任务仍在处理中...
2026-05-31 16:42:16,005 [INFO] merge_service - [Poll] 进度: 70/92 完成, 剩余 22 个任务仍在处理中...
2026-05-31 16:42:19,258 [INFO] merge_service - [Poll] 进度: 70/92 完成, 剩余 22 个任务仍在处理中...
2026-05-31 16:42:22,506 [INFO] merge_service - [Poll] 进度: 70/92 完成, 剩余 22 个任务仍在处理中...
2026-05-31 16:42:25,654 [INFO] merge_service - [Poll] 任务 7cab98f8-1c52-418d-86a7-90343ee6c6d1 (2025_Guideline_for_the_Management_of_Patients_With_Acute_Coronary_Syndromes_72.png) → completed [成功]
2026-05-31 16:42:25,752 [INFO] merge_service - [Poll] 进度: 71/92 完成, 剩余 21 个任务仍在处理中...
2026-05-31 16:42:28,988 [INFO] merge_service - [Poll] 进度: 71/92 完成, 剩余 21 个任务仍在处理中...
2026-05-31 16:42:32,221 [INFO] merge_service - [Poll] 进度: 71/92 完成, 剩余 21 个任务仍在处理中...
2026-05-31 16:42:35,455 [INFO] merge_service - [Poll] 进度: 71/92 完成, 剩余 21 个任务仍在处理中...
2026-05-31 16:42:38,689 [INFO] merge_service - [Poll] 进度: 71/92 完成, 剩余 21 个任务仍在处理中...
2026-05-31 16:42:41,940 [INFO] merge_service - [Poll] 进度: 71/92 完成, 剩余 21 个任务仍在处理中...
2026-05-31 16:42:45,201 [INFO] merge_service - [Poll] 进度: 71/92 完成, 剩余 21 个任务仍在处理中...
2026-05-31 16:42:48,450 [INFO] merge_service - [Poll] 进度: 71/92 完成, 剩余 21 个任务仍在处理中...
2026-05-31 16:42:51,692 [INFO] merge_service - [Poll] 进度: 71/92 完成, 剩余 21 个任务仍在处理中...
2026-05-31 16:42:54,930 [INFO] merge_service - [Poll] 进度: 71/92 完成, 剩余 21 个任务仍在处理中...
2026-05-31 16:42:58,165 [INFO] merge_service - [Poll] 进度: 71/92 完成, 剩余 21 个任务仍在处理中...
2026-05-31 16:43:01,402 [INFO] merge_service - [Poll] 进度: 71/92 完成, 剩余 21 个任务仍在处理中...
2026-05-31 16:43:04,638 [INFO] merge_service - [Poll] 进度: 71/92 完成, 剩余 21 个任务仍在处理中...
2026-05-31 16:43:07,874 [INFO] merge_service - [Poll] 进度: 71/92 完成, 剩余 21 个任务仍在处理中...
2026-05-31 16:43:10,943 [INFO] merge_service - [Poll] 任务 826746e1-5e5a-4339-9db6-50ffde8c3b22 (2025_Guideline_for_the_Management_of_Patients_With_Acute_Coronary_Syndromes_73.png) → completed [成功]
2026-05-31 16:43:11,112 [INFO] merge_service - [Poll] 进度: 72/92 完成, 剩余 20 个任务仍在处理中...
2026-05-31 16:43:14,349 [INFO] merge_service - [Poll] 进度: 72/92 完成, 剩余 20 个任务仍在处理中...
2026-05-31 16:43:17,595 [INFO] merge_service - [Poll] 进度: 72/92 完成, 剩余 20 个任务仍在处理中...
2026-05-31 16:43:20,614 [INFO] merge_service - [Poll] 任务 afc0355a-a3c5-4712-87f1-f254b25fe573 (2025_Guideline_for_the_Management_of_Patients_With_Acute_Coronary_Syndromes_77.png) → completed [成功]
2026-05-31 16:43:20,757 [INFO] merge_service - [Poll] 任务 ad353374-cbe1-4e77-bc4e-3598d263994a (2025_Guideline_for_the_Management_of_Patients_With_Acute_Coronary_Syndromes_78.png) → completed [成功]
2026-05-31 16:43:20,779 [INFO] merge_service - [Poll] 任务 920ef2de-3bfd-4fc9-97b4-ca1d5d7812bc (2025_Guideline_for_the_Management_of_Patients_With_Acute_Coronary_Syndromes_76.png) → completed [成功]
2026-05-31 16:43:20,833 [INFO] merge_service - [Poll] 进度: 75/92 完成, 剩余 17 个任务仍在处理中...
2026-05-31 16:43:24,059 [INFO] merge_service - [Poll] 进度: 75/92 完成, 剩余 17 个任务仍在处理中...
2026-05-31 16:43:27,289 [INFO] merge_service - [Poll] 进度: 75/92 完成, 剩余 17 个任务仍在处理中...
2026-05-31 16:43:30,488 [INFO] merge_service - [Poll] 进度: 75/92 完成, 剩余 17 个任务仍在处理中...
2026-05-31 16:43:33,681 [INFO] merge_service - [Poll] 进度: 75/92 完成, 剩余 17 个任务仍在处理中...
2026-05-31 16:43:36,875 [INFO] merge_service - [Poll] 进度: 75/92 完成, 剩余 17 个任务仍在处理中...
2026-05-31 16:43:40,067 [INFO] merge_service - [Poll] 进度: 75/92 完成, 剩余 17 个任务仍在处理中...
2026-05-31 16:43:43,256 [INFO] merge_service - [Poll] 进度: 75/92 完成, 剩余 17 个任务仍在处理中...
2026-05-31 16:43:46,315 [INFO] merge_service - [Poll] 任务 a6d38366-b31e-42c3-9032-3a850a1bb703 (2025_Guideline_for_the_Management_of_Patients_With_Acute_Coronary_Syndromes_69.png) → completed [成功]
2026-05-31 16:43:46,448 [INFO] merge_service - [Poll] 进度: 76/92 完成, 剩余 16 个任务仍在处理中...
2026-05-31 16:43:49,626 [INFO] merge_service - [Poll] 进度: 76/92 完成, 剩余 16 个任务仍在处理中...
2026-05-31 16:43:52,809 [INFO] merge_service - [Poll] 进度: 76/92 完成, 剩余 16 个任务仍在处理中...
2026-05-31 16:43:55,854 [INFO] merge_service - [Poll] 任务 c2224574-5abb-40ea-b089-d8a108dac424 (2025_Guideline_for_the_Management_of_Patients_With_Acute_Coronary_Syndromes_74.png) → completed [成功]
2026-05-31 16:43:55,933 [INFO] merge_service - [Poll] 任务 284f9854-ee63-4f3b-91ac-298284af5ee3 (2025_Guideline_for_the_Management_of_Patients_With_Acute_Coronary_Syndromes_79.png) → completed [成功]
2026-05-31 16:43:55,987 [INFO] merge_service - [Poll] 进度: 78/92 完成, 剩余 14 个任务仍在处理中...
2026-05-31 16:43:59,142 [INFO] merge_service - [Poll] 进度: 78/92 完成, 剩余 14 个任务仍在处理中...
2026-05-31 16:44:02,320 [INFO] merge_service - [Poll] 进度: 78/92 完成, 剩余 14 个任务仍在处理中...
2026-05-31 16:44:05,477 [INFO] merge_service - [Poll] 进度: 78/92 完成, 剩余 14 个任务仍在处理中...
2026-05-31 16:44:08,633 [INFO] merge_service - [Poll] 进度: 78/92 完成, 剩余 14 个任务仍在处理中...
2026-05-31 16:44:11,790 [INFO] merge_service - [Poll] 进度: 78/92 完成, 剩余 14 个任务仍在处理中...
2026-05-31 16:44:14,949 [INFO] merge_service - [Poll] 进度: 78/92 完成, 剩余 14 个任务仍在处理中...
2026-05-31 16:44:18,084 [INFO] merge_service - [Poll] 任务 50df6936-2963-4b85-981b-e8a92dc7b841 (2025_Guideline_for_the_Management_of_Patients_With_Acute_Coronary_Syndromes_80.png) → completed [成功]
2026-05-31 16:44:18,106 [INFO] merge_service - [Poll] 进度: 79/92 完成, 剩余 13 个任务仍在处理中...
2026-05-31 16:44:21,273 [INFO] merge_service - [Poll] 进度: 79/92 完成, 剩余 13 个任务仍在处理中...
2026-05-31 16:44:24,419 [INFO] merge_service - [Poll] 进度: 79/92 完成, 剩余 13 个任务仍在处理中...
2026-05-31 16:44:27,564 [INFO] merge_service - [Poll] 进度: 79/92 完成, 剩余 13 个任务仍在处理中...
2026-05-31 16:44:30,712 [INFO] merge_service - [Poll] 进度: 79/92 完成, 剩余 13 个任务仍在处理中...
2026-05-31 16:44:33,866 [INFO] merge_service - [Poll] 进度: 79/92 完成, 剩余 13 个任务仍在处理中...
2026-05-31 16:44:37,017 [INFO] merge_service - [Poll] 进度: 79/92 完成, 剩余 13 个任务仍在处理中...
2026-05-31 16:44:40,190 [INFO] merge_service - [Poll] 进度: 79/92 完成, 剩余 13 个任务仍在处理中...
2026-05-31 16:44:43,382 [INFO] merge_service - [Poll] 进度: 79/92 完成, 剩余 13 个任务仍在处理中...
2026-05-31 16:44:46,533 [INFO] merge_service - [Poll] 任务 c72ae497-845b-497f-98ef-7f2e43e5296c (2025_Guideline_for_the_Management_of_Patients_With_Acute_Coronary_Syndromes_84.png) → completed [成功]
2026-05-31 16:44:46,558 [INFO] merge_service - [Poll] 进度: 80/92 完成, 剩余 12 个任务仍在处理中...
2026-05-31 16:44:49,696 [INFO] merge_service - [Poll] 任务 dc146a55-29b2-4f0d-a1f8-e52057bdb732 (2025_Guideline_for_the_Management_of_Patients_With_Acute_Coronary_Syndromes_81.png) → completed [成功]
2026-05-31 16:44:49,721 [INFO] merge_service - [Poll] 进度: 81/92 完成, 剩余 11 个任务仍在处理中...
2026-05-31 16:44:52,782 [INFO] merge_service - [Poll] 任务 f9792f32-70f8-4cda-bc5f-a2c63f828fc9 (2025_Guideline_for_the_Management_of_Patients_With_Acute_Coronary_Syndromes_83.png) → completed [成功]
2026-05-31 16:44:52,877 [INFO] merge_service - [Poll] 进度: 82/92 完成, 剩余 10 个任务仍在处理中...
2026-05-31 16:44:56,036 [INFO] merge_service - [Poll] 进度: 82/92 完成, 剩余 10 个任务仍在处理中...
2026-05-31 16:44:59,099 [INFO] merge_service - [Poll] 任务 f6a7ee9c-790f-4afe-9bc4-dbdaf7f9137f (2025_Guideline_for_the_Management_of_Patients_With_Acute_Coronary_Syndromes_75.png) → completed [成功]
2026-05-31 16:44:59,179 [INFO] merge_service - [Poll] 进度: 83/92 完成, 剩余 9 个任务仍在处理中...
2026-05-31 16:45:02,312 [INFO] merge_service - [Poll] 进度: 83/92 完成, 剩余 9 个任务仍在处理中...
2026-05-31 16:45:05,448 [INFO] merge_service - [Poll] 进度: 83/92 完成, 剩余 9 个任务仍在处理中...
2026-05-31 16:45:08,554 [INFO] merge_service - [Poll] 进度: 83/92 完成, 剩余 9 个任务仍在处理中...
2026-05-31 16:45:11,567 [INFO] merge_service - [Poll] 任务 021295fd-5d18-456c-961f-e5f7e8ee6219 (2025_Guideline_for_the_Management_of_Patients_With_Acute_Coronary_Syndromes_86.png) → completed [成功]
2026-05-31 16:45:11,655 [INFO] merge_service - [Poll] 进度: 84/92 完成, 剩余 8 个任务仍在处理中...
2026-05-31 16:45:14,745 [INFO] merge_service - [Poll] 进度: 84/92 完成, 剩余 8 个任务仍在处理中...
2026-05-31 16:45:17,835 [INFO] merge_service - [Poll] 进度: 84/92 完成, 剩余 8 个任务仍在处理中...
2026-05-31 16:45:20,898 [INFO] merge_service - [Poll] 任务 bb0da187-c3ff-470b-87b3-27bb37cc3879 (2025_Guideline_for_the_Management_of_Patients_With_Acute_Coronary_Syndromes_88.png) → completed [成功]
2026-05-31 16:45:20,959 [INFO] merge_service - [Poll] 进度: 85/92 完成, 剩余 7 个任务仍在处理中...
2026-05-31 16:45:24,068 [INFO] merge_service - [Poll] 进度: 85/92 完成, 剩余 7 个任务仍在处理中...
2026-05-31 16:45:27,165 [INFO] merge_service - [Poll] 进度: 85/92 完成, 剩余 7 个任务仍在处理中...
2026-05-31 16:45:30,257 [INFO] merge_service - [Poll] 进度: 85/92 完成, 剩余 7 个任务仍在处理中...
2026-05-31 16:45:33,336 [INFO] merge_service - [Poll] 进度: 85/92 完成, 剩余 7 个任务仍在处理中...
2026-05-31 16:45:36,413 [INFO] merge_service - [Poll] 进度: 85/92 完成, 剩余 7 个任务仍在处理中...
2026-05-31 16:45:39,447 [INFO] merge_service - [Poll] 任务 e608d4df-abad-48b0-be51-967fe323a742 (2025_Guideline_for_the_Management_of_Patients_With_Acute_Coronary_Syndromes_87.png) → completed [成功]
2026-05-31 16:45:39,483 [INFO] merge_service - [Poll] 任务 47da67cf-c94a-4d4a-a166-35666df899dd (2025_Guideline_for_the_Management_of_Patients_With_Acute_Coronary_Syndromes_91.png) → completed [成功]
2026-05-31 16:45:39,495 [INFO] merge_service - [Poll] 进度: 87/92 完成, 剩余 5 个任务仍在处理中...
2026-05-31 16:45:42,551 [INFO] merge_service - [Poll] 进度: 87/92 完成, 剩余 5 个任务仍在处理中...
2026-05-31 16:45:45,641 [INFO] merge_service - [Poll] 进度: 87/92 完成, 剩余 5 个任务仍在处理中...
2026-05-31 16:45:48,716 [INFO] merge_service - [Poll] 进度: 87/92 完成, 剩余 5 个任务仍在处理中...
2026-05-31 16:45:51,778 [INFO] merge_service - [Poll] 进度: 87/92 完成, 剩余 5 个任务仍在处理中...
2026-05-31 16:45:54,833 [INFO] merge_service - [Poll] 进度: 87/92 完成, 剩余 5 个任务仍在处理中...
2026-05-31 16:45:57,890 [INFO] merge_service - [Poll] 进度: 87/92 完成, 剩余 5 个任务仍在处理中...
2026-05-31 16:46:00,913 [INFO] merge_service - [Poll] 任务 63a8f7bd-d33d-4cf2-82e1-7a9c6f12f831 (2025_Guideline_for_the_Management_of_Patients_With_Acute_Coronary_Syndromes_92.png) → completed [成功]
2026-05-31 16:46:00,938 [INFO] merge_service - [Poll] 任务 f1623add-e1ac-4aab-9c44-9948e1414eca (2025_Guideline_for_the_Management_of_Patients_With_Acute_Coronary_Syndromes_89.png) → completed [成功]
2026-05-31 16:46:00,961 [INFO] merge_service - [Poll] 进度: 89/92 完成, 剩余 3 个任务仍在处理中...
2026-05-31 16:46:04,020 [INFO] merge_service - [Poll] 进度: 89/92 完成, 剩余 3 个任务仍在处理中...
2026-05-31 16:46:07,063 [INFO] merge_service - [Poll] 进度: 89/92 完成, 剩余 3 个任务仍在处理中...
2026-05-31 16:46:10,102 [INFO] merge_service - [Poll] 进度: 89/92 完成, 剩余 3 个任务仍在处理中...
2026-05-31 16:46:13,136 [INFO] merge_service - [Poll] 进度: 89/92 完成, 剩余 3 个任务仍在处理中...
2026-05-31 16:46:16,177 [INFO] merge_service - [Poll] 进度: 89/92 完成, 剩余 3 个任务仍在处理中...
2026-05-31 16:46:19,189 [INFO] merge_service - [Poll] 任务 528923ed-3abf-4ab3-ad7f-1382c8aecc9e (2025_Guideline_for_the_Management_of_Patients_With_Acute_Coronary_Syndromes_90.png) → completed [成功]
2026-05-31 16:46:19,215 [INFO] merge_service - [Poll] 进度: 90/92 完成, 剩余 2 个任务仍在处理中...
2026-05-31 16:46:22,247 [INFO] merge_service - [Poll] 进度: 90/92 完成, 剩余 2 个任务仍在处理中...
2026-05-31 16:46:25,283 [INFO] merge_service - [Poll] 进度: 90/92 完成, 剩余 2 个任务仍在处理中...
2026-05-31 16:46:28,295 [INFO] merge_service - [Poll] 任务 1adae204-a01f-4a20-8ee0-77624fbc2b84 (2025_Guideline_for_the_Management_of_Patients_With_Acute_Coronary_Syndromes_82.png) → completed [成功]
2026-05-31 16:46:28,306 [INFO] merge_service - [Poll] 进度: 91/92 完成, 剩余 1 个任务仍在处理中...
2026-05-31 16:46:31,320 [INFO] merge_service - [Poll] 任务 0c029db8-a807-4af2-b650-f8457f8bddb1 (2025_Guideline_for_the_Management_of_Patients_With_Acute_Coronary_Syndromes_85.png) → completed [成功]
2026-05-31 16:46:31,320 [INFO] merge_service - [1e89379a-cc70-47a5-8241-5ce2e8628bb7] 所有提取任务已完成，开始合并清洗...
2026-05-31 16:46:31,320 [INFO] merge_service - [1e89379a-cc70-47a5-8241-5ce2e8628bb7] 合并顺序（按原图片文件名序号）:
2026-05-31 16:46:31,320 [INFO] merge_service -   第1页: 2025_Guideline_for_the_Management_of_Patients_With_Acute_Coronary_Syndromes_1.png → output/025_Guideline_for_the_Management_of_Patients_With_Acute_Coronary_Syndromes/025_Guideline_for_the_Management_of_Patients_With_Acute_Coronary_Syndromes_1.md
2026-05-31 16:46:31,320 [INFO] merge_service -   第2页: 2025_Guideline_for_the_Management_of_Patients_With_Acute_Coronary_Syndromes_2.png → output/025_Guideline_for_the_Management_of_Patients_With_Acute_Coronary_Syndromes/025_Guideline_for_the_Management_of_Patients_With_Acute_Coronary_Syndromes_2.md
2026-05-31 16:46:31,320 [INFO] merge_service -   第3页: 2025_Guideline_for_the_Management_of_Patients_With_Acute_Coronary_Syndromes_3.png → output/025_Guideline_for_the_Management_of_Patients_With_Acute_Coronary_Syndromes/025_Guideline_for_the_Management_of_Patients_With_Acute_Coronary_Syndromes_3.md
2026-05-31 16:46:31,320 [INFO] merge_service -   第4页: 2025_Guideline_for_the_Management_of_Patients_With_Acute_Coronary_Syndromes_4.png → output/025_Guideline_for_the_Management_of_Patients_With_Acute_Coronary_Syndromes/025_Guideline_for_the_Management_of_Patients_With_Acute_Coronary_Syndromes_4.md
2026-05-31 16:46:31,320 [INFO] merge_service -   第5页: 2025_Guideline_for_the_Management_of_Patients_With_Acute_Coronary_Syndromes_5.png → output/025_Guideline_for_the_Management_of_Patients_With_Acute_Coronary_Syndromes/025_Guideline_for_the_Management_of_Patients_With_Acute_Coronary_Syndromes_5.md
2026-05-31 16:46:31,320 [INFO] merge_service -   第6页: 2025_Guideline_for_the_Management_of_Patients_With_Acute_Coronary_Syndromes_6.png → output/025_Guideline_for_the_Management_of_Patients_With_Acute_Coronary_Syndromes/025_Guideline_for_the_Management_of_Patients_With_Acute_Coronary_Syndromes_6.md
2026-05-31 16:46:31,320 [INFO] merge_service -   第7页: 2025_Guideline_for_the_Management_of_Patients_With_Acute_Coronary_Syndromes_7.png → output/025_Guideline_for_the_Management_of_Patients_With_Acute_Coronary_Syndromes/025_Guideline_for_the_Management_of_Patients_With_Acute_Coronary_Syndromes_7.md
2026-05-31 16:46:31,320 [INFO] merge_service -   第8页: 2025_Guideline_for_the_Management_of_Patients_With_Acute_Coronary_Syndromes_8.png → output/025_Guideline_for_the_Management_of_Patients_With_Acute_Coronary_Syndromes/025_Guideline_for_the_Management_of_Patients_With_Acute_Coronary_Syndromes_8.md
2026-05-31 16:46:31,320 [INFO] merge_service -   第9页: 2025_Guideline_for_the_Management_of_Patients_With_Acute_Coronary_Syndromes_9.png → output/025_Guideline_for_the_Management_of_Patients_With_Acute_Coronary_Syndromes/025_Guideline_for_the_Management_of_Patients_With_Acute_Coronary_Syndromes_9.md
2026-05-31 16:46:31,320 [INFO] merge_service -   第10页: 2025_Guideline_for_the_Management_of_Patients_With_Acute_Coronary_Syndromes_10.png → output/025_Guideline_for_the_Management_of_Patients_With_Acute_Coronary_Syndromes/025_Guideline_for_the_Management_of_Patients_With_Acute_Coronary_Syndromes_10.md
2026-05-31 16:46:31,320 [INFO] merge_service -   第11页: 2025_Guideline_for_the_Management_of_Patients_With_Acute_Coronary_Syndromes_11.png → output/025_Guideline_for_the_Management_of_Patients_With_Acute_Coronary_Syndromes/025_Guideline_for_the_Management_of_Patients_With_Acute_Coronary_Syndromes_11.md
2026-05-31 16:46:31,320 [INFO] merge_service -   第12页: 2025_Guideline_for_the_Management_of_Patients_With_Acute_Coronary_Syndromes_12.png → output/025_Guideline_for_the_Management_of_Patients_With_Acute_Coronary_Syndromes/025_Guideline_for_the_Management_of_Patients_With_Acute_Coronary_Syndromes_12.md
2026-05-31 16:46:31,320 [INFO] merge_service -   第13页: 2025_Guideline_for_the_Management_of_Patients_With_Acute_Coronary_Syndromes_13.png → output/025_Guideline_for_the_Management_of_Patients_With_Acute_Coronary_Syndromes/025_Guideline_for_the_Management_of_Patients_With_Acute_Coronary_Syndromes_13.md
2026-05-31 16:46:31,320 [INFO] merge_service -   第14页: 2025_Guideline_for_the_Management_of_Patients_With_Acute_Coronary_Syndromes_14.png → output/025_Guideline_for_the_Management_of_Patients_With_Acute_Coronary_Syndromes/025_Guideline_for_the_Management_of_Patients_With_Acute_Coronary_Syndromes_14.md
2026-05-31 16:46:31,320 [INFO] merge_service -   第15页: 2025_Guideline_for_the_Management_of_Patients_With_Acute_Coronary_Syndromes_15.png → output/025_Guideline_for_the_Management_of_Patients_With_Acute_Coronary_Syndromes/025_Guideline_for_the_Management_of_Patients_With_Acute_Coronary_Syndromes_15.md
2026-05-31 16:46:31,320 [INFO] merge_service -   第16页: 2025_Guideline_for_the_Management_of_Patients_With_Acute_Coronary_Syndromes_16.png → output/025_Guideline_for_the_Management_of_Patients_With_Acute_Coronary_Syndromes/025_Guideline_for_the_Management_of_Patients_With_Acute_Coronary_Syndromes_16.md
2026-05-31 16:46:31,320 [INFO] merge_service -   第17页: 2025_Guideline_for_the_Management_of_Patients_With_Acute_Coronary_Syndromes_17.png → output/025_Guideline_for_the_Management_of_Patients_With_Acute_Coronary_Syndromes/025_Guideline_for_the_Management_of_Patients_With_Acute_Coronary_Syndromes_17.md
2026-05-31 16:46:31,320 [INFO] merge_service -   第18页: 2025_Guideline_for_the_Management_of_Patients_With_Acute_Coronary_Syndromes_18.png → output/025_Guideline_for_the_Management_of_Patients_With_Acute_Coronary_Syndromes/025_Guideline_for_the_Management_of_Patients_With_Acute_Coronary_Syndromes_18.md
2026-05-31 16:46:31,320 [INFO] merge_service -   第19页: 2025_Guideline_for_the_Management_of_Patients_With_Acute_Coronary_Syndromes_19.png → output/025_Guideline_for_the_Management_of_Patients_With_Acute_Coronary_Syndromes/025_Guideline_for_the_Management_of_Patients_With_Acute_Coronary_Syndromes_19.md
2026-05-31 16:46:31,320 [INFO] merge_service -   第20页: 2025_Guideline_for_the_Management_of_Patients_With_Acute_Coronary_Syndromes_20.png → output/025_Guideline_for_the_Management_of_Patients_With_Acute_Coronary_Syndromes/025_Guideline_for_the_Management_of_Patients_With_Acute_Coronary_Syndromes_20.md
2026-05-31 16:46:31,320 [INFO] merge_service -   第21页: 2025_Guideline_for_the_Management_of_Patients_With_Acute_Coronary_Syndromes_21.png → output/025_Guideline_for_the_Management_of_Patients_With_Acute_Coronary_Syndromes/025_Guideline_for_the_Management_of_Patients_With_Acute_Coronary_Syndromes_21.md
2026-05-31 16:46:31,320 [INFO] merge_service -   第22页: 2025_Guideline_for_the_Management_of_Patients_With_Acute_Coronary_Syndromes_22.png → output/025_Guideline_for_the_Management_of_Patients_With_Acute_Coronary_Syndromes/025_Guideline_for_the_Management_of_Patients_With_Acute_Coronary_Syndromes_22.md
2026-05-31 16:46:31,320 [INFO] merge_service -   第23页: 2025_Guideline_for_the_Management_of_Patients_With_Acute_Coronary_Syndromes_23.png → output/025_Guideline_for_the_Management_of_Patients_With_Acute_Coronary_Syndromes/025_Guideline_for_the_Management_of_Patients_With_Acute_Coronary_Syndromes_23.md
2026-05-31 16:46:31,320 [INFO] merge_service -   第24页: 2025_Guideline_for_the_Management_of_Patients_With_Acute_Coronary_Syndromes_24.png → output/025_Guideline_for_the_Management_of_Patients_With_Acute_Coronary_Syndromes/025_Guideline_for_the_Management_of_Patients_With_Acute_Coronary_Syndromes_24.md
2026-05-31 16:46:31,320 [INFO] merge_service -   第25页: 2025_Guideline_for_the_Management_of_Patients_With_Acute_Coronary_Syndromes_25.png → output/025_Guideline_for_the_Management_of_Patients_With_Acute_Coronary_Syndromes/025_Guideline_for_the_Management_of_Patients_With_Acute_Coronary_Syndromes_25.md
2026-05-31 16:46:31,320 [INFO] merge_service -   第26页: 2025_Guideline_for_the_Management_of_Patients_With_Acute_Coronary_Syndromes_26.png → output/025_Guideline_for_the_Management_of_Patients_With_Acute_Coronary_Syndromes/025_Guideline_for_the_Management_of_Patients_With_Acute_Coronary_Syndromes_26.md
2026-05-31 16:46:31,320 [INFO] merge_service -   第27页: 2025_Guideline_for_the_Management_of_Patients_With_Acute_Coronary_Syndromes_27.png → output/025_Guideline_for_the_Management_of_Patients_With_Acute_Coronary_Syndromes/025_Guideline_for_the_Management_of_Patients_With_Acute_Coronary_Syndromes_27.md
2026-05-31 16:46:31,320 [INFO] merge_service -   第28页: 2025_Guideline_for_the_Management_of_Patients_With_Acute_Coronary_Syndromes_28.png → output/025_Guideline_for_the_Management_of_Patients_With_Acute_Coronary_Syndromes/025_Guideline_for_the_Management_of_Patients_With_Acute_Coronary_Syndromes_28.md
2026-05-31 16:46:31,320 [INFO] merge_service -   第29页: 2025_Guideline_for_the_Management_of_Patients_With_Acute_Coronary_Syndromes_29.png → output/025_Guideline_for_the_Management_of_Patients_With_Acute_Coronary_Syndromes/025_Guideline_for_the_Management_of_Patients_With_Acute_Coronary_Syndromes_29.md
2026-05-31 16:46:31,320 [INFO] merge_service -   第30页: 2025_Guideline_for_the_Management_of_Patients_With_Acute_Coronary_Syndromes_30.png → output/025_Guideline_for_the_Management_of_Patients_With_Acute_Coronary_Syndromes/025_Guideline_for_the_Management_of_Patients_With_Acute_Coronary_Syndromes_30.md
2026-05-31 16:46:31,320 [INFO] merge_service -   第31页: 2025_Guideline_for_the_Management_of_Patients_With_Acute_Coronary_Syndromes_31.png → output/025_Guideline_for_the_Management_of_Patients_With_Acute_Coronary_Syndromes/025_Guideline_for_the_Management_of_Patients_With_Acute_Coronary_Syndromes_31.md
2026-05-31 16:46:31,320 [INFO] merge_service -   第32页: 2025_Guideline_for_the_Management_of_Patients_With_Acute_Coronary_Syndromes_32.png → output/025_Guideline_for_the_Management_of_Patients_With_Acute_Coronary_Syndromes/025_Guideline_for_the_Management_of_Patients_With_Acute_Coronary_Syndromes_32.md
2026-05-31 16:46:31,320 [INFO] merge_service -   第33页: 2025_Guideline_for_the_Management_of_Patients_With_Acute_Coronary_Syndromes_33.png → output/025_Guideline_for_the_Management_of_Patients_With_Acute_Coronary_Syndromes/025_Guideline_for_the_Management_of_Patients_With_Acute_Coronary_Syndromes_33.md
2026-05-31 16:46:31,320 [INFO] merge_service -   第34页: 2025_Guideline_for_the_Management_of_Patients_With_Acute_Coronary_Syndromes_34.png → output/025_Guideline_for_the_Management_of_Patients_With_Acute_Coronary_Syndromes/025_Guideline_for_the_Management_of_Patients_With_Acute_Coronary_Syndromes_34.md
2026-05-31 16:46:31,320 [INFO] merge_service -   第35页: 2025_Guideline_for_the_Management_of_Patients_With_Acute_Coronary_Syndromes_35.png → output/025_Guideline_for_the_Management_of_Patients_With_Acute_Coronary_Syndromes/025_Guideline_for_the_Management_of_Patients_With_Acute_Coronary_Syndromes_35.md
2026-05-31 16:46:31,320 [INFO] merge_service -   第36页: 2025_Guideline_for_the_Management_of_Patients_With_Acute_Coronary_Syndromes_36.png → output/025_Guideline_for_the_Management_of_Patients_With_Acute_Coronary_Syndromes/025_Guideline_for_the_Management_of_Patients_With_Acute_Coronary_Syndromes_36.md
2026-05-31 16:46:31,320 [INFO] merge_service -   第37页: 2025_Guideline_for_the_Management_of_Patients_With_Acute_Coronary_Syndromes_37.png → output/025_Guideline_for_the_Management_of_Patients_With_Acute_Coronary_Syndromes/025_Guideline_for_the_Management_of_Patients_With_Acute_Coronary_Syndromes_37.md
2026-05-31 16:46:31,320 [INFO] merge_service -   第38页: 2025_Guideline_for_the_Management_of_Patients_With_Acute_Coronary_Syndromes_38.png → output/025_Guideline_for_the_Management_of_Patients_With_Acute_Coronary_Syndromes/025_Guideline_for_the_Management_of_Patients_With_Acute_Coronary_Syndromes_38.md
2026-05-31 16:46:31,320 [INFO] merge_service -   第39页: 2025_Guideline_for_the_Management_of_Patients_With_Acute_Coronary_Syndromes_39.png → output/025_Guideline_for_the_Management_of_Patients_With_Acute_Coronary_Syndromes/025_Guideline_for_the_Management_of_Patients_With_Acute_Coronary_Syndromes_39.md
2026-05-31 16:46:31,320 [INFO] merge_service -   第40页: 2025_Guideline_for_the_Management_of_Patients_With_Acute_Coronary_Syndromes_40.png → output/025_Guideline_for_the_Management_of_Patients_With_Acute_Coronary_Syndromes/025_Guideline_for_the_Management_of_Patients_With_Acute_Coronary_Syndromes_40.md
2026-05-31 16:46:31,320 [INFO] merge_service -   第41页: 2025_Guideline_for_the_Management_of_Patients_With_Acute_Coronary_Syndromes_41.png → output/025_Guideline_for_the_Management_of_Patients_With_Acute_Coronary_Syndromes/025_Guideline_for_the_Management_of_Patients_With_Acute_Coronary_Syndromes_41.md
2026-05-31 16:46:31,320 [INFO] merge_service -   第42页: 2025_Guideline_for_the_Management_of_Patients_With_Acute_Coronary_Syndromes_42.png → output/025_Guideline_for_the_Management_of_Patients_With_Acute_Coronary_Syndromes/025_Guideline_for_the_Management_of_Patients_With_Acute_Coronary_Syndromes_42.md
2026-05-31 16:46:31,320 [INFO] merge_service -   第43页: 2025_Guideline_for_the_Management_of_Patients_With_Acute_Coronary_Syndromes_43.png → output/025_Guideline_for_the_Management_of_Patients_With_Acute_Coronary_Syndromes/025_Guideline_for_the_Management_of_Patients_With_Acute_Coronary_Syndromes_43.md
2026-05-31 16:46:31,320 [INFO] merge_service -   第44页: 2025_Guideline_for_the_Management_of_Patients_With_Acute_Coronary_Syndromes_44.png → output/025_Guideline_for_the_Management_of_Patients_With_Acute_Coronary_Syndromes/025_Guideline_for_the_Management_of_Patients_With_Acute_Coronary_Syndromes_44.md
2026-05-31 16:46:31,320 [INFO] merge_service -   第45页: 2025_Guideline_for_the_Management_of_Patients_With_Acute_Coronary_Syndromes_45.png → output/025_Guideline_for_the_Management_of_Patients_With_Acute_Coronary_Syndromes/025_Guideline_for_the_Management_of_Patients_With_Acute_Coronary_Syndromes_45.md
2026-05-31 16:46:31,320 [INFO] merge_service -   第46页: 2025_Guideline_for_the_Management_of_Patients_With_Acute_Coronary_Syndromes_46.png → output/025_Guideline_for_the_Management_of_Patients_With_Acute_Coronary_Syndromes/025_Guideline_for_the_Management_of_Patients_With_Acute_Coronary_Syndromes_46.md
2026-05-31 16:46:31,320 [INFO] merge_service -   第47页: 2025_Guideline_for_the_Management_of_Patients_With_Acute_Coronary_Syndromes_47.png → output/025_Guideline_for_the_Management_of_Patients_With_Acute_Coronary_Syndromes/025_Guideline_for_the_Management_of_Patients_With_Acute_Coronary_Syndromes_47.md
2026-05-31 16:46:31,320 [INFO] merge_service -   第48页: 2025_Guideline_for_the_Management_of_Patients_With_Acute_Coronary_Syndromes_48.png → output/025_Guideline_for_the_Management_of_Patients_With_Acute_Coronary_Syndromes/025_Guideline_for_the_Management_of_Patients_With_Acute_Coronary_Syndromes_48.md
2026-05-31 16:46:31,320 [INFO] merge_service -   第49页: 2025_Guideline_for_the_Management_of_Patients_With_Acute_Coronary_Syndromes_49.png → output/025_Guideline_for_the_Management_of_Patients_With_Acute_Coronary_Syndromes/025_Guideline_for_the_Management_of_Patients_With_Acute_Coronary_Syndromes_49.md
2026-05-31 16:46:31,321 [INFO] merge_service -   第50页: 2025_Guideline_for_the_Management_of_Patients_With_Acute_Coronary_Syndromes_50.png → output/025_Guideline_for_the_Management_of_Patients_With_Acute_Coronary_Syndromes/025_Guideline_for_the_Management_of_Patients_With_Acute_Coronary_Syndromes_50.md
2026-05-31 16:46:31,321 [INFO] merge_service -   第51页: 2025_Guideline_for_the_Management_of_Patients_With_Acute_Coronary_Syndromes_51.png → output/025_Guideline_for_the_Management_of_Patients_With_Acute_Coronary_Syndromes/025_Guideline_for_the_Management_of_Patients_With_Acute_Coronary_Syndromes_51.md
2026-05-31 16:46:31,321 [INFO] merge_service -   第52页: 2025_Guideline_for_the_Management_of_Patients_With_Acute_Coronary_Syndromes_52.png → output/025_Guideline_for_the_Management_of_Patients_With_Acute_Coronary_Syndromes/025_Guideline_for_the_Management_of_Patients_With_Acute_Coronary_Syndromes_52.md
2026-05-31 16:46:31,321 [INFO] merge_service -   第53页: 2025_Guideline_for_the_Management_of_Patients_With_Acute_Coronary_Syndromes_53.png → output/025_Guideline_for_the_Management_of_Patients_With_Acute_Coronary_Syndromes/025_Guideline_for_the_Management_of_Patients_With_Acute_Coronary_Syndromes_53.md
2026-05-31 16:46:31,321 [INFO] merge_service -   第54页: 2025_Guideline_for_the_Management_of_Patients_With_Acute_Coronary_Syndromes_54.png → output/025_Guideline_for_the_Management_of_Patients_With_Acute_Coronary_Syndromes/025_Guideline_for_the_Management_of_Patients_With_Acute_Coronary_Syndromes_54.md
2026-05-31 16:46:31,321 [INFO] merge_service -   第55页: 2025_Guideline_for_the_Management_of_Patients_With_Acute_Coronary_Syndromes_55.png → output/025_Guideline_for_the_Management_of_Patients_With_Acute_Coronary_Syndromes/025_Guideline_for_the_Management_of_Patients_With_Acute_Coronary_Syndromes_55.md
2026-05-31 16:46:31,321 [INFO] merge_service -   第56页: 2025_Guideline_for_the_Management_of_Patients_With_Acute_Coronary_Syndromes_56.png → output/025_Guideline_for_the_Management_of_Patients_With_Acute_Coronary_Syndromes/025_Guideline_for_the_Management_of_Patients_With_Acute_Coronary_Syndromes_56.md
2026-05-31 16:46:31,321 [INFO] merge_service -   第57页: 2025_Guideline_for_the_Management_of_Patients_With_Acute_Coronary_Syndromes_57.png → output/025_Guideline_for_the_Management_of_Patients_With_Acute_Coronary_Syndromes/025_Guideline_for_the_Management_of_Patients_With_Acute_Coronary_Syndromes_57.md
2026-05-31 16:46:31,321 [INFO] merge_service -   第58页: 2025_Guideline_for_the_Management_of_Patients_With_Acute_Coronary_Syndromes_58.png → output/025_Guideline_for_the_Management_of_Patients_With_Acute_Coronary_Syndromes/025_Guideline_for_the_Management_of_Patients_With_Acute_Coronary_Syndromes_58.md
2026-05-31 16:46:31,321 [INFO] merge_service -   第59页: 2025_Guideline_for_the_Management_of_Patients_With_Acute_Coronary_Syndromes_59.png → output/025_Guideline_for_the_Management_of_Patients_With_Acute_Coronary_Syndromes/025_Guideline_for_the_Management_of_Patients_With_Acute_Coronary_Syndromes_59.md
2026-05-31 16:46:31,321 [INFO] merge_service -   第60页: 2025_Guideline_for_the_Management_of_Patients_With_Acute_Coronary_Syndromes_60.png → output/025_Guideline_for_the_Management_of_Patients_With_Acute_Coronary_Syndromes/025_Guideline_for_the_Management_of_Patients_With_Acute_Coronary_Syndromes_60.md
2026-05-31 16:46:31,321 [INFO] merge_service -   第61页: 2025_Guideline_for_the_Management_of_Patients_With_Acute_Coronary_Syndromes_61.png → output/025_Guideline_for_the_Management_of_Patients_With_Acute_Coronary_Syndromes/025_Guideline_for_the_Management_of_Patients_With_Acute_Coronary_Syndromes_61.md
2026-05-31 16:46:31,321 [INFO] merge_service -   第62页: 2025_Guideline_for_the_Management_of_Patients_With_Acute_Coronary_Syndromes_62.png → output/025_Guideline_for_the_Management_of_Patients_With_Acute_Coronary_Syndromes/025_Guideline_for_the_Management_of_Patients_With_Acute_Coronary_Syndromes_62.md
2026-05-31 16:46:31,321 [INFO] merge_service -   第63页: 2025_Guideline_for_the_Management_of_Patients_With_Acute_Coronary_Syndromes_63.png → output/025_Guideline_for_the_Management_of_Patients_With_Acute_Coronary_Syndromes/025_Guideline_for_the_Management_of_Patients_With_Acute_Coronary_Syndromes_63.md
2026-05-31 16:46:31,321 [INFO] merge_service -   第64页: 2025_Guideline_for_the_Management_of_Patients_With_Acute_Coronary_Syndromes_64.png → output/025_Guideline_for_the_Management_of_Patients_With_Acute_Coronary_Syndromes/025_Guideline_for_the_Management_of_Patients_With_Acute_Coronary_Syndromes_64.md
2026-05-31 16:46:31,321 [INFO] merge_service -   第65页: 2025_Guideline_for_the_Management_of_Patients_With_Acute_Coronary_Syndromes_65.png → output/025_Guideline_for_the_Management_of_Patients_With_Acute_Coronary_Syndromes/025_Guideline_for_the_Management_of_Patients_With_Acute_Coronary_Syndromes_65.md
2026-05-31 16:46:31,321 [INFO] merge_service -   第66页: 2025_Guideline_for_the_Management_of_Patients_With_Acute_Coronary_Syndromes_66.png → output/025_Guideline_for_the_Management_of_Patients_With_Acute_Coronary_Syndromes/025_Guideline_for_the_Management_of_Patients_With_Acute_Coronary_Syndromes_66.md
2026-05-31 16:46:31,321 [INFO] merge_service -   第67页: 2025_Guideline_for_the_Management_of_Patients_With_Acute_Coronary_Syndromes_67.png → output/025_Guideline_for_the_Management_of_Patients_With_Acute_Coronary_Syndromes/025_Guideline_for_the_Management_of_Patients_With_Acute_Coronary_Syndromes_67.md
2026-05-31 16:46:31,321 [INFO] merge_service -   第68页: 2025_Guideline_for_the_Management_of_Patients_With_Acute_Coronary_Syndromes_68.png → output/025_Guideline_for_the_Management_of_Patients_With_Acute_Coronary_Syndromes/025_Guideline_for_the_Management_of_Patients_With_Acute_Coronary_Syndromes_68.md
2026-05-31 16:46:31,321 [INFO] merge_service -   第69页: 2025_Guideline_for_the_Management_of_Patients_With_Acute_Coronary_Syndromes_69.png → output/025_Guideline_for_the_Management_of_Patients_With_Acute_Coronary_Syndromes/025_Guideline_for_the_Management_of_Patients_With_Acute_Coronary_Syndromes_69.md
2026-05-31 16:46:31,321 [INFO] merge_service -   第70页: 2025_Guideline_for_the_Management_of_Patients_With_Acute_Coronary_Syndromes_70.png → output/025_Guideline_for_the_Management_of_Patients_With_Acute_Coronary_Syndromes/025_Guideline_for_the_Management_of_Patients_With_Acute_Coronary_Syndromes_70.md
2026-05-31 16:46:31,321 [INFO] merge_service -   第71页: 2025_Guideline_for_the_Management_of_Patients_With_Acute_Coronary_Syndromes_71.png → output/025_Guideline_for_the_Management_of_Patients_With_Acute_Coronary_Syndromes/025_Guideline_for_the_Management_of_Patients_With_Acute_Coronary_Syndromes_71.md
2026-05-31 16:46:31,321 [INFO] merge_service -   第72页: 2025_Guideline_for_the_Management_of_Patients_With_Acute_Coronary_Syndromes_72.png → output/025_Guideline_for_the_Management_of_Patients_With_Acute_Coronary_Syndromes/025_Guideline_for_the_Management_of_Patients_With_Acute_Coronary_Syndromes_72.md
2026-05-31 16:46:31,321 [INFO] merge_service -   第73页: 2025_Guideline_for_the_Management_of_Patients_With_Acute_Coronary_Syndromes_73.png → output/025_Guideline_for_the_Management_of_Patients_With_Acute_Coronary_Syndromes/025_Guideline_for_the_Management_of_Patients_With_Acute_Coronary_Syndromes_73.md
2026-05-31 16:46:31,321 [INFO] merge_service -   第74页: 2025_Guideline_for_the_Management_of_Patients_With_Acute_Coronary_Syndromes_74.png → output/025_Guideline_for_the_Management_of_Patients_With_Acute_Coronary_Syndromes/025_Guideline_for_the_Management_of_Patients_With_Acute_Coronary_Syndromes_74.md
2026-05-31 16:46:31,321 [INFO] merge_service -   第75页: 2025_Guideline_for_the_Management_of_Patients_With_Acute_Coronary_Syndromes_75.png → output/025_Guideline_for_the_Management_of_Patients_With_Acute_Coronary_Syndromes/025_Guideline_for_the_Management_of_Patients_With_Acute_Coronary_Syndromes_75.md
2026-05-31 16:46:31,321 [INFO] merge_service -   第76页: 2025_Guideline_for_the_Management_of_Patients_With_Acute_Coronary_Syndromes_76.png → output/025_Guideline_for_the_Management_of_Patients_With_Acute_Coronary_Syndromes/025_Guideline_for_the_Management_of_Patients_With_Acute_Coronary_Syndromes_76.md
2026-05-31 16:46:31,321 [INFO] merge_service -   第77页: 2025_Guideline_for_the_Management_of_Patients_With_Acute_Coronary_Syndromes_77.png → output/025_Guideline_for_the_Management_of_Patients_With_Acute_Coronary_Syndromes/025_Guideline_for_the_Management_of_Patients_With_Acute_Coronary_Syndromes_77.md
2026-05-31 16:46:31,321 [INFO] merge_service -   第78页: 2025_Guideline_for_the_Management_of_Patients_With_Acute_Coronary_Syndromes_78.png → output/025_Guideline_for_the_Management_of_Patients_With_Acute_Coronary_Syndromes/025_Guideline_for_the_Management_of_Patients_With_Acute_Coronary_Syndromes_78.md
2026-05-31 16:46:31,321 [INFO] merge_service -   第79页: 2025_Guideline_for_the_Management_of_Patients_With_Acute_Coronary_Syndromes_79.png → output/025_Guideline_for_the_Management_of_Patients_With_Acute_Coronary_Syndromes/025_Guideline_for_the_Management_of_Patients_With_Acute_Coronary_Syndromes_79.md
2026-05-31 16:46:31,321 [INFO] merge_service -   第80页: 2025_Guideline_for_the_Management_of_Patients_With_Acute_Coronary_Syndromes_80.png → output/025_Guideline_for_the_Management_of_Patients_With_Acute_Coronary_Syndromes/025_Guideline_for_the_Management_of_Patients_With_Acute_Coronary_Syndromes_80.md
2026-05-31 16:46:31,321 [INFO] merge_service -   第81页: 2025_Guideline_for_the_Management_of_Patients_With_Acute_Coronary_Syndromes_81.png → output/025_Guideline_for_the_Management_of_Patients_With_Acute_Coronary_Syndromes/025_Guideline_for_the_Management_of_Patients_With_Acute_Coronary_Syndromes_81.md
2026-05-31 16:46:31,321 [INFO] merge_service -   第82页: 2025_Guideline_for_the_Management_of_Patients_With_Acute_Coronary_Syndromes_82.png → output/025_Guideline_for_the_Management_of_Patients_With_Acute_Coronary_Syndromes/025_Guideline_for_the_Management_of_Patients_With_Acute_Coronary_Syndromes_82.md
2026-05-31 16:46:31,321 [INFO] merge_service -   第83页: 2025_Guideline_for_the_Management_of_Patients_With_Acute_Coronary_Syndromes_83.png → output/025_Guideline_for_the_Management_of_Patients_With_Acute_Coronary_Syndromes/025_Guideline_for_the_Management_of_Patients_With_Acute_Coronary_Syndromes_83.md
2026-05-31 16:46:31,321 [INFO] merge_service -   第84页: 2025_Guideline_for_the_Management_of_Patients_With_Acute_Coronary_Syndromes_84.png → output/025_Guideline_for_the_Management_of_Patients_With_Acute_Coronary_Syndromes/025_Guideline_for_the_Management_of_Patients_With_Acute_Coronary_Syndromes_84.md
2026-05-31 16:46:31,321 [INFO] merge_service -   第85页: 2025_Guideline_for_the_Management_of_Patients_With_Acute_Coronary_Syndromes_85.png → output/025_Guideline_for_the_Management_of_Patients_With_Acute_Coronary_Syndromes/025_Guideline_for_the_Management_of_Patients_With_Acute_Coronary_Syndromes_85.md
2026-05-31 16:46:31,321 [INFO] merge_service -   第86页: 2025_Guideline_for_the_Management_of_Patients_With_Acute_Coronary_Syndromes_86.png → output/025_Guideline_for_the_Management_of_Patients_With_Acute_Coronary_Syndromes/025_Guideline_for_the_Management_of_Patients_With_Acute_Coronary_Syndromes_86.md
2026-05-31 16:46:31,321 [INFO] merge_service -   第87页: 2025_Guideline_for_the_Management_of_Patients_With_Acute_Coronary_Syndromes_87.png → output/025_Guideline_for_the_Management_of_Patients_With_Acute_Coronary_Syndromes/025_Guideline_for_the_Management_of_Patients_With_Acute_Coronary_Syndromes_87.md
2026-05-31 16:46:31,321 [INFO] merge_service -   第88页: 2025_Guideline_for_the_Management_of_Patients_With_Acute_Coronary_Syndromes_88.png → output/025_Guideline_for_the_Management_of_Patients_With_Acute_Coronary_Syndromes/025_Guideline_for_the_Management_of_Patients_With_Acute_Coronary_Syndromes_88.md
2026-05-31 16:46:31,321 [INFO] merge_service -   第89页: 2025_Guideline_for_the_Management_of_Patients_With_Acute_Coronary_Syndromes_89.png → output/025_Guideline_for_the_Management_of_Patients_With_Acute_Coronary_Syndromes/025_Guideline_for_the_Management_of_Patients_With_Acute_Coronary_Syndromes_89.md
2026-05-31 16:46:31,321 [INFO] merge_service -   第90页: 2025_Guideline_for_the_Management_of_Patients_With_Acute_Coronary_Syndromes_90.png → output/025_Guideline_for_the_Management_of_Patients_With_Acute_Coronary_Syndromes/025_Guideline_for_the_Management_of_Patients_With_Acute_Coronary_Syndromes_90.md
2026-05-31 16:46:31,321 [INFO] merge_service -   第91页: 2025_Guideline_for_the_Management_of_Patients_With_Acute_Coronary_Syndromes_91.png → output/025_Guideline_for_the_Management_of_Patients_With_Acute_Coronary_Syndromes/025_Guideline_for_the_Management_of_Patients_With_Acute_Coronary_Syndromes_91.md
2026-05-31 16:46:31,321 [INFO] merge_service -   第92页: 2025_Guideline_for_the_Management_of_Patients_With_Acute_Coronary_Syndromes_92.png → output/025_Guideline_for_the_Management_of_Patients_With_Acute_Coronary_Syndromes/025_Guideline_for_the_Management_of_Patients_With_Acute_Coronary_Syndromes_92.md
2026-05-31 16:46:31,500 [INFO] merge_service - 
==================================================
2026-05-31 16:46:31,500 [INFO] merge_service - [1e89379a-cc70-47a5-8241-5ce2e8628bb7] 合并清洗完成!
2026-05-31 16:46:31,500 [INFO] merge_service -   合并文件: output/025_Guideline_for_the_Management_of_Patients_With_Acute_Coronary_Syndromes/025_Guideline_for_the_Management_of_Patients_With_Acute_Coronary_Syndromes_merged_output.md
2026-05-31 16:46:31,500 [INFO] merge_service -   有效页面: 88/92
2026-05-31 16:46:31,500 [INFO] merge_service -   总字符数: 480824
2026-05-31 16:46:31,500 [INFO] merge_service -   轮询耗时: 1165.52s, 合并耗时: 0.18s
2026-05-31 16:46:31,500 [INFO] merge_service -   跳过页面（参考文献）: [70, 71, 77, 84]
2026-05-31 16:46:31,500 [INFO] merge_service - ==================================================
