2026-05-31 14:50:09,917 [INFO] merge_service - ============================================================
2026-05-31 14:50:09,917 [INFO] merge_service - 合并+清洗服务 — 新任务
2026-05-31 14:50:09,917 [INFO] merge_service -   合并ID: eea54054-5f8e-48f2-97ba-7c9f86a198a3
2026-05-31 14:50:09,917 [INFO] merge_service -   PDF名称: 025_ACC-Guideline_for_the_Management_of_Patients_With_Acute_Coronary_Syndromes (原始: 025_ACC-Guideline_for_the_Management_of_Patients_With_Acute_Coronary_Syndromes.pdf)
2026-05-31 14:50:09,917 [INFO] merge_service -   关联提取任务数: 92
2026-05-31 14:50:09,917 [INFO] merge_service -   输出目录: ./output
2026-05-31 14:50:09,917 [INFO] merge_service -   提取服务: http://localhost:8001
2026-05-31 14:50:09,917 [INFO] merge_service - ============================================================
2026-05-31 14:50:09,918 [INFO] merge_service - [Poll] 开始轮询 92 个提取任务...
2026-05-31 14:50:09,918 [INFO] merge_service - [Poll] 提取服务地址: http://localhost:8001
2026-05-31 14:50:09,918 [INFO] merge_service - [Poll] 轮询间隔: 3.0s, 最大等待: 3600.0s
2026-05-31 14:50:11,127 [INFO] merge_service - [Poll] 进度: 0/92 完成, 剩余 92 个任务仍在处理中...
2026-05-31 14:50:15,149 [INFO] merge_service - [Poll] 进度: 0/92 完成, 剩余 92 个任务仍在处理中...
2026-05-31 14:50:19,207 [INFO] merge_service - [Poll] 进度: 0/92 完成, 剩余 92 个任务仍在处理中...
2026-05-31 14:50:23,264 [INFO] merge_service - [Poll] 进度: 0/92 完成, 剩余 92 个任务仍在处理中...
2026-05-31 14:50:27,300 [INFO] merge_service - [Poll] 进度: 0/92 完成, 剩余 92 个任务仍在处理中...
2026-05-31 14:50:31,338 [INFO] merge_service - [Poll] 进度: 0/92 完成, 剩余 92 个任务仍在处理中...
2026-05-31 14:50:35,394 [INFO] merge_service - [Poll] 进度: 0/92 完成, 剩余 92 个任务仍在处理中...
2026-05-31 14:50:39,116 [INFO] merge_service - [Poll] 任务 745ae8a5-867e-4be7-a86f-d2aea4b94dee (2025_ACC-Guideline_for_the_Management_of_Patients_With_Acute_Coronary_Syndromes_3.png) → completed [成功]
2026-05-31 14:50:39,450 [INFO] merge_service - [Poll] 进度: 1/92 完成, 剩余 91 个任务仍在处理中...
2026-05-31 14:50:43,455 [INFO] merge_service - [Poll] 进度: 1/92 完成, 剩余 91 个任务仍在处理中...
2026-05-31 14:50:47,482 [INFO] merge_service - [Poll] 进度: 1/92 完成, 剩余 91 个任务仍在处理中...
2026-05-31 14:50:51,496 [INFO] merge_service - [Poll] 进度: 1/92 完成, 剩余 91 个任务仍在处理中...
2026-05-31 14:50:55,545 [INFO] merge_service - [Poll] 进度: 1/92 完成, 剩余 91 个任务仍在处理中...
2026-05-31 14:50:58,970 [INFO] merge_service - [Poll] 任务 0fc81bf3-6205-4668-98dc-a2d5a4f448c0 (2025_ACC-Guideline_for_the_Management_of_Patients_With_Acute_Coronary_Syndromes_2.png) → completed [成功]
2026-05-31 14:50:59,568 [INFO] merge_service - [Poll] 进度: 2/92 完成, 剩余 90 个任务仍在处理中...
2026-05-31 14:51:03,607 [INFO] merge_service - [Poll] 进度: 2/92 完成, 剩余 90 个任务仍在处理中...
2026-05-31 14:51:06,676 [INFO] merge_service - [Poll] 任务 62cc414b-0d00-42fe-bfe8-396d6307781a (2025_ACC-Guideline_for_the_Management_of_Patients_With_Acute_Coronary_Syndromes_7.png) → completed [成功]
2026-05-31 14:51:07,609 [INFO] merge_service - [Poll] 进度: 3/92 完成, 剩余 89 个任务仍在处理中...
2026-05-31 14:51:11,611 [INFO] merge_service - [Poll] 进度: 3/92 完成, 剩余 89 个任务仍在处理中...
2026-05-31 14:51:15,666 [INFO] merge_service - [Poll] 进度: 3/92 完成, 剩余 89 个任务仍在处理中...
2026-05-31 14:51:19,676 [INFO] merge_service - [Poll] 进度: 3/92 完成, 剩余 89 个任务仍在处理中...
2026-05-31 14:51:23,680 [INFO] merge_service - [Poll] 进度: 3/92 完成, 剩余 89 个任务仍在处理中...
2026-05-31 14:51:27,668 [INFO] merge_service - [Poll] 进度: 3/92 完成, 剩余 89 个任务仍在处理中...
2026-05-31 14:51:31,691 [INFO] merge_service - [Poll] 进度: 3/92 完成, 剩余 89 个任务仍在处理中...
2026-05-31 14:51:35,675 [INFO] merge_service - [Poll] 进度: 3/92 完成, 剩余 89 个任务仍在处理中...
2026-05-31 14:51:38,854 [INFO] merge_service - [Poll] 任务 f2d7dc53-c96f-4d2e-a1c4-6f20f5aa12ae (2025_ACC-Guideline_for_the_Management_of_Patients_With_Acute_Coronary_Syndromes_9.png) → completed [成功]
2026-05-31 14:51:39,684 [INFO] merge_service - [Poll] 进度: 4/92 完成, 剩余 88 个任务仍在处理中...
2026-05-31 14:51:43,698 [INFO] merge_service - [Poll] 进度: 4/92 完成, 剩余 88 个任务仍在处理中...
2026-05-31 14:51:47,051 [INFO] merge_service - [Poll] 任务 e7962c2b-83b9-4aa3-96b0-5148c2c8c6d8 (2025_ACC-Guideline_for_the_Management_of_Patients_With_Acute_Coronary_Syndromes_4.png) → completed [成功]
2026-05-31 14:51:47,686 [INFO] merge_service - [Poll] 进度: 5/92 完成, 剩余 87 个任务仍在处理中...
2026-05-31 14:51:50,900 [INFO] merge_service - [Poll] 任务 97a10d4d-e9a0-4cd3-9e9e-3ca168bc097e (2025_ACC-Guideline_for_the_Management_of_Patients_With_Acute_Coronary_Syndromes_5.png) → completed [成功]
2026-05-31 14:51:51,153 [INFO] merge_service - [Poll] 任务 530868a6-f293-44cb-a15c-7caec11fe6e0 (2025_ACC-Guideline_for_the_Management_of_Patients_With_Acute_Coronary_Syndromes_1.png) → completed [成功]
2026-05-31 14:51:51,698 [INFO] merge_service - [Poll] 进度: 7/92 完成, 剩余 85 个任务仍在处理中...
2026-05-31 14:51:55,646 [INFO] merge_service - [Poll] 进度: 7/92 完成, 剩余 85 个任务仍在处理中...
2026-05-31 14:51:59,392 [INFO] merge_service - [Poll] 任务 b0733d7d-043d-477c-be59-43b7023d176c (2025_ACC-Guideline_for_the_Management_of_Patients_With_Acute_Coronary_Syndromes_8.png) → completed [成功]
2026-05-31 14:51:59,589 [INFO] merge_service - [Poll] 进度: 8/92 完成, 剩余 84 个任务仍在处理中...
2026-05-31 14:52:03,516 [INFO] merge_service - [Poll] 进度: 8/92 完成, 剩余 84 个任务仍在处理中...
2026-05-31 14:52:07,488 [INFO] merge_service - [Poll] 进度: 8/92 完成, 剩余 84 个任务仍在处理中...
2026-05-31 14:52:11,286 [INFO] merge_service - [Poll] 任务 83d9165f-677a-4a7b-bf5a-ce9c12300c86 (2025_ACC-Guideline_for_the_Management_of_Patients_With_Acute_Coronary_Syndromes_6.png) → completed [成功]
2026-05-31 14:52:11,423 [INFO] merge_service - [Poll] 进度: 9/92 完成, 剩余 83 个任务仍在处理中...
2026-05-31 14:52:15,335 [INFO] merge_service - [Poll] 进度: 9/92 完成, 剩余 83 个任务仍在处理中...
2026-05-31 14:52:19,240 [INFO] merge_service - [Poll] 进度: 9/92 完成, 剩余 83 个任务仍在处理中...
2026-05-31 14:52:23,169 [INFO] merge_service - [Poll] 进度: 9/92 完成, 剩余 83 个任务仍在处理中...
2026-05-31 14:52:27,072 [INFO] merge_service - [Poll] 进度: 9/92 完成, 剩余 83 个任务仍在处理中...
2026-05-31 14:52:31,029 [INFO] merge_service - [Poll] 进度: 9/92 完成, 剩余 83 个任务仍在处理中...
2026-05-31 14:52:34,955 [INFO] merge_service - [Poll] 进度: 9/92 完成, 剩余 83 个任务仍在处理中...
2026-05-31 14:52:38,872 [INFO] merge_service - [Poll] 进度: 9/92 完成, 剩余 83 个任务仍在处理中...
2026-05-31 14:52:42,007 [INFO] merge_service - [Poll] 任务 2194790e-566b-40db-8638-65ee062b3ec6 (2025_ACC-Guideline_for_the_Management_of_Patients_With_Acute_Coronary_Syndromes_12.png) → completed [成功]
2026-05-31 14:52:42,803 [INFO] merge_service - [Poll] 进度: 10/92 完成, 剩余 82 个任务仍在处理中...
2026-05-31 14:52:46,716 [INFO] merge_service - [Poll] 进度: 10/92 完成, 剩余 82 个任务仍在处理中...
2026-05-31 14:52:50,602 [INFO] merge_service - [Poll] 进度: 10/92 完成, 剩余 82 个任务仍在处理中...
2026-05-31 14:52:54,549 [INFO] merge_service - [Poll] 进度: 10/92 完成, 剩余 82 个任务仍在处理中...
2026-05-31 14:52:58,442 [INFO] merge_service - [Poll] 进度: 10/92 完成, 剩余 82 个任务仍在处理中...
2026-05-31 14:53:01,700 [INFO] merge_service - [Poll] 任务 f56c9bd2-cee2-41ce-9264-89efe20e6fc7 (2025_ACC-Guideline_for_the_Management_of_Patients_With_Acute_Coronary_Syndromes_11.png) → completed [成功]
2026-05-31 14:53:02,368 [INFO] merge_service - [Poll] 进度: 11/92 完成, 剩余 81 个任务仍在处理中...
2026-05-31 14:53:06,252 [INFO] merge_service - [Poll] 进度: 11/92 完成, 剩余 81 个任务仍在处理中...
2026-05-31 14:53:10,153 [INFO] merge_service - [Poll] 进度: 11/92 完成, 剩余 81 个任务仍在处理中...
2026-05-31 14:53:13,666 [INFO] merge_service - [Poll] 任务 61b0caab-a34f-431f-8164-b4b254f73605 (2025_ACC-Guideline_for_the_Management_of_Patients_With_Acute_Coronary_Syndromes_10.png) → completed [成功]
2026-05-31 14:53:14,053 [INFO] merge_service - [Poll] 进度: 12/92 完成, 剩余 80 个任务仍在处理中...
2026-05-31 14:53:17,955 [INFO] merge_service - [Poll] 进度: 12/92 完成, 剩余 80 个任务仍在处理中...
2026-05-31 14:53:21,835 [INFO] merge_service - [Poll] 进度: 12/92 完成, 剩余 80 个任务仍在处理中...
2026-05-31 14:53:25,707 [INFO] merge_service - [Poll] 进度: 12/92 完成, 剩余 80 个任务仍在处理中...
2026-05-31 14:53:29,628 [INFO] merge_service - [Poll] 进度: 12/92 完成, 剩余 80 个任务仍在处理中...
2026-05-31 14:53:33,496 [INFO] merge_service - [Poll] 进度: 12/92 完成, 剩余 80 个任务仍在处理中...
2026-05-31 14:53:37,397 [INFO] merge_service - [Poll] 进度: 12/92 完成, 剩余 80 个任务仍在处理中...
2026-05-31 14:53:41,265 [INFO] merge_service - [Poll] 进度: 12/92 完成, 剩余 80 个任务仍在处理中...
2026-05-31 14:53:45,111 [INFO] merge_service - [Poll] 任务 85f00ed8-42cd-42d0-84ca-70f72eaa73a1 (2025_ACC-Guideline_for_the_Management_of_Patients_With_Acute_Coronary_Syndromes_13.png) → completed [成功]
2026-05-31 14:53:45,169 [INFO] merge_service - [Poll] 进度: 13/92 完成, 剩余 79 个任务仍在处理中...
2026-05-31 14:53:49,029 [INFO] merge_service - [Poll] 进度: 13/92 完成, 剩余 79 个任务仍在处理中...
2026-05-31 14:53:52,138 [INFO] merge_service - [Poll] 任务 2f698c89-1552-4757-a48a-33fc94287971 (2025_ACC-Guideline_for_the_Management_of_Patients_With_Acute_Coronary_Syndromes_14.png) → completed [成功]
2026-05-31 14:53:52,572 [INFO] merge_service - [Poll] 任务 f8f32952-6864-4e35-98ea-d0ac352c450f (2025_ACC-Guideline_for_the_Management_of_Patients_With_Acute_Coronary_Syndromes_17.png) → completed [成功]
2026-05-31 14:53:52,886 [INFO] merge_service - [Poll] 进度: 15/92 完成, 剩余 77 个任务仍在处理中...
2026-05-31 14:53:56,769 [INFO] merge_service - [Poll] 进度: 15/92 完成, 剩余 77 个任务仍在处理中...
2026-05-31 14:54:00,649 [INFO] merge_service - [Poll] 进度: 15/92 完成, 剩余 77 个任务仍在处理中...
2026-05-31 14:54:04,082 [INFO] merge_service - [Poll] 任务 fe3b032f-62a9-40f0-b663-525f3a0769d2 (2025_ACC-Guideline_for_the_Management_of_Patients_With_Acute_Coronary_Syndromes_16.png) → completed [成功]
2026-05-31 14:54:04,490 [INFO] merge_service - [Poll] 进度: 16/92 完成, 剩余 76 个任务仍在处理中...
2026-05-31 14:54:08,336 [INFO] merge_service - [Poll] 进度: 16/92 完成, 剩余 76 个任务仍在处理中...
2026-05-31 14:54:11,782 [INFO] merge_service - [Poll] 任务 23d20b87-ed0a-4def-9416-99c65d3d6dea (2025_ACC-Guideline_for_the_Management_of_Patients_With_Acute_Coronary_Syndromes_15.png) → completed [成功]
2026-05-31 14:54:12,161 [INFO] merge_service - [Poll] 进度: 17/92 完成, 剩余 75 个任务仍在处理中...
2026-05-31 14:54:15,980 [INFO] merge_service - [Poll] 进度: 17/92 完成, 剩余 75 个任务仍在处理中...
2026-05-31 14:54:19,832 [INFO] merge_service - [Poll] 进度: 17/92 完成, 剩余 75 个任务仍在处理中...
2026-05-31 14:54:23,643 [INFO] merge_service - [Poll] 进度: 17/92 完成, 剩余 75 个任务仍在处理中...
2026-05-31 14:54:27,096 [INFO] merge_service - [Poll] 任务 37ba9e17-acf3-459b-9f1b-25caec32f255 (2025_ACC-Guideline_for_the_Management_of_Patients_With_Acute_Coronary_Syndromes_20.png) → completed [成功]
2026-05-31 14:54:27,450 [INFO] merge_service - [Poll] 进度: 18/92 完成, 剩余 74 个任务仍在处理中...
2026-05-31 14:54:31,304 [INFO] merge_service - [Poll] 进度: 18/92 完成, 剩余 74 个任务仍在处理中...
2026-05-31 14:54:35,108 [INFO] merge_service - [Poll] 进度: 18/92 完成, 剩余 74 个任务仍在处理中...
2026-05-31 14:54:38,904 [INFO] merge_service - [Poll] 进度: 18/92 完成, 剩余 74 个任务仍在处理中...
2026-05-31 14:54:42,110 [INFO] merge_service - [Poll] 任务 d85bd636-ad41-4ba5-838c-39207d27da07 (2025_ACC-Guideline_for_the_Management_of_Patients_With_Acute_Coronary_Syndromes_19.png) → completed [成功]
2026-05-31 14:54:42,725 [INFO] merge_service - [Poll] 进度: 19/92 完成, 剩余 73 个任务仍在处理中...
2026-05-31 14:54:46,529 [INFO] merge_service - [Poll] 进度: 19/92 完成, 剩余 73 个任务仍在处理中...
2026-05-31 14:54:50,322 [INFO] merge_service - [Poll] 进度: 19/92 完成, 剩余 73 个任务仍在处理中...
2026-05-31 14:54:53,531 [INFO] merge_service - [Poll] 任务 e0f6c511-64df-48a4-b5c0-d59144948a0f (2025_ACC-Guideline_for_the_Management_of_Patients_With_Acute_Coronary_Syndromes_22.png) → completed [成功]
2026-05-31 14:54:54,102 [INFO] merge_service - [Poll] 进度: 20/92 完成, 剩余 72 个任务仍在处理中...
2026-05-31 14:54:57,918 [INFO] merge_service - [Poll] 进度: 20/92 完成, 剩余 72 个任务仍在处理中...
2026-05-31 14:55:01,741 [INFO] merge_service - [Poll] 进度: 20/92 完成, 剩余 72 个任务仍在处理中...
2026-05-31 14:55:05,528 [INFO] merge_service - [Poll] 进度: 20/92 完成, 剩余 72 个任务仍在处理中...
2026-05-31 14:55:09,309 [INFO] merge_service - [Poll] 进度: 20/92 完成, 剩余 72 个任务仍在处理中...
2026-05-31 14:55:12,773 [INFO] merge_service - [Poll] 任务 a618e9cf-ac5a-473f-b90e-47af05291238 (2025_ACC-Guideline_for_the_Management_of_Patients_With_Acute_Coronary_Syndromes_24.png) → completed [成功]
2026-05-31 14:55:12,794 [INFO] merge_service - [Poll] 任务 14e0c26f-4242-4797-a1b0-181db218e9ab (2025_ACC-Guideline_for_the_Management_of_Patients_With_Acute_Coronary_Syndromes_18.png) → completed [成功]
2026-05-31 14:55:13,112 [INFO] merge_service - [Poll] 进度: 22/92 完成, 剩余 70 个任务仍在处理中...
2026-05-31 14:55:16,895 [INFO] merge_service - [Poll] 进度: 22/92 完成, 剩余 70 个任务仍在处理中...
2026-05-31 14:55:20,661 [INFO] merge_service - [Poll] 进度: 22/92 完成, 剩余 70 个任务仍在处理中...
2026-05-31 14:55:24,421 [INFO] merge_service - [Poll] 进度: 22/92 完成, 剩余 70 个任务仍在处理中...
2026-05-31 14:55:28,185 [INFO] merge_service - [Poll] 进度: 22/92 完成, 剩余 70 个任务仍在处理中...
2026-05-31 14:55:31,994 [INFO] merge_service - [Poll] 进度: 22/92 完成, 剩余 70 个任务仍在处理中...
2026-05-31 14:55:35,765 [INFO] merge_service - [Poll] 进度: 22/92 完成, 剩余 70 个任务仍在处理中...
2026-05-31 14:55:39,526 [INFO] merge_service - [Poll] 进度: 22/92 完成, 剩余 70 个任务仍在处理中...
2026-05-31 14:55:43,284 [INFO] merge_service - [Poll] 进度: 22/92 完成, 剩余 70 个任务仍在处理中...
2026-05-31 14:55:47,040 [INFO] merge_service - [Poll] 进度: 22/92 完成, 剩余 70 个任务仍在处理中...
2026-05-31 14:55:50,193 [INFO] merge_service - [Poll] 任务 046fa8f0-411a-41e8-8a3a-e7ec04eb8583 (2025_ACC-Guideline_for_the_Management_of_Patients_With_Acute_Coronary_Syndromes_21.png) → completed [成功]
2026-05-31 14:55:50,817 [INFO] merge_service - [Poll] 进度: 23/92 完成, 剩余 69 个任务仍在处理中...
2026-05-31 14:55:54,605 [INFO] merge_service - [Poll] 进度: 23/92 完成, 剩余 69 个任务仍在处理中...
2026-05-31 14:55:58,376 [INFO] merge_service - [Poll] 进度: 23/92 完成, 剩余 69 个任务仍在处理中...
2026-05-31 14:56:02,141 [INFO] merge_service - [Poll] 进度: 23/92 完成, 剩余 69 个任务仍在处理中...
2026-05-31 14:56:05,896 [INFO] merge_service - [Poll] 进度: 23/92 完成, 剩余 69 个任务仍在处理中...
2026-05-31 14:56:09,318 [INFO] merge_service - [Poll] 任务 bad35128-16e3-4735-ac86-4a440a18b6b6 (2025_ACC-Guideline_for_the_Management_of_Patients_With_Acute_Coronary_Syndromes_23.png) → completed [成功]
2026-05-31 14:56:09,685 [INFO] merge_service - [Poll] 进度: 24/92 完成, 剩余 68 个任务仍在处理中...
2026-05-31 14:56:13,462 [INFO] merge_service - [Poll] 进度: 24/92 完成, 剩余 68 个任务仍在处理中...
2026-05-31 14:56:17,213 [INFO] merge_service - [Poll] 进度: 24/92 完成, 剩余 68 个任务仍在处理中...
2026-05-31 14:56:20,963 [INFO] merge_service - [Poll] 进度: 24/92 完成, 剩余 68 个任务仍在处理中...
2026-05-31 14:56:24,032 [INFO] merge_service - [Poll] 任务 cf3107fc-0b9f-41da-b953-7660754c4f63 (2025_ACC-Guideline_for_the_Management_of_Patients_With_Acute_Coronary_Syndromes_26.png) → completed [成功]
2026-05-31 14:56:24,709 [INFO] merge_service - [Poll] 进度: 25/92 完成, 剩余 67 个任务仍在处理中...
2026-05-31 14:56:28,435 [INFO] merge_service - [Poll] 进度: 25/92 完成, 剩余 67 个任务仍在处理中...
2026-05-31 14:56:32,178 [INFO] merge_service - [Poll] 进度: 25/92 完成, 剩余 67 个任务仍在处理中...
2026-05-31 14:56:35,450 [INFO] merge_service - [Poll] 任务 9efb48a5-964d-4a4a-abd5-75f75b673c90 (2025_ACC-Guideline_for_the_Management_of_Patients_With_Acute_Coronary_Syndromes_25.png) → completed [成功]
2026-05-31 14:56:35,940 [INFO] merge_service - [Poll] 进度: 26/92 完成, 剩余 66 个任务仍在处理中...
2026-05-31 14:56:39,674 [INFO] merge_service - [Poll] 进度: 26/92 完成, 剩余 66 个任务仍在处理中...
2026-05-31 14:56:43,397 [INFO] merge_service - [Poll] 进度: 26/92 完成, 剩余 66 个任务仍在处理中...
2026-05-31 14:56:47,110 [INFO] merge_service - [Poll] 任务 f197d9e1-3320-4a66-82a7-c56593d9d7ae (2025_ACC-Guideline_for_the_Management_of_Patients_With_Acute_Coronary_Syndromes_27.png) → completed [成功]
2026-05-31 14:56:47,121 [INFO] merge_service - [Poll] 进度: 27/92 完成, 剩余 65 个任务仍在处理中...
2026-05-31 14:56:50,834 [INFO] merge_service - [Poll] 进度: 27/92 完成, 剩余 65 个任务仍在处理中...
2026-05-31 14:56:54,578 [INFO] merge_service - [Poll] 进度: 27/92 完成, 剩余 65 个任务仍在处理中...
2026-05-31 14:56:58,079 [INFO] merge_service - [Poll] 任务 6f75ded7-1c8c-4aca-bf39-60d64e103254 (2025_ACC-Guideline_for_the_Management_of_Patients_With_Acute_Coronary_Syndromes_31.png) → completed [成功]
2026-05-31 14:56:58,284 [INFO] merge_service - [Poll] 进度: 28/92 完成, 剩余 64 个任务仍在处理中...
2026-05-31 14:57:02,022 [INFO] merge_service - [Poll] 进度: 28/92 完成, 剩余 64 个任务仍在处理中...
2026-05-31 14:57:05,737 [INFO] merge_service - [Poll] 进度: 28/92 完成, 剩余 64 个任务仍在处理中...
2026-05-31 14:57:09,462 [INFO] merge_service - [Poll] 进度: 28/92 完成, 剩余 64 个任务仍在处理中...
2026-05-31 14:57:12,648 [INFO] merge_service - [Poll] 任务 9b254f42-7530-4aeb-bf99-6af83c384b28 (2025_ACC-Guideline_for_the_Management_of_Patients_With_Acute_Coronary_Syndromes_30.png) → completed [成功]
2026-05-31 14:57:12,949 [INFO] merge_service - [Poll] 任务 c1224803-8c43-4025-b1a8-4fd37911fcf8 (2025_ACC-Guideline_for_the_Management_of_Patients_With_Acute_Coronary_Syndromes_29.png) → completed [成功]
2026-05-31 14:57:13,226 [INFO] merge_service - [Poll] 进度: 30/92 完成, 剩余 62 个任务仍在处理中...
2026-05-31 14:57:16,928 [INFO] merge_service - [Poll] 进度: 30/92 完成, 剩余 62 个任务仍在处理中...
2026-05-31 14:57:20,638 [INFO] merge_service - [Poll] 进度: 30/92 完成, 剩余 62 个任务仍在处理中...
2026-05-31 14:57:24,350 [INFO] merge_service - [Poll] 进度: 30/92 完成, 剩余 62 个任务仍在处理中...
2026-05-31 14:57:28,056 [INFO] merge_service - [Poll] 进度: 30/92 完成, 剩余 62 个任务仍在处理中...
2026-05-31 14:57:31,758 [INFO] merge_service - [Poll] 进度: 30/92 完成, 剩余 62 个任务仍在处理中...
2026-05-31 14:57:35,449 [INFO] merge_service - [Poll] 进度: 30/92 完成, 剩余 62 个任务仍在处理中...
2026-05-31 14:57:39,164 [INFO] merge_service - [Poll] 进度: 30/92 完成, 剩余 62 个任务仍在处理中...
2026-05-31 14:57:42,870 [INFO] merge_service - [Poll] 进度: 30/92 完成, 剩余 62 个任务仍在处理中...
2026-05-31 14:57:46,560 [INFO] merge_service - [Poll] 进度: 30/92 完成, 剩余 62 个任务仍在处理中...
2026-05-31 14:57:50,162 [INFO] merge_service - [Poll] 任务 223d3f4c-1a46-4602-8d3d-97f1dc0f4d5a (2025_ACC-Guideline_for_the_Management_of_Patients_With_Acute_Coronary_Syndromes_28.png) → completed [成功]
2026-05-31 14:57:50,239 [INFO] merge_service - [Poll] 进度: 31/92 完成, 剩余 61 个任务仍在处理中...
2026-05-31 14:57:53,906 [INFO] merge_service - [Poll] 进度: 31/92 完成, 剩余 61 个任务仍在处理中...
2026-05-31 14:57:57,582 [INFO] merge_service - [Poll] 进度: 31/92 完成, 剩余 61 个任务仍在处理中...
2026-05-31 14:58:01,264 [INFO] merge_service - [Poll] 进度: 31/92 完成, 剩余 61 个任务仍在处理中...
2026-05-31 14:58:04,946 [INFO] merge_service - [Poll] 进度: 31/92 完成, 剩余 61 个任务仍在处理中...
2026-05-31 14:58:08,620 [INFO] merge_service - [Poll] 进度: 31/92 完成, 剩余 61 个任务仍在处理中...
2026-05-31 14:58:12,300 [INFO] merge_service - [Poll] 进度: 31/92 完成, 剩余 61 个任务仍在处理中...
2026-05-31 14:58:15,988 [INFO] merge_service - [Poll] 进度: 31/92 完成, 剩余 61 个任务仍在处理中...
2026-05-31 14:58:19,673 [INFO] merge_service - [Poll] 进度: 31/92 完成, 剩余 61 个任务仍在处理中...
2026-05-31 14:58:23,365 [INFO] merge_service - [Poll] 进度: 31/92 完成, 剩余 61 个任务仍在处理中...
2026-05-31 14:58:26,882 [INFO] merge_service - [Poll] 任务 e4477f88-1352-4eef-a99a-968dfbaa434f (2025_ACC-Guideline_for_the_Management_of_Patients_With_Acute_Coronary_Syndromes_33.png) → completed [成功]
2026-05-31 14:58:27,041 [INFO] merge_service - [Poll] 任务 47d65696-e88c-47f2-bf71-0fdd1685b4b2 (2025_ACC-Guideline_for_the_Management_of_Patients_With_Acute_Coronary_Syndromes_37.png) → completed [成功]
2026-05-31 14:58:27,084 [INFO] merge_service - [Poll] 进度: 33/92 完成, 剩余 59 个任务仍在处理中...
2026-05-31 14:58:30,745 [INFO] merge_service - [Poll] 进度: 33/92 完成, 剩余 59 个任务仍在处理中...
2026-05-31 14:58:34,406 [INFO] merge_service - [Poll] 进度: 33/92 完成, 剩余 59 个任务仍在处理中...
2026-05-31 14:58:37,877 [INFO] merge_service - [Poll] 任务 fb58cfc7-b23c-4a09-a8be-0e573e5ff829 (2025_ACC-Guideline_for_the_Management_of_Patients_With_Acute_Coronary_Syndromes_34.png) → completed [成功]
2026-05-31 14:58:38,066 [INFO] merge_service - [Poll] 进度: 34/92 完成, 剩余 58 个任务仍在处理中...
2026-05-31 14:58:41,134 [INFO] merge_service - [Poll] 任务 754d2d67-c5c5-42bf-82b8-717acedec76d (2025_ACC-Guideline_for_the_Management_of_Patients_With_Acute_Coronary_Syndromes_39.png) → completed [成功]
2026-05-31 14:58:41,715 [INFO] merge_service - [Poll] 进度: 35/92 完成, 剩余 57 个任务仍在处理中...
2026-05-31 14:58:44,798 [INFO] merge_service - [Poll] 任务 8b4e1c03-a90b-459e-9ef1-074a12bb4278 (2025_ACC-Guideline_for_the_Management_of_Patients_With_Acute_Coronary_Syndromes_35.png) → completed [成功]
2026-05-31 14:58:45,355 [INFO] merge_service - [Poll] 进度: 36/92 完成, 剩余 56 个任务仍在处理中...
2026-05-31 14:58:49,040 [INFO] merge_service - [Poll] 进度: 36/92 完成, 剩余 56 个任务仍在处理中...
2026-05-31 14:58:52,283 [INFO] merge_service - [Poll] 任务 04e64f7d-6f39-462b-aa79-ef9f5e1ebb88 (2025_ACC-Guideline_for_the_Management_of_Patients_With_Acute_Coronary_Syndromes_32.png) → completed [成功]
2026-05-31 14:58:52,687 [INFO] merge_service - [Poll] 进度: 37/92 完成, 剩余 55 个任务仍在处理中...
2026-05-31 14:58:56,321 [INFO] merge_service - [Poll] 进度: 37/92 完成, 剩余 55 个任务仍在处理中...
2026-05-31 14:58:59,931 [INFO] merge_service - [Poll] 进度: 37/92 完成, 剩余 55 个任务仍在处理中...
2026-05-31 14:59:03,478 [INFO] merge_service - [Poll] 任务 085714d6-d0b3-4151-ab4a-c693ade3923d (2025_ACC-Guideline_for_the_Management_of_Patients_With_Acute_Coronary_Syndromes_38.png) → completed [成功]
2026-05-31 14:59:03,544 [INFO] merge_service - [Poll] 进度: 38/92 完成, 剩余 54 个任务仍在处理中...
2026-05-31 14:59:07,145 [INFO] merge_service - [Poll] 进度: 38/92 完成, 剩余 54 个任务仍在处理中...
2026-05-31 14:59:10,739 [INFO] merge_service - [Poll] 进度: 38/92 完成, 剩余 54 个任务仍在处理中...
2026-05-31 14:59:14,353 [INFO] merge_service - [Poll] 进度: 38/92 完成, 剩余 54 个任务仍在处理中...
2026-05-31 14:59:17,412 [INFO] merge_service - [Poll] 任务 3ebf1dc6-17f3-496e-9672-cafc3a912c47 (2025_ACC-Guideline_for_the_Management_of_Patients_With_Acute_Coronary_Syndromes_36.png) → completed [成功]
2026-05-31 14:59:17,962 [INFO] merge_service - [Poll] 进度: 39/92 完成, 剩余 53 个任务仍在处理中...
2026-05-31 14:59:21,585 [INFO] merge_service - [Poll] 进度: 39/92 完成, 剩余 53 个任务仍在处理中...
2026-05-31 14:59:25,200 [INFO] merge_service - [Poll] 进度: 39/92 完成, 剩余 53 个任务仍在处理中...
2026-05-31 14:59:28,819 [INFO] merge_service - [Poll] 进度: 39/92 完成, 剩余 53 个任务仍在处理中...
2026-05-31 14:59:32,434 [INFO] merge_service - [Poll] 进度: 39/92 完成, 剩余 53 个任务仍在处理中...
2026-05-31 14:59:36,055 [INFO] merge_service - [Poll] 进度: 39/92 完成, 剩余 53 个任务仍在处理中...
2026-05-31 14:59:39,651 [INFO] merge_service - [Poll] 进度: 39/92 完成, 剩余 53 个任务仍在处理中...
2026-05-31 14:59:43,282 [INFO] merge_service - [Poll] 进度: 39/92 完成, 剩余 53 个任务仍在处理中...
2026-05-31 14:59:46,582 [INFO] merge_service - [Poll] 任务 4011ed48-7c7d-45fd-b456-696c3f09d393 (2025_ACC-Guideline_for_the_Management_of_Patients_With_Acute_Coronary_Syndromes_41.png) → completed [成功]
2026-05-31 14:59:46,884 [INFO] merge_service - [Poll] 进度: 40/92 完成, 剩余 52 个任务仍在处理中...
2026-05-31 14:59:50,456 [INFO] merge_service - [Poll] 进度: 40/92 完成, 剩余 52 个任务仍在处理中...
2026-05-31 14:59:54,045 [INFO] merge_service - [Poll] 进度: 40/92 完成, 剩余 52 个任务仍在处理中...
2026-05-31 14:59:57,634 [INFO] merge_service - [Poll] 进度: 40/92 完成, 剩余 52 个任务仍在处理中...
2026-05-31 15:00:01,229 [INFO] merge_service - [Poll] 进度: 40/92 完成, 剩余 52 个任务仍在处理中...
2026-05-31 15:00:04,803 [INFO] merge_service - [Poll] 进度: 40/92 完成, 剩余 52 个任务仍在处理中...
2026-05-31 15:00:08,370 [INFO] merge_service - [Poll] 进度: 40/92 完成, 剩余 52 个任务仍在处理中...
2026-05-31 15:00:11,966 [INFO] merge_service - [Poll] 进度: 40/92 完成, 剩余 52 个任务仍在处理中...
2026-05-31 15:00:15,558 [INFO] merge_service - [Poll] 进度: 40/92 完成, 剩余 52 个任务仍在处理中...
2026-05-31 15:00:19,124 [INFO] merge_service - [Poll] 进度: 40/92 完成, 剩余 52 个任务仍在处理中...
2026-05-31 15:00:22,693 [INFO] merge_service - [Poll] 进度: 40/92 完成, 剩余 52 个任务仍在处理中...
2026-05-31 15:00:26,280 [INFO] merge_service - [Poll] 任务 892fd252-f74c-45d7-88de-4bf780384528 (2025_ACC-Guideline_for_the_Management_of_Patients_With_Acute_Coronary_Syndromes_44.png) → completed [成功]
2026-05-31 15:00:26,301 [INFO] merge_service - [Poll] 进度: 41/92 完成, 剩余 51 个任务仍在处理中...
2026-05-31 15:00:29,875 [INFO] merge_service - [Poll] 进度: 41/92 完成, 剩余 51 个任务仍在处理中...
2026-05-31 15:00:33,432 [INFO] merge_service - [Poll] 进度: 41/92 完成, 剩余 51 个任务仍在处理中...
2026-05-31 15:00:36,995 [INFO] merge_service - [Poll] 进度: 41/92 完成, 剩余 51 个任务仍在处理中...
2026-05-31 15:00:40,169 [INFO] merge_service - [Poll] 任务 ba7693b6-cb67-43e7-9b07-e1cf890ba2b2 (2025_ACC-Guideline_for_the_Management_of_Patients_With_Acute_Coronary_Syndromes_43.png) → completed [成功]
2026-05-31 15:00:40,584 [INFO] merge_service - [Poll] 进度: 42/92 完成, 剩余 50 个任务仍在处理中...
2026-05-31 15:00:44,147 [INFO] merge_service - [Poll] 进度: 42/92 完成, 剩余 50 个任务仍在处理中...
2026-05-31 15:00:47,693 [INFO] merge_service - [Poll] 进度: 42/92 完成, 剩余 50 个任务仍在处理中...
2026-05-31 15:00:51,249 [INFO] merge_service - [Poll] 进度: 42/92 完成, 剩余 50 个任务仍在处理中...
2026-05-31 15:00:54,832 [INFO] merge_service - [Poll] 进度: 42/92 完成, 剩余 50 个任务仍在处理中...
2026-05-31 15:00:58,350 [INFO] merge_service - [Poll] 任务 377aa211-e566-47e5-a762-92d8780eebbb (2025_ACC-Guideline_for_the_Management_of_Patients_With_Acute_Coronary_Syndromes_42.png) → completed [成功]
2026-05-31 15:00:58,393 [INFO] merge_service - [Poll] 进度: 43/92 完成, 剩余 49 个任务仍在处理中...
2026-05-31 15:01:01,936 [INFO] merge_service - [Poll] 进度: 43/92 完成, 剩余 49 个任务仍在处理中...
2026-05-31 15:01:05,183 [INFO] merge_service - [Poll] 任务 de2e1d93-f6d6-484d-a83f-60df6c6f69be (2025_ACC-Guideline_for_the_Management_of_Patients_With_Acute_Coronary_Syndromes_46.png) → completed [成功]
2026-05-31 15:01:05,474 [INFO] merge_service - [Poll] 进度: 44/92 完成, 剩余 48 个任务仍在处理中...
2026-05-31 15:01:08,594 [INFO] merge_service - [Poll] 任务 a4c011be-28d5-48c8-93a7-76f636a5988b (2025_ACC-Guideline_for_the_Management_of_Patients_With_Acute_Coronary_Syndromes_45.png) → completed [成功]
2026-05-31 15:01:09,034 [INFO] merge_service - [Poll] 进度: 45/92 完成, 剩余 47 个任务仍在处理中...
2026-05-31 15:01:12,405 [INFO] merge_service - [Poll] 任务 c032d170-0631-4e43-b654-723b0c547f4a (2025_ACC-Guideline_for_the_Management_of_Patients_With_Acute_Coronary_Syndromes_40.png) → completed [成功]
2026-05-31 15:01:12,550 [INFO] merge_service - [Poll] 进度: 46/92 完成, 剩余 46 个任务仍在处理中...
2026-05-31 15:01:15,841 [INFO] merge_service - [Poll] 任务 c0e1d6fc-665c-461f-93e3-d463d4f089fd (2025_ACC-Guideline_for_the_Management_of_Patients_With_Acute_Coronary_Syndromes_47.png) → completed [成功]
2026-05-31 15:01:16,059 [INFO] merge_service - [Poll] 进度: 47/92 完成, 剩余 45 个任务仍在处理中...
2026-05-31 15:01:19,577 [INFO] merge_service - [Poll] 进度: 47/92 完成, 剩余 45 个任务仍在处理中...
2026-05-31 15:01:23,075 [INFO] merge_service - [Poll] 进度: 47/92 完成, 剩余 45 个任务仍在处理中...
2026-05-31 15:01:26,572 [INFO] merge_service - [Poll] 进度: 47/92 完成, 剩余 45 个任务仍在处理中...
2026-05-31 15:01:29,938 [INFO] merge_service - [Poll] 任务 b1c514a8-52f1-43f7-b9b0-ee5deda59535 (2025_ACC-Guideline_for_the_Management_of_Patients_With_Acute_Coronary_Syndromes_48.png) → completed [成功]
2026-05-31 15:01:30,069 [INFO] merge_service - [Poll] 进度: 48/92 完成, 剩余 44 个任务仍在处理中...
2026-05-31 15:01:33,550 [INFO] merge_service - [Poll] 进度: 48/92 完成, 剩余 44 个任务仍在处理中...
2026-05-31 15:01:37,057 [INFO] merge_service - [Poll] 进度: 48/92 完成, 剩余 44 个任务仍在处理中...
2026-05-31 15:01:40,539 [INFO] merge_service - [Poll] 进度: 48/92 完成, 剩余 44 个任务仍在处理中...
2026-05-31 15:01:44,027 [INFO] merge_service - [Poll] 进度: 48/92 完成, 剩余 44 个任务仍在处理中...
2026-05-31 15:01:47,541 [INFO] merge_service - [Poll] 进度: 48/92 完成, 剩余 44 个任务仍在处理中...
2026-05-31 15:01:51,036 [INFO] merge_service - [Poll] 进度: 48/92 完成, 剩余 44 个任务仍在处理中...
2026-05-31 15:01:54,541 [INFO] merge_service - [Poll] 进度: 48/92 完成, 剩余 44 个任务仍在处理中...
2026-05-31 15:01:58,049 [INFO] merge_service - [Poll] 进度: 48/92 完成, 剩余 44 个任务仍在处理中...
2026-05-31 15:02:01,531 [INFO] merge_service - [Poll] 进度: 48/92 完成, 剩余 44 个任务仍在处理中...
2026-05-31 15:02:05,035 [INFO] merge_service - [Poll] 进度: 48/92 完成, 剩余 44 个任务仍在处理中...
2026-05-31 15:02:08,536 [INFO] merge_service - [Poll] 进度: 48/92 完成, 剩余 44 个任务仍在处理中...
2026-05-31 15:02:12,033 [INFO] merge_service - [Poll] 进度: 48/92 完成, 剩余 44 个任务仍在处理中...
2026-05-31 15:02:15,222 [INFO] merge_service - [Poll] 任务 93d4679c-1dfb-41f4-bfb7-38a4dd127de5 (2025_ACC-Guideline_for_the_Management_of_Patients_With_Acute_Coronary_Syndromes_49.png) → completed [成功]
2026-05-31 15:02:15,537 [INFO] merge_service - [Poll] 进度: 49/92 完成, 剩余 43 个任务仍在处理中...
2026-05-31 15:02:19,009 [INFO] merge_service - [Poll] 进度: 49/92 完成, 剩余 43 个任务仍在处理中...
2026-05-31 15:02:22,506 [INFO] merge_service - [Poll] 进度: 49/92 完成, 剩余 43 个任务仍在处理中...
2026-05-31 15:02:25,969 [INFO] merge_service - [Poll] 进度: 49/92 完成, 剩余 43 个任务仍在处理中...
2026-05-31 15:02:29,463 [INFO] merge_service - [Poll] 进度: 49/92 完成, 剩余 43 个任务仍在处理中...
2026-05-31 15:02:32,934 [INFO] merge_service - [Poll] 进度: 49/92 完成, 剩余 43 个任务仍在处理中...
2026-05-31 15:02:36,145 [INFO] merge_service - [Poll] 任务 af244532-a35e-42ee-9329-8702515f118c (2025_ACC-Guideline_for_the_Management_of_Patients_With_Acute_Coronary_Syndromes_56.png) → completed [成功]
2026-05-31 15:02:36,403 [INFO] merge_service - [Poll] 进度: 50/92 完成, 剩余 42 个任务仍在处理中...
2026-05-31 15:02:39,872 [INFO] merge_service - [Poll] 进度: 50/92 完成, 剩余 42 个任务仍在处理中...
2026-05-31 15:02:43,323 [INFO] merge_service - [Poll] 进度: 50/92 完成, 剩余 42 个任务仍在处理中...
2026-05-31 15:02:46,816 [INFO] merge_service - [Poll] 进度: 50/92 完成, 剩余 42 个任务仍在处理中...
2026-05-31 15:02:49,948 [INFO] merge_service - [Poll] 任务 7db56ffe-25c1-4bd0-9efb-f56000fd242e (2025_ACC-Guideline_for_the_Management_of_Patients_With_Acute_Coronary_Syndromes_50.png) → completed [成功]
2026-05-31 15:02:50,275 [INFO] merge_service - [Poll] 进度: 51/92 完成, 剩余 41 个任务仍在处理中...
2026-05-31 15:02:53,738 [INFO] merge_service - [Poll] 进度: 51/92 完成, 剩余 41 个任务仍在处理中...
2026-05-31 15:02:56,851 [INFO] merge_service - [Poll] 任务 0c4813fa-b87b-430e-b43a-7a01783eb06e (2025_ACC-Guideline_for_the_Management_of_Patients_With_Acute_Coronary_Syndromes_51.png) → completed [成功]
2026-05-31 15:02:57,193 [INFO] merge_service - [Poll] 进度: 52/92 完成, 剩余 40 个任务仍在处理中...
2026-05-31 15:03:00,303 [INFO] merge_service - [Poll] 任务 61c082b6-6b5e-4e83-a97d-8214eb8d2c08 (2025_ACC-Guideline_for_the_Management_of_Patients_With_Acute_Coronary_Syndromes_53.png) → completed [成功]
2026-05-31 15:03:00,651 [INFO] merge_service - [Poll] 进度: 53/92 完成, 剩余 39 个任务仍在处理中...
2026-05-31 15:03:04,095 [INFO] merge_service - [Poll] 进度: 53/92 完成, 剩余 39 个任务仍在处理中...
2026-05-31 15:03:07,518 [INFO] merge_service - [Poll] 进度: 53/92 完成, 剩余 39 个任务仍在处理中...
2026-05-31 15:03:10,964 [INFO] merge_service - [Poll] 进度: 53/92 完成, 剩余 39 个任务仍在处理中...
2026-05-31 15:03:14,393 [INFO] merge_service - [Poll] 进度: 53/92 完成, 剩余 39 个任务仍在处理中...
2026-05-31 15:03:17,561 [INFO] merge_service - [Poll] 任务 c0fc5a44-b3ab-46af-ba97-f803e5b22bac (2025_ACC-Guideline_for_the_Management_of_Patients_With_Acute_Coronary_Syndromes_55.png) → completed [成功]
2026-05-31 15:03:17,651 [INFO] merge_service - [Poll] 任务 fcc62e88-0acb-46b6-b9ea-71eceb41a83f (2025_ACC-Guideline_for_the_Management_of_Patients_With_Acute_Coronary_Syndromes_52.png) → completed [成功]
2026-05-31 15:03:17,836 [INFO] merge_service - [Poll] 任务 b62b247e-adbb-4055-b7da-35f951680969 (2025_ACC-Guideline_for_the_Management_of_Patients_With_Acute_Coronary_Syndromes_54.png) → completed [成功]
2026-05-31 15:03:17,857 [INFO] merge_service - [Poll] 进度: 56/92 完成, 剩余 36 个任务仍在处理中...
2026-05-31 15:03:21,259 [INFO] merge_service - [Poll] 进度: 56/92 完成, 剩余 36 个任务仍在处理中...
2026-05-31 15:03:24,682 [INFO] merge_service - [Poll] 进度: 56/92 完成, 剩余 36 个任务仍在处理中...
2026-05-31 15:03:28,075 [INFO] merge_service - [Poll] 进度: 56/92 完成, 剩余 36 个任务仍在处理中...
2026-05-31 15:03:31,509 [INFO] merge_service - [Poll] 进度: 56/92 完成, 剩余 36 个任务仍在处理中...
2026-05-31 15:03:34,907 [INFO] merge_service - [Poll] 进度: 56/92 完成, 剩余 36 个任务仍在处理中...
2026-05-31 15:03:38,337 [INFO] merge_service - [Poll] 进度: 56/92 完成, 剩余 36 个任务仍在处理中...
2026-05-31 15:03:41,725 [INFO] merge_service - [Poll] 进度: 56/92 完成, 剩余 36 个任务仍在处理中...
2026-05-31 15:03:45,146 [INFO] merge_service - [Poll] 进度: 56/92 完成, 剩余 36 个任务仍在处理中...
2026-05-31 15:03:48,537 [INFO] merge_service - [Poll] 进度: 56/92 完成, 剩余 36 个任务仍在处理中...
2026-05-31 15:03:51,942 [INFO] merge_service - [Poll] 进度: 56/92 完成, 剩余 36 个任务仍在处理中...
2026-05-31 15:03:55,335 [INFO] merge_service - [Poll] 进度: 56/92 完成, 剩余 36 个任务仍在处理中...
2026-05-31 15:03:58,729 [INFO] merge_service - [Poll] 进度: 56/92 完成, 剩余 36 个任务仍在处理中...
2026-05-31 15:04:02,176 [INFO] merge_service - [Poll] 进度: 56/92 完成, 剩余 36 个任务仍在处理中...
2026-05-31 15:04:05,584 [INFO] merge_service - [Poll] 进度: 56/92 完成, 剩余 36 个任务仍在处理中...
2026-05-31 15:04:09,007 [INFO] merge_service - [Poll] 进度: 56/92 完成, 剩余 36 个任务仍在处理中...
2026-05-31 15:04:12,398 [INFO] merge_service - [Poll] 进度: 56/92 完成, 剩余 36 个任务仍在处理中...
2026-05-31 15:04:15,502 [INFO] merge_service - [Poll] 任务 bfd5cf4d-737e-4891-8587-4eb6cd229d9a (2025_ACC-Guideline_for_the_Management_of_Patients_With_Acute_Coronary_Syndromes_63.png) → completed [成功]
2026-05-31 15:04:15,814 [INFO] merge_service - [Poll] 进度: 57/92 完成, 剩余 35 个任务仍在处理中...
2026-05-31 15:04:18,869 [INFO] merge_service - [Poll] 任务 687819c3-61f4-4568-9470-3d8fd5fcea22 (2025_ACC-Guideline_for_the_Management_of_Patients_With_Acute_Coronary_Syndromes_57.png) → completed [成功]
2026-05-31 15:04:19,194 [INFO] merge_service - [Poll] 进度: 58/92 完成, 剩余 34 个任务仍在处理中...
2026-05-31 15:04:22,562 [INFO] merge_service - [Poll] 进度: 58/92 完成, 剩余 34 个任务仍在处理中...
2026-05-31 15:04:25,963 [INFO] merge_service - [Poll] 进度: 58/92 完成, 剩余 34 个任务仍在处理中...
2026-05-31 15:04:29,335 [INFO] merge_service - [Poll] 进度: 58/92 完成, 剩余 34 个任务仍在处理中...
2026-05-31 15:04:32,728 [INFO] merge_service - [Poll] 进度: 58/92 完成, 剩余 34 个任务仍在处理中...
2026-05-31 15:04:36,105 [INFO] merge_service - [Poll] 进度: 58/92 完成, 剩余 34 个任务仍在处理中...
2026-05-31 15:04:39,472 [INFO] merge_service - [Poll] 进度: 58/92 完成, 剩余 34 个任务仍在处理中...
2026-05-31 15:04:42,870 [INFO] merge_service - [Poll] 进度: 58/92 完成, 剩余 34 个任务仍在处理中...
2026-05-31 15:04:46,245 [INFO] merge_service - [Poll] 进度: 58/92 完成, 剩余 34 个任务仍在处理中...
2026-05-31 15:04:49,635 [INFO] merge_service - [Poll] 进度: 58/92 完成, 剩余 34 个任务仍在处理中...
2026-05-31 15:04:52,848 [INFO] merge_service - [Poll] 任务 d7f31f8e-c9da-459f-aafc-cbfc3fad0bd0 (2025_ACC-Guideline_for_the_Management_of_Patients_With_Acute_Coronary_Syndromes_59.png) → completed [成功]
2026-05-31 15:04:53,032 [INFO] merge_service - [Poll] 进度: 59/92 完成, 剩余 33 个任务仍在处理中...
2026-05-31 15:04:56,260 [INFO] merge_service - [Poll] 任务 5afe814c-f06a-4085-88f8-fcb3c1a5afae (2025_ACC-Guideline_for_the_Management_of_Patients_With_Acute_Coronary_Syndromes_60.png) → completed [成功]
2026-05-31 15:04:56,312 [INFO] merge_service - [Poll] 任务 cd854abb-e3d7-4a98-aa29-7d67f80a3488 (2025_ACC-Guideline_for_the_Management_of_Patients_With_Acute_Coronary_Syndromes_62.png) → completed [成功]
2026-05-31 15:04:56,388 [INFO] merge_service - [Poll] 进度: 61/92 完成, 剩余 31 个任务仍在处理中...
2026-05-31 15:04:59,734 [INFO] merge_service - [Poll] 进度: 61/92 完成, 剩余 31 个任务仍在处理中...
2026-05-31 15:05:03,105 [INFO] merge_service - [Poll] 进度: 61/92 完成, 剩余 31 个任务仍在处理中...
2026-05-31 15:05:06,338 [INFO] merge_service - [Poll] 任务 54905261-1957-42d5-bc61-9b7c4ffdf0b6 (2025_ACC-Guideline_for_the_Management_of_Patients_With_Acute_Coronary_Syndromes_61.png) → completed [成功]
2026-05-31 15:05:06,446 [INFO] merge_service - [Poll] 进度: 62/92 完成, 剩余 30 个任务仍在处理中...
2026-05-31 15:05:09,579 [INFO] merge_service - [Poll] 任务 6ec8f590-ec5e-4e27-9ee2-9dbc6350af5a (2025_ACC-Guideline_for_the_Management_of_Patients_With_Acute_Coronary_Syndromes_58.png) → completed [成功]
2026-05-31 15:05:09,774 [INFO] merge_service - [Poll] 进度: 63/92 完成, 剩余 29 个任务仍在处理中...
2026-05-31 15:06:44,234 [INFO] merge_service - [Poll] 进度: 63/92 完成, 剩余 29 个任务仍在处理中...
2026-05-31 15:06:47,758 [INFO] merge_service - [Poll] 进度: 63/92 完成, 剩余 29 个任务仍在处理中...
2026-05-31 15:06:51,125 [INFO] merge_service - [Poll] 进度: 63/92 完成, 剩余 29 个任务仍在处理中...
2026-05-31 15:06:54,453 [INFO] merge_service - [Poll] 进度: 63/92 完成, 剩余 29 个任务仍在处理中...
2026-05-31 15:06:57,771 [INFO] merge_service - [Poll] 进度: 63/92 完成, 剩余 29 个任务仍在处理中...
2026-05-31 15:07:01,142 [INFO] merge_service - [Poll] 进度: 63/92 完成, 剩余 29 个任务仍在处理中...
2026-05-31 15:07:04,454 [INFO] merge_service - [Poll] 进度: 63/92 完成, 剩余 29 个任务仍在处理中...
2026-05-31 15:07:07,766 [INFO] merge_service - [Poll] 进度: 63/92 完成, 剩余 29 个任务仍在处理中...
2026-05-31 15:07:11,106 [INFO] merge_service - [Poll] 进度: 63/92 完成, 剩余 29 个任务仍在处理中...
2026-05-31 15:07:14,422 [INFO] merge_service - [Poll] 进度: 63/92 完成, 剩余 29 个任务仍在处理中...
2026-05-31 15:07:17,738 [INFO] merge_service - [Poll] 进度: 63/92 完成, 剩余 29 个任务仍在处理中...
2026-05-31 15:07:21,079 [INFO] merge_service - [Poll] 进度: 63/92 完成, 剩余 29 个任务仍在处理中...
2026-05-31 15:07:24,400 [INFO] merge_service - [Poll] 进度: 63/92 完成, 剩余 29 个任务仍在处理中...
2026-05-31 15:07:27,711 [INFO] merge_service - [Poll] 进度: 63/92 完成, 剩余 29 个任务仍在处理中...
2026-05-31 15:07:31,046 [INFO] merge_service - [Poll] 进度: 63/92 完成, 剩余 29 个任务仍在处理中...
2026-05-31 15:07:34,367 [INFO] merge_service - [Poll] 进度: 63/92 完成, 剩余 29 个任务仍在处理中...
2026-05-31 15:07:37,685 [INFO] merge_service - [Poll] 进度: 63/92 完成, 剩余 29 个任务仍在处理中...
2026-05-31 15:07:41,022 [INFO] merge_service - [Poll] 进度: 63/92 完成, 剩余 29 个任务仍在处理中...
2026-05-31 15:07:44,235 [INFO] merge_service - [Poll] 任务 bf08f61a-2499-431c-b2ca-68f1cd45bf00 (2025_ACC-Guideline_for_the_Management_of_Patients_With_Acute_Coronary_Syndromes_71.png) → completed [成功]
2026-05-31 15:07:44,344 [INFO] merge_service - [Poll] 进度: 64/92 完成, 剩余 28 个任务仍在处理中...
2026-05-31 15:07:47,645 [INFO] merge_service - [Poll] 进度: 64/92 完成, 剩余 28 个任务仍在处理中...
2026-05-31 15:07:50,980 [INFO] merge_service - [Poll] 进度: 64/92 完成, 剩余 28 个任务仍在处理中...
2026-05-31 15:07:54,290 [INFO] merge_service - [Poll] 进度: 64/92 完成, 剩余 28 个任务仍在处理中...
2026-05-31 15:07:57,366 [INFO] merge_service - [Poll] 任务 ac3187aa-581f-430c-ae82-b5028f01d150 (2025_ACC-Guideline_for_the_Management_of_Patients_With_Acute_Coronary_Syndromes_64.png) → completed [成功]
2026-05-31 15:07:57,588 [INFO] merge_service - [Poll] 进度: 65/92 完成, 剩余 27 个任务仍在处理中...
2026-05-31 15:08:00,895 [INFO] merge_service - [Poll] 进度: 65/92 完成, 剩余 27 个任务仍在处理中...
2026-05-31 15:08:04,201 [INFO] merge_service - [Poll] 进度: 65/92 完成, 剩余 27 个任务仍在处理中...
2026-05-31 15:08:07,247 [INFO] merge_service - [Poll] 任务 b82cbe7b-6cdf-4d33-934b-51ef6818ef5b (2025_ACC-Guideline_for_the_Management_of_Patients_With_Acute_Coronary_Syndromes_72.png) → completed [成功]
2026-05-31 15:08:07,391 [INFO] merge_service - [Poll] 任务 27644698-670a-4244-accf-f5a089fbcc35 (2025_ACC-Guideline_for_the_Management_of_Patients_With_Acute_Coronary_Syndromes_70.png) → completed [成功]
2026-05-31 15:08:07,506 [INFO] merge_service - [Poll] 进度: 67/92 完成, 剩余 25 个任务仍在处理中...
2026-05-31 15:08:10,778 [INFO] merge_service - [Poll] 进度: 67/92 完成, 剩余 25 个任务仍在处理中...
2026-05-31 15:08:13,997 [INFO] merge_service - [Poll] 任务 daf2a234-bf61-4109-b08b-47578aff2aec (2025_ACC-Guideline_for_the_Management_of_Patients_With_Acute_Coronary_Syndromes_68.png) → completed [成功]
2026-05-31 15:08:14,076 [INFO] merge_service - [Poll] 进度: 68/92 完成, 剩余 24 个任务仍在处理中...
2026-05-31 15:08:17,353 [INFO] merge_service - [Poll] 进度: 68/92 完成, 剩余 24 个任务仍在处理中...
2026-05-31 15:08:20,617 [INFO] merge_service - [Poll] 进度: 68/92 完成, 剩余 24 个任务仍在处理中...
2026-05-31 15:08:23,653 [INFO] merge_service - [Poll] 任务 f525bffc-82f3-417e-a4e1-15ffa5f1368e (2025_ACC-Guideline_for_the_Management_of_Patients_With_Acute_Coronary_Syndromes_65.png) → completed [成功]
2026-05-31 15:08:23,875 [INFO] merge_service - [Poll] 进度: 69/92 完成, 剩余 23 个任务仍在处理中...
2026-05-31 15:08:27,084 [INFO] merge_service - [Poll] 任务 b79fb043-fd54-4425-89ef-9fad9539b616 (2025_ACC-Guideline_for_the_Management_of_Patients_With_Acute_Coronary_Syndromes_67.png) → completed [成功]
2026-05-31 15:08:27,142 [INFO] merge_service - [Poll] 进度: 70/92 完成, 剩余 22 个任务仍在处理中...
2026-05-31 15:08:30,365 [INFO] merge_service - [Poll] 任务 b79ae775-63db-4fa1-bac0-abfaa1d1ff0d (2025_ACC-Guideline_for_the_Management_of_Patients_With_Acute_Coronary_Syndromes_66.png) → completed [成功]
2026-05-31 15:08:30,412 [INFO] merge_service - [Poll] 进度: 71/92 完成, 剩余 21 个任务仍在处理中...
2026-05-31 15:08:33,648 [INFO] merge_service - [Poll] 进度: 71/92 完成, 剩余 21 个任务仍在处理中...
2026-05-31 15:08:36,877 [INFO] merge_service - [Poll] 进度: 71/92 完成, 剩余 21 个任务仍在处理中...
2026-05-31 15:08:39,999 [INFO] merge_service - [Poll] 任务 efc4e3a0-464a-43ba-bbe2-217dc0e88351 (2025_ACC-Guideline_for_the_Management_of_Patients_With_Acute_Coronary_Syndromes_69.png) → completed [成功]
2026-05-31 15:08:40,104 [INFO] merge_service - [Poll] 进度: 72/92 完成, 剩余 20 个任务仍在处理中...
2026-05-31 15:08:43,320 [INFO] merge_service - [Poll] 进度: 72/92 完成, 剩余 20 个任务仍在处理中...
2026-05-31 15:08:46,538 [INFO] merge_service - [Poll] 进度: 72/92 完成, 剩余 20 个任务仍在处理中...
2026-05-31 15:08:49,764 [INFO] merge_service - [Poll] 进度: 72/92 完成, 剩余 20 个任务仍在处理中...
2026-05-31 15:08:53,016 [INFO] merge_service - [Poll] 进度: 72/92 完成, 剩余 20 个任务仍在处理中...
2026-05-31 15:08:56,246 [INFO] merge_service - [Poll] 进度: 72/92 完成, 剩余 20 个任务仍在处理中...
2026-05-31 15:08:59,470 [INFO] merge_service - [Poll] 进度: 72/92 完成, 剩余 20 个任务仍在处理中...
2026-05-31 15:09:02,689 [INFO] merge_service - [Poll] 进度: 72/92 完成, 剩余 20 个任务仍在处理中...
2026-05-31 15:09:05,908 [INFO] merge_service - [Poll] 进度: 72/92 完成, 剩余 20 个任务仍在处理中...
2026-05-31 15:09:09,121 [INFO] merge_service - [Poll] 进度: 72/92 完成, 剩余 20 个任务仍在处理中...
2026-05-31 15:09:12,342 [INFO] merge_service - [Poll] 进度: 72/92 完成, 剩余 20 个任务仍在处理中...
2026-05-31 15:09:15,591 [INFO] merge_service - [Poll] 进度: 72/92 完成, 剩余 20 个任务仍在处理中...
2026-05-31 15:09:18,826 [INFO] merge_service - [Poll] 进度: 72/92 完成, 剩余 20 个任务仍在处理中...
2026-05-31 15:09:22,054 [INFO] merge_service - [Poll] 进度: 72/92 完成, 剩余 20 个任务仍在处理中...
2026-05-31 15:09:25,277 [INFO] merge_service - [Poll] 进度: 72/92 完成, 剩余 20 个任务仍在处理中...
2026-05-31 15:09:28,500 [INFO] merge_service - [Poll] 进度: 72/92 完成, 剩余 20 个任务仍在处理中...
2026-05-31 15:09:31,714 [INFO] merge_service - [Poll] 进度: 72/92 完成, 剩余 20 个任务仍在处理中...
2026-05-31 15:09:34,937 [INFO] merge_service - [Poll] 进度: 72/92 完成, 剩余 20 个任务仍在处理中...
2026-05-31 15:09:38,179 [INFO] merge_service - [Poll] 进度: 72/92 完成, 剩余 20 个任务仍在处理中...
2026-05-31 15:09:41,260 [INFO] merge_service - [Poll] 任务 f7d98175-3764-4fb7-9972-57de6fdae58c (2025_ACC-Guideline_for_the_Management_of_Patients_With_Acute_Coronary_Syndromes_73.png) → completed [成功]
2026-05-31 15:09:41,428 [INFO] merge_service - [Poll] 进度: 73/92 完成, 剩余 19 个任务仍在处理中...
2026-05-31 15:09:44,527 [INFO] merge_service - [Poll] 任务 a05a8250-4e36-4af3-aafb-4fb5c54adc4d (2025_ACC-Guideline_for_the_Management_of_Patients_With_Acute_Coronary_Syndromes_78.png) → completed [成功]
2026-05-31 15:09:44,671 [INFO] merge_service - [Poll] 进度: 74/92 完成, 剩余 18 个任务仍在处理中...
2026-05-31 15:09:47,869 [INFO] merge_service - [Poll] 进度: 74/92 完成, 剩余 18 个任务仍在处理中...
2026-05-31 15:09:51,075 [INFO] merge_service - [Poll] 进度: 74/92 完成, 剩余 18 个任务仍在处理中...
2026-05-31 15:09:54,277 [INFO] merge_service - [Poll] 进度: 74/92 完成, 剩余 18 个任务仍在处理中...
2026-05-31 15:09:57,332 [INFO] merge_service - [Poll] 任务 04b823f2-5558-46a7-9a33-8c310e340694 (2025_ACC-Guideline_for_the_Management_of_Patients_With_Acute_Coronary_Syndromes_80.png) → completed [成功]
2026-05-31 15:09:57,345 [INFO] merge_service - [Poll] 任务 92071d77-6813-4407-a648-c0a05997b2e1 (2025_ACC-Guideline_for_the_Management_of_Patients_With_Acute_Coronary_Syndromes_77.png) → completed [成功]
2026-05-31 15:09:57,474 [INFO] merge_service - [Poll] 进度: 76/92 完成, 剩余 16 个任务仍在处理中...
2026-05-31 15:10:00,486 [INFO] merge_service - [Poll] 任务 5462de4e-6f35-47b9-8a24-f884e2178061 (2025_ACC-Guideline_for_the_Management_of_Patients_With_Acute_Coronary_Syndromes_75.png) → completed [成功]
2026-05-31 15:10:00,595 [INFO] merge_service - [Poll] 任务 a419f062-7a58-4006-9abb-b2db03df6760 (2025_ACC-Guideline_for_the_Management_of_Patients_With_Acute_Coronary_Syndromes_76.png) → completed [成功]
2026-05-31 15:10:00,650 [INFO] merge_service - [Poll] 进度: 78/92 完成, 剩余 14 个任务仍在处理中...
2026-05-31 15:10:03,815 [INFO] merge_service - [Poll] 进度: 78/92 完成, 剩余 14 个任务仍在处理中...
2026-05-31 15:10:06,964 [INFO] merge_service - [Poll] 进度: 78/92 完成, 剩余 14 个任务仍在处理中...
2026-05-31 15:10:10,114 [INFO] merge_service - [Poll] 进度: 78/92 完成, 剩余 14 个任务仍在处理中...
2026-05-31 15:10:13,170 [INFO] merge_service - [Poll] 任务 737406df-69e6-4461-b7c1-6d1dc4564745 (2025_ACC-Guideline_for_the_Management_of_Patients_With_Acute_Coronary_Syndromes_79.png) → completed [成功]
2026-05-31 15:10:13,265 [INFO] merge_service - [Poll] 进度: 79/92 完成, 剩余 13 个任务仍在处理中...
2026-05-31 15:10:16,408 [INFO] merge_service - [Poll] 进度: 79/92 完成, 剩余 13 个任务仍在处理中...
2026-05-31 15:10:19,550 [INFO] merge_service - [Poll] 进度: 79/92 完成, 剩余 13 个任务仍在处理中...
2026-05-31 15:10:22,691 [INFO] merge_service - [Poll] 进度: 79/92 完成, 剩余 13 个任务仍在处理中...
2026-05-31 15:10:25,844 [INFO] merge_service - [Poll] 进度: 79/92 完成, 剩余 13 个任务仍在处理中...
2026-05-31 15:10:28,994 [INFO] merge_service - [Poll] 进度: 79/92 完成, 剩余 13 个任务仍在处理中...
2026-05-31 15:10:32,136 [INFO] merge_service - [Poll] 进度: 79/92 完成, 剩余 13 个任务仍在处理中...
2026-05-31 15:10:35,282 [INFO] merge_service - [Poll] 进度: 79/92 完成, 剩余 13 个任务仍在处理中...
2026-05-31 15:10:38,431 [INFO] merge_service - [Poll] 进度: 79/92 完成, 剩余 13 个任务仍在处理中...
2026-05-31 15:10:41,481 [INFO] merge_service - [Poll] 任务 1d355bf8-8ede-4556-8970-cf54f223484d (2025_ACC-Guideline_for_the_Management_of_Patients_With_Acute_Coronary_Syndromes_74.png) → completed [成功]
2026-05-31 15:10:41,576 [INFO] merge_service - [Poll] 进度: 80/92 完成, 剩余 12 个任务仍在处理中...
2026-05-31 15:10:44,712 [INFO] merge_service - [Poll] 进度: 80/92 完成, 剩余 12 个任务仍在处理中...
2026-05-31 15:10:47,851 [INFO] merge_service - [Poll] 进度: 80/92 完成, 剩余 12 个任务仍在处理中...
2026-05-31 15:10:50,882 [INFO] merge_service - [Poll] 任务 3a6ebc14-050f-4577-b27a-be82921060f0 (2025_ACC-Guideline_for_the_Management_of_Patients_With_Acute_Coronary_Syndromes_87.png) → completed [成功]
2026-05-31 15:10:50,894 [INFO] merge_service - [Poll] 任务 578c856c-3d25-4aef-bf8f-66ec8589d053 (2025_ACC-Guideline_for_the_Management_of_Patients_With_Acute_Coronary_Syndromes_83.png) → completed [成功]
2026-05-31 15:10:50,991 [INFO] merge_service - [Poll] 进度: 82/92 完成, 剩余 10 个任务仍在处理中...
2026-05-31 15:10:54,106 [INFO] merge_service - [Poll] 进度: 82/92 完成, 剩余 10 个任务仍在处理中...
2026-05-31 15:10:57,155 [INFO] merge_service - [Poll] 任务 20121344-4ae6-4cc9-9506-204129f251a5 (2025_ACC-Guideline_for_the_Management_of_Patients_With_Acute_Coronary_Syndromes_84.png) → completed [成功]
2026-05-31 15:10:57,217 [INFO] merge_service - [Poll] 进度: 83/92 完成, 剩余 9 个任务仍在处理中...
2026-05-31 15:11:00,316 [INFO] merge_service - [Poll] 进度: 83/92 完成, 剩余 9 个任务仍在处理中...
2026-05-31 15:11:03,415 [INFO] merge_service - [Poll] 进度: 83/92 完成, 剩余 9 个任务仍在处理中...
2026-05-31 15:11:06,514 [INFO] merge_service - [Poll] 任务 46a13330-ae6d-4bb0-9db9-fb287c62fef7 (2025_ACC-Guideline_for_the_Management_of_Patients_With_Acute_Coronary_Syndromes_81.png) → completed [成功]
2026-05-31 15:11:06,514 [INFO] merge_service - [Poll] 进度: 84/92 完成, 剩余 8 个任务仍在处理中...
2026-05-31 15:11:09,527 [INFO] merge_service - [Poll] 任务 16a55a49-65a3-43dd-bb93-c49bcbd88c57 (2025_ACC-Guideline_for_the_Management_of_Patients_With_Acute_Coronary_Syndromes_86.png) → completed [成功]
2026-05-31 15:11:09,607 [INFO] merge_service - [Poll] 进度: 85/92 完成, 剩余 7 个任务仍在处理中...
2026-05-31 15:11:12,685 [INFO] merge_service - [Poll] 进度: 85/92 完成, 剩余 7 个任务仍在处理中...
2026-05-31 15:11:15,758 [INFO] merge_service - [Poll] 任务 56ee9954-6052-4902-a4a7-232a115978ee (2025_ACC-Guideline_for_the_Management_of_Patients_With_Acute_Coronary_Syndromes_88.png) → completed [成功]
2026-05-31 15:11:15,780 [INFO] merge_service - [Poll] 进度: 86/92 完成, 剩余 6 个任务仍在处理中...
2026-05-31 15:11:18,879 [INFO] merge_service - [Poll] 进度: 86/92 完成, 剩余 6 个任务仍在处理中...
2026-05-31 15:11:21,974 [INFO] merge_service - [Poll] 进度: 86/92 完成, 剩余 6 个任务仍在处理中...
2026-05-31 15:11:25,045 [INFO] merge_service - [Poll] 任务 da246ed5-5467-4565-bfed-4caa03af4772 (2025_ACC-Guideline_for_the_Management_of_Patients_With_Acute_Coronary_Syndromes_85.png) → completed [成功]
2026-05-31 15:11:25,059 [INFO] merge_service - [Poll] 进度: 87/92 完成, 剩余 5 个任务仍在处理中...
2026-05-31 15:11:28,124 [INFO] merge_service - [Poll] 进度: 87/92 完成, 剩余 5 个任务仍在处理中...
2026-05-31 15:11:31,177 [INFO] merge_service - [Poll] 进度: 87/92 完成, 剩余 5 个任务仍在处理中...
2026-05-31 15:11:34,193 [INFO] merge_service - [Poll] 任务 0f4059d9-2c14-4732-956a-23c7923022a9 (2025_ACC-Guideline_for_the_Management_of_Patients_With_Acute_Coronary_Syndromes_89.png) → completed [成功]
2026-05-31 15:11:34,237 [INFO] merge_service - [Poll] 进度: 88/92 完成, 剩余 4 个任务仍在处理中...
2026-05-31 15:11:37,250 [INFO] merge_service - [Poll] 任务 9b27ac18-8cbd-4954-82ed-1e0a49e970a8 (2025_ACC-Guideline_for_the_Management_of_Patients_With_Acute_Coronary_Syndromes_82.png) → completed [成功]
2026-05-31 15:11:37,261 [INFO] merge_service - [Poll] 任务 0330cafe-96d4-47a4-933a-f64ba71219d4 (2025_ACC-Guideline_for_the_Management_of_Patients_With_Acute_Coronary_Syndromes_90.png) → completed [成功]
2026-05-31 15:11:37,283 [INFO] merge_service - [Poll] 任务 90f02917-d394-4500-b9b0-66745ca6e746 (2025_ACC-Guideline_for_the_Management_of_Patients_With_Acute_Coronary_Syndromes_91.png) → completed [成功]
2026-05-31 15:11:37,283 [INFO] merge_service - [Poll] 进度: 91/92 完成, 剩余 1 个任务仍在处理中...
2026-05-31 15:11:40,323 [INFO] merge_service - [Poll] 进度: 91/92 完成, 剩余 1 个任务仍在处理中...
2026-05-31 15:11:43,339 [INFO] merge_service - [Poll] 进度: 91/92 完成, 剩余 1 个任务仍在处理中...
2026-05-31 15:11:46,356 [INFO] merge_service - [Poll] 进度: 91/92 完成, 剩余 1 个任务仍在处理中...
2026-05-31 15:11:49,389 [INFO] merge_service - [Poll] 进度: 91/92 完成, 剩余 1 个任务仍在处理中...
2026-05-31 15:11:52,503 [INFO] merge_service - [Poll] 任务 0a2de840-d359-4488-a8ac-ec46a30773b9 (2025_ACC-Guideline_for_the_Management_of_Patients_With_Acute_Coronary_Syndromes_92.png) → completed [成功]
2026-05-31 15:11:52,503 [INFO] merge_service - [eea54054-5f8e-48f2-97ba-7c9f86a198a3] 所有提取任务已完成，开始合并清洗...
2026-05-31 15:11:52,503 [INFO] merge_service - [eea54054-5f8e-48f2-97ba-7c9f86a198a3] 合并顺序（按原图片文件名序号）:
2026-05-31 15:11:52,503 [INFO] merge_service -   第1页: 2025_ACC-Guideline_for_the_Management_of_Patients_With_Acute_Coronary_Syndromes_1.png → output/025_ACC-Guideline_for_the_Management_of_Patients_With_Acute_Coronary_Syndromes/025_ACC-Guideline_for_the_Management_of_Patients_With_Acute_Coronary_Syndromes_1.md
2026-05-31 15:11:52,503 [INFO] merge_service -   第2页: 2025_ACC-Guideline_for_the_Management_of_Patients_With_Acute_Coronary_Syndromes_2.png → output/025_ACC-Guideline_for_the_Management_of_Patients_With_Acute_Coronary_Syndromes/025_ACC-Guideline_for_the_Management_of_Patients_With_Acute_Coronary_Syndromes_2.md
2026-05-31 15:11:52,503 [INFO] merge_service -   第3页: 2025_ACC-Guideline_for_the_Management_of_Patients_With_Acute_Coronary_Syndromes_3.png → output/025_ACC-Guideline_for_the_Management_of_Patients_With_Acute_Coronary_Syndromes/025_ACC-Guideline_for_the_Management_of_Patients_With_Acute_Coronary_Syndromes_3.md
2026-05-31 15:11:52,503 [INFO] merge_service -   第4页: 2025_ACC-Guideline_for_the_Management_of_Patients_With_Acute_Coronary_Syndromes_4.png → output/025_ACC-Guideline_for_the_Management_of_Patients_With_Acute_Coronary_Syndromes/025_ACC-Guideline_for_the_Management_of_Patients_With_Acute_Coronary_Syndromes_4.md
2026-05-31 15:11:52,503 [INFO] merge_service -   第5页: 2025_ACC-Guideline_for_the_Management_of_Patients_With_Acute_Coronary_Syndromes_5.png → output/025_ACC-Guideline_for_the_Management_of_Patients_With_Acute_Coronary_Syndromes/025_ACC-Guideline_for_the_Management_of_Patients_With_Acute_Coronary_Syndromes_5.md
2026-05-31 15:11:52,503 [INFO] merge_service -   第6页: 2025_ACC-Guideline_for_the_Management_of_Patients_With_Acute_Coronary_Syndromes_6.png → output/025_ACC-Guideline_for_the_Management_of_Patients_With_Acute_Coronary_Syndromes/025_ACC-Guideline_for_the_Management_of_Patients_With_Acute_Coronary_Syndromes_6.md
2026-05-31 15:11:52,503 [INFO] merge_service -   第7页: 2025_ACC-Guideline_for_the_Management_of_Patients_With_Acute_Coronary_Syndromes_7.png → output/025_ACC-Guideline_for_the_Management_of_Patients_With_Acute_Coronary_Syndromes/025_ACC-Guideline_for_the_Management_of_Patients_With_Acute_Coronary_Syndromes_7.md
2026-05-31 15:11:52,503 [INFO] merge_service -   第8页: 2025_ACC-Guideline_for_the_Management_of_Patients_With_Acute_Coronary_Syndromes_8.png → output/025_ACC-Guideline_for_the_Management_of_Patients_With_Acute_Coronary_Syndromes/025_ACC-Guideline_for_the_Management_of_Patients_With_Acute_Coronary_Syndromes_8.md
2026-05-31 15:11:52,503 [INFO] merge_service -   第9页: 2025_ACC-Guideline_for_the_Management_of_Patients_With_Acute_Coronary_Syndromes_9.png → output/025_ACC-Guideline_for_the_Management_of_Patients_With_Acute_Coronary_Syndromes/025_ACC-Guideline_for_the_Management_of_Patients_With_Acute_Coronary_Syndromes_9.md
2026-05-31 15:11:52,503 [INFO] merge_service -   第10页: 2025_ACC-Guideline_for_the_Management_of_Patients_With_Acute_Coronary_Syndromes_10.png → output/025_ACC-Guideline_for_the_Management_of_Patients_With_Acute_Coronary_Syndromes/025_ACC-Guideline_for_the_Management_of_Patients_With_Acute_Coronary_Syndromes_10.md
2026-05-31 15:11:52,503 [INFO] merge_service -   第11页: 2025_ACC-Guideline_for_the_Management_of_Patients_With_Acute_Coronary_Syndromes_11.png → output/025_ACC-Guideline_for_the_Management_of_Patients_With_Acute_Coronary_Syndromes/025_ACC-Guideline_for_the_Management_of_Patients_With_Acute_Coronary_Syndromes_11.md
2026-05-31 15:11:52,503 [INFO] merge_service -   第12页: 2025_ACC-Guideline_for_the_Management_of_Patients_With_Acute_Coronary_Syndromes_12.png → output/025_ACC-Guideline_for_the_Management_of_Patients_With_Acute_Coronary_Syndromes/025_ACC-Guideline_for_the_Management_of_Patients_With_Acute_Coronary_Syndromes_12.md
2026-05-31 15:11:52,503 [INFO] merge_service -   第13页: 2025_ACC-Guideline_for_the_Management_of_Patients_With_Acute_Coronary_Syndromes_13.png → output/025_ACC-Guideline_for_the_Management_of_Patients_With_Acute_Coronary_Syndromes/025_ACC-Guideline_for_the_Management_of_Patients_With_Acute_Coronary_Syndromes_13.md
2026-05-31 15:11:52,503 [INFO] merge_service -   第14页: 2025_ACC-Guideline_for_the_Management_of_Patients_With_Acute_Coronary_Syndromes_14.png → output/025_ACC-Guideline_for_the_Management_of_Patients_With_Acute_Coronary_Syndromes/025_ACC-Guideline_for_the_Management_of_Patients_With_Acute_Coronary_Syndromes_14.md
2026-05-31 15:11:52,503 [INFO] merge_service -   第15页: 2025_ACC-Guideline_for_the_Management_of_Patients_With_Acute_Coronary_Syndromes_15.png → output/025_ACC-Guideline_for_the_Management_of_Patients_With_Acute_Coronary_Syndromes/025_ACC-Guideline_for_the_Management_of_Patients_With_Acute_Coronary_Syndromes_15.md
2026-05-31 15:11:52,503 [INFO] merge_service -   第16页: 2025_ACC-Guideline_for_the_Management_of_Patients_With_Acute_Coronary_Syndromes_16.png → output/025_ACC-Guideline_for_the_Management_of_Patients_With_Acute_Coronary_Syndromes/025_ACC-Guideline_for_the_Management_of_Patients_With_Acute_Coronary_Syndromes_16.md
2026-05-31 15:11:52,503 [INFO] merge_service -   第17页: 2025_ACC-Guideline_for_the_Management_of_Patients_With_Acute_Coronary_Syndromes_17.png → output/025_ACC-Guideline_for_the_Management_of_Patients_With_Acute_Coronary_Syndromes/025_ACC-Guideline_for_the_Management_of_Patients_With_Acute_Coronary_Syndromes_17.md
2026-05-31 15:11:52,503 [INFO] merge_service -   第18页: 2025_ACC-Guideline_for_the_Management_of_Patients_With_Acute_Coronary_Syndromes_18.png → output/025_ACC-Guideline_for_the_Management_of_Patients_With_Acute_Coronary_Syndromes/025_ACC-Guideline_for_the_Management_of_Patients_With_Acute_Coronary_Syndromes_18.md
2026-05-31 15:11:52,503 [INFO] merge_service -   第19页: 2025_ACC-Guideline_for_the_Management_of_Patients_With_Acute_Coronary_Syndromes_19.png → output/025_ACC-Guideline_for_the_Management_of_Patients_With_Acute_Coronary_Syndromes/025_ACC-Guideline_for_the_Management_of_Patients_With_Acute_Coronary_Syndromes_19.md
2026-05-31 15:11:52,503 [INFO] merge_service -   第20页: 2025_ACC-Guideline_for_the_Management_of_Patients_With_Acute_Coronary_Syndromes_20.png → output/025_ACC-Guideline_for_the_Management_of_Patients_With_Acute_Coronary_Syndromes/025_ACC-Guideline_for_the_Management_of_Patients_With_Acute_Coronary_Syndromes_20.md
2026-05-31 15:11:52,503 [INFO] merge_service -   第21页: 2025_ACC-Guideline_for_the_Management_of_Patients_With_Acute_Coronary_Syndromes_21.png → output/025_ACC-Guideline_for_the_Management_of_Patients_With_Acute_Coronary_Syndromes/025_ACC-Guideline_for_the_Management_of_Patients_With_Acute_Coronary_Syndromes_21.md
2026-05-31 15:11:52,503 [INFO] merge_service -   第22页: 2025_ACC-Guideline_for_the_Management_of_Patients_With_Acute_Coronary_Syndromes_22.png → output/025_ACC-Guideline_for_the_Management_of_Patients_With_Acute_Coronary_Syndromes/025_ACC-Guideline_for_the_Management_of_Patients_With_Acute_Coronary_Syndromes_22.md
2026-05-31 15:11:52,503 [INFO] merge_service -   第23页: 2025_ACC-Guideline_for_the_Management_of_Patients_With_Acute_Coronary_Syndromes_23.png → output/025_ACC-Guideline_for_the_Management_of_Patients_With_Acute_Coronary_Syndromes/025_ACC-Guideline_for_the_Management_of_Patients_With_Acute_Coronary_Syndromes_23.md
2026-05-31 15:11:52,503 [INFO] merge_service -   第24页: 2025_ACC-Guideline_for_the_Management_of_Patients_With_Acute_Coronary_Syndromes_24.png → output/025_ACC-Guideline_for_the_Management_of_Patients_With_Acute_Coronary_Syndromes/025_ACC-Guideline_for_the_Management_of_Patients_With_Acute_Coronary_Syndromes_24.md
2026-05-31 15:11:52,503 [INFO] merge_service -   第25页: 2025_ACC-Guideline_for_the_Management_of_Patients_With_Acute_Coronary_Syndromes_25.png → output/025_ACC-Guideline_for_the_Management_of_Patients_With_Acute_Coronary_Syndromes/025_ACC-Guideline_for_the_Management_of_Patients_With_Acute_Coronary_Syndromes_25.md
2026-05-31 15:11:52,503 [INFO] merge_service -   第26页: 2025_ACC-Guideline_for_the_Management_of_Patients_With_Acute_Coronary_Syndromes_26.png → output/025_ACC-Guideline_for_the_Management_of_Patients_With_Acute_Coronary_Syndromes/025_ACC-Guideline_for_the_Management_of_Patients_With_Acute_Coronary_Syndromes_26.md
2026-05-31 15:11:52,503 [INFO] merge_service -   第27页: 2025_ACC-Guideline_for_the_Management_of_Patients_With_Acute_Coronary_Syndromes_27.png → output/025_ACC-Guideline_for_the_Management_of_Patients_With_Acute_Coronary_Syndromes/025_ACC-Guideline_for_the_Management_of_Patients_With_Acute_Coronary_Syndromes_27.md
2026-05-31 15:11:52,503 [INFO] merge_service -   第28页: 2025_ACC-Guideline_for_the_Management_of_Patients_With_Acute_Coronary_Syndromes_28.png → output/025_ACC-Guideline_for_the_Management_of_Patients_With_Acute_Coronary_Syndromes/025_ACC-Guideline_for_the_Management_of_Patients_With_Acute_Coronary_Syndromes_28.md
2026-05-31 15:11:52,503 [INFO] merge_service -   第29页: 2025_ACC-Guideline_for_the_Management_of_Patients_With_Acute_Coronary_Syndromes_29.png → output/025_ACC-Guideline_for_the_Management_of_Patients_With_Acute_Coronary_Syndromes/025_ACC-Guideline_for_the_Management_of_Patients_With_Acute_Coronary_Syndromes_29.md
2026-05-31 15:11:52,503 [INFO] merge_service -   第30页: 2025_ACC-Guideline_for_the_Management_of_Patients_With_Acute_Coronary_Syndromes_30.png → output/025_ACC-Guideline_for_the_Management_of_Patients_With_Acute_Coronary_Syndromes/025_ACC-Guideline_for_the_Management_of_Patients_With_Acute_Coronary_Syndromes_30.md
2026-05-31 15:11:52,503 [INFO] merge_service -   第31页: 2025_ACC-Guideline_for_the_Management_of_Patients_With_Acute_Coronary_Syndromes_31.png → output/025_ACC-Guideline_for_the_Management_of_Patients_With_Acute_Coronary_Syndromes/025_ACC-Guideline_for_the_Management_of_Patients_With_Acute_Coronary_Syndromes_31.md
2026-05-31 15:11:52,503 [INFO] merge_service -   第32页: 2025_ACC-Guideline_for_the_Management_of_Patients_With_Acute_Coronary_Syndromes_32.png → output/025_ACC-Guideline_for_the_Management_of_Patients_With_Acute_Coronary_Syndromes/025_ACC-Guideline_for_the_Management_of_Patients_With_Acute_Coronary_Syndromes_32.md
2026-05-31 15:11:52,503 [INFO] merge_service -   第33页: 2025_ACC-Guideline_for_the_Management_of_Patients_With_Acute_Coronary_Syndromes_33.png → output/025_ACC-Guideline_for_the_Management_of_Patients_With_Acute_Coronary_Syndromes/025_ACC-Guideline_for_the_Management_of_Patients_With_Acute_Coronary_Syndromes_33.md
2026-05-31 15:11:52,503 [INFO] merge_service -   第34页: 2025_ACC-Guideline_for_the_Management_of_Patients_With_Acute_Coronary_Syndromes_34.png → output/025_ACC-Guideline_for_the_Management_of_Patients_With_Acute_Coronary_Syndromes/025_ACC-Guideline_for_the_Management_of_Patients_With_Acute_Coronary_Syndromes_34.md
2026-05-31 15:11:52,503 [INFO] merge_service -   第35页: 2025_ACC-Guideline_for_the_Management_of_Patients_With_Acute_Coronary_Syndromes_35.png → output/025_ACC-Guideline_for_the_Management_of_Patients_With_Acute_Coronary_Syndromes/025_ACC-Guideline_for_the_Management_of_Patients_With_Acute_Coronary_Syndromes_35.md
2026-05-31 15:11:52,503 [INFO] merge_service -   第36页: 2025_ACC-Guideline_for_the_Management_of_Patients_With_Acute_Coronary_Syndromes_36.png → output/025_ACC-Guideline_for_the_Management_of_Patients_With_Acute_Coronary_Syndromes/025_ACC-Guideline_for_the_Management_of_Patients_With_Acute_Coronary_Syndromes_36.md
2026-05-31 15:11:52,504 [INFO] merge_service -   第37页: 2025_ACC-Guideline_for_the_Management_of_Patients_With_Acute_Coronary_Syndromes_37.png → output/025_ACC-Guideline_for_the_Management_of_Patients_With_Acute_Coronary_Syndromes/025_ACC-Guideline_for_the_Management_of_Patients_With_Acute_Coronary_Syndromes_37.md
2026-05-31 15:11:52,504 [INFO] merge_service -   第38页: 2025_ACC-Guideline_for_the_Management_of_Patients_With_Acute_Coronary_Syndromes_38.png → output/025_ACC-Guideline_for_the_Management_of_Patients_With_Acute_Coronary_Syndromes/025_ACC-Guideline_for_the_Management_of_Patients_With_Acute_Coronary_Syndromes_38.md
2026-05-31 15:11:52,504 [INFO] merge_service -   第39页: 2025_ACC-Guideline_for_the_Management_of_Patients_With_Acute_Coronary_Syndromes_39.png → output/025_ACC-Guideline_for_the_Management_of_Patients_With_Acute_Coronary_Syndromes/025_ACC-Guideline_for_the_Management_of_Patients_With_Acute_Coronary_Syndromes_39.md
2026-05-31 15:11:52,504 [INFO] merge_service -   第40页: 2025_ACC-Guideline_for_the_Management_of_Patients_With_Acute_Coronary_Syndromes_40.png → output/025_ACC-Guideline_for_the_Management_of_Patients_With_Acute_Coronary_Syndromes/025_ACC-Guideline_for_the_Management_of_Patients_With_Acute_Coronary_Syndromes_40.md
2026-05-31 15:11:52,504 [INFO] merge_service -   第41页: 2025_ACC-Guideline_for_the_Management_of_Patients_With_Acute_Coronary_Syndromes_41.png → output/025_ACC-Guideline_for_the_Management_of_Patients_With_Acute_Coronary_Syndromes/025_ACC-Guideline_for_the_Management_of_Patients_With_Acute_Coronary_Syndromes_41.md
2026-05-31 15:11:52,504 [INFO] merge_service -   第42页: 2025_ACC-Guideline_for_the_Management_of_Patients_With_Acute_Coronary_Syndromes_42.png → output/025_ACC-Guideline_for_the_Management_of_Patients_With_Acute_Coronary_Syndromes/025_ACC-Guideline_for_the_Management_of_Patients_With_Acute_Coronary_Syndromes_42.md
2026-05-31 15:11:52,504 [INFO] merge_service -   第43页: 2025_ACC-Guideline_for_the_Management_of_Patients_With_Acute_Coronary_Syndromes_43.png → output/025_ACC-Guideline_for_the_Management_of_Patients_With_Acute_Coronary_Syndromes/025_ACC-Guideline_for_the_Management_of_Patients_With_Acute_Coronary_Syndromes_43.md
2026-05-31 15:11:52,504 [INFO] merge_service -   第44页: 2025_ACC-Guideline_for_the_Management_of_Patients_With_Acute_Coronary_Syndromes_44.png → output/025_ACC-Guideline_for_the_Management_of_Patients_With_Acute_Coronary_Syndromes/025_ACC-Guideline_for_the_Management_of_Patients_With_Acute_Coronary_Syndromes_44.md
2026-05-31 15:11:52,504 [INFO] merge_service -   第45页: 2025_ACC-Guideline_for_the_Management_of_Patients_With_Acute_Coronary_Syndromes_45.png → output/025_ACC-Guideline_for_the_Management_of_Patients_With_Acute_Coronary_Syndromes/025_ACC-Guideline_for_the_Management_of_Patients_With_Acute_Coronary_Syndromes_45.md
2026-05-31 15:11:52,504 [INFO] merge_service -   第46页: 2025_ACC-Guideline_for_the_Management_of_Patients_With_Acute_Coronary_Syndromes_46.png → output/025_ACC-Guideline_for_the_Management_of_Patients_With_Acute_Coronary_Syndromes/025_ACC-Guideline_for_the_Management_of_Patients_With_Acute_Coronary_Syndromes_46.md
2026-05-31 15:11:52,504 [INFO] merge_service -   第47页: 2025_ACC-Guideline_for_the_Management_of_Patients_With_Acute_Coronary_Syndromes_47.png → output/025_ACC-Guideline_for_the_Management_of_Patients_With_Acute_Coronary_Syndromes/025_ACC-Guideline_for_the_Management_of_Patients_With_Acute_Coronary_Syndromes_47.md
2026-05-31 15:11:52,504 [INFO] merge_service -   第48页: 2025_ACC-Guideline_for_the_Management_of_Patients_With_Acute_Coronary_Syndromes_48.png → output/025_ACC-Guideline_for_the_Management_of_Patients_With_Acute_Coronary_Syndromes/025_ACC-Guideline_for_the_Management_of_Patients_With_Acute_Coronary_Syndromes_48.md
2026-05-31 15:11:52,504 [INFO] merge_service -   第49页: 2025_ACC-Guideline_for_the_Management_of_Patients_With_Acute_Coronary_Syndromes_49.png → output/025_ACC-Guideline_for_the_Management_of_Patients_With_Acute_Coronary_Syndromes/025_ACC-Guideline_for_the_Management_of_Patients_With_Acute_Coronary_Syndromes_49.md
2026-05-31 15:11:52,504 [INFO] merge_service -   第50页: 2025_ACC-Guideline_for_the_Management_of_Patients_With_Acute_Coronary_Syndromes_50.png → output/025_ACC-Guideline_for_the_Management_of_Patients_With_Acute_Coronary_Syndromes/025_ACC-Guideline_for_the_Management_of_Patients_With_Acute_Coronary_Syndromes_50.md
2026-05-31 15:11:52,504 [INFO] merge_service -   第51页: 2025_ACC-Guideline_for_the_Management_of_Patients_With_Acute_Coronary_Syndromes_51.png → output/025_ACC-Guideline_for_the_Management_of_Patients_With_Acute_Coronary_Syndromes/025_ACC-Guideline_for_the_Management_of_Patients_With_Acute_Coronary_Syndromes_51.md
2026-05-31 15:11:52,504 [INFO] merge_service -   第52页: 2025_ACC-Guideline_for_the_Management_of_Patients_With_Acute_Coronary_Syndromes_52.png → output/025_ACC-Guideline_for_the_Management_of_Patients_With_Acute_Coronary_Syndromes/025_ACC-Guideline_for_the_Management_of_Patients_With_Acute_Coronary_Syndromes_52.md
2026-05-31 15:11:52,504 [INFO] merge_service -   第53页: 2025_ACC-Guideline_for_the_Management_of_Patients_With_Acute_Coronary_Syndromes_53.png → output/025_ACC-Guideline_for_the_Management_of_Patients_With_Acute_Coronary_Syndromes/025_ACC-Guideline_for_the_Management_of_Patients_With_Acute_Coronary_Syndromes_53.md
2026-05-31 15:11:52,504 [INFO] merge_service -   第54页: 2025_ACC-Guideline_for_the_Management_of_Patients_With_Acute_Coronary_Syndromes_54.png → output/025_ACC-Guideline_for_the_Management_of_Patients_With_Acute_Coronary_Syndromes/025_ACC-Guideline_for_the_Management_of_Patients_With_Acute_Coronary_Syndromes_54.md
2026-05-31 15:11:52,504 [INFO] merge_service -   第55页: 2025_ACC-Guideline_for_the_Management_of_Patients_With_Acute_Coronary_Syndromes_55.png → output/025_ACC-Guideline_for_the_Management_of_Patients_With_Acute_Coronary_Syndromes/025_ACC-Guideline_for_the_Management_of_Patients_With_Acute_Coronary_Syndromes_55.md
2026-05-31 15:11:52,504 [INFO] merge_service -   第56页: 2025_ACC-Guideline_for_the_Management_of_Patients_With_Acute_Coronary_Syndromes_56.png → output/025_ACC-Guideline_for_the_Management_of_Patients_With_Acute_Coronary_Syndromes/025_ACC-Guideline_for_the_Management_of_Patients_With_Acute_Coronary_Syndromes_56.md
2026-05-31 15:11:52,504 [INFO] merge_service -   第57页: 2025_ACC-Guideline_for_the_Management_of_Patients_With_Acute_Coronary_Syndromes_57.png → output/025_ACC-Guideline_for_the_Management_of_Patients_With_Acute_Coronary_Syndromes/025_ACC-Guideline_for_the_Management_of_Patients_With_Acute_Coronary_Syndromes_57.md
2026-05-31 15:11:52,504 [INFO] merge_service -   第58页: 2025_ACC-Guideline_for_the_Management_of_Patients_With_Acute_Coronary_Syndromes_58.png → output/025_ACC-Guideline_for_the_Management_of_Patients_With_Acute_Coronary_Syndromes/025_ACC-Guideline_for_the_Management_of_Patients_With_Acute_Coronary_Syndromes_58.md
2026-05-31 15:11:52,504 [INFO] merge_service -   第59页: 2025_ACC-Guideline_for_the_Management_of_Patients_With_Acute_Coronary_Syndromes_59.png → output/025_ACC-Guideline_for_the_Management_of_Patients_With_Acute_Coronary_Syndromes/025_ACC-Guideline_for_the_Management_of_Patients_With_Acute_Coronary_Syndromes_59.md
2026-05-31 15:11:52,504 [INFO] merge_service -   第60页: 2025_ACC-Guideline_for_the_Management_of_Patients_With_Acute_Coronary_Syndromes_60.png → output/025_ACC-Guideline_for_the_Management_of_Patients_With_Acute_Coronary_Syndromes/025_ACC-Guideline_for_the_Management_of_Patients_With_Acute_Coronary_Syndromes_60.md
2026-05-31 15:11:52,504 [INFO] merge_service -   第61页: 2025_ACC-Guideline_for_the_Management_of_Patients_With_Acute_Coronary_Syndromes_61.png → output/025_ACC-Guideline_for_the_Management_of_Patients_With_Acute_Coronary_Syndromes/025_ACC-Guideline_for_the_Management_of_Patients_With_Acute_Coronary_Syndromes_61.md
2026-05-31 15:11:52,504 [INFO] merge_service -   第62页: 2025_ACC-Guideline_for_the_Management_of_Patients_With_Acute_Coronary_Syndromes_62.png → output/025_ACC-Guideline_for_the_Management_of_Patients_With_Acute_Coronary_Syndromes/025_ACC-Guideline_for_the_Management_of_Patients_With_Acute_Coronary_Syndromes_62.md
2026-05-31 15:11:52,504 [INFO] merge_service -   第63页: 2025_ACC-Guideline_for_the_Management_of_Patients_With_Acute_Coronary_Syndromes_63.png → output/025_ACC-Guideline_for_the_Management_of_Patients_With_Acute_Coronary_Syndromes/025_ACC-Guideline_for_the_Management_of_Patients_With_Acute_Coronary_Syndromes_63.md
2026-05-31 15:11:52,504 [INFO] merge_service -   第64页: 2025_ACC-Guideline_for_the_Management_of_Patients_With_Acute_Coronary_Syndromes_64.png → output/025_ACC-Guideline_for_the_Management_of_Patients_With_Acute_Coronary_Syndromes/025_ACC-Guideline_for_the_Management_of_Patients_With_Acute_Coronary_Syndromes_64.md
2026-05-31 15:11:52,504 [INFO] merge_service -   第65页: 2025_ACC-Guideline_for_the_Management_of_Patients_With_Acute_Coronary_Syndromes_65.png → output/025_ACC-Guideline_for_the_Management_of_Patients_With_Acute_Coronary_Syndromes/025_ACC-Guideline_for_the_Management_of_Patients_With_Acute_Coronary_Syndromes_65.md
2026-05-31 15:11:52,504 [INFO] merge_service -   第66页: 2025_ACC-Guideline_for_the_Management_of_Patients_With_Acute_Coronary_Syndromes_66.png → output/025_ACC-Guideline_for_the_Management_of_Patients_With_Acute_Coronary_Syndromes/025_ACC-Guideline_for_the_Management_of_Patients_With_Acute_Coronary_Syndromes_66.md
2026-05-31 15:11:52,504 [INFO] merge_service -   第67页: 2025_ACC-Guideline_for_the_Management_of_Patients_With_Acute_Coronary_Syndromes_67.png → output/025_ACC-Guideline_for_the_Management_of_Patients_With_Acute_Coronary_Syndromes/025_ACC-Guideline_for_the_Management_of_Patients_With_Acute_Coronary_Syndromes_67.md
2026-05-31 15:11:52,504 [INFO] merge_service -   第68页: 2025_ACC-Guideline_for_the_Management_of_Patients_With_Acute_Coronary_Syndromes_68.png → output/025_ACC-Guideline_for_the_Management_of_Patients_With_Acute_Coronary_Syndromes/025_ACC-Guideline_for_the_Management_of_Patients_With_Acute_Coronary_Syndromes_68.md
2026-05-31 15:11:52,504 [INFO] merge_service -   第69页: 2025_ACC-Guideline_for_the_Management_of_Patients_With_Acute_Coronary_Syndromes_69.png → output/025_ACC-Guideline_for_the_Management_of_Patients_With_Acute_Coronary_Syndromes/025_ACC-Guideline_for_the_Management_of_Patients_With_Acute_Coronary_Syndromes_69.md
2026-05-31 15:11:52,504 [INFO] merge_service -   第70页: 2025_ACC-Guideline_for_the_Management_of_Patients_With_Acute_Coronary_Syndromes_70.png → output/025_ACC-Guideline_for_the_Management_of_Patients_With_Acute_Coronary_Syndromes/025_ACC-Guideline_for_the_Management_of_Patients_With_Acute_Coronary_Syndromes_70.md
2026-05-31 15:11:52,504 [INFO] merge_service -   第71页: 2025_ACC-Guideline_for_the_Management_of_Patients_With_Acute_Coronary_Syndromes_71.png → output/025_ACC-Guideline_for_the_Management_of_Patients_With_Acute_Coronary_Syndromes/025_ACC-Guideline_for_the_Management_of_Patients_With_Acute_Coronary_Syndromes_71.md
2026-05-31 15:11:52,504 [INFO] merge_service -   第72页: 2025_ACC-Guideline_for_the_Management_of_Patients_With_Acute_Coronary_Syndromes_72.png → output/025_ACC-Guideline_for_the_Management_of_Patients_With_Acute_Coronary_Syndromes/025_ACC-Guideline_for_the_Management_of_Patients_With_Acute_Coronary_Syndromes_72.md
2026-05-31 15:11:52,504 [INFO] merge_service -   第73页: 2025_ACC-Guideline_for_the_Management_of_Patients_With_Acute_Coronary_Syndromes_73.png → output/025_ACC-Guideline_for_the_Management_of_Patients_With_Acute_Coronary_Syndromes/025_ACC-Guideline_for_the_Management_of_Patients_With_Acute_Coronary_Syndromes_73.md
2026-05-31 15:11:52,504 [INFO] merge_service -   第74页: 2025_ACC-Guideline_for_the_Management_of_Patients_With_Acute_Coronary_Syndromes_74.png → output/025_ACC-Guideline_for_the_Management_of_Patients_With_Acute_Coronary_Syndromes/025_ACC-Guideline_for_the_Management_of_Patients_With_Acute_Coronary_Syndromes_74.md
2026-05-31 15:11:52,504 [INFO] merge_service -   第75页: 2025_ACC-Guideline_for_the_Management_of_Patients_With_Acute_Coronary_Syndromes_75.png → output/025_ACC-Guideline_for_the_Management_of_Patients_With_Acute_Coronary_Syndromes/025_ACC-Guideline_for_the_Management_of_Patients_With_Acute_Coronary_Syndromes_75.md
2026-05-31 15:11:52,504 [INFO] merge_service -   第76页: 2025_ACC-Guideline_for_the_Management_of_Patients_With_Acute_Coronary_Syndromes_76.png → output/025_ACC-Guideline_for_the_Management_of_Patients_With_Acute_Coronary_Syndromes/025_ACC-Guideline_for_the_Management_of_Patients_With_Acute_Coronary_Syndromes_76.md
2026-05-31 15:11:52,504 [INFO] merge_service -   第77页: 2025_ACC-Guideline_for_the_Management_of_Patients_With_Acute_Coronary_Syndromes_77.png → output/025_ACC-Guideline_for_the_Management_of_Patients_With_Acute_Coronary_Syndromes/025_ACC-Guideline_for_the_Management_of_Patients_With_Acute_Coronary_Syndromes_77.md
2026-05-31 15:11:52,504 [INFO] merge_service -   第78页: 2025_ACC-Guideline_for_the_Management_of_Patients_With_Acute_Coronary_Syndromes_78.png → output/025_ACC-Guideline_for_the_Management_of_Patients_With_Acute_Coronary_Syndromes/025_ACC-Guideline_for_the_Management_of_Patients_With_Acute_Coronary_Syndromes_78.md
2026-05-31 15:11:52,504 [INFO] merge_service -   第79页: 2025_ACC-Guideline_for_the_Management_of_Patients_With_Acute_Coronary_Syndromes_79.png → output/025_ACC-Guideline_for_the_Management_of_Patients_With_Acute_Coronary_Syndromes/025_ACC-Guideline_for_the_Management_of_Patients_With_Acute_Coronary_Syndromes_79.md
2026-05-31 15:11:52,504 [INFO] merge_service -   第80页: 2025_ACC-Guideline_for_the_Management_of_Patients_With_Acute_Coronary_Syndromes_80.png → output/025_ACC-Guideline_for_the_Management_of_Patients_With_Acute_Coronary_Syndromes/025_ACC-Guideline_for_the_Management_of_Patients_With_Acute_Coronary_Syndromes_80.md
2026-05-31 15:11:52,504 [INFO] merge_service -   第81页: 2025_ACC-Guideline_for_the_Management_of_Patients_With_Acute_Coronary_Syndromes_81.png → output/025_ACC-Guideline_for_the_Management_of_Patients_With_Acute_Coronary_Syndromes/025_ACC-Guideline_for_the_Management_of_Patients_With_Acute_Coronary_Syndromes_81.md
2026-05-31 15:11:52,504 [INFO] merge_service -   第82页: 2025_ACC-Guideline_for_the_Management_of_Patients_With_Acute_Coronary_Syndromes_82.png → output/025_ACC-Guideline_for_the_Management_of_Patients_With_Acute_Coronary_Syndromes/025_ACC-Guideline_for_the_Management_of_Patients_With_Acute_Coronary_Syndromes_82.md
2026-05-31 15:11:52,504 [INFO] merge_service -   第83页: 2025_ACC-Guideline_for_the_Management_of_Patients_With_Acute_Coronary_Syndromes_83.png → output/025_ACC-Guideline_for_the_Management_of_Patients_With_Acute_Coronary_Syndromes/025_ACC-Guideline_for_the_Management_of_Patients_With_Acute_Coronary_Syndromes_83.md
2026-05-31 15:11:52,504 [INFO] merge_service -   第84页: 2025_ACC-Guideline_for_the_Management_of_Patients_With_Acute_Coronary_Syndromes_84.png → output/025_ACC-Guideline_for_the_Management_of_Patients_With_Acute_Coronary_Syndromes/025_ACC-Guideline_for_the_Management_of_Patients_With_Acute_Coronary_Syndromes_84.md
2026-05-31 15:11:52,504 [INFO] merge_service -   第85页: 2025_ACC-Guideline_for_the_Management_of_Patients_With_Acute_Coronary_Syndromes_85.png → output/025_ACC-Guideline_for_the_Management_of_Patients_With_Acute_Coronary_Syndromes/025_ACC-Guideline_for_the_Management_of_Patients_With_Acute_Coronary_Syndromes_85.md
2026-05-31 15:11:52,504 [INFO] merge_service -   第86页: 2025_ACC-Guideline_for_the_Management_of_Patients_With_Acute_Coronary_Syndromes_86.png → output/025_ACC-Guideline_for_the_Management_of_Patients_With_Acute_Coronary_Syndromes/025_ACC-Guideline_for_the_Management_of_Patients_With_Acute_Coronary_Syndromes_86.md
2026-05-31 15:11:52,504 [INFO] merge_service -   第87页: 2025_ACC-Guideline_for_the_Management_of_Patients_With_Acute_Coronary_Syndromes_87.png → output/025_ACC-Guideline_for_the_Management_of_Patients_With_Acute_Coronary_Syndromes/025_ACC-Guideline_for_the_Management_of_Patients_With_Acute_Coronary_Syndromes_87.md
2026-05-31 15:11:52,504 [INFO] merge_service -   第88页: 2025_ACC-Guideline_for_the_Management_of_Patients_With_Acute_Coronary_Syndromes_88.png → output/025_ACC-Guideline_for_the_Management_of_Patients_With_Acute_Coronary_Syndromes/025_ACC-Guideline_for_the_Management_of_Patients_With_Acute_Coronary_Syndromes_88.md
2026-05-31 15:11:52,504 [INFO] merge_service -   第89页: 2025_ACC-Guideline_for_the_Management_of_Patients_With_Acute_Coronary_Syndromes_89.png → output/025_ACC-Guideline_for_the_Management_of_Patients_With_Acute_Coronary_Syndromes/025_ACC-Guideline_for_the_Management_of_Patients_With_Acute_Coronary_Syndromes_89.md
2026-05-31 15:11:52,504 [INFO] merge_service -   第90页: 2025_ACC-Guideline_for_the_Management_of_Patients_With_Acute_Coronary_Syndromes_90.png → output/025_ACC-Guideline_for_the_Management_of_Patients_With_Acute_Coronary_Syndromes/025_ACC-Guideline_for_the_Management_of_Patients_With_Acute_Coronary_Syndromes_90.md
2026-05-31 15:11:52,504 [INFO] merge_service -   第91页: 2025_ACC-Guideline_for_the_Management_of_Patients_With_Acute_Coronary_Syndromes_91.png → output/025_ACC-Guideline_for_the_Management_of_Patients_With_Acute_Coronary_Syndromes/025_ACC-Guideline_for_the_Management_of_Patients_With_Acute_Coronary_Syndromes_91.md
2026-05-31 15:11:52,505 [INFO] merge_service -   第92页: 2025_ACC-Guideline_for_the_Management_of_Patients_With_Acute_Coronary_Syndromes_92.png → output/025_ACC-Guideline_for_the_Management_of_Patients_With_Acute_Coronary_Syndromes/025_ACC-Guideline_for_the_Management_of_Patients_With_Acute_Coronary_Syndromes_92.md
2026-05-31 15:11:52,680 [INFO] merge_service - 
==================================================
2026-05-31 15:11:52,680 [INFO] merge_service - [eea54054-5f8e-48f2-97ba-7c9f86a198a3] 合并清洗完成!
2026-05-31 15:11:52,680 [INFO] merge_service -   合并文件: output/025_ACC-Guideline_for_the_Management_of_Patients_With_Acute_Coronary_Syndromes/025_ACC-Guideline_for_the_Management_of_Patients_With_Acute_Coronary_Syndromes_merged_output.md
2026-05-31 15:11:52,680 [INFO] merge_service -   有效页面: 86/92
2026-05-31 15:11:52,680 [INFO] merge_service -   总字符数: 454955
2026-05-31 15:11:52,680 [INFO] merge_service -   轮询耗时: 1302.58s, 合并耗时: 0.18s
2026-05-31 15:11:52,680 [INFO] merge_service -   跳过页面（参考文献）: [70, 72, 77, 80, 82, 84]
2026-05-31 15:11:52,680 [INFO] merge_service - ==================================================
