2026-05-30 22:39:26,074 [INFO] merge_service - ============================================================
2026-05-30 22:39:26,074 [INFO] merge_service - 合并+清洗服务 — 新任务
2026-05-30 22:39:26,074 [INFO] merge_service -   合并ID: 0aac8858-3574-4c6d-be3c-97d8bb78523c
2026-05-30 22:39:26,074 [INFO] merge_service -   PDF名称: 急性冠脉综合征急诊快速诊疗指南 (原始: 急性冠脉综合征急诊快速诊疗指南.pdf)
2026-05-30 22:39:26,075 [INFO] merge_service -   关联提取任务数: 8
2026-05-30 22:39:26,075 [INFO] merge_service -   输出目录: ./output
2026-05-30 22:39:26,075 [INFO] merge_service -   提取服务: http://localhost:8001
2026-05-30 22:39:26,075 [INFO] merge_service - ============================================================
2026-05-30 22:39:26,077 [INFO] merge_service - [Poll] 开始轮询 8 个提取任务...
2026-05-30 22:39:26,077 [INFO] merge_service - [Poll] 提取服务地址: http://localhost:8001
2026-05-30 22:39:26,077 [INFO] merge_service - [Poll] 轮询间隔: 3.0s, 最大等待: 3600.0s
2026-05-30 22:39:26,308 [INFO] merge_service - [Poll] 进度: 0/8 完成, 剩余 8 个任务仍在处理中...
2026-05-30 22:39:29,404 [INFO] merge_service - [Poll] 进度: 0/8 完成, 剩余 8 个任务仍在处理中...
2026-05-30 22:39:32,513 [INFO] merge_service - [Poll] 进度: 0/8 完成, 剩余 8 个任务仍在处理中...
2026-05-30 22:39:35,602 [INFO] merge_service - [Poll] 进度: 0/8 完成, 剩余 8 个任务仍在处理中...
2026-05-30 22:39:38,729 [INFO] merge_service - [Poll] 进度: 0/8 完成, 剩余 8 个任务仍在处理中...
2026-05-30 22:39:41,820 [INFO] merge_service - [Poll] 进度: 0/8 完成, 剩余 8 个任务仍在处理中...
2026-05-30 22:39:44,867 [INFO] merge_service - [Poll] 任务 cca1d04e-c4bb-474b-b254-3133f19c96be (急性冠脉综合征急诊快速诊疗指南_7.png) → completed [成功]
2026-05-30 22:39:44,916 [INFO] merge_service - [Poll] 进度: 1/8 完成, 剩余 7 个任务仍在处理中...
2026-05-30 22:39:48,030 [INFO] merge_service - [Poll] 进度: 1/8 完成, 剩余 7 个任务仍在处理中...
2026-05-30 22:39:51,113 [INFO] merge_service - [Poll] 进度: 1/8 完成, 剩余 7 个任务仍在处理中...
2026-05-30 22:39:54,203 [INFO] merge_service - [Poll] 进度: 1/8 完成, 剩余 7 个任务仍在处理中...
2026-05-30 22:39:57,281 [INFO] merge_service - [Poll] 进度: 1/8 完成, 剩余 7 个任务仍在处理中...
2026-05-30 22:40:00,377 [INFO] merge_service - [Poll] 进度: 1/8 完成, 剩余 7 个任务仍在处理中...
2026-05-30 22:40:03,458 [INFO] merge_service - [Poll] 进度: 1/8 完成, 剩余 7 个任务仍在处理中...
2026-05-30 22:40:06,560 [INFO] merge_service - [Poll] 进度: 1/8 完成, 剩余 7 个任务仍在处理中...
2026-05-30 22:40:09,645 [INFO] merge_service - [Poll] 进度: 1/8 完成, 剩余 7 个任务仍在处理中...
2026-05-30 22:40:12,763 [INFO] merge_service - [Poll] 进度: 1/8 完成, 剩余 7 个任务仍在处理中...
2026-05-30 22:40:15,841 [INFO] merge_service - [Poll] 进度: 1/8 完成, 剩余 7 个任务仍在处理中...
2026-05-30 22:40:18,941 [INFO] merge_service - [Poll] 进度: 1/8 完成, 剩余 7 个任务仍在处理中...
2026-05-30 22:40:22,019 [INFO] merge_service - [Poll] 进度: 1/8 完成, 剩余 7 个任务仍在处理中...
2026-05-30 22:40:25,067 [INFO] merge_service - [Poll] 任务 36a34e5a-3896-4886-9087-79596974f0ad (急性冠脉综合征急诊快速诊疗指南_8.png) → completed [成功]
2026-05-30 22:40:25,099 [INFO] merge_service - [Poll] 进度: 2/8 完成, 剩余 6 个任务仍在处理中...
2026-05-30 22:40:28,207 [INFO] merge_service - [Poll] 进度: 2/8 完成, 剩余 6 个任务仍在处理中...
2026-05-30 22:40:31,271 [INFO] merge_service - [Poll] 任务 7ddeee57-b7da-4a99-9c2c-f64818f7112a (急性冠脉综合征急诊快速诊疗指南_2.png) → completed [成功]
2026-05-30 22:40:31,271 [INFO] merge_service - [Poll] 进度: 3/8 完成, 剩余 5 个任务仍在处理中...
2026-05-30 22:40:34,367 [INFO] merge_service - [Poll] 进度: 3/8 完成, 剩余 5 个任务仍在处理中...
2026-05-30 22:40:37,425 [INFO] merge_service - [Poll] 进度: 3/8 完成, 剩余 5 个任务仍在处理中...
2026-05-30 22:40:40,495 [INFO] merge_service - [Poll] 任务 0bb51b94-d179-4e81-baf4-0a937beb7628 (急性冠脉综合征急诊快速诊疗指南_1.png) → completed [成功]
2026-05-30 22:40:40,520 [INFO] merge_service - [Poll] 进度: 4/8 完成, 剩余 4 个任务仍在处理中...
2026-05-30 22:40:43,566 [INFO] merge_service - [Poll] 进度: 4/8 完成, 剩余 4 个任务仍在处理中...
2026-05-30 22:40:46,645 [INFO] merge_service - [Poll] 进度: 4/8 完成, 剩余 4 个任务仍在处理中...
2026-05-30 22:40:49,694 [INFO] merge_service - [Poll] 任务 8def03bc-f2a2-4245-b406-73407350cd22 (急性冠脉综合征急诊快速诊疗指南_4.png) → completed [成功]
2026-05-30 22:40:49,694 [INFO] merge_service - [Poll] 进度: 5/8 完成, 剩余 3 个任务仍在处理中...
2026-05-30 22:40:52,746 [INFO] merge_service - [Poll] 进度: 5/8 完成, 剩余 3 个任务仍在处理中...
2026-05-30 22:40:55,780 [INFO] merge_service - [Poll] 进度: 5/8 完成, 剩余 3 个任务仍在处理中...
2026-05-30 22:40:58,829 [INFO] merge_service - [Poll] 进度: 5/8 完成, 剩余 3 个任务仍在处理中...
2026-05-30 22:41:01,866 [INFO] merge_service - [Poll] 进度: 5/8 完成, 剩余 3 个任务仍在处理中...
2026-05-30 22:41:04,904 [INFO] merge_service - [Poll] 进度: 5/8 完成, 剩余 3 个任务仍在处理中...
2026-05-30 22:41:07,937 [INFO] merge_service - [Poll] 任务 9dc5b642-4aa2-4ca6-a527-8c39ff01f923 (急性冠脉综合征急诊快速诊疗指南_6.png) → completed [成功]
2026-05-30 22:41:07,972 [INFO] merge_service - [Poll] 进度: 6/8 完成, 剩余 2 个任务仍在处理中...
2026-05-30 22:41:10,995 [INFO] merge_service - [Poll] 进度: 6/8 完成, 剩余 2 个任务仍在处理中...
2026-05-30 22:41:14,040 [INFO] merge_service - [Poll] 进度: 6/8 完成, 剩余 2 个任务仍在处理中...
2026-05-30 22:41:17,063 [INFO] merge_service - [Poll] 进度: 6/8 完成, 剩余 2 个任务仍在处理中...
2026-05-30 22:41:20,090 [INFO] merge_service - [Poll] 进度: 6/8 完成, 剩余 2 个任务仍在处理中...
2026-05-30 22:41:23,144 [INFO] merge_service - [Poll] 进度: 6/8 完成, 剩余 2 个任务仍在处理中...
2026-05-30 22:41:26,167 [INFO] merge_service - [Poll] 进度: 6/8 完成, 剩余 2 个任务仍在处理中...
2026-05-30 22:41:29,207 [INFO] merge_service - [Poll] 进度: 6/8 完成, 剩余 2 个任务仍在处理中...
2026-05-30 22:41:32,234 [INFO] merge_service - [Poll] 进度: 6/8 完成, 剩余 2 个任务仍在处理中...
2026-05-30 22:41:35,263 [INFO] merge_service - [Poll] 进度: 6/8 完成, 剩余 2 个任务仍在处理中...
2026-05-30 22:41:38,310 [INFO] merge_service - [Poll] 进度: 6/8 完成, 剩余 2 个任务仍在处理中...
2026-05-30 22:41:41,333 [INFO] merge_service - [Poll] 进度: 6/8 完成, 剩余 2 个任务仍在处理中...
2026-05-30 22:41:44,384 [INFO] merge_service - [Poll] 进度: 6/8 完成, 剩余 2 个任务仍在处理中...
2026-05-30 22:41:47,411 [INFO] merge_service - [Poll] 进度: 6/8 完成, 剩余 2 个任务仍在处理中...
2026-05-30 22:41:50,430 [INFO] merge_service - [Poll] 任务 082140ba-7b30-4b09-8e55-fba1ad631af9 (急性冠脉综合征急诊快速诊疗指南_3.png) → completed [成功]
2026-05-30 22:41:50,443 [INFO] merge_service - [Poll] 进度: 7/8 完成, 剩余 1 个任务仍在处理中...
2026-05-30 22:41:53,465 [INFO] merge_service - [Poll] 进度: 7/8 完成, 剩余 1 个任务仍在处理中...
2026-05-30 22:41:56,478 [INFO] merge_service - [Poll] 进度: 7/8 完成, 剩余 1 个任务仍在处理中...
2026-05-30 22:41:59,501 [INFO] merge_service - [Poll] 任务 6a3618c2-01dd-4b16-aaec-613582fcc73c (急性冠脉综合征急诊快速诊疗指南_5.png) → completed [成功]
2026-05-30 22:41:59,501 [INFO] merge_service - [0aac8858-3574-4c6d-be3c-97d8bb78523c] 所有提取任务已完成，开始合并清洗...
2026-05-30 22:41:59,501 [INFO] merge_service - [0aac8858-3574-4c6d-be3c-97d8bb78523c] 合并顺序（按原图片文件名序号）:
2026-05-30 22:41:59,502 [INFO] merge_service -   第1页: 急性冠脉综合征急诊快速诊疗指南_1.png → output/急性冠脉综合征急诊快速诊疗指南/急性冠脉综合征急诊快速诊疗指南_1.md
2026-05-30 22:41:59,502 [INFO] merge_service -   第2页: 急性冠脉综合征急诊快速诊疗指南_2.png → output/急性冠脉综合征急诊快速诊疗指南/急性冠脉综合征急诊快速诊疗指南_2.md
2026-05-30 22:41:59,502 [INFO] merge_service -   第3页: 急性冠脉综合征急诊快速诊疗指南_3.png → output/急性冠脉综合征急诊快速诊疗指南/急性冠脉综合征急诊快速诊疗指南_3.md
2026-05-30 22:41:59,502 [INFO] merge_service -   第4页: 急性冠脉综合征急诊快速诊疗指南_4.png → output/急性冠脉综合征急诊快速诊疗指南/急性冠脉综合征急诊快速诊疗指南_4.md
2026-05-30 22:41:59,502 [INFO] merge_service -   第5页: 急性冠脉综合征急诊快速诊疗指南_5.png → output/急性冠脉综合征急诊快速诊疗指南/急性冠脉综合征急诊快速诊疗指南_5.md
2026-05-30 22:41:59,502 [INFO] merge_service -   第6页: 急性冠脉综合征急诊快速诊疗指南_6.png → output/急性冠脉综合征急诊快速诊疗指南/急性冠脉综合征急诊快速诊疗指南_6.md
2026-05-30 22:41:59,502 [INFO] merge_service -   第7页: 急性冠脉综合征急诊快速诊疗指南_7.png → output/急性冠脉综合征急诊快速诊疗指南/急性冠脉综合征急诊快速诊疗指南_7.md
2026-05-30 22:41:59,502 [INFO] merge_service -   第8页: 急性冠脉综合征急诊快速诊疗指南_8.png → output/急性冠脉综合征急诊快速诊疗指南/急性冠脉综合征急诊快速诊疗指南_8.md
2026-05-30 22:41:59,523 [INFO] merge_service - 
==================================================
2026-05-30 22:41:59,523 [INFO] merge_service - [0aac8858-3574-4c6d-be3c-97d8bb78523c] 合并清洗完成!
2026-05-30 22:41:59,523 [INFO] merge_service -   合并文件: output/急性冠脉综合征急诊快速诊疗指南/急性冠脉综合征急诊快速诊疗指南_merged_output.md
2026-05-30 22:41:59,523 [INFO] merge_service -   有效页面: 7/8
2026-05-30 22:41:59,523 [INFO] merge_service -   总字符数: 17763
2026-05-30 22:41:59,523 [INFO] merge_service -   轮询耗时: 153.42s, 合并耗时: 0.02s
2026-05-30 22:41:59,523 [INFO] merge_service -   跳过页面（参考文献）: [7]
2026-05-30 22:41:59,523 [INFO] merge_service - ==================================================
