2026-05-30 21:57:20,340 [INFO] merge_service - ============================================================
2026-05-30 21:57:20,340 [INFO] merge_service - 合并+清洗服务 — 新任务
2026-05-30 21:57:20,340 [INFO] merge_service -   合并ID: 98ee24e8-8d2a-46a2-95eb-7f22549cb7c4
2026-05-30 21:57:20,340 [INFO] merge_service -   PDF名称: 医脉通】冠心病心脏康复基层指南（2020年） (原始: 医脉通】冠心病心脏康复基层指南（2020年）.pdf)
2026-05-30 21:57:20,340 [INFO] merge_service -   关联提取任务数: 16
2026-05-30 21:57:20,340 [INFO] merge_service -   输出目录: ./output
2026-05-30 21:57:20,340 [INFO] merge_service -   提取服务: http://localhost:8001
2026-05-30 21:57:20,340 [INFO] merge_service - ============================================================
2026-05-30 21:57:20,340 [INFO] merge_service - [Poll] 开始轮询 16 个提取任务...
2026-05-30 21:57:20,340 [INFO] merge_service - [Poll] 提取服务地址: http://localhost:8001
2026-05-30 21:57:20,340 [INFO] merge_service - [Poll] 轮询间隔: 3.0s, 最大等待: 3600.0s
2026-05-30 21:57:20,643 [INFO] merge_service - [Poll] 进度: 0/16 完成, 剩余 16 个任务仍在处理中...
2026-05-30 21:57:23,821 [INFO] merge_service - [Poll] 进度: 0/16 完成, 剩余 16 个任务仍在处理中...
2026-05-30 21:57:27,003 [INFO] merge_service - [Poll] 进度: 0/16 完成, 剩余 16 个任务仍在处理中...
2026-05-30 21:57:30,219 [INFO] merge_service - [Poll] 进度: 0/16 完成, 剩余 16 个任务仍在处理中...
2026-05-30 21:57:33,440 [INFO] merge_service - [Poll] 进度: 0/16 完成, 剩余 16 个任务仍在处理中...
2026-05-30 21:57:36,634 [INFO] merge_service - [Poll] 进度: 0/16 完成, 剩余 16 个任务仍在处理中...
2026-05-30 21:57:39,810 [INFO] merge_service - [Poll] 进度: 0/16 完成, 剩余 16 个任务仍在处理中...
2026-05-30 21:57:42,989 [INFO] merge_service - [Poll] 进度: 0/16 完成, 剩余 16 个任务仍在处理中...
2026-05-30 21:57:46,176 [INFO] merge_service - [Poll] 进度: 0/16 完成, 剩余 16 个任务仍在处理中...
2026-05-30 21:57:49,382 [INFO] merge_service - [Poll] 进度: 0/16 完成, 剩余 16 个任务仍在处理中...
2026-05-30 21:57:52,562 [INFO] merge_service - [Poll] 进度: 0/16 完成, 剩余 16 个任务仍在处理中...
2026-05-30 21:57:55,738 [INFO] merge_service - [Poll] 进度: 0/16 完成, 剩余 16 个任务仍在处理中...
2026-05-30 21:57:58,919 [INFO] merge_service - [Poll] 进度: 0/16 完成, 剩余 16 个任务仍在处理中...
2026-05-30 21:58:02,137 [INFO] merge_service - [Poll] 进度: 0/16 完成, 剩余 16 个任务仍在处理中...
2026-05-30 21:58:05,328 [INFO] merge_service - [Poll] 进度: 0/16 完成, 剩余 16 个任务仍在处理中...
2026-05-30 21:58:08,501 [INFO] merge_service - [Poll] 进度: 0/16 完成, 剩余 16 个任务仍在处理中...
2026-05-30 21:58:11,680 [INFO] merge_service - [Poll] 进度: 0/16 完成, 剩余 16 个任务仍在处理中...
2026-05-30 21:58:14,858 [INFO] merge_service - [Poll] 进度: 0/16 完成, 剩余 16 个任务仍在处理中...
2026-05-30 21:58:18,077 [INFO] merge_service - [Poll] 进度: 0/16 完成, 剩余 16 个任务仍在处理中...
2026-05-30 21:58:21,277 [INFO] merge_service - [Poll] 进度: 0/16 完成, 剩余 16 个任务仍在处理中...
2026-05-30 21:58:24,449 [INFO] merge_service - [Poll] 进度: 0/16 完成, 剩余 16 个任务仍在处理中...
2026-05-30 21:58:27,631 [INFO] merge_service - [Poll] 进度: 0/16 完成, 剩余 16 个任务仍在处理中...
2026-05-30 21:58:30,850 [INFO] merge_service - [Poll] 进度: 0/16 完成, 剩余 16 个任务仍在处理中...
2026-05-30 21:58:34,065 [INFO] merge_service - [Poll] 进度: 0/16 完成, 剩余 16 个任务仍在处理中...
2026-05-30 21:58:37,255 [INFO] merge_service - [Poll] 进度: 0/16 完成, 剩余 16 个任务仍在处理中...
2026-05-30 21:58:40,416 [INFO] merge_service - [Poll] 任务 ab9b4168-b512-4533-bdf7-a39c5f0b77e9 (【医脉通】冠心病心脏康复基层指南（2020年）_1.png) → completed [成功]
2026-05-30 21:58:40,426 [INFO] merge_service - [Poll] 进度: 1/16 完成, 剩余 15 个任务仍在处理中...
2026-05-30 21:58:43,596 [INFO] merge_service - [Poll] 进度: 1/16 完成, 剩余 15 个任务仍在处理中...
2026-05-30 21:58:46,783 [INFO] merge_service - [Poll] 进度: 1/16 完成, 剩余 15 个任务仍在处理中...
2026-05-30 21:58:49,976 [INFO] merge_service - [Poll] 进度: 1/16 完成, 剩余 15 个任务仍在处理中...
2026-05-30 21:58:53,139 [INFO] merge_service - [Poll] 进度: 1/16 完成, 剩余 15 个任务仍在处理中...
2026-05-30 21:58:56,304 [INFO] merge_service - [Poll] 进度: 1/16 完成, 剩余 15 个任务仍在处理中...
2026-05-30 21:58:59,510 [INFO] merge_service - [Poll] 进度: 1/16 完成, 剩余 15 个任务仍在处理中...
2026-05-30 21:59:02,696 [INFO] merge_service - [Poll] 进度: 1/16 完成, 剩余 15 个任务仍在处理中...
2026-05-30 21:59:05,857 [INFO] merge_service - [Poll] 进度: 1/16 完成, 剩余 15 个任务仍在处理中...
2026-05-30 21:59:09,024 [INFO] merge_service - [Poll] 进度: 1/16 完成, 剩余 15 个任务仍在处理中...
2026-05-30 21:59:12,231 [INFO] merge_service - [Poll] 进度: 1/16 完成, 剩余 15 个任务仍在处理中...
2026-05-30 21:59:15,416 [INFO] merge_service - [Poll] 进度: 1/16 完成, 剩余 15 个任务仍在处理中...
2026-05-30 21:59:18,580 [INFO] merge_service - [Poll] 进度: 1/16 完成, 剩余 15 个任务仍在处理中...
2026-05-30 21:59:21,743 [INFO] merge_service - [Poll] 进度: 1/16 完成, 剩余 15 个任务仍在处理中...
2026-05-30 21:59:24,819 [INFO] merge_service - [Poll] 任务 d49764bf-3ea2-4074-a12b-24f3ad44129d (【医脉通】冠心病心脏康复基层指南（2020年）_4.png) → completed [成功]
2026-05-30 21:59:24,942 [INFO] merge_service - [Poll] 进度: 2/16 完成, 剩余 14 个任务仍在处理中...
2026-05-30 21:59:28,033 [INFO] merge_service - [Poll] 任务 c039f19a-1c25-4060-9ad3-fdb5afbbb984 (【医脉通】冠心病心脏康复基层指南（2020年）_2.png) → completed [成功]
2026-05-30 21:59:28,136 [INFO] merge_service - [Poll] 进度: 3/16 完成, 剩余 13 个任务仍在处理中...
2026-05-30 21:59:31,290 [INFO] merge_service - [Poll] 进度: 3/16 完成, 剩余 13 个任务仍在处理中...
2026-05-30 21:59:34,303 [INFO] merge_service - [Poll] 任务 75376ba7-d5d4-4bb6-afba-76eedff48020 (【医脉通】冠心病心脏康复基层指南（2020年）_5.png) → completed [成功]
2026-05-30 21:59:34,432 [INFO] merge_service - [Poll] 进度: 4/16 完成, 剩余 12 个任务仍在处理中...
2026-05-30 21:59:37,480 [INFO] merge_service - [Poll] 任务 a81920ae-f1d7-4396-afd7-a46f9f30ea2d (【医脉通】冠心病心脏康复基层指南（2020年）_6.png) → completed [成功]
2026-05-30 21:59:37,573 [INFO] merge_service - [Poll] 进度: 5/16 完成, 剩余 11 个任务仍在处理中...
2026-05-30 21:59:40,665 [INFO] merge_service - [Poll] 任务 e8c70fda-b016-4320-bd7d-9ceaa9af043e (【医脉通】冠心病心脏康复基层指南（2020年）_3.png) → completed [成功]
2026-05-30 21:59:40,723 [INFO] merge_service - [Poll] 进度: 6/16 完成, 剩余 10 个任务仍在处理中...
2026-05-30 21:59:43,832 [INFO] merge_service - [Poll] 进度: 6/16 完成, 剩余 10 个任务仍在处理中...
2026-05-30 21:59:46,950 [INFO] merge_service - [Poll] 进度: 6/16 完成, 剩余 10 个任务仍在处理中...
2026-05-30 21:59:50,070 [INFO] merge_service - [Poll] 进度: 6/16 完成, 剩余 10 个任务仍在处理中...
2026-05-30 21:59:53,146 [INFO] merge_service - [Poll] 任务 22562125-61b5-4f9e-af73-ac6faf689a94 (【医脉通】冠心病心脏康复基层指南（2020年）_7.png) → completed [成功]
2026-05-30 21:59:53,180 [INFO] merge_service - [Poll] 进度: 7/16 完成, 剩余 9 个任务仍在处理中...
2026-05-30 21:59:56,323 [INFO] merge_service - [Poll] 进度: 7/16 完成, 剩余 9 个任务仍在处理中...
2026-05-30 21:59:59,424 [INFO] merge_service - [Poll] 任务 14b3a496-6205-48c7-82d0-be42cc4ea80d (【医脉通】冠心病心脏康复基层指南（2020年）_8.png) → completed [成功]
2026-05-30 21:59:59,435 [INFO] merge_service - [Poll] 进度: 8/16 完成, 剩余 8 个任务仍在处理中...
2026-05-30 22:00:02,524 [INFO] merge_service - [Poll] 进度: 8/16 完成, 剩余 8 个任务仍在处理中...
2026-05-30 22:00:05,641 [INFO] merge_service - [Poll] 进度: 8/16 完成, 剩余 8 个任务仍在处理中...
2026-05-30 22:00:08,730 [INFO] merge_service - [Poll] 进度: 8/16 完成, 剩余 8 个任务仍在处理中...
2026-05-30 22:00:11,827 [INFO] merge_service - [Poll] 进度: 8/16 完成, 剩余 8 个任务仍在处理中...
2026-05-30 22:00:14,924 [INFO] merge_service - [Poll] 进度: 8/16 完成, 剩余 8 个任务仍在处理中...
2026-05-30 22:00:18,015 [INFO] merge_service - [Poll] 进度: 8/16 完成, 剩余 8 个任务仍在处理中...
2026-05-30 22:00:21,111 [INFO] merge_service - [Poll] 进度: 8/16 完成, 剩余 8 个任务仍在处理中...
2026-05-30 22:00:24,199 [INFO] merge_service - [Poll] 进度: 8/16 完成, 剩余 8 个任务仍在处理中...
2026-05-30 22:00:27,329 [INFO] merge_service - [Poll] 进度: 8/16 完成, 剩余 8 个任务仍在处理中...
2026-05-30 22:00:30,423 [INFO] merge_service - [Poll] 进度: 8/16 完成, 剩余 8 个任务仍在处理中...
2026-05-30 22:00:33,514 [INFO] merge_service - [Poll] 进度: 8/16 完成, 剩余 8 个任务仍在处理中...
2026-05-30 22:00:36,615 [INFO] merge_service - [Poll] 进度: 8/16 完成, 剩余 8 个任务仍在处理中...
2026-05-30 22:00:39,704 [INFO] merge_service - [Poll] 任务 deeb52dc-4d32-4ae2-8bc0-c20debb801de (【医脉通】冠心病心脏康复基层指南（2020年）_13.png) → completed [成功]
2026-05-30 22:00:39,704 [INFO] merge_service - [Poll] 进度: 9/16 完成, 剩余 7 个任务仍在处理中...
2026-05-30 22:00:42,825 [INFO] merge_service - [Poll] 任务 01560a5b-a66d-45c6-9f52-5e0d3be4f699 (【医脉通】冠心病心脏康复基层指南（2020年）_11.png) → completed [成功]
2026-05-30 22:00:42,826 [INFO] merge_service - [Poll] 进度: 10/16 完成, 剩余 6 个任务仍在处理中...
2026-05-30 22:00:45,890 [INFO] merge_service - [Poll] 进度: 10/16 完成, 剩余 6 个任务仍在处理中...
2026-05-30 22:00:48,943 [INFO] merge_service - [Poll] 任务 903f05d6-c20a-444e-8f46-ad6660e0d113 (【医脉通】冠心病心脏康复基层指南（2020年）_12.png) → completed [成功]
2026-05-30 22:00:48,979 [INFO] merge_service - [Poll] 进度: 11/16 完成, 剩余 5 个任务仍在处理中...
2026-05-30 22:00:52,037 [INFO] merge_service - [Poll] 进度: 11/16 完成, 剩余 5 个任务仍在处理中...
2026-05-30 22:00:55,106 [INFO] merge_service - [Poll] 进度: 11/16 完成, 剩余 5 个任务仍在处理中...
2026-05-30 22:00:58,164 [INFO] merge_service - [Poll] 进度: 11/16 完成, 剩余 5 个任务仍在处理中...
2026-05-30 22:01:01,234 [INFO] merge_service - [Poll] 任务 a9e35a99-9ad9-427e-92f9-47df4830caeb (【医脉通】冠心病心脏康复基层指南（2020年）_15.png) → completed [成功]
2026-05-30 22:01:01,234 [INFO] merge_service - [Poll] 进度: 12/16 完成, 剩余 4 个任务仍在处理中...
2026-05-30 22:01:04,277 [INFO] merge_service - [Poll] 进度: 12/16 完成, 剩余 4 个任务仍在处理中...
2026-05-30 22:01:07,366 [INFO] merge_service - [Poll] 进度: 12/16 完成, 剩余 4 个任务仍在处理中...
2026-05-30 22:01:10,411 [INFO] merge_service - [Poll] 进度: 12/16 完成, 剩余 4 个任务仍在处理中...
2026-05-30 22:01:13,485 [INFO] merge_service - [Poll] 进度: 12/16 完成, 剩余 4 个任务仍在处理中...
2026-05-30 22:01:16,533 [INFO] merge_service - [Poll] 进度: 12/16 完成, 剩余 4 个任务仍在处理中...
2026-05-30 22:01:19,614 [INFO] merge_service - [Poll] 进度: 12/16 完成, 剩余 4 个任务仍在处理中...
2026-05-30 22:01:22,663 [INFO] merge_service - [Poll] 进度: 12/16 完成, 剩余 4 个任务仍在处理中...
2026-05-30 22:01:25,748 [INFO] merge_service - [Poll] 进度: 12/16 完成, 剩余 4 个任务仍在处理中...
2026-05-30 22:01:28,791 [INFO] merge_service - [Poll] 进度: 12/16 完成, 剩余 4 个任务仍在处理中...
2026-05-30 22:01:31,867 [INFO] merge_service - [Poll] 任务 91c8ffdc-bebf-4627-9fa8-38b02f57b1f8 (【医脉通】冠心病心脏康复基层指南（2020年）_10.png) → completed [成功]
2026-05-30 22:01:31,879 [INFO] merge_service - [Poll] 进度: 13/16 完成, 剩余 3 个任务仍在处理中...
2026-05-30 22:01:34,912 [INFO] merge_service - [Poll] 任务 998ef20f-1d9e-4759-af62-38cb777d7edd (【医脉通】冠心病心脏康复基层指南（2020年）_14.png) → completed [成功]
2026-05-30 22:01:34,912 [INFO] merge_service - [Poll] 进度: 14/16 完成, 剩余 2 个任务仍在处理中...
2026-05-30 22:01:37,967 [INFO] merge_service - [Poll] 进度: 14/16 完成, 剩余 2 个任务仍在处理中...
2026-05-30 22:01:40,990 [INFO] merge_service - [Poll] 进度: 14/16 完成, 剩余 2 个任务仍在处理中...
2026-05-30 22:01:44,016 [INFO] merge_service - [Poll] 任务 ecdd8113-f980-442d-bed0-0adbd04e8f46 (【医脉通】冠心病心脏康复基层指南（2020年）_9.png) → completed [成功]
2026-05-30 22:01:44,031 [INFO] merge_service - [Poll] 任务 075649ef-e66b-4e90-8251-3e1734e5df77 (【医脉通】冠心病心脏康复基层指南（2020年）_16.png) → completed [成功]
2026-05-30 22:01:44,031 [INFO] merge_service - [98ee24e8-8d2a-46a2-95eb-7f22549cb7c4] 所有提取任务已完成，开始合并清洗...
2026-05-30 22:01:44,031 [INFO] merge_service - [98ee24e8-8d2a-46a2-95eb-7f22549cb7c4] 合并顺序（按原图片文件名序号）:
2026-05-30 22:01:44,031 [INFO] merge_service -   第1页: 【医脉通】冠心病心脏康复基层指南（2020年）_1.png → output/医脉通】冠心病心脏康复基层指南（2020年）/医脉通】冠心病心脏康复基层指南（2020年）_1.md
2026-05-30 22:01:44,031 [INFO] merge_service -   第2页: 【医脉通】冠心病心脏康复基层指南（2020年）_2.png → output/医脉通】冠心病心脏康复基层指南（2020年）/医脉通】冠心病心脏康复基层指南（2020年）_2.md
2026-05-30 22:01:44,031 [INFO] merge_service -   第3页: 【医脉通】冠心病心脏康复基层指南（2020年）_3.png → output/医脉通】冠心病心脏康复基层指南（2020年）/医脉通】冠心病心脏康复基层指南（2020年）_3.md
2026-05-30 22:01:44,031 [INFO] merge_service -   第4页: 【医脉通】冠心病心脏康复基层指南（2020年）_4.png → output/医脉通】冠心病心脏康复基层指南（2020年）/医脉通】冠心病心脏康复基层指南（2020年）_4.md
2026-05-30 22:01:44,031 [INFO] merge_service -   第5页: 【医脉通】冠心病心脏康复基层指南（2020年）_5.png → output/医脉通】冠心病心脏康复基层指南（2020年）/医脉通】冠心病心脏康复基层指南（2020年）_5.md
2026-05-30 22:01:44,031 [INFO] merge_service -   第6页: 【医脉通】冠心病心脏康复基层指南（2020年）_6.png → output/医脉通】冠心病心脏康复基层指南（2020年）/医脉通】冠心病心脏康复基层指南（2020年）_6.md
2026-05-30 22:01:44,031 [INFO] merge_service -   第7页: 【医脉通】冠心病心脏康复基层指南（2020年）_7.png → output/医脉通】冠心病心脏康复基层指南（2020年）/医脉通】冠心病心脏康复基层指南（2020年）_7.md
2026-05-30 22:01:44,031 [INFO] merge_service -   第8页: 【医脉通】冠心病心脏康复基层指南（2020年）_8.png → output/医脉通】冠心病心脏康复基层指南（2020年）/医脉通】冠心病心脏康复基层指南（2020年）_8.md
2026-05-30 22:01:44,031 [INFO] merge_service -   第9页: 【医脉通】冠心病心脏康复基层指南（2020年）_9.png → output/医脉通】冠心病心脏康复基层指南（2020年）/医脉通】冠心病心脏康复基层指南（2020年）_9.md
2026-05-30 22:01:44,031 [INFO] merge_service -   第10页: 【医脉通】冠心病心脏康复基层指南（2020年）_10.png → output/医脉通】冠心病心脏康复基层指南（2020年）/医脉通】冠心病心脏康复基层指南（2020年）_10.md
2026-05-30 22:01:44,031 [INFO] merge_service -   第11页: 【医脉通】冠心病心脏康复基层指南（2020年）_11.png → output/医脉通】冠心病心脏康复基层指南（2020年）/医脉通】冠心病心脏康复基层指南（2020年）_11.md
2026-05-30 22:01:44,031 [INFO] merge_service -   第12页: 【医脉通】冠心病心脏康复基层指南（2020年）_12.png → output/医脉通】冠心病心脏康复基层指南（2020年）/医脉通】冠心病心脏康复基层指南（2020年）_12.md
2026-05-30 22:01:44,031 [INFO] merge_service -   第13页: 【医脉通】冠心病心脏康复基层指南（2020年）_13.png → output/医脉通】冠心病心脏康复基层指南（2020年）/医脉通】冠心病心脏康复基层指南（2020年）_13.md
2026-05-30 22:01:44,031 [INFO] merge_service -   第14页: 【医脉通】冠心病心脏康复基层指南（2020年）_14.png → output/医脉通】冠心病心脏康复基层指南（2020年）/医脉通】冠心病心脏康复基层指南（2020年）_14.md
2026-05-30 22:01:44,031 [INFO] merge_service -   第15页: 【医脉通】冠心病心脏康复基层指南（2020年）_15.png → output/医脉通】冠心病心脏康复基层指南（2020年）/医脉通】冠心病心脏康复基层指南（2020年）_15.md
2026-05-30 22:01:44,031 [INFO] merge_service -   第16页: 【医脉通】冠心病心脏康复基层指南（2020年）_16.png → output/医脉通】冠心病心脏康复基层指南（2020年）/医脉通】冠心病心脏康复基层指南（2020年）_16.md
2026-05-30 22:01:44,061 [INFO] merge_service - 
==================================================
2026-05-30 22:01:44,061 [INFO] merge_service - [98ee24e8-8d2a-46a2-95eb-7f22549cb7c4] 合并清洗完成!
2026-05-30 22:01:44,061 [INFO] merge_service -   合并文件: output/医脉通】冠心病心脏康复基层指南（2020年）/医脉通】冠心病心脏康复基层指南（2020年）_merged_output.md
2026-05-30 22:01:44,061 [INFO] merge_service -   有效页面: 16/16
2026-05-30 22:01:44,061 [INFO] merge_service -   总字符数: 34579
2026-05-30 22:01:44,061 [INFO] merge_service -   轮询耗时: 263.69s, 合并耗时: 0.03s
2026-05-30 22:01:44,061 [INFO] merge_service - ==================================================
