2026-05-31 21:57:58,218 [INFO] merge_service - ============================================================
2026-05-31 21:57:58,218 [INFO] merge_service - 合并+清洗服务 — 新任务
2026-05-31 21:57:58,218 [INFO] merge_service -   合并ID: 36a844ca-d8ca-44f8-bb4d-cc6846e35086
2026-05-31 21:57:58,218 [INFO] merge_service -   PDF名称: 医脉通】血小板糖蛋白Ⅱb／Ⅲa+受体拮抗剂在冠状动脉粥样硬化性心脏病治疗的中国专家共识(2016) (原始: 医脉通】血小板糖蛋白Ⅱb／Ⅲa+受体拮抗剂在冠状动脉粥样硬化性心脏病治疗的中国专家共识(2016).pdf)
2026-05-31 21:57:58,218 [INFO] merge_service -   关联提取任务数: 10
2026-05-31 21:57:58,218 [INFO] merge_service -   输出目录: ./output
2026-05-31 21:57:58,219 [INFO] merge_service -   提取服务: http://localhost:8001
2026-05-31 21:57:58,219 [INFO] merge_service - ============================================================
2026-05-31 21:57:58,219 [INFO] merge_service - [Poll] 开始轮询 10 个提取任务...
2026-05-31 21:57:58,219 [INFO] merge_service - [Poll] 提取服务地址: http://localhost:8001
2026-05-31 21:57:58,219 [INFO] merge_service - [Poll] 轮询间隔: 3.0s, 最大等待: 3600.0s
2026-05-31 21:57:58,386 [INFO] merge_service - [Poll] 进度: 0/10 完成, 剩余 10 个任务仍在处理中...
2026-05-31 21:58:01,542 [INFO] merge_service - [Poll] 进度: 0/10 完成, 剩余 10 个任务仍在处理中...
2026-05-31 21:58:04,699 [INFO] merge_service - [Poll] 进度: 0/10 完成, 剩余 10 个任务仍在处理中...
2026-05-31 21:58:07,813 [INFO] merge_service - [Poll] 进度: 0/10 完成, 剩余 10 个任务仍在处理中...
2026-05-31 21:58:10,963 [INFO] merge_service - [Poll] 进度: 0/10 完成, 剩余 10 个任务仍在处理中...
2026-05-31 21:58:14,075 [INFO] merge_service - [Poll] 进度: 0/10 完成, 剩余 10 个任务仍在处理中...
2026-05-31 21:58:17,190 [INFO] merge_service - [Poll] 进度: 0/10 完成, 剩余 10 个任务仍在处理中...
2026-05-31 21:58:20,342 [INFO] merge_service - [Poll] 进度: 0/10 完成, 剩余 10 个任务仍在处理中...
2026-05-31 21:58:23,463 [INFO] merge_service - [Poll] 进度: 0/10 完成, 剩余 10 个任务仍在处理中...
2026-05-31 21:58:26,576 [INFO] merge_service - [Poll] 进度: 0/10 完成, 剩余 10 个任务仍在处理中...
2026-05-31 21:58:29,714 [INFO] merge_service - [Poll] 进度: 0/10 完成, 剩余 10 个任务仍在处理中...
2026-05-31 21:58:32,824 [INFO] merge_service - [Poll] 进度: 0/10 完成, 剩余 10 个任务仍在处理中...
2026-05-31 21:58:35,939 [INFO] merge_service - [Poll] 进度: 0/10 完成, 剩余 10 个任务仍在处理中...
2026-05-31 21:58:39,076 [INFO] merge_service - [Poll] 进度: 0/10 完成, 剩余 10 个任务仍在处理中...
2026-05-31 21:58:42,185 [INFO] merge_service - [Poll] 进度: 0/10 完成, 剩余 10 个任务仍在处理中...
2026-05-31 21:58:45,303 [INFO] merge_service - [Poll] 进度: 0/10 完成, 剩余 10 个任务仍在处理中...
2026-05-31 21:58:48,422 [INFO] merge_service - [Poll] 进度: 0/10 完成, 剩余 10 个任务仍在处理中...
2026-05-31 21:58:51,532 [INFO] merge_service - [Poll] 进度: 0/10 完成, 剩余 10 个任务仍在处理中...
2026-05-31 21:58:54,689 [INFO] merge_service - [Poll] 进度: 0/10 完成, 剩余 10 个任务仍在处理中...
2026-05-31 21:58:57,806 [INFO] merge_service - [Poll] 进度: 0/10 完成, 剩余 10 个任务仍在处理中...
2026-05-31 21:59:00,915 [INFO] merge_service - [Poll] 进度: 0/10 完成, 剩余 10 个任务仍在处理中...
2026-05-31 21:59:03,940 [INFO] merge_service - [Poll] 任务 ba684c4f-210c-4f05-9af9-a7d152b88615 (【医脉通】血小板糖蛋白Ⅱb／Ⅲa+受体拮抗剂在冠状动脉粥样硬化性心脏病治疗的中国专家共识(2016)_1.png) → completed [成功]
2026-05-31 21:59:04,037 [INFO] merge_service - [Poll] 进度: 1/10 完成, 剩余 9 个任务仍在处理中...
2026-05-31 21:59:07,151 [INFO] merge_service - [Poll] 进度: 1/10 完成, 剩余 9 个任务仍在处理中...
2026-05-31 21:59:10,249 [INFO] merge_service - [Poll] 进度: 1/10 完成, 剩余 9 个任务仍在处理中...
2026-05-31 21:59:13,405 [INFO] merge_service - [Poll] 进度: 1/10 完成, 剩余 9 个任务仍在处理中...
2026-05-31 21:59:16,513 [INFO] merge_service - [Poll] 进度: 1/10 完成, 剩余 9 个任务仍在处理中...
2026-05-31 21:59:19,621 [INFO] merge_service - [Poll] 进度: 1/10 完成, 剩余 9 个任务仍在处理中...
2026-05-31 21:59:22,730 [INFO] merge_service - [Poll] 任务 28e44e99-4a56-4d5d-84e9-118417b85ae9 (【医脉通】血小板糖蛋白Ⅱb／Ⅲa+受体拮抗剂在冠状动脉粥样硬化性心脏病治疗的中国专家共识(2016)_5.png) → completed [成功]
2026-05-31 21:59:22,763 [INFO] merge_service - [Poll] 进度: 2/10 完成, 剩余 8 个任务仍在处理中...
2026-05-31 21:59:25,857 [INFO] merge_service - [Poll] 进度: 2/10 完成, 剩余 8 个任务仍在处理中...
2026-05-31 21:59:28,971 [INFO] merge_service - [Poll] 进度: 2/10 完成, 剩余 8 个任务仍在处理中...
2026-05-31 21:59:32,049 [INFO] merge_service - [Poll] 任务 3c600f5c-66d2-4ca9-b2c8-6f24a8b5f9d4 (【医脉通】血小板糖蛋白Ⅱb／Ⅲa+受体拮抗剂在冠状动脉粥样硬化性心脏病治疗的中国专家共识(2016)_6.png) → completed [成功]
2026-05-31 21:59:32,059 [INFO] merge_service - [Poll] 进度: 3/10 完成, 剩余 7 个任务仍在处理中...
2026-05-31 21:59:35,146 [INFO] merge_service - [Poll] 进度: 3/10 完成, 剩余 7 个任务仍在处理中...
2026-05-31 21:59:38,186 [INFO] merge_service - [Poll] 任务 54b23084-7c25-45f9-bfbf-1e7412dedd53 (【医脉通】血小板糖蛋白Ⅱb／Ⅲa+受体拮抗剂在冠状动脉粥样硬化性心脏病治疗的中国专家共识(2016)_8.png) → completed [成功]
2026-05-31 21:59:38,240 [INFO] merge_service - [Poll] 进度: 4/10 完成, 剩余 6 个任务仍在处理中...
2026-05-31 21:59:41,299 [INFO] merge_service - [Poll] 任务 e5592b87-2188-4a9e-a0f7-a9b22cad7446 (【医脉通】血小板糖蛋白Ⅱb／Ⅲa+受体拮抗剂在冠状动脉粥样硬化性心脏病治疗的中国专家共识(2016)_10.png) → completed [成功]
2026-05-31 21:59:41,324 [INFO] merge_service - [Poll] 进度: 5/10 完成, 剩余 5 个任务仍在处理中...
2026-05-31 21:59:44,398 [INFO] merge_service - [Poll] 进度: 5/10 完成, 剩余 5 个任务仍在处理中...
2026-05-31 21:59:47,459 [INFO] merge_service - [Poll] 进度: 5/10 完成, 剩余 5 个任务仍在处理中...
2026-05-31 21:59:50,528 [INFO] merge_service - [Poll] 进度: 5/10 完成, 剩余 5 个任务仍在处理中...
2026-05-31 21:59:53,586 [INFO] merge_service - [Poll] 进度: 5/10 完成, 剩余 5 个任务仍在处理中...
2026-05-31 21:59:56,687 [INFO] merge_service - [Poll] 进度: 5/10 完成, 剩余 5 个任务仍在处理中...
2026-05-31 21:59:59,747 [INFO] merge_service - [Poll] 进度: 5/10 完成, 剩余 5 个任务仍在处理中...
2026-05-31 22:00:02,795 [INFO] merge_service - [Poll] 任务 b4e0b673-59ec-46c4-898a-00c9e03318a2 (【医脉通】血小板糖蛋白Ⅱb／Ⅲa+受体拮抗剂在冠状动脉粥样硬化性心脏病治疗的中国专家共识(2016)_9.png) → completed [成功]
2026-05-31 22:00:02,805 [INFO] merge_service - [Poll] 进度: 6/10 完成, 剩余 4 个任务仍在处理中...
2026-05-31 22:00:05,892 [INFO] merge_service - [Poll] 进度: 6/10 完成, 剩余 4 个任务仍在处理中...
2026-05-31 22:00:08,937 [INFO] merge_service - [Poll] 进度: 6/10 完成, 剩余 4 个任务仍在处理中...
2026-05-31 22:00:11,994 [INFO] merge_service - [Poll] 进度: 6/10 完成, 剩余 4 个任务仍在处理中...
2026-05-31 22:00:15,041 [INFO] merge_service - [Poll] 进度: 6/10 完成, 剩余 4 个任务仍在处理中...
2026-05-31 22:00:18,089 [INFO] merge_service - [Poll] 进度: 6/10 完成, 剩余 4 个任务仍在处理中...
2026-05-31 22:00:21,170 [INFO] merge_service - [Poll] 进度: 6/10 完成, 剩余 4 个任务仍在处理中...
2026-05-31 22:00:24,215 [INFO] merge_service - [Poll] 进度: 6/10 完成, 剩余 4 个任务仍在处理中...
2026-05-31 22:00:27,301 [INFO] merge_service - [Poll] 进度: 6/10 完成, 剩余 4 个任务仍在处理中...
2026-05-31 22:00:30,316 [INFO] merge_service - [Poll] 任务 cd6128fe-475d-4eb1-bf83-bedd2d4f7f36 (【医脉通】血小板糖蛋白Ⅱb／Ⅲa+受体拮抗剂在冠状动脉粥样硬化性心脏病治疗的中国专家共识(2016)_2.png) → completed [成功]
2026-05-31 22:00:30,347 [INFO] merge_service - [Poll] 进度: 7/10 完成, 剩余 3 个任务仍在处理中...
2026-05-31 22:00:33,418 [INFO] merge_service - [Poll] 进度: 7/10 完成, 剩余 3 个任务仍在处理中...
2026-05-31 22:00:36,452 [INFO] merge_service - [Poll] 进度: 7/10 完成, 剩余 3 个任务仍在处理中...
2026-05-31 22:00:39,486 [INFO] merge_service - [Poll] 任务 3db7c3a8-771a-47bf-8daa-4927f486e72f (【医脉通】血小板糖蛋白Ⅱb／Ⅲa+受体拮抗剂在冠状动脉粥样硬化性心脏病治疗的中国专家共识(2016)_7.png) → completed [成功]
2026-05-31 22:00:39,516 [INFO] merge_service - [Poll] 任务 f5f77c43-04f6-47bb-9d68-ba5dee5ecfbf (【医脉通】血小板糖蛋白Ⅱb／Ⅲa+受体拮抗剂在冠状动脉粥样硬化性心脏病治疗的中国专家共识(2016)_4.png) → completed [成功]
2026-05-31 22:00:39,516 [INFO] merge_service - [Poll] 进度: 9/10 完成, 剩余 1 个任务仍在处理中...
2026-05-31 22:00:42,528 [INFO] merge_service - [Poll] 进度: 9/10 完成, 剩余 1 个任务仍在处理中...
2026-05-31 22:00:45,552 [INFO] merge_service - [Poll] 进度: 9/10 完成, 剩余 1 个任务仍在处理中...
2026-05-31 22:00:48,567 [INFO] merge_service - [Poll] 进度: 9/10 完成, 剩余 1 个任务仍在处理中...
2026-05-31 22:00:51,580 [INFO] merge_service - [Poll] 进度: 9/10 完成, 剩余 1 个任务仍在处理中...
2026-05-31 22:00:54,609 [INFO] merge_service - [Poll] 进度: 9/10 完成, 剩余 1 个任务仍在处理中...
2026-05-31 22:00:57,622 [INFO] merge_service - [Poll] 进度: 9/10 完成, 剩余 1 个任务仍在处理中...
2026-05-31 22:01:00,636 [INFO] merge_service - [Poll] 进度: 9/10 完成, 剩余 1 个任务仍在处理中...
2026-05-31 22:01:03,677 [INFO] merge_service - [Poll] 进度: 9/10 完成, 剩余 1 个任务仍在处理中...
2026-05-31 22:01:06,690 [INFO] merge_service - [Poll] 任务 b108911a-1c88-4761-aaf3-0df69fc1581f (【医脉通】血小板糖蛋白Ⅱb／Ⅲa+受体拮抗剂在冠状动脉粥样硬化性心脏病治疗的中国专家共识(2016)_3.png) → completed [成功]
2026-05-31 22:01:06,690 [INFO] merge_service - [36a844ca-d8ca-44f8-bb4d-cc6846e35086] 所有提取任务已完成，开始合并清洗...
2026-05-31 22:01:06,690 [INFO] merge_service - [36a844ca-d8ca-44f8-bb4d-cc6846e35086] 合并顺序（按原图片文件名序号）:
2026-05-31 22:01:06,690 [INFO] merge_service -   第1页: 【医脉通】血小板糖蛋白Ⅱb／Ⅲa+受体拮抗剂在冠状动脉粥样硬化性心脏病治疗的中国专家共识(2016)_1.png → output/医脉通】血小板糖蛋白Ⅱb／Ⅲa+受体拮抗剂在冠状动脉粥样硬化性心脏病治疗的中国专家共识(2016)/医脉通】血小板糖蛋白Ⅱb／Ⅲa+受体拮抗剂在冠状动脉粥样硬化性心脏病治疗的中国专家共识(2016)_1.md
2026-05-31 22:01:06,690 [INFO] merge_service -   第2页: 【医脉通】血小板糖蛋白Ⅱb／Ⅲa+受体拮抗剂在冠状动脉粥样硬化性心脏病治疗的中国专家共识(2016)_2.png → output/医脉通】血小板糖蛋白Ⅱb／Ⅲa+受体拮抗剂在冠状动脉粥样硬化性心脏病治疗的中国专家共识(2016)/医脉通】血小板糖蛋白Ⅱb／Ⅲa+受体拮抗剂在冠状动脉粥样硬化性心脏病治疗的中国专家共识(2016)_2.md
2026-05-31 22:01:06,690 [INFO] merge_service -   第3页: 【医脉通】血小板糖蛋白Ⅱb／Ⅲa+受体拮抗剂在冠状动脉粥样硬化性心脏病治疗的中国专家共识(2016)_3.png → output/医脉通】血小板糖蛋白Ⅱb／Ⅲa+受体拮抗剂在冠状动脉粥样硬化性心脏病治疗的中国专家共识(2016)/医脉通】血小板糖蛋白Ⅱb／Ⅲa+受体拮抗剂在冠状动脉粥样硬化性心脏病治疗的中国专家共识(2016)_3.md
2026-05-31 22:01:06,690 [INFO] merge_service -   第4页: 【医脉通】血小板糖蛋白Ⅱb／Ⅲa+受体拮抗剂在冠状动脉粥样硬化性心脏病治疗的中国专家共识(2016)_4.png → output/医脉通】血小板糖蛋白Ⅱb／Ⅲa+受体拮抗剂在冠状动脉粥样硬化性心脏病治疗的中国专家共识(2016)/医脉通】血小板糖蛋白Ⅱb／Ⅲa+受体拮抗剂在冠状动脉粥样硬化性心脏病治疗的中国专家共识(2016)_4.md
2026-05-31 22:01:06,690 [INFO] merge_service -   第5页: 【医脉通】血小板糖蛋白Ⅱb／Ⅲa+受体拮抗剂在冠状动脉粥样硬化性心脏病治疗的中国专家共识(2016)_5.png → output/医脉通】血小板糖蛋白Ⅱb／Ⅲa+受体拮抗剂在冠状动脉粥样硬化性心脏病治疗的中国专家共识(2016)/医脉通】血小板糖蛋白Ⅱb／Ⅲa+受体拮抗剂在冠状动脉粥样硬化性心脏病治疗的中国专家共识(2016)_5.md
2026-05-31 22:01:06,690 [INFO] merge_service -   第6页: 【医脉通】血小板糖蛋白Ⅱb／Ⅲa+受体拮抗剂在冠状动脉粥样硬化性心脏病治疗的中国专家共识(2016)_6.png → output/医脉通】血小板糖蛋白Ⅱb／Ⅲa+受体拮抗剂在冠状动脉粥样硬化性心脏病治疗的中国专家共识(2016)/医脉通】血小板糖蛋白Ⅱb／Ⅲa+受体拮抗剂在冠状动脉粥样硬化性心脏病治疗的中国专家共识(2016)_6.md
2026-05-31 22:01:06,690 [INFO] merge_service -   第7页: 【医脉通】血小板糖蛋白Ⅱb／Ⅲa+受体拮抗剂在冠状动脉粥样硬化性心脏病治疗的中国专家共识(2016)_7.png → output/医脉通】血小板糖蛋白Ⅱb／Ⅲa+受体拮抗剂在冠状动脉粥样硬化性心脏病治疗的中国专家共识(2016)/医脉通】血小板糖蛋白Ⅱb／Ⅲa+受体拮抗剂在冠状动脉粥样硬化性心脏病治疗的中国专家共识(2016)_7.md
2026-05-31 22:01:06,690 [INFO] merge_service -   第8页: 【医脉通】血小板糖蛋白Ⅱb／Ⅲa+受体拮抗剂在冠状动脉粥样硬化性心脏病治疗的中国专家共识(2016)_8.png → output/医脉通】血小板糖蛋白Ⅱb／Ⅲa+受体拮抗剂在冠状动脉粥样硬化性心脏病治疗的中国专家共识(2016)/医脉通】血小板糖蛋白Ⅱb／Ⅲa+受体拮抗剂在冠状动脉粥样硬化性心脏病治疗的中国专家共识(2016)_8.md
2026-05-31 22:01:06,690 [INFO] merge_service -   第9页: 【医脉通】血小板糖蛋白Ⅱb／Ⅲa+受体拮抗剂在冠状动脉粥样硬化性心脏病治疗的中国专家共识(2016)_9.png → output/医脉通】血小板糖蛋白Ⅱb／Ⅲa+受体拮抗剂在冠状动脉粥样硬化性心脏病治疗的中国专家共识(2016)/医脉通】血小板糖蛋白Ⅱb／Ⅲa+受体拮抗剂在冠状动脉粥样硬化性心脏病治疗的中国专家共识(2016)_9.md
2026-05-31 22:01:06,690 [INFO] merge_service -   第10页: 【医脉通】血小板糖蛋白Ⅱb／Ⅲa+受体拮抗剂在冠状动脉粥样硬化性心脏病治疗的中国专家共识(2016)_10.png → output/医脉通】血小板糖蛋白Ⅱb／Ⅲa+受体拮抗剂在冠状动脉粥样硬化性心脏病治疗的中国专家共识(2016)/医脉通】血小板糖蛋白Ⅱb／Ⅲa+受体拮抗剂在冠状动脉粥样硬化性心脏病治疗的中国专家共识(2016)_10.md
2026-05-31 22:01:06,702 [INFO] merge_service - 
==================================================
2026-05-31 22:01:06,702 [INFO] merge_service - [36a844ca-d8ca-44f8-bb4d-cc6846e35086] 合并清洗完成!
2026-05-31 22:01:06,702 [INFO] merge_service -   合并文件: output/医脉通】血小板糖蛋白Ⅱb／Ⅲa+受体拮抗剂在冠状动脉粥样硬化性心脏病治疗的中国专家共识(2016)/医脉通】血小板糖蛋白Ⅱb／Ⅲa+受体拮抗剂在冠状动脉粥样硬化性心脏病治疗的中国专家共识(2016)_merged_output.md
2026-05-31 22:01:06,702 [INFO] merge_service -   有效页面: 9/10
2026-05-31 22:01:06,702 [INFO] merge_service -   总字符数: 20816
2026-05-31 22:01:06,702 [INFO] merge_service -   轮询耗时: 188.47s, 合并耗时: 0.01s
2026-05-31 22:01:06,702 [INFO] merge_service -   跳过页面（参考文献）: [10]
2026-05-31 22:01:06,702 [INFO] merge_service - ==================================================
