2026-05-24 21:29:44,028 [INFO] merge_service - ============================================================
2026-05-24 21:29:44,028 [INFO] merge_service - 合并+清洗服务 — 新任务
2026-05-24 21:29:44,028 [INFO] merge_service -   合并ID: 815c1a92-d453-46d8-82a3-fceb0c9ac6b5
2026-05-24 21:29:44,028 [INFO] merge_service -   PDF名称: 急性ST段抬高型心肌梗死诊断和治疗指南2019 (原始: 急性ST段抬高型心肌梗死诊断和治疗指南2019.pdf)
2026-05-24 21:29:44,028 [INFO] merge_service -   关联提取任务数: 18
2026-05-24 21:29:44,028 [INFO] merge_service -   输出目录: ./output
2026-05-24 21:29:44,028 [INFO] merge_service -   提取服务: http://localhost:8001
2026-05-24 21:29:44,028 [INFO] merge_service - ============================================================
2026-05-24 21:29:44,029 [INFO] merge_service - [Poll] 开始轮询 18 个提取任务...
2026-05-24 21:29:44,029 [INFO] merge_service - [Poll] 提取服务地址: http://localhost:8001
2026-05-24 21:29:44,029 [INFO] merge_service - [Poll] 轮询间隔: 3.0s, 最大等待: 3600.0s
2026-05-24 21:29:44,294 [INFO] merge_service - [Poll] 进度: 0/18 完成, 剩余 18 个任务仍在处理中...
2026-05-24 21:29:47,494 [INFO] merge_service - [Poll] 进度: 0/18 完成, 剩余 18 个任务仍在处理中...
2026-05-24 21:29:50,694 [INFO] merge_service - [Poll] 进度: 0/18 完成, 剩余 18 个任务仍在处理中...
2026-05-24 21:29:53,907 [INFO] merge_service - [Poll] 进度: 0/18 完成, 剩余 18 个任务仍在处理中...
2026-05-24 21:29:57,137 [INFO] merge_service - [Poll] 进度: 0/18 完成, 剩余 18 个任务仍在处理中...
2026-05-24 21:30:00,371 [INFO] merge_service - [Poll] 进度: 0/18 完成, 剩余 18 个任务仍在处理中...
2026-05-24 21:30:03,598 [INFO] merge_service - [Poll] 进度: 0/18 完成, 剩余 18 个任务仍在处理中...
2026-05-24 21:30:06,823 [INFO] merge_service - [Poll] 进度: 0/18 完成, 剩余 18 个任务仍在处理中...
2026-05-24 21:30:10,047 [INFO] merge_service - [Poll] 进度: 0/18 完成, 剩余 18 个任务仍在处理中...
2026-05-24 21:30:13,256 [INFO] merge_service - [Poll] 进度: 0/18 完成, 剩余 18 个任务仍在处理中...
2026-05-24 21:30:16,460 [INFO] merge_service - [Poll] 进度: 0/18 完成, 剩余 18 个任务仍在处理中...
2026-05-24 21:30:19,659 [INFO] merge_service - [Poll] 进度: 0/18 完成, 剩余 18 个任务仍在处理中...
2026-05-24 21:30:22,855 [INFO] merge_service - [Poll] 进度: 0/18 完成, 剩余 18 个任务仍在处理中...
2026-05-24 21:30:26,052 [INFO] merge_service - [Poll] 进度: 0/18 完成, 剩余 18 个任务仍在处理中...
2026-05-24 21:30:29,263 [INFO] merge_service - [Poll] 进度: 0/18 完成, 剩余 18 个任务仍在处理中...
2026-05-24 21:30:32,492 [INFO] merge_service - [Poll] 进度: 0/18 完成, 剩余 18 个任务仍在处理中...
2026-05-24 21:30:35,530 [INFO] merge_service - [Poll] 任务 237ee13f-b28c-4667-99de-1fe0dc15bd9b (急性ST段抬高型心肌梗死诊断和治疗指南2019_1.png) → completed [成功]
2026-05-24 21:30:35,736 [INFO] merge_service - [Poll] 进度: 1/18 完成, 剩余 17 个任务仍在处理中...
2026-05-24 21:30:38,940 [INFO] merge_service - [Poll] 进度: 1/18 完成, 剩余 17 个任务仍在处理中...
2026-05-24 21:30:42,124 [INFO] merge_service - [Poll] 进度: 1/18 完成, 剩余 17 个任务仍在处理中...
2026-05-24 21:30:45,320 [INFO] merge_service - [Poll] 进度: 1/18 完成, 剩余 17 个任务仍在处理中...
2026-05-24 21:30:48,490 [INFO] merge_service - [Poll] 任务 2a292360-96d4-47f4-bdde-aec589472b31 (急性ST段抬高型心肌梗死诊断和治疗指南2019_7.png) → completed [成功]
2026-05-24 21:30:48,534 [INFO] merge_service - [Poll] 进度: 2/18 完成, 剩余 16 个任务仍在处理中...
2026-05-24 21:30:51,707 [INFO] merge_service - [Poll] 进度: 2/18 完成, 剩余 16 个任务仍在处理中...
2026-05-24 21:30:54,775 [INFO] merge_service - [Poll] 任务 217657e9-8639-4f15-bb2f-b06affea0dd5 (急性ST段抬高型心肌梗死诊断和治疗指南2019_3.png) → completed [成功]
2026-05-24 21:30:54,862 [INFO] merge_service - [Poll] 任务 12d4db4f-78ab-4677-be34-a9c3a9be935a (急性ST段抬高型心肌梗死诊断和治疗指南2019_5.png) → completed [成功]
2026-05-24 21:30:54,872 [INFO] merge_service - [Poll] 任务 cee7116b-6c1a-4a88-8304-18fe6d33b78c (急性ST段抬高型心肌梗死诊断和治疗指南2019_4.png) → completed [成功]
2026-05-24 21:30:54,883 [INFO] merge_service - [Poll] 进度: 5/18 完成, 剩余 13 个任务仍在处理中...
2026-05-24 21:30:57,972 [INFO] merge_service - [Poll] 任务 deda68e3-1e1b-4a48-946f-f482af70ec1d (急性ST段抬高型心肌梗死诊断和治疗指南2019_8.png) → completed [成功]
2026-05-24 21:30:58,028 [INFO] merge_service - [Poll] 任务 882411e9-53f1-45ca-a1cc-76721b9979a9 (急性ST段抬高型心肌梗死诊断和治疗指南2019_6.png) → completed [成功]
2026-05-24 21:30:58,076 [INFO] merge_service - [Poll] 进度: 7/18 完成, 剩余 11 个任务仍在处理中...
2026-05-24 21:31:01,201 [INFO] merge_service - [Poll] 进度: 7/18 完成, 剩余 11 个任务仍在处理中...
2026-05-24 21:31:04,330 [INFO] merge_service - [Poll] 进度: 7/18 完成, 剩余 11 个任务仍在处理中...
2026-05-24 21:31:07,458 [INFO] merge_service - [Poll] 进度: 7/18 完成, 剩余 11 个任务仍在处理中...
2026-05-24 21:31:10,585 [INFO] merge_service - [Poll] 进度: 7/18 完成, 剩余 11 个任务仍在处理中...
2026-05-24 21:31:13,707 [INFO] merge_service - [Poll] 进度: 7/18 完成, 剩余 11 个任务仍在处理中...
2026-05-24 21:31:16,855 [INFO] merge_service - [Poll] 进度: 7/18 完成, 剩余 11 个任务仍在处理中...
2026-05-24 21:31:19,977 [INFO] merge_service - [Poll] 进度: 7/18 完成, 剩余 11 个任务仍在处理中...
2026-05-24 21:31:23,151 [INFO] merge_service - [Poll] 进度: 7/18 完成, 剩余 11 个任务仍在处理中...
2026-05-24 21:31:26,273 [INFO] merge_service - [Poll] 进度: 7/18 完成, 剩余 11 个任务仍在处理中...
2026-05-24 21:31:29,436 [INFO] merge_service - [Poll] 进度: 7/18 完成, 剩余 11 个任务仍在处理中...
2026-05-24 21:31:32,489 [INFO] merge_service - [Poll] 任务 d39f7acc-7dbf-490f-8ad7-4b52ca8590b5 (急性ST段抬高型心肌梗死诊断和治疗指南2019_9.png) → completed [成功]
2026-05-24 21:31:32,574 [INFO] merge_service - [Poll] 进度: 8/18 完成, 剩余 10 个任务仍在处理中...
2026-05-24 21:31:35,672 [INFO] merge_service - [Poll] 任务 ad2981e2-d915-451c-9c4d-a4bea1ce2e2d (急性ST段抬高型心肌梗死诊断和治疗指南2019_2.png) → completed [成功]
2026-05-24 21:31:35,694 [INFO] merge_service - [Poll] 进度: 9/18 完成, 剩余 9 个任务仍在处理中...
2026-05-24 21:31:38,795 [INFO] merge_service - [Poll] 进度: 9/18 完成, 剩余 9 个任务仍在处理中...
2026-05-24 21:31:41,912 [INFO] merge_service - [Poll] 进度: 9/18 完成, 剩余 9 个任务仍在处理中...
2026-05-24 21:31:44,946 [INFO] merge_service - [Poll] 任务 40b3823c-9f11-47ea-a9cf-f67372e08e56 (急性ST段抬高型心肌梗死诊断和治疗指南2019_14.png) → completed [成功]
2026-05-24 21:31:44,967 [INFO] merge_service - [Poll] 任务 87281508-3104-4d18-b632-853622282621 (急性ST段抬高型心肌梗死诊断和治疗指南2019_10.png) → completed [成功]
2026-05-24 21:31:45,027 [INFO] merge_service - [Poll] 进度: 11/18 完成, 剩余 7 个任务仍在处理中...
2026-05-24 21:31:48,128 [INFO] merge_service - [Poll] 任务 7a6bc61a-a3a5-4233-a950-c437a0d3c30e (急性ST段抬高型心肌梗死诊断和治疗指南2019_13.png) → completed [成功]
2026-05-24 21:31:48,150 [INFO] merge_service - [Poll] 进度: 12/18 完成, 剩余 6 个任务仍在处理中...
2026-05-24 21:31:51,172 [INFO] merge_service - [Poll] 任务 4fe020ea-3636-4f5e-a5f7-de4f21c30521 (急性ST段抬高型心肌梗死诊断和治疗指南2019_17.png) → completed [成功]
2026-05-24 21:31:51,217 [INFO] merge_service - [Poll] 进度: 13/18 完成, 剩余 5 个任务仍在处理中...
2026-05-24 21:31:54,262 [INFO] merge_service - [Poll] 任务 89dfcf71-d226-4e33-b0b5-dcc99a5e81ed (急性ST段抬高型心肌梗死诊断和治疗指南2019_16.png) → completed [成功]
2026-05-24 21:31:54,283 [INFO] merge_service - [Poll] 任务 6e94240d-0e5f-4a83-9705-d9a646363731 (急性ST段抬高型心肌梗死诊断和治疗指南2019_11.png) → completed [成功]
2026-05-24 21:31:54,283 [INFO] merge_service - [Poll] 进度: 15/18 完成, 剩余 3 个任务仍在处理中...
2026-05-24 21:31:57,350 [INFO] merge_service - [Poll] 进度: 15/18 完成, 剩余 3 个任务仍在处理中...
2026-05-24 21:32:00,384 [INFO] merge_service - [Poll] 进度: 15/18 完成, 剩余 3 个任务仍在处理中...
2026-05-24 21:32:03,396 [INFO] merge_service - [Poll] 任务 2f407df2-c382-4445-8aad-fb0cef8c9209 (急性ST段抬高型心肌梗死诊断和治疗指南2019_18.png) → completed [成功]
2026-05-24 21:32:03,418 [INFO] merge_service - [Poll] 进度: 16/18 完成, 剩余 2 个任务仍在处理中...
2026-05-24 21:32:06,433 [INFO] merge_service - [Poll] 任务 028d5edc-1ee8-416d-9dcc-6f96bee2c11f (急性ST段抬高型心肌梗死诊断和治疗指南2019_15.png) → completed [成功]
2026-05-24 21:32:06,446 [INFO] merge_service - [Poll] 进度: 17/18 完成, 剩余 1 个任务仍在处理中...
2026-05-24 21:32:09,481 [INFO] merge_service - [Poll] 进度: 17/18 完成, 剩余 1 个任务仍在处理中...
2026-05-24 21:32:12,496 [INFO] merge_service - [Poll] 任务 bf97f499-d51f-4226-9141-234455dde8f9 (急性ST段抬高型心肌梗死诊断和治疗指南2019_12.png) → completed [成功]
2026-05-24 21:32:12,497 [INFO] merge_service - [815c1a92-d453-46d8-82a3-fceb0c9ac6b5] 所有提取任务已完成，开始合并清洗...
2026-05-24 21:32:12,497 [INFO] merge_service - [815c1a92-d453-46d8-82a3-fceb0c9ac6b5] 合并顺序（按原图片文件名序号）:
2026-05-24 21:32:12,497 [INFO] merge_service -   第1页: 急性ST段抬高型心肌梗死诊断和治疗指南2019_1.png → output/急性ST段抬高型心肌梗死诊断和治疗指南2019/急性ST段抬高型心肌梗死诊断和治疗指南2019_1.md
2026-05-24 21:32:12,497 [INFO] merge_service -   第2页: 急性ST段抬高型心肌梗死诊断和治疗指南2019_2.png → output/急性ST段抬高型心肌梗死诊断和治疗指南2019/急性ST段抬高型心肌梗死诊断和治疗指南2019_2.md
2026-05-24 21:32:12,497 [INFO] merge_service -   第3页: 急性ST段抬高型心肌梗死诊断和治疗指南2019_3.png → output/急性ST段抬高型心肌梗死诊断和治疗指南2019/急性ST段抬高型心肌梗死诊断和治疗指南2019_3.md
2026-05-24 21:32:12,497 [INFO] merge_service -   第4页: 急性ST段抬高型心肌梗死诊断和治疗指南2019_4.png → output/急性ST段抬高型心肌梗死诊断和治疗指南2019/急性ST段抬高型心肌梗死诊断和治疗指南2019_4.md
2026-05-24 21:32:12,497 [INFO] merge_service -   第5页: 急性ST段抬高型心肌梗死诊断和治疗指南2019_5.png → output/急性ST段抬高型心肌梗死诊断和治疗指南2019/急性ST段抬高型心肌梗死诊断和治疗指南2019_5.md
2026-05-24 21:32:12,497 [INFO] merge_service -   第6页: 急性ST段抬高型心肌梗死诊断和治疗指南2019_6.png → output/急性ST段抬高型心肌梗死诊断和治疗指南2019/急性ST段抬高型心肌梗死诊断和治疗指南2019_6.md
2026-05-24 21:32:12,497 [INFO] merge_service -   第7页: 急性ST段抬高型心肌梗死诊断和治疗指南2019_7.png → output/急性ST段抬高型心肌梗死诊断和治疗指南2019/急性ST段抬高型心肌梗死诊断和治疗指南2019_7.md
2026-05-24 21:32:12,497 [INFO] merge_service -   第8页: 急性ST段抬高型心肌梗死诊断和治疗指南2019_8.png → output/急性ST段抬高型心肌梗死诊断和治疗指南2019/急性ST段抬高型心肌梗死诊断和治疗指南2019_8.md
2026-05-24 21:32:12,497 [INFO] merge_service -   第9页: 急性ST段抬高型心肌梗死诊断和治疗指南2019_9.png → output/急性ST段抬高型心肌梗死诊断和治疗指南2019/急性ST段抬高型心肌梗死诊断和治疗指南2019_9.md
2026-05-24 21:32:12,497 [INFO] merge_service -   第10页: 急性ST段抬高型心肌梗死诊断和治疗指南2019_10.png → output/急性ST段抬高型心肌梗死诊断和治疗指南2019/急性ST段抬高型心肌梗死诊断和治疗指南2019_10.md
2026-05-24 21:32:12,497 [INFO] merge_service -   第11页: 急性ST段抬高型心肌梗死诊断和治疗指南2019_11.png → output/急性ST段抬高型心肌梗死诊断和治疗指南2019/急性ST段抬高型心肌梗死诊断和治疗指南2019_11.md
2026-05-24 21:32:12,497 [INFO] merge_service -   第12页: 急性ST段抬高型心肌梗死诊断和治疗指南2019_12.png → output/急性ST段抬高型心肌梗死诊断和治疗指南2019/急性ST段抬高型心肌梗死诊断和治疗指南2019_12.md
2026-05-24 21:32:12,497 [INFO] merge_service -   第13页: 急性ST段抬高型心肌梗死诊断和治疗指南2019_13.png → output/急性ST段抬高型心肌梗死诊断和治疗指南2019/急性ST段抬高型心肌梗死诊断和治疗指南2019_13.md
2026-05-24 21:32:12,497 [INFO] merge_service -   第14页: 急性ST段抬高型心肌梗死诊断和治疗指南2019_14.png → output/急性ST段抬高型心肌梗死诊断和治疗指南2019/急性ST段抬高型心肌梗死诊断和治疗指南2019_14.md
2026-05-24 21:32:12,497 [INFO] merge_service -   第15页: 急性ST段抬高型心肌梗死诊断和治疗指南2019_15.png → output/急性ST段抬高型心肌梗死诊断和治疗指南2019/急性ST段抬高型心肌梗死诊断和治疗指南2019_15.md
2026-05-24 21:32:12,497 [INFO] merge_service -   第16页: 急性ST段抬高型心肌梗死诊断和治疗指南2019_16.png → output/急性ST段抬高型心肌梗死诊断和治疗指南2019/急性ST段抬高型心肌梗死诊断和治疗指南2019_16.md
2026-05-24 21:32:12,497 [INFO] merge_service -   第17页: 急性ST段抬高型心肌梗死诊断和治疗指南2019_17.png → output/急性ST段抬高型心肌梗死诊断和治疗指南2019/急性ST段抬高型心肌梗死诊断和治疗指南2019_17.md
2026-05-24 21:32:12,497 [INFO] merge_service -   第18页: 急性ST段抬高型心肌梗死诊断和治疗指南2019_18.png → output/急性ST段抬高型心肌梗死诊断和治疗指南2019/急性ST段抬高型心肌梗死诊断和治疗指南2019_18.md
2026-05-24 21:32:12,530 [INFO] merge_service - 
==================================================
2026-05-24 21:32:12,530 [INFO] merge_service - [815c1a92-d453-46d8-82a3-fceb0c9ac6b5] 合并清洗完成!
2026-05-24 21:32:12,530 [INFO] merge_service -   合并文件: output/急性ST段抬高型心肌梗死诊断和治疗指南2019/急性ST段抬高型心肌梗死诊断和治疗指南2019_merged_output.md
2026-05-24 21:32:12,530 [INFO] merge_service -   有效页面: 15/18
2026-05-24 21:32:12,530 [INFO] merge_service -   总字符数: 40551
2026-05-24 21:32:12,530 [INFO] merge_service -   轮询耗时: 148.47s, 合并耗时: 0.03s
2026-05-24 21:32:12,530 [INFO] merge_service -   跳过页面（参考文献）: [16, 17, 18]
2026-05-24 21:32:12,530 [INFO] merge_service - ==================================================
