2026-05-30 21:09:03,608 [INFO] merge_service - ============================================================
2026-05-30 21:09:03,609 [INFO] merge_service - 合并+清洗服务 — 新任务
2026-05-30 21:09:03,609 [INFO] merge_service -   合并ID: 9ef6f205-e3e5-4e2c-9268-7d2a47dc02e8
2026-05-30 21:09:03,609 [INFO] merge_service -   PDF名称: 医脉通】2020 ACC专家共识决策路径：接受PCI治疗的房颤或静脉血栓栓塞患者以及动脉粥样硬化性心血管疾病患者的抗凝和抗血小板治疗 (原始: 医脉通】2020 ACC专家共识决策路径：接受PCI治疗的房颤或静脉血栓栓塞患者以及动脉粥样硬化性心血管疾病患者的抗凝和抗血小板治疗.pdf)
2026-05-30 21:09:03,609 [INFO] merge_service -   关联提取任务数: 30
2026-05-30 21:09:03,609 [INFO] merge_service -   输出目录: ./output
2026-05-30 21:09:03,609 [INFO] merge_service -   提取服务: http://localhost:8001
2026-05-30 21:09:03,609 [INFO] merge_service - ============================================================
2026-05-30 21:09:03,610 [INFO] merge_service - [Poll] 开始轮询 30 个提取任务...
2026-05-30 21:09:03,610 [INFO] merge_service - [Poll] 提取服务地址: http://localhost:8001
2026-05-30 21:09:03,610 [INFO] merge_service - [Poll] 轮询间隔: 3.0s, 最大等待: 3600.0s
2026-05-30 21:09:03,989 [INFO] merge_service - [Poll] 进度: 0/30 完成, 剩余 30 个任务仍在处理中...
2026-05-30 21:09:07,336 [INFO] merge_service - [Poll] 进度: 0/30 完成, 剩余 30 个任务仍在处理中...
2026-05-30 21:09:10,854 [INFO] merge_service - [Poll] 进度: 0/30 完成, 剩余 30 个任务仍在处理中...
2026-05-30 21:09:14,192 [INFO] merge_service - [Poll] 进度: 0/30 完成, 剩余 30 个任务仍在处理中...
2026-05-30 21:09:17,550 [INFO] merge_service - [Poll] 进度: 0/30 完成, 剩余 30 个任务仍在处理中...
2026-05-30 21:09:20,910 [INFO] merge_service - [Poll] 进度: 0/30 完成, 剩余 30 个任务仍在处理中...
2026-05-30 21:09:24,241 [INFO] merge_service - [Poll] 进度: 0/30 完成, 剩余 30 个任务仍在处理中...
2026-05-30 21:09:27,574 [INFO] merge_service - [Poll] 进度: 0/30 完成, 剩余 30 个任务仍在处理中...
2026-05-30 21:09:30,907 [INFO] merge_service - [Poll] 进度: 0/30 完成, 剩余 30 个任务仍在处理中...
2026-05-30 21:09:34,272 [INFO] merge_service - [Poll] 进度: 0/30 完成, 剩余 30 个任务仍在处理中...
2026-05-30 21:09:37,601 [INFO] merge_service - [Poll] 进度: 0/30 完成, 剩余 30 个任务仍在处理中...
2026-05-30 21:09:40,929 [INFO] merge_service - [Poll] 进度: 0/30 完成, 剩余 30 个任务仍在处理中...
2026-05-30 21:09:44,285 [INFO] merge_service - [Poll] 进度: 0/30 完成, 剩余 30 个任务仍在处理中...
2026-05-30 21:09:47,507 [INFO] merge_service - [Poll] 任务 72b650b8-b8cf-4b79-8ca8-28fa549f7576 (【医脉通】2020 ACC专家共识决策路径：接受PCI治疗的房颤或静脉血栓栓塞患者以及动脉粥样硬化性心血管疾病患者的抗凝和抗血小板治疗_4.png) → completed [成功]
2026-05-30 21:09:47,639 [INFO] merge_service - [Poll] 进度: 1/30 完成, 剩余 29 个任务仍在处理中...
2026-05-30 21:09:50,963 [INFO] merge_service - [Poll] 进度: 1/30 完成, 剩余 29 个任务仍在处理中...
2026-05-30 21:09:54,281 [INFO] merge_service - [Poll] 进度: 1/30 完成, 剩余 29 个任务仍在处理中...
2026-05-30 21:09:57,616 [INFO] merge_service - [Poll] 进度: 1/30 完成, 剩余 29 个任务仍在处理中...
2026-05-30 21:10:00,964 [INFO] merge_service - [Poll] 进度: 1/30 完成, 剩余 29 个任务仍在处理中...
2026-05-30 21:10:04,322 [INFO] merge_service - [Poll] 进度: 1/30 完成, 剩余 29 个任务仍在处理中...
2026-05-30 21:10:07,377 [INFO] merge_service - [Poll] 任务 b69eaedf-6855-48a1-a2b3-38695d72f9aa (【医脉通】2020 ACC专家共识决策路径：接受PCI治疗的房颤或静脉血栓栓塞患者以及动脉粥样硬化性心血管疾病患者的抗凝和抗血小板治疗_2.png) → completed [成功]
2026-05-30 21:10:07,640 [INFO] merge_service - [Poll] 进度: 2/30 完成, 剩余 28 个任务仍在处理中...
2026-05-30 21:10:10,945 [INFO] merge_service - [Poll] 进度: 2/30 完成, 剩余 28 个任务仍在处理中...
2026-05-30 21:10:14,256 [INFO] merge_service - [Poll] 进度: 2/30 完成, 剩余 28 个任务仍在处理中...
2026-05-30 21:10:17,565 [INFO] merge_service - [Poll] 进度: 2/30 完成, 剩余 28 个任务仍在处理中...
2026-05-30 21:10:20,867 [INFO] merge_service - [Poll] 进度: 2/30 完成, 剩余 28 个任务仍在处理中...
2026-05-30 21:10:24,036 [INFO] merge_service - [Poll] 任务 5cebfda8-727c-4b6a-90cf-abca1572579b (【医脉通】2020 ACC专家共识决策路径：接受PCI治疗的房颤或静脉血栓栓塞患者以及动脉粥样硬化性心血管疾病患者的抗凝和抗血小板治疗_1.png) → completed [成功]
2026-05-30 21:10:24,165 [INFO] merge_service - [Poll] 进度: 3/30 完成, 剩余 27 个任务仍在处理中...
2026-05-30 21:10:27,459 [INFO] merge_service - [Poll] 进度: 3/30 完成, 剩余 27 个任务仍在处理中...
2026-05-30 21:10:30,656 [INFO] merge_service - [Poll] 任务 924b6bb5-a883-42d3-827e-39d266581ad3 (【医脉通】2020 ACC专家共识决策路径：接受PCI治疗的房颤或静脉血栓栓塞患者以及动脉粥样硬化性心血管疾病患者的抗凝和抗血小板治疗_6.png) → completed [成功]
2026-05-30 21:10:30,757 [INFO] merge_service - [Poll] 进度: 4/30 完成, 剩余 26 个任务仍在处理中...
2026-05-30 21:10:34,037 [INFO] merge_service - [Poll] 进度: 4/30 完成, 剩余 26 个任务仍在处理中...
2026-05-30 21:10:37,108 [INFO] merge_service - [Poll] 任务 2df23af4-3bb3-4b8e-9c5c-9dc6d07a5f16 (【医脉通】2020 ACC专家共识决策路径：接受PCI治疗的房颤或静脉血栓栓塞患者以及动脉粥样硬化性心血管疾病患者的抗凝和抗血小板治疗_3.png) → completed [成功]
2026-05-30 21:10:37,323 [INFO] merge_service - [Poll] 进度: 5/30 完成, 剩余 25 个任务仍在处理中...
2026-05-30 21:10:40,418 [INFO] merge_service - [Poll] 任务 49b0c141-c31a-49b1-9411-be1f7c3124a7 (【医脉通】2020 ACC专家共识决策路径：接受PCI治疗的房颤或静脉血栓栓塞患者以及动脉粥样硬化性心血管疾病患者的抗凝和抗血小板治疗_7.png) → completed [成功]
2026-05-30 21:10:40,602 [INFO] merge_service - [Poll] 进度: 6/30 完成, 剩余 24 个任务仍在处理中...
2026-05-30 21:10:43,892 [INFO] merge_service - [Poll] 进度: 6/30 完成, 剩余 24 个任务仍在处理中...
2026-05-30 21:10:47,157 [INFO] merge_service - [Poll] 进度: 6/30 完成, 剩余 24 个任务仍在处理中...
2026-05-30 21:10:50,423 [INFO] merge_service - [Poll] 进度: 6/30 完成, 剩余 24 个任务仍在处理中...
2026-05-30 21:10:53,685 [INFO] merge_service - [Poll] 进度: 6/30 完成, 剩余 24 个任务仍在处理中...
2026-05-30 21:10:56,891 [INFO] merge_service - [Poll] 任务 3c0330e3-9c2b-45e3-8ec4-83a8c95f542b (【医脉通】2020 ACC专家共识决策路径：接受PCI治疗的房颤或静脉血栓栓塞患者以及动脉粥样硬化性心血管疾病患者的抗凝和抗血小板治疗_5.png) → completed [成功]
2026-05-30 21:10:56,948 [INFO] merge_service - [Poll] 进度: 7/30 完成, 剩余 23 个任务仍在处理中...
2026-05-30 21:11:00,194 [INFO] merge_service - [Poll] 进度: 7/30 完成, 剩余 23 个任务仍在处理中...
2026-05-30 21:11:03,441 [INFO] merge_service - [Poll] 进度: 7/30 完成, 剩余 23 个任务仍在处理中...
2026-05-30 21:11:06,685 [INFO] merge_service - [Poll] 进度: 7/30 完成, 剩余 23 个任务仍在处理中...
2026-05-30 21:11:09,947 [INFO] merge_service - [Poll] 进度: 7/30 完成, 剩余 23 个任务仍在处理中...
2026-05-30 21:11:13,216 [INFO] merge_service - [Poll] 进度: 7/30 完成, 剩余 23 个任务仍在处理中...
2026-05-30 21:11:16,467 [INFO] merge_service - [Poll] 进度: 7/30 完成, 剩余 23 个任务仍在处理中...
2026-05-30 21:11:19,734 [INFO] merge_service - [Poll] 进度: 7/30 完成, 剩余 23 个任务仍在处理中...
2026-05-30 21:11:22,850 [INFO] merge_service - [Poll] 任务 2e0c92f5-9c4f-488b-be31-997d896f989a (【医脉通】2020 ACC专家共识决策路径：接受PCI治疗的房颤或静脉血栓栓塞患者以及动脉粥样硬化性心血管疾病患者的抗凝和抗血小板治疗_11.png) → completed [成功]
2026-05-30 21:11:23,002 [INFO] merge_service - [Poll] 进度: 8/30 完成, 剩余 22 个任务仍在处理中...
2026-05-30 21:11:26,037 [INFO] merge_service - [Poll] 任务 976dd02f-9418-4c13-ae4f-96b67c963a86 (【医脉通】2020 ACC专家共识决策路径：接受PCI治疗的房颤或静脉血栓栓塞患者以及动脉粥样硬化性心血管疾病患者的抗凝和抗血小板治疗_8.png) → completed [成功]
2026-05-30 21:11:26,243 [INFO] merge_service - [Poll] 进度: 9/30 完成, 剩余 21 个任务仍在处理中...
2026-05-30 21:11:29,488 [INFO] merge_service - [Poll] 进度: 9/30 完成, 剩余 21 个任务仍在处理中...
2026-05-30 21:11:32,757 [INFO] merge_service - [Poll] 进度: 9/30 完成, 剩余 21 个任务仍在处理中...
2026-05-30 21:11:36,027 [INFO] merge_service - [Poll] 进度: 9/30 完成, 剩余 21 个任务仍在处理中...
2026-05-30 21:11:39,289 [INFO] merge_service - [Poll] 进度: 9/30 完成, 剩余 21 个任务仍在处理中...
2026-05-30 21:11:42,553 [INFO] merge_service - [Poll] 进度: 9/30 完成, 剩余 21 个任务仍在处理中...
2026-05-30 21:11:45,816 [INFO] merge_service - [Poll] 进度: 9/30 完成, 剩余 21 个任务仍在处理中...
2026-05-30 21:11:48,952 [INFO] merge_service - [Poll] 任务 e1cfea61-952f-4eaf-99f0-883edc5024dc (【医脉通】2020 ACC专家共识决策路径：接受PCI治疗的房颤或静脉血栓栓塞患者以及动脉粥样硬化性心血管疾病患者的抗凝和抗血小板治疗_14.png) → completed [成功]
2026-05-30 21:11:49,082 [INFO] merge_service - [Poll] 进度: 10/30 完成, 剩余 20 个任务仍在处理中...
2026-05-30 21:11:52,352 [INFO] merge_service - [Poll] 进度: 10/30 完成, 剩余 20 个任务仍在处理中...
2026-05-30 21:11:55,602 [INFO] merge_service - [Poll] 进度: 10/30 完成, 剩余 20 个任务仍在处理中...
2026-05-30 21:11:58,840 [INFO] merge_service - [Poll] 进度: 10/30 完成, 剩余 20 个任务仍在处理中...
2026-05-30 21:12:02,061 [INFO] merge_service - [Poll] 进度: 10/30 完成, 剩余 20 个任务仍在处理中...
2026-05-30 21:12:05,275 [INFO] merge_service - [Poll] 进度: 10/30 完成, 剩余 20 个任务仍在处理中...
2026-05-30 21:12:08,491 [INFO] merge_service - [Poll] 进度: 10/30 完成, 剩余 20 个任务仍在处理中...
2026-05-30 21:12:11,537 [INFO] merge_service - [Poll] 任务 853ea962-6562-4b3d-b990-e19e455e6959 (【医脉通】2020 ACC专家共识决策路径：接受PCI治疗的房颤或静脉血栓栓塞患者以及动脉粥样硬化性心血管疾病患者的抗凝和抗血小板治疗_17.png) → completed [成功]
2026-05-30 21:12:11,709 [INFO] merge_service - [Poll] 进度: 11/30 完成, 剩余 19 个任务仍在处理中...
2026-05-30 21:12:14,926 [INFO] merge_service - [Poll] 进度: 11/30 完成, 剩余 19 个任务仍在处理中...
2026-05-30 21:12:18,174 [INFO] merge_service - [Poll] 进度: 11/30 完成, 剩余 19 个任务仍在处理中...
2026-05-30 21:12:21,411 [INFO] merge_service - [Poll] 进度: 11/30 完成, 剩余 19 个任务仍在处理中...
2026-05-30 21:12:24,646 [INFO] merge_service - [Poll] 进度: 11/30 完成, 剩余 19 个任务仍在处理中...
2026-05-30 21:12:27,852 [INFO] merge_service - [Poll] 进度: 11/30 完成, 剩余 19 个任务仍在处理中...
2026-05-30 21:12:30,936 [INFO] merge_service - [Poll] 任务 0d18e6b7-5c0f-4f9c-8ee9-1796a7333365 (【医脉通】2020 ACC专家共识决策路径：接受PCI治疗的房颤或静脉血栓栓塞患者以及动脉粥样硬化性心血管疾病患者的抗凝和抗血小板治疗_9.png) → completed [成功]
2026-05-30 21:12:30,991 [INFO] merge_service - [Poll] 任务 27098980-5690-43a7-8a7e-5ef54d5e13ec (【医脉通】2020 ACC专家共识决策路径：接受PCI治疗的房颤或静脉血栓栓塞患者以及动脉粥样硬化性心血管疾病患者的抗凝和抗血小板治疗_13.png) → completed [成功]
2026-05-30 21:12:31,054 [INFO] merge_service - [Poll] 进度: 13/30 完成, 剩余 17 个任务仍在处理中...
2026-05-30 21:12:34,239 [INFO] merge_service - [Poll] 进度: 13/30 完成, 剩余 17 个任务仍在处理中...
2026-05-30 21:12:37,430 [INFO] merge_service - [Poll] 进度: 13/30 完成, 剩余 17 个任务仍在处理中...
2026-05-30 21:12:40,659 [INFO] merge_service - [Poll] 进度: 13/30 完成, 剩余 17 个任务仍在处理中...
2026-05-30 21:12:43,862 [INFO] merge_service - [Poll] 进度: 13/30 完成, 剩余 17 个任务仍在处理中...
2026-05-30 21:12:47,059 [INFO] merge_service - [Poll] 进度: 13/30 完成, 剩余 17 个任务仍在处理中...
2026-05-30 21:12:50,246 [INFO] merge_service - [Poll] 进度: 13/30 完成, 剩余 17 个任务仍在处理中...
2026-05-30 21:12:53,470 [INFO] merge_service - [Poll] 进度: 13/30 完成, 剩余 17 个任务仍在处理中...
2026-05-30 21:12:56,676 [INFO] merge_service - [Poll] 进度: 13/30 完成, 剩余 17 个任务仍在处理中...
2026-05-30 21:12:59,860 [INFO] merge_service - [Poll] 进度: 13/30 完成, 剩余 17 个任务仍在处理中...
2026-05-30 21:13:03,045 [INFO] merge_service - [Poll] 进度: 13/30 完成, 剩余 17 个任务仍在处理中...
2026-05-30 21:13:06,230 [INFO] merge_service - [Poll] 进度: 13/30 完成, 剩余 17 个任务仍在处理中...
2026-05-30 21:13:09,461 [INFO] merge_service - [Poll] 进度: 13/30 完成, 剩余 17 个任务仍在处理中...
2026-05-30 21:13:12,653 [INFO] merge_service - [Poll] 进度: 13/30 完成, 剩余 17 个任务仍在处理中...
2026-05-30 21:13:15,841 [INFO] merge_service - [Poll] 进度: 13/30 完成, 剩余 17 个任务仍在处理中...
2026-05-30 21:13:19,029 [INFO] merge_service - [Poll] 进度: 13/30 完成, 剩余 17 个任务仍在处理中...
2026-05-30 21:13:22,240 [INFO] merge_service - [Poll] 进度: 13/30 完成, 剩余 17 个任务仍在处理中...
2026-05-30 21:13:25,470 [INFO] merge_service - [Poll] 进度: 13/30 完成, 剩余 17 个任务仍在处理中...
2026-05-30 21:13:28,668 [INFO] merge_service - [Poll] 进度: 13/30 完成, 剩余 17 个任务仍在处理中...
2026-05-30 21:13:31,842 [INFO] merge_service - [Poll] 任务 3744cb46-8116-4be7-934e-efdacb9e6a1d (【医脉通】2020 ACC专家共识决策路径：接受PCI治疗的房颤或静脉血栓栓塞患者以及动脉粥样硬化性心血管疾病患者的抗凝和抗血小板治疗_10.png) → completed [成功]
2026-05-30 21:13:31,853 [INFO] merge_service - [Poll] 进度: 14/30 完成, 剩余 16 个任务仍在处理中...
2026-05-30 21:13:35,027 [INFO] merge_service - [Poll] 进度: 14/30 完成, 剩余 16 个任务仍在处理中...
2026-05-30 21:13:38,230 [INFO] merge_service - [Poll] 进度: 14/30 完成, 剩余 16 个任务仍在处理中...
2026-05-30 21:13:41,412 [INFO] merge_service - [Poll] 任务 f7f4e5db-011f-41c1-a544-0f72920bca03 (【医脉通】2020 ACC专家共识决策路径：接受PCI治疗的房颤或静脉血栓栓塞患者以及动脉粥样硬化性心血管疾病患者的抗凝和抗血小板治疗_16.png) → completed [成功]
2026-05-30 21:13:41,434 [INFO] merge_service - [Poll] 进度: 15/30 完成, 剩余 15 个任务仍在处理中...
2026-05-30 21:13:44,602 [INFO] merge_service - [Poll] 进度: 15/30 完成, 剩余 15 个任务仍在处理中...
2026-05-30 21:13:47,765 [INFO] merge_service - [Poll] 进度: 15/30 完成, 剩余 15 个任务仍在处理中...
2026-05-30 21:13:50,890 [INFO] merge_service - [Poll] 任务 e924cfaf-dfa8-43e2-ba2d-c379a7a26e9c (【医脉通】2020 ACC专家共识决策路径：接受PCI治疗的房颤或静脉血栓栓塞患者以及动脉粥样硬化性心血管疾病患者的抗凝和抗血小板治疗_15.png) → completed [成功]
2026-05-30 21:13:50,932 [INFO] merge_service - [Poll] 进度: 16/30 完成, 剩余 14 个任务仍在处理中...
2026-05-30 21:13:54,127 [INFO] merge_service - [Poll] 进度: 16/30 完成, 剩余 14 个任务仍在处理中...
2026-05-30 21:13:57,301 [INFO] merge_service - [Poll] 进度: 16/30 完成, 剩余 14 个任务仍在处理中...
2026-05-30 21:14:00,451 [INFO] merge_service - [Poll] 进度: 16/30 完成, 剩余 14 个任务仍在处理中...
2026-05-30 21:14:03,603 [INFO] merge_service - [Poll] 进度: 16/30 完成, 剩余 14 个任务仍在处理中...
2026-05-30 21:14:06,711 [INFO] merge_service - [Poll] 任务 b9644f9b-3d6a-4b09-acc1-b544c9f54b49 (【医脉通】2020 ACC专家共识决策路径：接受PCI治疗的房颤或静脉血栓栓塞患者以及动脉粥样硬化性心血管疾病患者的抗凝和抗血小板治疗_23.png) → completed [成功]
2026-05-30 21:14:06,744 [INFO] merge_service - [Poll] 任务 2527a5fc-c07f-41ee-b0d6-7580c66607a6 (【医脉通】2020 ACC专家共识决策路径：接受PCI治疗的房颤或静脉血栓栓塞患者以及动脉粥样硬化性心血管疾病患者的抗凝和抗血小板治疗_12.png) → completed [成功]
2026-05-30 21:14:06,767 [INFO] merge_service - [Poll] 任务 6d9ee553-ae0d-4289-9df7-c4a4a0a2765a (【医脉通】2020 ACC专家共识决策路径：接受PCI治疗的房颤或静脉血栓栓塞患者以及动脉粥样硬化性心血管疾病患者的抗凝和抗血小板治疗_24.png) → completed [成功]
2026-05-30 21:14:06,800 [INFO] merge_service - [Poll] 进度: 19/30 完成, 剩余 11 个任务仍在处理中...
2026-05-30 21:14:09,930 [INFO] merge_service - [Poll] 进度: 19/30 完成, 剩余 11 个任务仍在处理中...
2026-05-30 21:14:12,945 [INFO] merge_service - [Poll] 任务 6c7a7cb8-aa55-4904-af00-2609cea5baae (【医脉通】2020 ACC专家共识决策路径：接受PCI治疗的房颤或静脉血栓栓塞患者以及动脉粥样硬化性心血管疾病患者的抗凝和抗血小板治疗_19.png) → completed [成功]
2026-05-30 21:14:13,048 [INFO] merge_service - [Poll] 进度: 20/30 完成, 剩余 10 个任务仍在处理中...
2026-05-30 21:14:16,163 [INFO] merge_service - [Poll] 进度: 20/30 完成, 剩余 10 个任务仍在处理中...
2026-05-30 21:14:19,281 [INFO] merge_service - [Poll] 任务 53633554-db23-4048-8c34-263ffd19afa0 (【医脉通】2020 ACC专家共识决策路径：接受PCI治疗的房颤或静脉血栓栓塞患者以及动脉粥样硬化性心血管疾病患者的抗凝和抗血小板治疗_25.png) → completed [成功]
2026-05-30 21:14:19,282 [INFO] merge_service - [Poll] 进度: 21/30 完成, 剩余 9 个任务仍在处理中...
2026-05-30 21:14:22,322 [INFO] merge_service - [Poll] 任务 7ea03cf3-5172-4686-af21-05c8621897d7 (【医脉通】2020 ACC专家共识决策路径：接受PCI治疗的房颤或静脉血栓栓塞患者以及动脉粥样硬化性心血管疾病患者的抗凝和抗血小板治疗_21.png) → completed [成功]
2026-05-30 21:14:22,387 [INFO] merge_service - [Poll] 进度: 22/30 完成, 剩余 8 个任务仍在处理中...
2026-05-30 21:14:25,516 [INFO] merge_service - [Poll] 进度: 22/30 完成, 剩余 8 个任务仍在处理中...
2026-05-30 21:14:28,605 [INFO] merge_service - [Poll] 进度: 22/30 完成, 剩余 8 个任务仍在处理中...
2026-05-30 21:14:31,640 [INFO] merge_service - [Poll] 任务 e6c027f1-bcb4-4f83-95d3-73f81f85a509 (【医脉通】2020 ACC专家共识决策路径：接受PCI治疗的房颤或静脉血栓栓塞患者以及动脉粥样硬化性心血管疾病患者的抗凝和抗血小板治疗_26.png) → completed [成功]
2026-05-30 21:14:31,701 [INFO] merge_service - [Poll] 任务 25c840f5-1742-4783-8ef1-7ca3a58a31ee (【医脉通】2020 ACC专家共识决策路径：接受PCI治疗的房颤或静脉血栓栓塞患者以及动脉粥样硬化性心血管疾病患者的抗凝和抗血小板治疗_20.png) → completed [成功]
2026-05-30 21:14:31,734 [INFO] merge_service - [Poll] 进度: 24/30 完成, 剩余 6 个任务仍在处理中...
2026-05-30 21:14:34,805 [INFO] merge_service - [Poll] 进度: 24/30 完成, 剩余 6 个任务仍在处理中...
2026-05-30 21:14:37,872 [INFO] merge_service - [Poll] 进度: 24/30 完成, 剩余 6 个任务仍在处理中...
2026-05-30 21:14:40,943 [INFO] merge_service - [Poll] 进度: 24/30 完成, 剩余 6 个任务仍在处理中...
2026-05-30 21:14:44,017 [INFO] merge_service - [Poll] 进度: 24/30 完成, 剩余 6 个任务仍在处理中...
2026-05-30 21:14:47,088 [INFO] merge_service - [Poll] 进度: 24/30 完成, 剩余 6 个任务仍在处理中...
2026-05-30 21:14:50,160 [INFO] merge_service - [Poll] 进度: 24/30 完成, 剩余 6 个任务仍在处理中...
2026-05-30 21:14:53,178 [INFO] merge_service - [Poll] 任务 e576a449-d137-4304-a598-881f423398a1 (【医脉通】2020 ACC专家共识决策路径：接受PCI治疗的房颤或静脉血栓栓塞患者以及动脉粥样硬化性心血管疾病患者的抗凝和抗血小板治疗_30.png) → completed [成功]
2026-05-30 21:14:53,234 [INFO] merge_service - [Poll] 进度: 25/30 完成, 剩余 5 个任务仍在处理中...
2026-05-30 21:14:56,291 [INFO] merge_service - [Poll] 进度: 25/30 完成, 剩余 5 个任务仍在处理中...
2026-05-30 21:14:59,365 [INFO] merge_service - [Poll] 进度: 25/30 完成, 剩余 5 个任务仍在处理中...
2026-05-30 21:15:02,410 [INFO] merge_service - [Poll] 任务 9307db81-4878-4d88-954b-60449127018d (【医脉通】2020 ACC专家共识决策路径：接受PCI治疗的房颤或静脉血栓栓塞患者以及动脉粥样硬化性心血管疾病患者的抗凝和抗血小板治疗_29.png) → completed [成功]
2026-05-30 21:15:02,421 [INFO] merge_service - [Poll] 进度: 26/30 完成, 剩余 4 个任务仍在处理中...
2026-05-30 21:15:05,500 [INFO] merge_service - [Poll] 进度: 26/30 完成, 剩余 4 个任务仍在处理中...
2026-05-30 21:15:08,544 [INFO] merge_service - [Poll] 进度: 26/30 完成, 剩余 4 个任务仍在处理中...
2026-05-30 21:15:11,633 [INFO] merge_service - [Poll] 进度: 26/30 完成, 剩余 4 个任务仍在处理中...
2026-05-30 21:15:14,675 [INFO] merge_service - [Poll] 进度: 26/30 完成, 剩余 4 个任务仍在处理中...
2026-05-30 21:15:17,727 [INFO] merge_service - [Poll] 任务 8b1eb8e4-4865-4d6d-bfef-379efd2efd10 (【医脉通】2020 ACC专家共识决策路径：接受PCI治疗的房颤或静脉血栓栓塞患者以及动脉粥样硬化性心血管疾病患者的抗凝和抗血小板治疗_22.png) → completed [成功]
2026-05-30 21:15:17,757 [INFO] merge_service - [Poll] 进度: 27/30 完成, 剩余 3 个任务仍在处理中...
2026-05-30 21:15:20,793 [INFO] merge_service - [Poll] 进度: 27/30 完成, 剩余 3 个任务仍在处理中...
2026-05-30 21:15:23,847 [INFO] merge_service - [Poll] 任务 a5814e85-06db-49dd-899d-ae72ce8e296a (【医脉通】2020 ACC专家共识决策路径：接受PCI治疗的房颤或静脉血栓栓塞患者以及动脉粥样硬化性心血管疾病患者的抗凝和抗血小板治疗_18.png) → completed [成功]
2026-05-30 21:15:23,863 [INFO] merge_service - [Poll] 进度: 28/30 完成, 剩余 2 个任务仍在处理中...
2026-05-30 21:15:26,875 [INFO] merge_service - [Poll] 任务 fa3c769b-c4aa-4cdf-be3a-2b459559450a (【医脉通】2020 ACC专家共识决策路径：接受PCI治疗的房颤或静脉血栓栓塞患者以及动脉粥样硬化性心血管疾病患者的抗凝和抗血小板治疗_28.png) → completed [成功]
2026-05-30 21:15:26,886 [INFO] merge_service - [Poll] 进度: 29/30 完成, 剩余 1 个任务仍在处理中...
2026-05-30 21:15:29,916 [INFO] merge_service - [Poll] 进度: 29/30 完成, 剩余 1 个任务仍在处理中...
2026-05-30 21:15:32,929 [INFO] merge_service - [Poll] 进度: 29/30 完成, 剩余 1 个任务仍在处理中...
2026-05-30 21:15:35,945 [INFO] merge_service - [Poll] 进度: 29/30 完成, 剩余 1 个任务仍在处理中...
2026-05-30 21:15:38,983 [INFO] merge_service - [Poll] 任务 7d3a8774-b934-4888-aee6-d308595b9c7c (【医脉通】2020 ACC专家共识决策路径：接受PCI治疗的房颤或静脉血栓栓塞患者以及动脉粥样硬化性心血管疾病患者的抗凝和抗血小板治疗_27.png) → completed [成功]
2026-05-30 21:15:38,984 [INFO] merge_service - [9ef6f205-e3e5-4e2c-9268-7d2a47dc02e8] 所有提取任务已完成，开始合并清洗...
2026-05-30 21:15:38,984 [INFO] merge_service - [9ef6f205-e3e5-4e2c-9268-7d2a47dc02e8] 合并顺序（按原图片文件名序号）:
2026-05-30 21:15:38,984 [INFO] merge_service -   第1页: 【医脉通】2020 ACC专家共识决策路径：接受PCI治疗的房颤或静脉血栓栓塞患者以及动脉粥样硬化性心血管疾病患者的抗凝和抗血小板治疗_1.png → output/医脉通】2020 ACC专家共识决策路径：接受PCI治疗的房颤或静脉血栓栓塞患者以及动脉粥样硬化性心血管疾病患者的抗凝和抗血小板治疗/医脉通】2020 ACC专家共识决策路径：接受PCI治疗的房颤或静脉血栓栓塞患者以及动脉粥样硬化性心血管疾病患者的抗凝和抗血小板治疗_1.md
2026-05-30 21:15:38,985 [INFO] merge_service -   第2页: 【医脉通】2020 ACC专家共识决策路径：接受PCI治疗的房颤或静脉血栓栓塞患者以及动脉粥样硬化性心血管疾病患者的抗凝和抗血小板治疗_2.png → output/医脉通】2020 ACC专家共识决策路径：接受PCI治疗的房颤或静脉血栓栓塞患者以及动脉粥样硬化性心血管疾病患者的抗凝和抗血小板治疗/医脉通】2020 ACC专家共识决策路径：接受PCI治疗的房颤或静脉血栓栓塞患者以及动脉粥样硬化性心血管疾病患者的抗凝和抗血小板治疗_2.md
2026-05-30 21:15:38,985 [INFO] merge_service -   第3页: 【医脉通】2020 ACC专家共识决策路径：接受PCI治疗的房颤或静脉血栓栓塞患者以及动脉粥样硬化性心血管疾病患者的抗凝和抗血小板治疗_3.png → output/医脉通】2020 ACC专家共识决策路径：接受PCI治疗的房颤或静脉血栓栓塞患者以及动脉粥样硬化性心血管疾病患者的抗凝和抗血小板治疗/医脉通】2020 ACC专家共识决策路径：接受PCI治疗的房颤或静脉血栓栓塞患者以及动脉粥样硬化性心血管疾病患者的抗凝和抗血小板治疗_3.md
2026-05-30 21:15:38,985 [INFO] merge_service -   第4页: 【医脉通】2020 ACC专家共识决策路径：接受PCI治疗的房颤或静脉血栓栓塞患者以及动脉粥样硬化性心血管疾病患者的抗凝和抗血小板治疗_4.png → output/医脉通】2020 ACC专家共识决策路径：接受PCI治疗的房颤或静脉血栓栓塞患者以及动脉粥样硬化性心血管疾病患者的抗凝和抗血小板治疗/医脉通】2020 ACC专家共识决策路径：接受PCI治疗的房颤或静脉血栓栓塞患者以及动脉粥样硬化性心血管疾病患者的抗凝和抗血小板治疗_4.md
2026-05-30 21:15:38,985 [INFO] merge_service -   第5页: 【医脉通】2020 ACC专家共识决策路径：接受PCI治疗的房颤或静脉血栓栓塞患者以及动脉粥样硬化性心血管疾病患者的抗凝和抗血小板治疗_5.png → output/医脉通】2020 ACC专家共识决策路径：接受PCI治疗的房颤或静脉血栓栓塞患者以及动脉粥样硬化性心血管疾病患者的抗凝和抗血小板治疗/医脉通】2020 ACC专家共识决策路径：接受PCI治疗的房颤或静脉血栓栓塞患者以及动脉粥样硬化性心血管疾病患者的抗凝和抗血小板治疗_5.md
2026-05-30 21:15:38,985 [INFO] merge_service -   第6页: 【医脉通】2020 ACC专家共识决策路径：接受PCI治疗的房颤或静脉血栓栓塞患者以及动脉粥样硬化性心血管疾病患者的抗凝和抗血小板治疗_6.png → output/医脉通】2020 ACC专家共识决策路径：接受PCI治疗的房颤或静脉血栓栓塞患者以及动脉粥样硬化性心血管疾病患者的抗凝和抗血小板治疗/医脉通】2020 ACC专家共识决策路径：接受PCI治疗的房颤或静脉血栓栓塞患者以及动脉粥样硬化性心血管疾病患者的抗凝和抗血小板治疗_6.md
2026-05-30 21:15:38,985 [INFO] merge_service -   第7页: 【医脉通】2020 ACC专家共识决策路径：接受PCI治疗的房颤或静脉血栓栓塞患者以及动脉粥样硬化性心血管疾病患者的抗凝和抗血小板治疗_7.png → output/医脉通】2020 ACC专家共识决策路径：接受PCI治疗的房颤或静脉血栓栓塞患者以及动脉粥样硬化性心血管疾病患者的抗凝和抗血小板治疗/医脉通】2020 ACC专家共识决策路径：接受PCI治疗的房颤或静脉血栓栓塞患者以及动脉粥样硬化性心血管疾病患者的抗凝和抗血小板治疗_7.md
2026-05-30 21:15:38,985 [INFO] merge_service -   第8页: 【医脉通】2020 ACC专家共识决策路径：接受PCI治疗的房颤或静脉血栓栓塞患者以及动脉粥样硬化性心血管疾病患者的抗凝和抗血小板治疗_8.png → output/医脉通】2020 ACC专家共识决策路径：接受PCI治疗的房颤或静脉血栓栓塞患者以及动脉粥样硬化性心血管疾病患者的抗凝和抗血小板治疗/医脉通】2020 ACC专家共识决策路径：接受PCI治疗的房颤或静脉血栓栓塞患者以及动脉粥样硬化性心血管疾病患者的抗凝和抗血小板治疗_8.md
2026-05-30 21:15:38,985 [INFO] merge_service -   第9页: 【医脉通】2020 ACC专家共识决策路径：接受PCI治疗的房颤或静脉血栓栓塞患者以及动脉粥样硬化性心血管疾病患者的抗凝和抗血小板治疗_9.png → output/医脉通】2020 ACC专家共识决策路径：接受PCI治疗的房颤或静脉血栓栓塞患者以及动脉粥样硬化性心血管疾病患者的抗凝和抗血小板治疗/医脉通】2020 ACC专家共识决策路径：接受PCI治疗的房颤或静脉血栓栓塞患者以及动脉粥样硬化性心血管疾病患者的抗凝和抗血小板治疗_9.md
2026-05-30 21:15:38,985 [INFO] merge_service -   第10页: 【医脉通】2020 ACC专家共识决策路径：接受PCI治疗的房颤或静脉血栓栓塞患者以及动脉粥样硬化性心血管疾病患者的抗凝和抗血小板治疗_10.png → output/医脉通】2020 ACC专家共识决策路径：接受PCI治疗的房颤或静脉血栓栓塞患者以及动脉粥样硬化性心血管疾病患者的抗凝和抗血小板治疗/医脉通】2020 ACC专家共识决策路径：接受PCI治疗的房颤或静脉血栓栓塞患者以及动脉粥样硬化性心血管疾病患者的抗凝和抗血小板治疗_10.md
2026-05-30 21:15:38,985 [INFO] merge_service -   第11页: 【医脉通】2020 ACC专家共识决策路径：接受PCI治疗的房颤或静脉血栓栓塞患者以及动脉粥样硬化性心血管疾病患者的抗凝和抗血小板治疗_11.png → output/医脉通】2020 ACC专家共识决策路径：接受PCI治疗的房颤或静脉血栓栓塞患者以及动脉粥样硬化性心血管疾病患者的抗凝和抗血小板治疗/医脉通】2020 ACC专家共识决策路径：接受PCI治疗的房颤或静脉血栓栓塞患者以及动脉粥样硬化性心血管疾病患者的抗凝和抗血小板治疗_11.md
2026-05-30 21:15:38,985 [INFO] merge_service -   第12页: 【医脉通】2020 ACC专家共识决策路径：接受PCI治疗的房颤或静脉血栓栓塞患者以及动脉粥样硬化性心血管疾病患者的抗凝和抗血小板治疗_12.png → output/医脉通】2020 ACC专家共识决策路径：接受PCI治疗的房颤或静脉血栓栓塞患者以及动脉粥样硬化性心血管疾病患者的抗凝和抗血小板治疗/医脉通】2020 ACC专家共识决策路径：接受PCI治疗的房颤或静脉血栓栓塞患者以及动脉粥样硬化性心血管疾病患者的抗凝和抗血小板治疗_12.md
2026-05-30 21:15:38,985 [INFO] merge_service -   第13页: 【医脉通】2020 ACC专家共识决策路径：接受PCI治疗的房颤或静脉血栓栓塞患者以及动脉粥样硬化性心血管疾病患者的抗凝和抗血小板治疗_13.png → output/医脉通】2020 ACC专家共识决策路径：接受PCI治疗的房颤或静脉血栓栓塞患者以及动脉粥样硬化性心血管疾病患者的抗凝和抗血小板治疗/医脉通】2020 ACC专家共识决策路径：接受PCI治疗的房颤或静脉血栓栓塞患者以及动脉粥样硬化性心血管疾病患者的抗凝和抗血小板治疗_13.md
2026-05-30 21:15:38,985 [INFO] merge_service -   第14页: 【医脉通】2020 ACC专家共识决策路径：接受PCI治疗的房颤或静脉血栓栓塞患者以及动脉粥样硬化性心血管疾病患者的抗凝和抗血小板治疗_14.png → output/医脉通】2020 ACC专家共识决策路径：接受PCI治疗的房颤或静脉血栓栓塞患者以及动脉粥样硬化性心血管疾病患者的抗凝和抗血小板治疗/医脉通】2020 ACC专家共识决策路径：接受PCI治疗的房颤或静脉血栓栓塞患者以及动脉粥样硬化性心血管疾病患者的抗凝和抗血小板治疗_14.md
2026-05-30 21:15:38,986 [INFO] merge_service -   第15页: 【医脉通】2020 ACC专家共识决策路径：接受PCI治疗的房颤或静脉血栓栓塞患者以及动脉粥样硬化性心血管疾病患者的抗凝和抗血小板治疗_15.png → output/医脉通】2020 ACC专家共识决策路径：接受PCI治疗的房颤或静脉血栓栓塞患者以及动脉粥样硬化性心血管疾病患者的抗凝和抗血小板治疗/医脉通】2020 ACC专家共识决策路径：接受PCI治疗的房颤或静脉血栓栓塞患者以及动脉粥样硬化性心血管疾病患者的抗凝和抗血小板治疗_15.md
2026-05-30 21:15:38,986 [INFO] merge_service -   第16页: 【医脉通】2020 ACC专家共识决策路径：接受PCI治疗的房颤或静脉血栓栓塞患者以及动脉粥样硬化性心血管疾病患者的抗凝和抗血小板治疗_16.png → output/医脉通】2020 ACC专家共识决策路径：接受PCI治疗的房颤或静脉血栓栓塞患者以及动脉粥样硬化性心血管疾病患者的抗凝和抗血小板治疗/医脉通】2020 ACC专家共识决策路径：接受PCI治疗的房颤或静脉血栓栓塞患者以及动脉粥样硬化性心血管疾病患者的抗凝和抗血小板治疗_16.md
2026-05-30 21:15:38,986 [INFO] merge_service -   第17页: 【医脉通】2020 ACC专家共识决策路径：接受PCI治疗的房颤或静脉血栓栓塞患者以及动脉粥样硬化性心血管疾病患者的抗凝和抗血小板治疗_17.png → output/医脉通】2020 ACC专家共识决策路径：接受PCI治疗的房颤或静脉血栓栓塞患者以及动脉粥样硬化性心血管疾病患者的抗凝和抗血小板治疗/医脉通】2020 ACC专家共识决策路径：接受PCI治疗的房颤或静脉血栓栓塞患者以及动脉粥样硬化性心血管疾病患者的抗凝和抗血小板治疗_17.md
2026-05-30 21:15:38,986 [INFO] merge_service -   第18页: 【医脉通】2020 ACC专家共识决策路径：接受PCI治疗的房颤或静脉血栓栓塞患者以及动脉粥样硬化性心血管疾病患者的抗凝和抗血小板治疗_18.png → output/医脉通】2020 ACC专家共识决策路径：接受PCI治疗的房颤或静脉血栓栓塞患者以及动脉粥样硬化性心血管疾病患者的抗凝和抗血小板治疗/医脉通】2020 ACC专家共识决策路径：接受PCI治疗的房颤或静脉血栓栓塞患者以及动脉粥样硬化性心血管疾病患者的抗凝和抗血小板治疗_18.md
2026-05-30 21:15:38,986 [INFO] merge_service -   第19页: 【医脉通】2020 ACC专家共识决策路径：接受PCI治疗的房颤或静脉血栓栓塞患者以及动脉粥样硬化性心血管疾病患者的抗凝和抗血小板治疗_19.png → output/医脉通】2020 ACC专家共识决策路径：接受PCI治疗的房颤或静脉血栓栓塞患者以及动脉粥样硬化性心血管疾病患者的抗凝和抗血小板治疗/医脉通】2020 ACC专家共识决策路径：接受PCI治疗的房颤或静脉血栓栓塞患者以及动脉粥样硬化性心血管疾病患者的抗凝和抗血小板治疗_19.md
2026-05-30 21:15:38,986 [INFO] merge_service -   第20页: 【医脉通】2020 ACC专家共识决策路径：接受PCI治疗的房颤或静脉血栓栓塞患者以及动脉粥样硬化性心血管疾病患者的抗凝和抗血小板治疗_20.png → output/医脉通】2020 ACC专家共识决策路径：接受PCI治疗的房颤或静脉血栓栓塞患者以及动脉粥样硬化性心血管疾病患者的抗凝和抗血小板治疗/医脉通】2020 ACC专家共识决策路径：接受PCI治疗的房颤或静脉血栓栓塞患者以及动脉粥样硬化性心血管疾病患者的抗凝和抗血小板治疗_20.md
2026-05-30 21:15:38,986 [INFO] merge_service -   第21页: 【医脉通】2020 ACC专家共识决策路径：接受PCI治疗的房颤或静脉血栓栓塞患者以及动脉粥样硬化性心血管疾病患者的抗凝和抗血小板治疗_21.png → output/医脉通】2020 ACC专家共识决策路径：接受PCI治疗的房颤或静脉血栓栓塞患者以及动脉粥样硬化性心血管疾病患者的抗凝和抗血小板治疗/医脉通】2020 ACC专家共识决策路径：接受PCI治疗的房颤或静脉血栓栓塞患者以及动脉粥样硬化性心血管疾病患者的抗凝和抗血小板治疗_21.md
2026-05-30 21:15:38,986 [INFO] merge_service -   第22页: 【医脉通】2020 ACC专家共识决策路径：接受PCI治疗的房颤或静脉血栓栓塞患者以及动脉粥样硬化性心血管疾病患者的抗凝和抗血小板治疗_22.png → output/医脉通】2020 ACC专家共识决策路径：接受PCI治疗的房颤或静脉血栓栓塞患者以及动脉粥样硬化性心血管疾病患者的抗凝和抗血小板治疗/医脉通】2020 ACC专家共识决策路径：接受PCI治疗的房颤或静脉血栓栓塞患者以及动脉粥样硬化性心血管疾病患者的抗凝和抗血小板治疗_22.md
2026-05-30 21:15:38,986 [INFO] merge_service -   第23页: 【医脉通】2020 ACC专家共识决策路径：接受PCI治疗的房颤或静脉血栓栓塞患者以及动脉粥样硬化性心血管疾病患者的抗凝和抗血小板治疗_23.png → output/医脉通】2020 ACC专家共识决策路径：接受PCI治疗的房颤或静脉血栓栓塞患者以及动脉粥样硬化性心血管疾病患者的抗凝和抗血小板治疗/医脉通】2020 ACC专家共识决策路径：接受PCI治疗的房颤或静脉血栓栓塞患者以及动脉粥样硬化性心血管疾病患者的抗凝和抗血小板治疗_23.md
2026-05-30 21:15:38,986 [INFO] merge_service -   第24页: 【医脉通】2020 ACC专家共识决策路径：接受PCI治疗的房颤或静脉血栓栓塞患者以及动脉粥样硬化性心血管疾病患者的抗凝和抗血小板治疗_24.png → output/医脉通】2020 ACC专家共识决策路径：接受PCI治疗的房颤或静脉血栓栓塞患者以及动脉粥样硬化性心血管疾病患者的抗凝和抗血小板治疗/医脉通】2020 ACC专家共识决策路径：接受PCI治疗的房颤或静脉血栓栓塞患者以及动脉粥样硬化性心血管疾病患者的抗凝和抗血小板治疗_24.md
2026-05-30 21:15:38,986 [INFO] merge_service -   第25页: 【医脉通】2020 ACC专家共识决策路径：接受PCI治疗的房颤或静脉血栓栓塞患者以及动脉粥样硬化性心血管疾病患者的抗凝和抗血小板治疗_25.png → output/医脉通】2020 ACC专家共识决策路径：接受PCI治疗的房颤或静脉血栓栓塞患者以及动脉粥样硬化性心血管疾病患者的抗凝和抗血小板治疗/医脉通】2020 ACC专家共识决策路径：接受PCI治疗的房颤或静脉血栓栓塞患者以及动脉粥样硬化性心血管疾病患者的抗凝和抗血小板治疗_25.md
2026-05-30 21:15:38,986 [INFO] merge_service -   第26页: 【医脉通】2020 ACC专家共识决策路径：接受PCI治疗的房颤或静脉血栓栓塞患者以及动脉粥样硬化性心血管疾病患者的抗凝和抗血小板治疗_26.png → output/医脉通】2020 ACC专家共识决策路径：接受PCI治疗的房颤或静脉血栓栓塞患者以及动脉粥样硬化性心血管疾病患者的抗凝和抗血小板治疗/医脉通】2020 ACC专家共识决策路径：接受PCI治疗的房颤或静脉血栓栓塞患者以及动脉粥样硬化性心血管疾病患者的抗凝和抗血小板治疗_26.md
2026-05-30 21:15:38,986 [INFO] merge_service -   第27页: 【医脉通】2020 ACC专家共识决策路径：接受PCI治疗的房颤或静脉血栓栓塞患者以及动脉粥样硬化性心血管疾病患者的抗凝和抗血小板治疗_27.png → output/医脉通】2020 ACC专家共识决策路径：接受PCI治疗的房颤或静脉血栓栓塞患者以及动脉粥样硬化性心血管疾病患者的抗凝和抗血小板治疗/医脉通】2020 ACC专家共识决策路径：接受PCI治疗的房颤或静脉血栓栓塞患者以及动脉粥样硬化性心血管疾病患者的抗凝和抗血小板治疗_27.md
2026-05-30 21:15:38,986 [INFO] merge_service -   第28页: 【医脉通】2020 ACC专家共识决策路径：接受PCI治疗的房颤或静脉血栓栓塞患者以及动脉粥样硬化性心血管疾病患者的抗凝和抗血小板治疗_28.png → output/医脉通】2020 ACC专家共识决策路径：接受PCI治疗的房颤或静脉血栓栓塞患者以及动脉粥样硬化性心血管疾病患者的抗凝和抗血小板治疗/医脉通】2020 ACC专家共识决策路径：接受PCI治疗的房颤或静脉血栓栓塞患者以及动脉粥样硬化性心血管疾病患者的抗凝和抗血小板治疗_28.md
2026-05-30 21:15:38,987 [INFO] merge_service -   第29页: 【医脉通】2020 ACC专家共识决策路径：接受PCI治疗的房颤或静脉血栓栓塞患者以及动脉粥样硬化性心血管疾病患者的抗凝和抗血小板治疗_29.png → output/医脉通】2020 ACC专家共识决策路径：接受PCI治疗的房颤或静脉血栓栓塞患者以及动脉粥样硬化性心血管疾病患者的抗凝和抗血小板治疗/医脉通】2020 ACC专家共识决策路径：接受PCI治疗的房颤或静脉血栓栓塞患者以及动脉粥样硬化性心血管疾病患者的抗凝和抗血小板治疗_29.md
2026-05-30 21:15:38,987 [INFO] merge_service -   第30页: 【医脉通】2020 ACC专家共识决策路径：接受PCI治疗的房颤或静脉血栓栓塞患者以及动脉粥样硬化性心血管疾病患者的抗凝和抗血小板治疗_30.png → output/医脉通】2020 ACC专家共识决策路径：接受PCI治疗的房颤或静脉血栓栓塞患者以及动脉粥样硬化性心血管疾病患者的抗凝和抗血小板治疗/医脉通】2020 ACC专家共识决策路径：接受PCI治疗的房颤或静脉血栓栓塞患者以及动脉粥样硬化性心血管疾病患者的抗凝和抗血小板治疗_30.md
2026-05-30 21:15:39,074 [INFO] merge_service - 
==================================================
2026-05-30 21:15:39,074 [INFO] merge_service - [9ef6f205-e3e5-4e2c-9268-7d2a47dc02e8] 合并清洗完成!
2026-05-30 21:15:39,074 [INFO] merge_service -   合并文件: output/医脉通】2020 ACC专家共识决策路径：接受PCI治疗的房颤或静脉血栓栓塞患者以及动脉粥样硬化性心血管疾病患者的抗凝和抗血小板治疗/医脉通】2020 ACC专家共识决策路径：接受PCI治疗的房颤或静脉血栓栓塞患者以及动脉粥样硬化性心血管疾病患者的抗凝和抗血小板治疗_merged_output.md
2026-05-30 21:15:39,074 [INFO] merge_service -   有效页面: 44/30
2026-05-30 21:15:39,074 [INFO] merge_service -   总字符数: 146400
2026-05-30 21:15:39,074 [INFO] merge_service -   轮询耗时: 395.37s, 合并耗时: 0.09s
2026-05-30 21:15:39,074 [INFO] merge_service -   跳过页面（参考文献）: [23, 24, 25]
2026-05-30 21:15:39,074 [INFO] merge_service - ==================================================
