2026-05-30 22:24:46,040 [INFO] merge_service - ============================================================
2026-05-30 22:24:46,040 [INFO] merge_service - 合并+清洗服务 — 新任务
2026-05-30 22:24:46,040 [INFO] merge_service -   合并ID: bdf69827-19f1-44c4-851c-6b5e24ba6331
2026-05-30 22:24:46,040 [INFO] merge_service -   PDF名称: 医脉通】胸痛基层诊疗指南（实践版·2019） (原始: 医脉通】胸痛基层诊疗指南（实践版·2019）.pdf)
2026-05-30 22:24:46,040 [INFO] merge_service -   关联提取任务数: 5
2026-05-30 22:24:46,040 [INFO] merge_service -   输出目录: ./output
2026-05-30 22:24:46,040 [INFO] merge_service -   提取服务: http://localhost:8001
2026-05-30 22:24:46,040 [INFO] merge_service - ============================================================
2026-05-30 22:24:46,041 [INFO] merge_service - [Poll] 开始轮询 5 个提取任务...
2026-05-30 22:24:46,041 [INFO] merge_service - [Poll] 提取服务地址: http://localhost:8001
2026-05-30 22:24:46,041 [INFO] merge_service - [Poll] 轮询间隔: 3.0s, 最大等待: 3600.0s
2026-05-30 22:24:46,111 [INFO] merge_service - [Poll] 进度: 0/5 完成, 剩余 5 个任务仍在处理中...
2026-05-30 22:24:49,172 [INFO] merge_service - [Poll] 进度: 0/5 完成, 剩余 5 个任务仍在处理中...
2026-05-30 22:24:52,232 [INFO] merge_service - [Poll] 进度: 0/5 完成, 剩余 5 个任务仍在处理中...
2026-05-30 22:24:55,287 [INFO] merge_service - [Poll] 进度: 0/5 完成, 剩余 5 个任务仍在处理中...
2026-05-30 22:24:58,382 [INFO] merge_service - [Poll] 进度: 0/5 完成, 剩余 5 个任务仍在处理中...
2026-05-30 22:25:01,437 [INFO] merge_service - [Poll] 进度: 0/5 完成, 剩余 5 个任务仍在处理中...
2026-05-30 22:25:04,535 [INFO] merge_service - [Poll] 进度: 0/5 完成, 剩余 5 个任务仍在处理中...
2026-05-30 22:25:07,592 [INFO] merge_service - [Poll] 进度: 0/5 完成, 剩余 5 个任务仍在处理中...
2026-05-30 22:25:10,693 [INFO] merge_service - [Poll] 进度: 0/5 完成, 剩余 5 个任务仍在处理中...
2026-05-30 22:25:13,748 [INFO] merge_service - [Poll] 进度: 0/5 完成, 剩余 5 个任务仍在处理中...
2026-05-30 22:25:16,835 [INFO] merge_service - [Poll] 进度: 0/5 完成, 剩余 5 个任务仍在处理中...
2026-05-30 22:25:19,890 [INFO] merge_service - [Poll] 进度: 0/5 完成, 剩余 5 个任务仍在处理中...
2026-05-30 22:25:22,965 [INFO] merge_service - [Poll] 进度: 0/5 完成, 剩余 5 个任务仍在处理中...
2026-05-30 22:25:26,022 [INFO] merge_service - [Poll] 进度: 0/5 完成, 剩余 5 个任务仍在处理中...
2026-05-30 22:25:29,085 [INFO] merge_service - [Poll] 进度: 0/5 完成, 剩余 5 个任务仍在处理中...
2026-05-30 22:25:32,144 [INFO] merge_service - [Poll] 进度: 0/5 完成, 剩余 5 个任务仍在处理中...
2026-05-30 22:25:35,199 [INFO] merge_service - [Poll] 进度: 0/5 完成, 剩余 5 个任务仍在处理中...
2026-05-30 22:25:38,297 [INFO] merge_service - [Poll] 进度: 0/5 完成, 剩余 5 个任务仍在处理中...
2026-05-30 22:25:41,341 [INFO] merge_service - [Poll] 任务 5dcac0ca-e8fd-46c1-b436-7d855c9ff3a2 (【医脉通】胸痛基层诊疗指南（实践版·2019）_1.png) → completed [成功]
2026-05-30 22:25:41,352 [INFO] merge_service - [Poll] 进度: 1/5 完成, 剩余 4 个任务仍在处理中...
2026-05-30 22:25:44,439 [INFO] merge_service - [Poll] 进度: 1/5 完成, 剩余 4 个任务仍在处理中...
2026-05-30 22:25:47,482 [INFO] merge_service - [Poll] 进度: 1/5 完成, 剩余 4 个任务仍在处理中...
2026-05-30 22:25:50,564 [INFO] merge_service - [Poll] 进度: 1/5 完成, 剩余 4 个任务仍在处理中...
2026-05-30 22:25:53,611 [INFO] merge_service - [Poll] 进度: 1/5 完成, 剩余 4 个任务仍在处理中...
2026-05-30 22:25:56,684 [INFO] merge_service - [Poll] 进度: 1/5 完成, 剩余 4 个任务仍在处理中...
2026-05-30 22:25:59,729 [INFO] merge_service - [Poll] 进度: 1/5 完成, 剩余 4 个任务仍在处理中...
2026-05-30 22:26:02,788 [INFO] merge_service - [Poll] 进度: 1/5 完成, 剩余 4 个任务仍在处理中...
2026-05-30 22:26:05,834 [INFO] merge_service - [Poll] 进度: 1/5 完成, 剩余 4 个任务仍在处理中...
2026-05-30 22:26:08,883 [INFO] merge_service - [Poll] 进度: 1/5 完成, 剩余 4 个任务仍在处理中...
2026-05-30 22:26:11,959 [INFO] merge_service - [Poll] 进度: 1/5 完成, 剩余 4 个任务仍在处理中...
2026-05-30 22:26:15,002 [INFO] merge_service - [Poll] 进度: 1/5 完成, 剩余 4 个任务仍在处理中...
2026-05-30 22:26:18,078 [INFO] merge_service - [Poll] 进度: 1/5 完成, 剩余 4 个任务仍在处理中...
2026-05-30 22:26:21,122 [INFO] merge_service - [Poll] 进度: 1/5 完成, 剩余 4 个任务仍在处理中...
2026-05-30 22:26:24,205 [INFO] merge_service - [Poll] 进度: 1/5 完成, 剩余 4 个任务仍在处理中...
2026-05-30 22:26:27,253 [INFO] merge_service - [Poll] 进度: 1/5 完成, 剩余 4 个任务仍在处理中...
2026-05-30 22:26:30,319 [INFO] merge_service - [Poll] 任务 afe6dc6c-757d-4c82-843c-90478663be3c (【医脉通】胸痛基层诊疗指南（实践版·2019）_5.png) → completed [成功]
2026-05-30 22:26:30,332 [INFO] merge_service - [Poll] 进度: 2/5 完成, 剩余 3 个任务仍在处理中...
2026-05-30 22:26:33,368 [INFO] merge_service - [Poll] 进度: 2/5 完成, 剩余 3 个任务仍在处理中...
2026-05-30 22:26:36,421 [INFO] merge_service - [Poll] 进度: 2/5 完成, 剩余 3 个任务仍在处理中...
2026-05-30 22:26:39,455 [INFO] merge_service - [Poll] 进度: 2/5 完成, 剩余 3 个任务仍在处理中...
2026-05-30 22:26:42,491 [INFO] merge_service - [Poll] 进度: 2/5 完成, 剩余 3 个任务仍在处理中...
2026-05-30 22:26:45,528 [INFO] merge_service - [Poll] 进度: 2/5 完成, 剩余 3 个任务仍在处理中...
2026-05-30 22:26:48,585 [INFO] merge_service - [Poll] 进度: 2/5 完成, 剩余 3 个任务仍在处理中...
2026-05-30 22:26:51,619 [INFO] merge_service - [Poll] 进度: 2/5 完成, 剩余 3 个任务仍在处理中...
2026-05-30 22:26:54,675 [INFO] merge_service - [Poll] 进度: 2/5 完成, 剩余 3 个任务仍在处理中...
2026-05-30 22:26:57,712 [INFO] merge_service - [Poll] 进度: 2/5 完成, 剩余 3 个任务仍在处理中...
2026-05-30 22:27:00,748 [INFO] merge_service - [Poll] 进度: 2/5 完成, 剩余 3 个任务仍在处理中...
2026-05-30 22:27:03,810 [INFO] merge_service - [Poll] 进度: 2/5 完成, 剩余 3 个任务仍在处理中...
2026-05-30 22:27:06,834 [INFO] merge_service - [Poll] 任务 37f9db7b-85b3-4594-8f01-c24eb9793816 (【医脉通】胸痛基层诊疗指南（实践版·2019）_2.png) → completed [成功]
2026-05-30 22:27:06,844 [INFO] merge_service - [Poll] 进度: 3/5 完成, 剩余 2 个任务仍在处理中...
2026-05-30 22:27:09,890 [INFO] merge_service - [Poll] 进度: 3/5 完成, 剩余 2 个任务仍在处理中...
2026-05-30 22:27:12,913 [INFO] merge_service - [Poll] 进度: 3/5 完成, 剩余 2 个任务仍在处理中...
2026-05-30 22:27:15,938 [INFO] merge_service - [Poll] 进度: 3/5 完成, 剩余 2 个任务仍在处理中...
2026-05-30 22:27:18,994 [INFO] merge_service - [Poll] 进度: 3/5 完成, 剩余 2 个任务仍在处理中...
2026-05-30 22:27:22,020 [INFO] merge_service - [Poll] 进度: 3/5 完成, 剩余 2 个任务仍在处理中...
2026-05-30 22:27:25,044 [INFO] merge_service - [Poll] 进度: 3/5 完成, 剩余 2 个任务仍在处理中...
2026-05-30 22:27:28,070 [INFO] merge_service - [Poll] 进度: 3/5 完成, 剩余 2 个任务仍在处理中...
2026-05-30 22:27:31,125 [INFO] merge_service - [Poll] 进度: 3/5 完成, 剩余 2 个任务仍在处理中...
2026-05-30 22:27:34,138 [INFO] merge_service - [Poll] 任务 9c331c10-59a1-461c-8a3e-50a05f1b1989 (【医脉通】胸痛基层诊疗指南（实践版·2019）_3.png) → completed [成功]
2026-05-30 22:27:34,149 [INFO] merge_service - [Poll] 进度: 4/5 完成, 剩余 1 个任务仍在处理中...
2026-05-30 22:27:37,167 [INFO] merge_service - [Poll] 进度: 4/5 完成, 剩余 1 个任务仍在处理中...
2026-05-30 22:27:40,202 [INFO] merge_service - [Poll] 进度: 4/5 完成, 剩余 1 个任务仍在处理中...
2026-05-30 22:27:43,215 [INFO] merge_service - [Poll] 进度: 4/5 完成, 剩余 1 个任务仍在处理中...
2026-05-30 22:27:46,228 [INFO] merge_service - [Poll] 进度: 4/5 完成, 剩余 1 个任务仍在处理中...
2026-05-30 22:27:49,259 [INFO] merge_service - [Poll] 进度: 4/5 完成, 剩余 1 个任务仍在处理中...
2026-05-30 22:27:52,280 [INFO] merge_service - [Poll] 进度: 4/5 完成, 剩余 1 个任务仍在处理中...
2026-05-30 22:27:55,293 [INFO] merge_service - [Poll] 进度: 4/5 完成, 剩余 1 个任务仍在处理中...
2026-05-30 22:27:58,307 [INFO] merge_service - [Poll] 进度: 4/5 完成, 剩余 1 个任务仍在处理中...
2026-05-30 22:28:01,327 [INFO] merge_service - [Poll] 进度: 4/5 完成, 剩余 1 个任务仍在处理中...
2026-05-30 22:28:04,363 [INFO] merge_service - [Poll] 进度: 4/5 完成, 剩余 1 个任务仍在处理中...
2026-05-30 22:28:07,377 [INFO] merge_service - [Poll] 进度: 4/5 完成, 剩余 1 个任务仍在处理中...
2026-05-30 22:28:10,390 [INFO] merge_service - [Poll] 进度: 4/5 完成, 剩余 1 个任务仍在处理中...
2026-05-30 22:28:13,416 [INFO] merge_service - [Poll] 进度: 4/5 完成, 剩余 1 个任务仍在处理中...
2026-05-30 22:28:16,429 [INFO] merge_service - [Poll] 进度: 4/5 完成, 剩余 1 个任务仍在处理中...
2026-05-30 22:28:19,443 [INFO] merge_service - [Poll] 进度: 4/5 完成, 剩余 1 个任务仍在处理中...
2026-05-30 22:28:22,459 [INFO] merge_service - [Poll] 进度: 4/5 完成, 剩余 1 个任务仍在处理中...
2026-05-30 22:28:25,493 [INFO] merge_service - [Poll] 进度: 4/5 完成, 剩余 1 个任务仍在处理中...
2026-05-30 22:28:28,508 [INFO] merge_service - [Poll] 进度: 4/5 完成, 剩余 1 个任务仍在处理中...
2026-05-30 22:28:31,521 [INFO] merge_service - [Poll] 进度: 4/5 完成, 剩余 1 个任务仍在处理中...
2026-05-30 22:28:34,535 [INFO] merge_service - [Poll] 进度: 4/5 完成, 剩余 1 个任务仍在处理中...
2026-05-30 22:28:37,565 [INFO] merge_service - [Poll] 进度: 4/5 完成, 剩余 1 个任务仍在处理中...
2026-05-30 22:28:40,579 [INFO] merge_service - [Poll] 进度: 4/5 完成, 剩余 1 个任务仍在处理中...
2026-05-30 22:28:43,593 [INFO] merge_service - [Poll] 进度: 4/5 完成, 剩余 1 个任务仍在处理中...
2026-05-30 22:28:46,611 [INFO] merge_service - [Poll] 进度: 4/5 完成, 剩余 1 个任务仍在处理中...
2026-05-30 22:28:49,632 [INFO] merge_service - [Poll] 进度: 4/5 完成, 剩余 1 个任务仍在处理中...
2026-05-30 22:28:52,647 [INFO] merge_service - [Poll] 进度: 4/5 完成, 剩余 1 个任务仍在处理中...
2026-05-30 22:28:55,660 [INFO] merge_service - [Poll] 进度: 4/5 完成, 剩余 1 个任务仍在处理中...
2026-05-30 22:28:58,683 [INFO] merge_service - [Poll] 任务 ac67675e-fcf1-4342-a5be-e88e5b00b38f (【医脉通】胸痛基层诊疗指南（实践版·2019）_4.png) → completed [成功]
2026-05-30 22:28:58,684 [INFO] merge_service - [bdf69827-19f1-44c4-851c-6b5e24ba6331] 所有提取任务已完成，开始合并清洗...
2026-05-30 22:28:58,684 [INFO] merge_service - [bdf69827-19f1-44c4-851c-6b5e24ba6331] 合并顺序（按原图片文件名序号）:
2026-05-30 22:28:58,684 [INFO] merge_service -   第1页: 【医脉通】胸痛基层诊疗指南（实践版·2019）_1.png → output/医脉通】胸痛基层诊疗指南（实践版·2019）/医脉通】胸痛基层诊疗指南（实践版·2019）_1.md
2026-05-30 22:28:58,684 [INFO] merge_service -   第2页: 【医脉通】胸痛基层诊疗指南（实践版·2019）_2.png → output/医脉通】胸痛基层诊疗指南（实践版·2019）/医脉通】胸痛基层诊疗指南（实践版·2019）_2.md
2026-05-30 22:28:58,684 [INFO] merge_service -   第3页: 【医脉通】胸痛基层诊疗指南（实践版·2019）_3.png → output/医脉通】胸痛基层诊疗指南（实践版·2019）/医脉通】胸痛基层诊疗指南（实践版·2019）_3.md
2026-05-30 22:28:58,684 [INFO] merge_service -   第4页: 【医脉通】胸痛基层诊疗指南（实践版·2019）_4.png → output/医脉通】胸痛基层诊疗指南（实践版·2019）/医脉通】胸痛基层诊疗指南（实践版·2019）_4.md
2026-05-30 22:28:58,684 [INFO] merge_service -   第5页: 【医脉通】胸痛基层诊疗指南（实践版·2019）_5.png → output/医脉通】胸痛基层诊疗指南（实践版·2019）/医脉通】胸痛基层诊疗指南（实践版·2019）_5.md
2026-05-30 22:28:58,708 [INFO] merge_service - 
==================================================
2026-05-30 22:28:58,708 [INFO] merge_service - [bdf69827-19f1-44c4-851c-6b5e24ba6331] 合并清洗完成!
2026-05-30 22:28:58,708 [INFO] merge_service -   合并文件: output/医脉通】胸痛基层诊疗指南（实践版·2019）/医脉通】胸痛基层诊疗指南（实践版·2019）_merged_output.md
2026-05-30 22:28:58,708 [INFO] merge_service -   有效页面: 5/5
2026-05-30 22:28:58,708 [INFO] merge_service -   总字符数: 16143
2026-05-30 22:28:58,708 [INFO] merge_service -   轮询耗时: 252.64s, 合并耗时: 0.02s
2026-05-30 22:28:58,708 [INFO] merge_service - ==================================================
