2026-05-25 16:21:42,837 [INFO] merge_service - ============================================================
2026-05-25 16:21:42,837 [INFO] merge_service - 合并+清洗服务 — 新任务
2026-05-25 16:21:42,837 [INFO] merge_service -   合并ID: 0c31c9c3-8467-4795-975b-448b8d8174d9
2026-05-25 16:21:42,837 [INFO] merge_service -   PDF名称: 急性冠状动脉综合征特殊人群抗血小板治疗中国专家建议 (原始: 急性冠状动脉综合征特殊人群抗血小板治疗中国专家建议.pdf)
2026-05-25 16:21:42,837 [INFO] merge_service -   关联提取任务数: 12
2026-05-25 16:21:42,837 [INFO] merge_service -   输出目录: ./output
2026-05-25 16:21:42,837 [INFO] merge_service -   提取服务: http://localhost:8001
2026-05-25 16:21:42,837 [INFO] merge_service - ============================================================
2026-05-25 16:21:42,838 [INFO] merge_service - [Poll] 开始轮询 12 个提取任务...
2026-05-25 16:21:42,838 [INFO] merge_service - [Poll] 提取服务地址: http://localhost:8001
2026-05-25 16:21:42,838 [INFO] merge_service - [Poll] 轮询间隔: 3.0s, 最大等待: 3600.0s
2026-05-25 16:21:43,100 [INFO] merge_service - [Poll] 进度: 0/12 完成, 剩余 12 个任务仍在处理中...
2026-05-25 16:21:46,325 [INFO] merge_service - [Poll] 进度: 0/12 完成, 剩余 12 个任务仍在处理中...
2026-05-25 16:21:49,473 [INFO] merge_service - [Poll] 进度: 0/12 完成, 剩余 12 个任务仍在处理中...
2026-05-25 16:21:52,663 [INFO] merge_service - [Poll] 进度: 0/12 完成, 剩余 12 个任务仍在处理中...
2026-05-25 16:21:55,851 [INFO] merge_service - [Poll] 进度: 0/12 完成, 剩余 12 个任务仍在处理中...
2026-05-25 16:21:59,048 [INFO] merge_service - [Poll] 进度: 0/12 完成, 剩余 12 个任务仍在处理中...
2026-05-25 16:22:02,224 [INFO] merge_service - [Poll] 进度: 0/12 完成, 剩余 12 个任务仍在处理中...
2026-05-25 16:22:05,378 [INFO] merge_service - [Poll] 进度: 0/12 完成, 剩余 12 个任务仍在处理中...
2026-05-25 16:22:08,518 [INFO] merge_service - [Poll] 进度: 0/12 完成, 剩余 12 个任务仍在处理中...
2026-05-25 16:22:11,661 [INFO] merge_service - [Poll] 进度: 0/12 完成, 剩余 12 个任务仍在处理中...
2026-05-25 16:22:14,821 [INFO] merge_service - [Poll] 进度: 0/12 完成, 剩余 12 个任务仍在处理中...
2026-05-25 16:22:17,983 [INFO] merge_service - [Poll] 进度: 0/12 完成, 剩余 12 个任务仍在处理中...
2026-05-25 16:22:21,163 [INFO] merge_service - [Poll] 进度: 0/12 完成, 剩余 12 个任务仍在处理中...
2026-05-25 16:22:24,315 [INFO] merge_service - [Poll] 进度: 0/12 完成, 剩余 12 个任务仍在处理中...
2026-05-25 16:22:27,496 [INFO] merge_service - [Poll] 进度: 0/12 完成, 剩余 12 个任务仍在处理中...
2026-05-25 16:22:30,641 [INFO] merge_service - [Poll] 进度: 0/12 完成, 剩余 12 个任务仍在处理中...
2026-05-25 16:22:33,796 [INFO] merge_service - [Poll] 进度: 0/12 完成, 剩余 12 个任务仍在处理中...
2026-05-25 16:22:36,946 [INFO] merge_service - [Poll] 进度: 0/12 完成, 剩余 12 个任务仍在处理中...
2026-05-25 16:22:40,107 [INFO] merge_service - [Poll] 进度: 0/12 完成, 剩余 12 个任务仍在处理中...
2026-05-25 16:22:43,227 [INFO] merge_service - [Poll] 任务 d728549e-47a2-46d5-8f92-fac16deb75b9 (急性冠状动脉综合征特殊人群抗血小板治疗中国专家建议_1.png) → completed [成功]
2026-05-25 16:22:43,286 [INFO] merge_service - [Poll] 进度: 1/12 完成, 剩余 11 个任务仍在处理中...
2026-05-25 16:22:46,446 [INFO] merge_service - [Poll] 进度: 1/12 完成, 剩余 11 个任务仍在处理中...
2026-05-25 16:22:49,499 [INFO] merge_service - [Poll] 任务 a5da26db-8d7a-49d4-a439-d9231ef0fc4c (急性冠状动脉综合征特殊人群抗血小板治疗中国专家建议_2.png) → completed [成功]
2026-05-25 16:22:49,595 [INFO] merge_service - [Poll] 进度: 2/12 完成, 剩余 10 个任务仍在处理中...
2026-05-25 16:22:52,670 [INFO] merge_service - [Poll] 任务 4e448ae7-ace3-465c-a4e1-c266660e0586 (急性冠状动脉综合征特殊人群抗血小板治疗中国专家建议_6.png) → completed [成功]
2026-05-25 16:22:52,683 [INFO] merge_service - [Poll] 任务 dcbd9679-9d64-467a-8982-7e1b946d3816 (急性冠状动脉综合征特殊人群抗血小板治疗中国专家建议_4.png) → completed [成功]
2026-05-25 16:22:52,746 [INFO] merge_service - [Poll] 进度: 4/12 完成, 剩余 8 个任务仍在处理中...
2026-05-25 16:22:55,841 [INFO] merge_service - [Poll] 进度: 4/12 完成, 剩余 8 个任务仍在处理中...
2026-05-25 16:22:58,949 [INFO] merge_service - [Poll] 进度: 4/12 完成, 剩余 8 个任务仍在处理中...
2026-05-25 16:23:02,051 [INFO] merge_service - [Poll] 进度: 4/12 完成, 剩余 8 个任务仍在处理中...
2026-05-25 16:23:05,146 [INFO] merge_service - [Poll] 任务 2de72b5a-af70-4646-b4a8-80888eb51ae9 (急性冠状动脉综合征特殊人群抗血小板治疗中国专家建议_7.png) → completed [成功]
2026-05-25 16:23:05,184 [INFO] merge_service - [Poll] 进度: 5/12 完成, 剩余 7 个任务仍在处理中...
2026-05-25 16:23:08,198 [INFO] merge_service - [Poll] 任务 ec6d7410-9998-4fa8-b132-718d80bdbfb5 (急性冠状动脉综合征特殊人群抗血小板治疗中国专家建议_3.png) → completed [成功]
2026-05-25 16:23:08,271 [INFO] merge_service - [Poll] 任务 7f819e2a-8a51-4438-902e-485965fb7062 (急性冠状动脉综合征特殊人群抗血小板治疗中国专家建议_10.png) → completed [成功]
2026-05-25 16:23:08,271 [INFO] merge_service - [Poll] 进度: 7/12 完成, 剩余 5 个任务仍在处理中...
2026-05-25 16:23:11,299 [INFO] merge_service - [Poll] 任务 8006056c-e844-4a86-ba0a-e712b6004ef9 (急性冠状动脉综合征特殊人群抗血小板治疗中国专家建议_11.png) → completed [成功]
2026-05-25 16:23:11,331 [INFO] merge_service - [Poll] 进度: 8/12 完成, 剩余 4 个任务仍在处理中...
2026-05-25 16:23:14,406 [INFO] merge_service - [Poll] 任务 0e933580-af80-4b89-8bc0-4cce5aaaad86 (急性冠状动脉综合征特殊人群抗血小板治疗中国专家建议_12.png) → completed [成功]
2026-05-25 16:23:14,406 [INFO] merge_service - [Poll] 进度: 9/12 完成, 剩余 3 个任务仍在处理中...
2026-05-25 16:23:17,456 [INFO] merge_service - [Poll] 进度: 9/12 完成, 剩余 3 个任务仍在处理中...
2026-05-25 16:23:20,491 [INFO] merge_service - [Poll] 进度: 9/12 完成, 剩余 3 个任务仍在处理中...
2026-05-25 16:23:23,525 [INFO] merge_service - [Poll] 进度: 9/12 完成, 剩余 3 个任务仍在处理中...
2026-05-25 16:23:26,563 [INFO] merge_service - [Poll] 进度: 9/12 完成, 剩余 3 个任务仍在处理中...
2026-05-25 16:23:29,605 [INFO] merge_service - [Poll] 进度: 9/12 完成, 剩余 3 个任务仍在处理中...
2026-05-25 16:23:32,665 [INFO] merge_service - [Poll] 进度: 9/12 完成, 剩余 3 个任务仍在处理中...
2026-05-25 16:23:35,723 [INFO] merge_service - [Poll] 进度: 9/12 完成, 剩余 3 个任务仍在处理中...
2026-05-25 16:23:38,759 [INFO] merge_service - [Poll] 进度: 9/12 完成, 剩余 3 个任务仍在处理中...
2026-05-25 16:23:41,794 [INFO] merge_service - [Poll] 进度: 9/12 完成, 剩余 3 个任务仍在处理中...
2026-05-25 16:23:44,829 [INFO] merge_service - [Poll] 任务 2f5d139a-34bc-4fda-a04e-26aa493b5366 (急性冠状动脉综合征特殊人群抗血小板治疗中国专家建议_5.png) → completed [成功]
2026-05-25 16:23:44,829 [INFO] merge_service - [Poll] 进度: 10/12 完成, 剩余 2 个任务仍在处理中...
2026-05-25 16:23:47,858 [INFO] merge_service - [Poll] 进度: 10/12 完成, 剩余 2 个任务仍在处理中...
2026-05-25 16:23:50,893 [INFO] merge_service - [Poll] 进度: 10/12 完成, 剩余 2 个任务仍在处理中...
2026-05-25 16:23:53,948 [INFO] merge_service - [Poll] 进度: 10/12 完成, 剩余 2 个任务仍在处理中...
2026-05-25 16:23:56,975 [INFO] merge_service - [Poll] 任务 7b65d327-fc38-4937-952b-45dd2c60e451 (急性冠状动脉综合征特殊人群抗血小板治疗中国专家建议_8.png) → completed [成功]
2026-05-25 16:23:56,975 [INFO] merge_service - [Poll] 进度: 11/12 完成, 剩余 1 个任务仍在处理中...
2026-05-25 16:23:59,988 [INFO] merge_service - [Poll] 进度: 11/12 完成, 剩余 1 个任务仍在处理中...
2026-05-25 16:24:03,001 [INFO] merge_service - [Poll] 进度: 11/12 完成, 剩余 1 个任务仍在处理中...
2026-05-25 16:24:06,017 [INFO] merge_service - [Poll] 进度: 11/12 完成, 剩余 1 个任务仍在处理中...
2026-05-25 16:24:09,031 [INFO] merge_service - [Poll] 进度: 11/12 完成, 剩余 1 个任务仍在处理中...
2026-05-25 16:24:12,047 [INFO] merge_service - [Poll] 任务 84d88fd3-afeb-4d75-a2df-22ebcc749e22 (急性冠状动脉综合征特殊人群抗血小板治疗中国专家建议_9.png) → completed [成功]
2026-05-25 16:24:12,047 [INFO] merge_service - [0c31c9c3-8467-4795-975b-448b8d8174d9] 所有提取任务已完成，开始合并清洗...
2026-05-25 16:24:12,047 [INFO] merge_service - [0c31c9c3-8467-4795-975b-448b8d8174d9] 合并顺序（按原图片文件名序号）:
2026-05-25 16:24:12,047 [INFO] merge_service -   第1页: 急性冠状动脉综合征特殊人群抗血小板治疗中国专家建议_1.png → output/急性冠状动脉综合征特殊人群抗血小板治疗中国专家建议/急性冠状动脉综合征特殊人群抗血小板治疗中国专家建议_1.md
2026-05-25 16:24:12,047 [INFO] merge_service -   第2页: 急性冠状动脉综合征特殊人群抗血小板治疗中国专家建议_2.png → output/急性冠状动脉综合征特殊人群抗血小板治疗中国专家建议/急性冠状动脉综合征特殊人群抗血小板治疗中国专家建议_2.md
2026-05-25 16:24:12,047 [INFO] merge_service -   第3页: 急性冠状动脉综合征特殊人群抗血小板治疗中国专家建议_3.png → output/急性冠状动脉综合征特殊人群抗血小板治疗中国专家建议/急性冠状动脉综合征特殊人群抗血小板治疗中国专家建议_3.md
2026-05-25 16:24:12,047 [INFO] merge_service -   第4页: 急性冠状动脉综合征特殊人群抗血小板治疗中国专家建议_4.png → output/急性冠状动脉综合征特殊人群抗血小板治疗中国专家建议/急性冠状动脉综合征特殊人群抗血小板治疗中国专家建议_4.md
2026-05-25 16:24:12,047 [INFO] merge_service -   第5页: 急性冠状动脉综合征特殊人群抗血小板治疗中国专家建议_5.png → output/急性冠状动脉综合征特殊人群抗血小板治疗中国专家建议/急性冠状动脉综合征特殊人群抗血小板治疗中国专家建议_5.md
2026-05-25 16:24:12,047 [INFO] merge_service -   第6页: 急性冠状动脉综合征特殊人群抗血小板治疗中国专家建议_6.png → output/急性冠状动脉综合征特殊人群抗血小板治疗中国专家建议/急性冠状动脉综合征特殊人群抗血小板治疗中国专家建议_6.md
2026-05-25 16:24:12,047 [INFO] merge_service -   第7页: 急性冠状动脉综合征特殊人群抗血小板治疗中国专家建议_7.png → output/急性冠状动脉综合征特殊人群抗血小板治疗中国专家建议/急性冠状动脉综合征特殊人群抗血小板治疗中国专家建议_7.md
2026-05-25 16:24:12,047 [INFO] merge_service -   第8页: 急性冠状动脉综合征特殊人群抗血小板治疗中国专家建议_8.png → output/急性冠状动脉综合征特殊人群抗血小板治疗中国专家建议/急性冠状动脉综合征特殊人群抗血小板治疗中国专家建议_8.md
2026-05-25 16:24:12,047 [INFO] merge_service -   第9页: 急性冠状动脉综合征特殊人群抗血小板治疗中国专家建议_9.png → output/急性冠状动脉综合征特殊人群抗血小板治疗中国专家建议/急性冠状动脉综合征特殊人群抗血小板治疗中国专家建议_9.md
2026-05-25 16:24:12,047 [INFO] merge_service -   第10页: 急性冠状动脉综合征特殊人群抗血小板治疗中国专家建议_10.png → output/急性冠状动脉综合征特殊人群抗血小板治疗中国专家建议/急性冠状动脉综合征特殊人群抗血小板治疗中国专家建议_10.md
2026-05-25 16:24:12,048 [INFO] merge_service -   第11页: 急性冠状动脉综合征特殊人群抗血小板治疗中国专家建议_11.png → output/急性冠状动脉综合征特殊人群抗血小板治疗中国专家建议/急性冠状动脉综合征特殊人群抗血小板治疗中国专家建议_11.md
2026-05-25 16:24:12,048 [INFO] merge_service -   第12页: 急性冠状动脉综合征特殊人群抗血小板治疗中国专家建议_12.png → output/急性冠状动脉综合征特殊人群抗血小板治疗中国专家建议/急性冠状动脉综合征特殊人群抗血小板治疗中国专家建议_12.md
2026-05-25 16:24:12,067 [INFO] merge_service - 
==================================================
2026-05-25 16:24:12,067 [INFO] merge_service - [0c31c9c3-8467-4795-975b-448b8d8174d9] 合并清洗完成!
2026-05-25 16:24:12,067 [INFO] merge_service -   合并文件: output/急性冠状动脉综合征特殊人群抗血小板治疗中国专家建议/急性冠状动脉综合征特殊人群抗血小板治疗中国专家建议_merged_output.md
2026-05-25 16:24:12,067 [INFO] merge_service -   有效页面: 9/12
2026-05-25 16:24:12,067 [INFO] merge_service -   总字符数: 27426
2026-05-25 16:24:12,067 [INFO] merge_service -   轮询耗时: 149.21s, 合并耗时: 0.02s
2026-05-25 16:24:12,067 [INFO] merge_service -   跳过页面（参考文献）: [10, 11, 12]
2026-05-25 16:24:12,067 [INFO] merge_service - ==================================================
2026-05-25 16:46:04,705 [INFO] merge_service - ============================================================
2026-05-25 16:46:04,706 [INFO] merge_service - 合并+清洗服务 — 新任务
2026-05-25 16:46:04,706 [INFO] merge_service -   合并ID: 69056b4f-296a-4551-82c0-63830d784d6f
2026-05-25 16:46:04,706 [INFO] merge_service -   PDF名称: 急性冠状动脉综合征特殊人群抗血小板治疗中国专家建议 (原始: 急性冠状动脉综合征特殊人群抗血小板治疗中国专家建议.pdf)
2026-05-25 16:46:04,706 [INFO] merge_service -   关联提取任务数: 12
2026-05-25 16:46:04,706 [INFO] merge_service -   输出目录: ./output
2026-05-25 16:46:04,706 [INFO] merge_service -   提取服务: http://localhost:8001
2026-05-25 16:46:04,706 [INFO] merge_service - ============================================================
2026-05-25 16:46:04,706 [INFO] merge_service - [Poll] 开始轮询 12 个提取任务...
2026-05-25 16:46:04,706 [INFO] merge_service - [Poll] 提取服务地址: http://localhost:8001
2026-05-25 16:46:04,707 [INFO] merge_service - [Poll] 轮询间隔: 3.0s, 最大等待: 3600.0s
2026-05-25 16:46:04,905 [INFO] merge_service - [Poll] 进度: 0/12 完成, 剩余 12 个任务仍在处理中...
2026-05-25 16:46:08,118 [INFO] merge_service - [Poll] 进度: 0/12 完成, 剩余 12 个任务仍在处理中...
2026-05-25 16:46:11,272 [INFO] merge_service - [Poll] 进度: 0/12 完成, 剩余 12 个任务仍在处理中...
2026-05-25 16:46:14,460 [INFO] merge_service - [Poll] 进度: 0/12 完成, 剩余 12 个任务仍在处理中...
2026-05-25 16:46:17,681 [INFO] merge_service - [Poll] 进度: 0/12 完成, 剩余 12 个任务仍在处理中...
2026-05-25 16:46:20,859 [INFO] merge_service - [Poll] 进度: 0/12 完成, 剩余 12 个任务仍在处理中...
2026-05-25 16:46:24,082 [INFO] merge_service - [Poll] 进度: 0/12 完成, 剩余 12 个任务仍在处理中...
2026-05-25 16:46:27,221 [INFO] merge_service - [Poll] 进度: 0/12 完成, 剩余 12 个任务仍在处理中...
2026-05-25 16:46:30,419 [INFO] merge_service - [Poll] 进度: 0/12 完成, 剩余 12 个任务仍在处理中...
2026-05-25 16:46:33,571 [INFO] merge_service - [Poll] 进度: 0/12 完成, 剩余 12 个任务仍在处理中...
2026-05-25 16:46:36,726 [INFO] merge_service - [Poll] 进度: 0/12 完成, 剩余 12 个任务仍在处理中...
2026-05-25 16:46:39,912 [INFO] merge_service - [Poll] 进度: 0/12 完成, 剩余 12 个任务仍在处理中...
2026-05-25 16:46:43,072 [INFO] merge_service - [Poll] 进度: 0/12 完成, 剩余 12 个任务仍在处理中...
2026-05-25 16:46:46,240 [INFO] merge_service - [Poll] 进度: 0/12 完成, 剩余 12 个任务仍在处理中...
2026-05-25 16:46:49,396 [INFO] merge_service - [Poll] 进度: 0/12 完成, 剩余 12 个任务仍在处理中...
2026-05-25 16:46:52,554 [INFO] merge_service - [Poll] 进度: 0/12 完成, 剩余 12 个任务仍在处理中...
2026-05-25 16:46:55,726 [INFO] merge_service - [Poll] 进度: 0/12 完成, 剩余 12 个任务仍在处理中...
2026-05-25 16:46:58,871 [INFO] merge_service - [Poll] 任务 834e1863-855b-4623-b87f-564a22d74ff5 (急性冠状动脉综合征特殊人群抗血小板治疗中国专家建议_6.png) → completed [成功]
2026-05-25 16:46:58,883 [INFO] merge_service - [Poll] 进度: 1/12 完成, 剩余 11 个任务仍在处理中...
2026-05-25 16:47:02,056 [INFO] merge_service - [Poll] 进度: 1/12 完成, 剩余 11 个任务仍在处理中...
2026-05-25 16:47:05,188 [INFO] merge_service - [Poll] 进度: 1/12 完成, 剩余 11 个任务仍在处理中...
2026-05-25 16:47:08,288 [INFO] merge_service - [Poll] 任务 d28d1c28-bd09-4a93-bd9e-b81aebdfd210 (急性冠状动脉综合征特殊人群抗血小板治疗中国专家建议_1.png) → completed [成功]
2026-05-25 16:47:08,345 [INFO] merge_service - [Poll] 进度: 2/12 完成, 剩余 10 个任务仍在处理中...
2026-05-25 16:47:11,503 [INFO] merge_service - [Poll] 进度: 2/12 完成, 剩余 10 个任务仍在处理中...
2026-05-25 16:47:14,539 [INFO] merge_service - [Poll] 任务 390755eb-2227-49b5-8caa-e1f1cc840e5f (急性冠状动脉综合征特殊人群抗血小板治疗中国专家建议_4.png) → completed [成功]
2026-05-25 16:47:14,621 [INFO] merge_service - [Poll] 进度: 3/12 完成, 剩余 9 个任务仍在处理中...
2026-05-25 16:47:17,763 [INFO] merge_service - [Poll] 任务 516fc63e-ef8f-48bd-84a9-22aff8321159 (急性冠状动脉综合征特殊人群抗血小板治疗中国专家建议_5.png) → completed [成功]
2026-05-25 16:47:17,775 [INFO] merge_service - [Poll] 进度: 4/12 完成, 剩余 8 个任务仍在处理中...
2026-05-25 16:47:20,859 [INFO] merge_service - [Poll] 任务 281ad389-7841-404a-bef3-74cd0c23d76f (急性冠状动脉综合征特殊人群抗血小板治疗中国专家建议_8.png) → completed [成功]
2026-05-25 16:47:20,871 [INFO] merge_service - [Poll] 进度: 5/12 完成, 剩余 7 个任务仍在处理中...
2026-05-25 16:47:23,922 [INFO] merge_service - [Poll] 任务 508c6338-1a2f-452b-a940-782015b62a1e (急性冠状动脉综合征特殊人群抗血小板治疗中国专家建议_2.png) → completed [成功]
2026-05-25 16:47:23,960 [INFO] merge_service - [Poll] 进度: 6/12 完成, 剩余 6 个任务仍在处理中...
2026-05-25 16:47:27,066 [INFO] merge_service - [Poll] 进度: 6/12 完成, 剩余 6 个任务仍在处理中...
2026-05-25 16:47:30,125 [INFO] merge_service - [Poll] 任务 0c8f27e0-dd34-4fde-a7e4-be3f08d5c49c (急性冠状动脉综合征特殊人群抗血小板治疗中国专家建议_7.png) → completed [成功]
2026-05-25 16:47:30,137 [INFO] merge_service - [Poll] 任务 37704e8d-bff4-43b3-b230-26ee220da346 (急性冠状动脉综合征特殊人群抗血小板治疗中国专家建议_11.png) → completed [成功]
2026-05-25 16:47:30,137 [INFO] merge_service - [Poll] 进度: 8/12 完成, 剩余 4 个任务仍在处理中...
2026-05-25 16:47:33,165 [INFO] merge_service - [Poll] 任务 56bc3f70-16a5-47f6-b261-0654d7fd51b2 (急性冠状动脉综合征特殊人群抗血小板治疗中国专家建议_10.png) → completed [成功]
2026-05-25 16:47:33,177 [INFO] merge_service - [Poll] 任务 767ff0a2-4f82-4eb3-9821-c004c1423575 (急性冠状动脉综合征特殊人群抗血小板治疗中国专家建议_3.png) → completed [成功]
2026-05-25 16:47:33,188 [INFO] merge_service - [Poll] 进度: 10/12 完成, 剩余 2 个任务仍在处理中...
2026-05-25 16:47:36,202 [INFO] merge_service - [Poll] 任务 3b3b9b13-dc08-4021-a1dc-8b8a4d386ca7 (急性冠状动脉综合征特殊人群抗血小板治疗中国专家建议_12.png) → completed [成功]
2026-05-25 16:47:36,215 [INFO] merge_service - [Poll] 进度: 11/12 完成, 剩余 1 个任务仍在处理中...
2026-05-25 16:47:39,236 [INFO] merge_service - [Poll] 进度: 11/12 完成, 剩余 1 个任务仍在处理中...
2026-05-25 16:47:42,263 [INFO] merge_service - [Poll] 进度: 11/12 完成, 剩余 1 个任务仍在处理中...
2026-05-25 16:47:45,297 [INFO] merge_service - [Poll] 进度: 11/12 完成, 剩余 1 个任务仍在处理中...
2026-05-25 16:47:48,312 [INFO] merge_service - [Poll] 进度: 11/12 完成, 剩余 1 个任务仍在处理中...
2026-05-25 16:47:51,325 [INFO] merge_service - [Poll] 进度: 11/12 完成, 剩余 1 个任务仍在处理中...
2026-05-25 16:47:54,340 [INFO] merge_service - [Poll] 进度: 11/12 完成, 剩余 1 个任务仍在处理中...
2026-05-25 16:47:57,354 [INFO] merge_service - [Poll] 进度: 11/12 完成, 剩余 1 个任务仍在处理中...
2026-05-25 16:48:00,370 [INFO] merge_service - [Poll] 进度: 11/12 完成, 剩余 1 个任务仍在处理中...
2026-05-25 16:48:03,387 [INFO] merge_service - [Poll] 进度: 11/12 完成, 剩余 1 个任务仍在处理中...
2026-05-25 16:48:06,407 [INFO] merge_service - [Poll] 进度: 11/12 完成, 剩余 1 个任务仍在处理中...
2026-05-25 16:48:09,423 [INFO] merge_service - [Poll] 进度: 11/12 完成, 剩余 1 个任务仍在处理中...
2026-05-25 16:48:12,437 [INFO] merge_service - [Poll] 进度: 11/12 完成, 剩余 1 个任务仍在处理中...
2026-05-25 16:48:15,453 [INFO] merge_service - [Poll] 进度: 11/12 完成, 剩余 1 个任务仍在处理中...
2026-05-25 16:48:18,467 [INFO] merge_service - [Poll] 进度: 11/12 完成, 剩余 1 个任务仍在处理中...
2026-05-25 16:48:21,485 [INFO] merge_service - [Poll] 进度: 11/12 完成, 剩余 1 个任务仍在处理中...
2026-05-25 16:48:24,510 [INFO] merge_service - [Poll] 进度: 11/12 完成, 剩余 1 个任务仍在处理中...
2026-05-25 16:48:27,544 [INFO] merge_service - [Poll] 进度: 11/12 完成, 剩余 1 个任务仍在处理中...
2026-05-25 16:48:30,563 [INFO] merge_service - [Poll] 进度: 11/12 完成, 剩余 1 个任务仍在处理中...
2026-05-25 16:48:33,576 [INFO] merge_service - [Poll] 进度: 11/12 完成, 剩余 1 个任务仍在处理中...
2026-05-25 16:48:36,589 [INFO] merge_service - [Poll] 进度: 11/12 完成, 剩余 1 个任务仍在处理中...
2026-05-25 16:48:39,603 [INFO] merge_service - [Poll] 进度: 11/12 完成, 剩余 1 个任务仍在处理中...
2026-05-25 16:48:42,617 [INFO] merge_service - [Poll] 进度: 11/12 完成, 剩余 1 个任务仍在处理中...
2026-05-25 16:48:45,633 [INFO] merge_service - [Poll] 进度: 11/12 完成, 剩余 1 个任务仍在处理中...
2026-05-25 16:48:48,656 [INFO] merge_service - [Poll] 进度: 11/12 完成, 剩余 1 个任务仍在处理中...
2026-05-25 16:48:51,689 [INFO] merge_service - [Poll] 进度: 11/12 完成, 剩余 1 个任务仍在处理中...
2026-05-25 16:48:54,726 [INFO] merge_service - [Poll] 进度: 11/12 完成, 剩余 1 个任务仍在处理中...
2026-05-25 16:48:57,739 [INFO] merge_service - [Poll] 进度: 11/12 完成, 剩余 1 个任务仍在处理中...
2026-05-25 16:49:00,752 [INFO] merge_service - [Poll] 进度: 11/12 完成, 剩余 1 个任务仍在处理中...
2026-05-25 16:49:03,766 [INFO] merge_service - [Poll] 进度: 11/12 完成, 剩余 1 个任务仍在处理中...
2026-05-25 16:49:06,781 [INFO] merge_service - [Poll] 进度: 11/12 完成, 剩余 1 个任务仍在处理中...
2026-05-25 16:49:09,794 [INFO] merge_service - [Poll] 进度: 11/12 完成, 剩余 1 个任务仍在处理中...
2026-05-25 16:49:12,806 [INFO] merge_service - [Poll] 进度: 11/12 完成, 剩余 1 个任务仍在处理中...
2026-05-25 16:49:15,820 [INFO] merge_service - [Poll] 进度: 11/12 完成, 剩余 1 个任务仍在处理中...
2026-05-25 16:49:18,837 [INFO] merge_service - [Poll] 进度: 11/12 完成, 剩余 1 个任务仍在处理中...
2026-05-25 16:49:21,859 [INFO] merge_service - [Poll] 进度: 11/12 完成, 剩余 1 个任务仍在处理中...
2026-05-25 16:49:24,900 [INFO] merge_service - [Poll] 进度: 11/12 完成, 剩余 1 个任务仍在处理中...
2026-05-25 16:49:27,923 [INFO] merge_service - [Poll] 进度: 11/12 完成, 剩余 1 个任务仍在处理中...
2026-05-25 16:49:30,939 [INFO] merge_service - [Poll] 进度: 11/12 完成, 剩余 1 个任务仍在处理中...
2026-05-25 16:49:33,951 [INFO] merge_service - [Poll] 进度: 11/12 完成, 剩余 1 个任务仍在处理中...
2026-05-25 16:49:36,963 [INFO] merge_service - [Poll] 进度: 11/12 完成, 剩余 1 个任务仍在处理中...
2026-05-25 16:49:39,975 [INFO] merge_service - [Poll] 进度: 11/12 完成, 剩余 1 个任务仍在处理中...
2026-05-25 16:49:42,987 [INFO] merge_service - [Poll] 进度: 11/12 完成, 剩余 1 个任务仍在处理中...
2026-05-25 16:49:46,006 [INFO] merge_service - [Poll] 进度: 11/12 完成, 剩余 1 个任务仍在处理中...
2026-05-25 16:49:49,027 [INFO] merge_service - [Poll] 进度: 11/12 完成, 剩余 1 个任务仍在处理中...
2026-05-25 16:49:52,040 [INFO] merge_service - [Poll] 进度: 11/12 完成, 剩余 1 个任务仍在处理中...
2026-05-25 16:49:55,059 [INFO] merge_service - [Poll] 进度: 11/12 完成, 剩余 1 个任务仍在处理中...
2026-05-25 16:49:58,074 [INFO] merge_service - [Poll] 进度: 11/12 完成, 剩余 1 个任务仍在处理中...
2026-05-25 16:50:01,088 [INFO] merge_service - [Poll] 进度: 11/12 完成, 剩余 1 个任务仍在处理中...
2026-05-25 16:50:04,104 [INFO] merge_service - [Poll] 任务 5c0613fe-3b55-406f-8475-bdb492e15350 (急性冠状动脉综合征特殊人群抗血小板治疗中国专家建议_9.png) → completed [成功]
2026-05-25 16:50:04,104 [INFO] merge_service - [69056b4f-296a-4551-82c0-63830d784d6f] 所有提取任务已完成，开始合并清洗...
2026-05-25 16:50:04,104 [INFO] merge_service - [69056b4f-296a-4551-82c0-63830d784d6f] 合并顺序（按原图片文件名序号）:
2026-05-25 16:50:04,104 [INFO] merge_service -   第1页: 急性冠状动脉综合征特殊人群抗血小板治疗中国专家建议_1.png → output/急性冠状动脉综合征特殊人群抗血小板治疗中国专家建议/急性冠状动脉综合征特殊人群抗血小板治疗中国专家建议_1.md
2026-05-25 16:50:04,104 [INFO] merge_service -   第2页: 急性冠状动脉综合征特殊人群抗血小板治疗中国专家建议_2.png → output/急性冠状动脉综合征特殊人群抗血小板治疗中国专家建议/急性冠状动脉综合征特殊人群抗血小板治疗中国专家建议_2.md
2026-05-25 16:50:04,104 [INFO] merge_service -   第3页: 急性冠状动脉综合征特殊人群抗血小板治疗中国专家建议_3.png → output/急性冠状动脉综合征特殊人群抗血小板治疗中国专家建议/急性冠状动脉综合征特殊人群抗血小板治疗中国专家建议_3.md
2026-05-25 16:50:04,104 [INFO] merge_service -   第4页: 急性冠状动脉综合征特殊人群抗血小板治疗中国专家建议_4.png → output/急性冠状动脉综合征特殊人群抗血小板治疗中国专家建议/急性冠状动脉综合征特殊人群抗血小板治疗中国专家建议_4.md
2026-05-25 16:50:04,104 [INFO] merge_service -   第5页: 急性冠状动脉综合征特殊人群抗血小板治疗中国专家建议_5.png → output/急性冠状动脉综合征特殊人群抗血小板治疗中国专家建议/急性冠状动脉综合征特殊人群抗血小板治疗中国专家建议_5.md
2026-05-25 16:50:04,104 [INFO] merge_service -   第6页: 急性冠状动脉综合征特殊人群抗血小板治疗中国专家建议_6.png → output/急性冠状动脉综合征特殊人群抗血小板治疗中国专家建议/急性冠状动脉综合征特殊人群抗血小板治疗中国专家建议_6.md
2026-05-25 16:50:04,104 [INFO] merge_service -   第7页: 急性冠状动脉综合征特殊人群抗血小板治疗中国专家建议_7.png → output/急性冠状动脉综合征特殊人群抗血小板治疗中国专家建议/急性冠状动脉综合征特殊人群抗血小板治疗中国专家建议_7.md
2026-05-25 16:50:04,104 [INFO] merge_service -   第8页: 急性冠状动脉综合征特殊人群抗血小板治疗中国专家建议_8.png → output/急性冠状动脉综合征特殊人群抗血小板治疗中国专家建议/急性冠状动脉综合征特殊人群抗血小板治疗中国专家建议_8.md
2026-05-25 16:50:04,105 [INFO] merge_service -   第9页: 急性冠状动脉综合征特殊人群抗血小板治疗中国专家建议_9.png → output/急性冠状动脉综合征特殊人群抗血小板治疗中国专家建议/急性冠状动脉综合征特殊人群抗血小板治疗中国专家建议_9.md
2026-05-25 16:50:04,105 [INFO] merge_service -   第10页: 急性冠状动脉综合征特殊人群抗血小板治疗中国专家建议_10.png → output/急性冠状动脉综合征特殊人群抗血小板治疗中国专家建议/急性冠状动脉综合征特殊人群抗血小板治疗中国专家建议_10.md
2026-05-25 16:50:04,105 [INFO] merge_service -   第11页: 急性冠状动脉综合征特殊人群抗血小板治疗中国专家建议_11.png → output/急性冠状动脉综合征特殊人群抗血小板治疗中国专家建议/急性冠状动脉综合征特殊人群抗血小板治疗中国专家建议_11.md
2026-05-25 16:50:04,105 [INFO] merge_service -   第12页: 急性冠状动脉综合征特殊人群抗血小板治疗中国专家建议_12.png → output/急性冠状动脉综合征特殊人群抗血小板治疗中国专家建议/急性冠状动脉综合征特殊人群抗血小板治疗中国专家建议_12.md
2026-05-25 16:50:04,121 [INFO] merge_service - 
==================================================
2026-05-25 16:50:04,121 [INFO] merge_service - [69056b4f-296a-4551-82c0-63830d784d6f] 合并清洗完成!
2026-05-25 16:50:04,121 [INFO] merge_service -   合并文件: output/急性冠状动脉综合征特殊人群抗血小板治疗中国专家建议/急性冠状动脉综合征特殊人群抗血小板治疗中国专家建议_merged_output.md
2026-05-25 16:50:04,121 [INFO] merge_service -   有效页面: 9/12
2026-05-25 16:50:04,121 [INFO] merge_service -   总字符数: 22678
2026-05-25 16:50:04,121 [INFO] merge_service -   轮询耗时: 239.4s, 合并耗时: 0.02s
2026-05-25 16:50:04,121 [INFO] merge_service -   跳过页面（参考文献）: [10, 11, 12]
2026-05-25 16:50:04,121 [INFO] merge_service - ==================================================
