2026-05-30 18:55:30,427 [INFO] merge_service - ============================================================
2026-05-30 18:55:30,428 [INFO] merge_service - 合并+清洗服务 — 新任务
2026-05-30 18:55:30,428 [INFO] merge_service -   合并ID: 8dd0fee5-500d-4e0c-939f-1facf6473817
2026-05-30 18:55:30,428 [INFO] merge_service -   PDF名称: 医脉通】冠状动脉内影像学临床应用专家共识(第一部分)：对冠状动脉介人治疗的指导与优化 (原始: 医脉通】冠状动脉内影像学临床应用专家共识(第一部分)：对冠状动脉介人治疗的指导与优化.pdf)
2026-05-30 18:55:30,428 [INFO] merge_service -   关联提取任务数: 21
2026-05-30 18:55:30,428 [INFO] merge_service -   输出目录: ./output
2026-05-30 18:55:30,428 [INFO] merge_service -   提取服务: http://localhost:8001
2026-05-30 18:55:30,428 [INFO] merge_service - ============================================================
2026-05-30 18:55:30,428 [INFO] merge_service - [Poll] 开始轮询 21 个提取任务...
2026-05-30 18:55:30,428 [INFO] merge_service - [Poll] 提取服务地址: http://localhost:8001
2026-05-30 18:55:30,428 [INFO] merge_service - [Poll] 轮询间隔: 3.0s, 最大等待: 3600.0s
2026-05-30 18:55:30,801 [INFO] merge_service - [Poll] 进度: 0/21 完成, 剩余 21 个任务仍在处理中...
2026-05-30 18:55:34,043 [INFO] merge_service - [Poll] 进度: 0/21 完成, 剩余 21 个任务仍在处理中...
2026-05-30 18:55:37,279 [INFO] merge_service - [Poll] 进度: 0/21 完成, 剩余 21 个任务仍在处理中...
2026-05-30 18:55:40,520 [INFO] merge_service - [Poll] 进度: 0/21 完成, 剩余 21 个任务仍在处理中...
2026-05-30 18:55:43,752 [INFO] merge_service - [Poll] 进度: 0/21 完成, 剩余 21 个任务仍在处理中...
2026-05-30 18:55:46,985 [INFO] merge_service - [Poll] 进度: 0/21 完成, 剩余 21 个任务仍在处理中...
2026-05-30 18:55:50,213 [INFO] merge_service - [Poll] 进度: 0/21 完成, 剩余 21 个任务仍在处理中...
2026-05-30 18:55:53,441 [INFO] merge_service - [Poll] 进度: 0/21 完成, 剩余 21 个任务仍在处理中...
2026-05-30 18:55:56,666 [INFO] merge_service - [Poll] 进度: 0/21 完成, 剩余 21 个任务仍在处理中...
2026-05-30 18:55:59,891 [INFO] merge_service - [Poll] 进度: 0/21 完成, 剩余 21 个任务仍在处理中...
2026-05-30 18:56:03,117 [INFO] merge_service - [Poll] 进度: 0/21 完成, 剩余 21 个任务仍在处理中...
2026-05-30 18:56:06,343 [INFO] merge_service - [Poll] 进度: 0/21 完成, 剩余 21 个任务仍在处理中...
2026-05-30 18:56:09,571 [INFO] merge_service - [Poll] 进度: 0/21 完成, 剩余 21 个任务仍在处理中...
2026-05-30 18:56:12,584 [INFO] merge_service - [Poll] 任务 7b1a4a82-9013-4688-8967-f947d5c05a3c (【医脉通】冠状动脉内影像学临床应用专家共识(第一部分)：对冠状动脉介人治疗的指导与优化_1.png) → completed [成功]
2026-05-30 18:56:12,800 [INFO] merge_service - [Poll] 进度: 1/21 完成, 剩余 20 个任务仍在处理中...
2026-05-30 18:56:16,032 [INFO] merge_service - [Poll] 进度: 1/21 完成, 剩余 20 个任务仍在处理中...
2026-05-30 18:56:19,251 [INFO] merge_service - [Poll] 进度: 1/21 完成, 剩余 20 个任务仍在处理中...
2026-05-30 18:56:22,471 [INFO] merge_service - [Poll] 进度: 1/21 完成, 剩余 20 个任务仍在处理中...
2026-05-30 18:56:25,696 [INFO] merge_service - [Poll] 进度: 1/21 完成, 剩余 20 个任务仍在处理中...
2026-05-30 18:56:28,917 [INFO] merge_service - [Poll] 进度: 1/21 完成, 剩余 20 个任务仍在处理中...
2026-05-30 18:56:31,976 [INFO] merge_service - [Poll] 任务 78a6932d-d157-48cd-9105-256c7a5f9929 (【医脉通】冠状动脉内影像学临床应用专家共识(第一部分)：对冠状动脉介人治疗的指导与优化_8.png) → completed [成功]
2026-05-30 18:56:32,164 [INFO] merge_service - [Poll] 进度: 2/21 完成, 剩余 19 个任务仍在处理中...
2026-05-30 18:56:35,384 [INFO] merge_service - [Poll] 进度: 2/21 完成, 剩余 19 个任务仍在处理中...
2026-05-30 18:56:38,606 [INFO] merge_service - [Poll] 进度: 2/21 完成, 剩余 19 个任务仍在处理中...
2026-05-30 18:56:41,830 [INFO] merge_service - [Poll] 进度: 2/21 完成, 剩余 19 个任务仍在处理中...
2026-05-30 18:56:45,056 [INFO] merge_service - [Poll] 进度: 2/21 完成, 剩余 19 个任务仍在处理中...
2026-05-30 18:56:48,283 [INFO] merge_service - [Poll] 进度: 2/21 完成, 剩余 19 个任务仍在处理中...
2026-05-30 18:56:51,519 [INFO] merge_service - [Poll] 进度: 2/21 完成, 剩余 19 个任务仍在处理中...
2026-05-30 18:56:54,747 [INFO] merge_service - [Poll] 进度: 2/21 完成, 剩余 19 个任务仍在处理中...
2026-05-30 18:56:57,989 [INFO] merge_service - [Poll] 进度: 2/21 完成, 剩余 19 个任务仍在处理中...
2026-05-30 18:57:01,233 [INFO] merge_service - [Poll] 进度: 2/21 完成, 剩余 19 个任务仍在处理中...
2026-05-30 18:57:04,474 [INFO] merge_service - [Poll] 进度: 2/21 完成, 剩余 19 个任务仍在处理中...
2026-05-30 18:57:07,717 [INFO] merge_service - [Poll] 进度: 2/21 完成, 剩余 19 个任务仍在处理中...
2026-05-30 18:57:10,862 [INFO] merge_service - [Poll] 任务 f8d85bf3-ee3d-4182-80ee-ae1db30b4031 (【医脉通】冠状动脉内影像学临床应用专家共识(第一部分)：对冠状动脉介人治疗的指导与优化_3.png) → completed [成功]
2026-05-30 18:57:10,964 [INFO] merge_service - [Poll] 进度: 3/21 完成, 剩余 18 个任务仍在处理中...
2026-05-30 18:57:14,130 [INFO] merge_service - [Poll] 任务 fb83f864-2e0a-45d7-b5c3-bc7bf082b889 (【医脉通】冠状动脉内影像学临床应用专家共识(第一部分)：对冠状动脉介人治疗的指导与优化_5.png) → completed [成功]
2026-05-30 18:57:14,200 [INFO] merge_service - [Poll] 进度: 4/21 完成, 剩余 17 个任务仍在处理中...
2026-05-30 18:57:17,418 [INFO] merge_service - [Poll] 进度: 4/21 完成, 剩余 17 个任务仍在处理中...
2026-05-30 18:57:20,656 [INFO] merge_service - [Poll] 进度: 4/21 完成, 剩余 17 个任务仍在处理中...
2026-05-30 18:57:23,878 [INFO] merge_service - [Poll] 进度: 4/21 完成, 剩余 17 个任务仍在处理中...
2026-05-30 18:57:27,102 [INFO] merge_service - [Poll] 进度: 4/21 完成, 剩余 17 个任务仍在处理中...
2026-05-30 18:57:30,132 [INFO] merge_service - [Poll] 任务 98968fc5-a8f9-4b54-9f78-0636b3e16f10 (【医脉通】冠状动脉内影像学临床应用专家共识(第一部分)：对冠状动脉介人治疗的指导与优化_2.png) → completed [成功]
2026-05-30 18:57:30,322 [INFO] merge_service - [Poll] 进度: 5/21 完成, 剩余 16 个任务仍在处理中...
2026-05-30 18:57:33,538 [INFO] merge_service - [Poll] 进度: 5/21 完成, 剩余 16 个任务仍在处理中...
2026-05-30 18:57:36,695 [INFO] merge_service - [Poll] 任务 fd63e629-383d-4037-8133-bf803935bb4f (【医脉通】冠状动脉内影像学临床应用专家共识(第一部分)：对冠状动脉介人治疗的指导与优化_7.png) → completed [成功]
2026-05-30 18:57:36,750 [INFO] merge_service - [Poll] 任务 b81628ad-2e64-477a-9883-2fc5f11a5ba5 (【医脉通】冠状动脉内影像学临床应用专家共识(第一部分)：对冠状动脉介人治疗的指导与优化_10.png) → completed [成功]
2026-05-30 18:57:36,750 [INFO] merge_service - [Poll] 进度: 7/21 完成, 剩余 14 个任务仍在处理中...
2026-05-30 18:57:39,938 [INFO] merge_service - [Poll] 进度: 7/21 完成, 剩余 14 个任务仍在处理中...
2026-05-30 18:57:42,971 [INFO] merge_service - [Poll] 任务 9317c239-ceac-4ac6-af3c-68360288f51b (【医脉通】冠状动脉内影像学临床应用专家共识(第一部分)：对冠状动脉介人治疗的指导与优化_4.png) → completed [成功]
2026-05-30 18:57:43,124 [INFO] merge_service - [Poll] 进度: 8/21 完成, 剩余 13 个任务仍在处理中...
2026-05-30 18:57:46,159 [INFO] merge_service - [Poll] 任务 9a124c07-55d2-40ac-a38c-95bd1a414ff5 (【医脉通】冠状动脉内影像学临床应用专家共识(第一部分)：对冠状动脉介人治疗的指导与优化_6.png) → completed [成功]
2026-05-30 18:57:46,282 [INFO] merge_service - [Poll] 进度: 9/21 完成, 剩余 12 个任务仍在处理中...
2026-05-30 18:57:49,423 [INFO] merge_service - [Poll] 进度: 9/21 完成, 剩余 12 个任务仍在处理中...
2026-05-30 18:57:52,552 [INFO] merge_service - [Poll] 进度: 9/21 完成, 剩余 12 个任务仍在处理中...
2026-05-30 18:57:55,693 [INFO] merge_service - [Poll] 进度: 9/21 完成, 剩余 12 个任务仍在处理中...
2026-05-30 18:57:58,853 [INFO] merge_service - [Poll] 进度: 9/21 完成, 剩余 12 个任务仍在处理中...
2026-05-30 18:58:02,002 [INFO] merge_service - [Poll] 进度: 9/21 完成, 剩余 12 个任务仍在处理中...
2026-05-30 18:58:05,164 [INFO] merge_service - [Poll] 进度: 9/21 完成, 剩余 12 个任务仍在处理中...
2026-05-30 18:58:08,299 [INFO] merge_service - [Poll] 任务 948568c7-d692-40d2-b675-1714ee7dbd1c (【医脉通】冠状动脉内影像学临床应用专家共识(第一部分)：对冠状动脉介人治疗的指导与优化_9.png) → completed [成功]
2026-05-30 18:58:08,336 [INFO] merge_service - [Poll] 进度: 10/21 完成, 剩余 11 个任务仍在处理中...
2026-05-30 18:58:11,479 [INFO] merge_service - [Poll] 进度: 10/21 完成, 剩余 11 个任务仍在处理中...
2026-05-30 18:58:14,618 [INFO] merge_service - [Poll] 进度: 10/21 完成, 剩余 11 个任务仍在处理中...
2026-05-30 18:58:17,767 [INFO] merge_service - [Poll] 进度: 10/21 完成, 剩余 11 个任务仍在处理中...
2026-05-30 18:58:20,892 [INFO] merge_service - [Poll] 进度: 10/21 完成, 剩余 11 个任务仍在处理中...
2026-05-30 18:58:24,023 [INFO] merge_service - [Poll] 进度: 10/21 完成, 剩余 11 个任务仍在处理中...
2026-05-30 18:58:27,177 [INFO] merge_service - [Poll] 进度: 10/21 完成, 剩余 11 个任务仍在处理中...
2026-05-30 18:58:30,303 [INFO] merge_service - [Poll] 进度: 10/21 完成, 剩余 11 个任务仍在处理中...
2026-05-30 18:58:33,430 [INFO] merge_service - [Poll] 进度: 10/21 完成, 剩余 11 个任务仍在处理中...
2026-05-30 18:58:36,598 [INFO] merge_service - [Poll] 进度: 10/21 完成, 剩余 11 个任务仍在处理中...
2026-05-30 18:58:39,731 [INFO] merge_service - [Poll] 进度: 10/21 完成, 剩余 11 个任务仍在处理中...
2026-05-30 18:58:42,841 [INFO] merge_service - [Poll] 任务 8579b94c-a902-447b-ab88-a933ff223269 (【医脉通】冠状动脉内影像学临床应用专家共识(第一部分)：对冠状动脉介人治疗的指导与优化_17.png) → completed [成功]
2026-05-30 18:58:42,855 [INFO] merge_service - [Poll] 进度: 11/21 完成, 剩余 10 个任务仍在处理中...
2026-05-30 18:58:46,000 [INFO] merge_service - [Poll] 进度: 11/21 完成, 剩余 10 个任务仍在处理中...
2026-05-30 18:58:49,115 [INFO] merge_service - [Poll] 进度: 11/21 完成, 剩余 10 个任务仍在处理中...
2026-05-30 18:58:52,232 [INFO] merge_service - [Poll] 任务 c161eb2c-3b01-4672-aefe-99fba2ae206b (【医脉通】冠状动脉内影像学临床应用专家共识(第一部分)：对冠状动脉介人治疗的指导与优化_15.png) → completed [成功]
2026-05-30 18:58:52,243 [INFO] merge_service - [Poll] 进度: 12/21 完成, 剩余 9 个任务仍在处理中...
2026-05-30 18:58:55,354 [INFO] merge_service - [Poll] 进度: 12/21 完成, 剩余 9 个任务仍在处理中...
2026-05-30 18:58:58,465 [INFO] merge_service - [Poll] 任务 58c48888-8bc6-4b4c-924a-8c3b7486f655 (【医脉通】冠状动脉内影像学临床应用专家共识(第一部分)：对冠状动脉介人治疗的指导与优化_19.png) → completed [成功]
2026-05-30 18:58:58,476 [INFO] merge_service - [Poll] 进度: 13/21 完成, 剩余 8 个任务仍在处理中...
2026-05-30 18:59:01,566 [INFO] merge_service - [Poll] 进度: 13/21 完成, 剩余 8 个任务仍在处理中...
2026-05-30 18:59:04,612 [INFO] merge_service - [Poll] 任务 9a9686e8-5181-4463-9a20-119f180cf3b8 (【医脉通】冠状动脉内影像学临床应用专家共识(第一部分)：对冠状动脉介人治疗的指导与优化_16.png) → completed [成功]
2026-05-30 18:59:04,654 [INFO] merge_service - [Poll] 进度: 14/21 完成, 剩余 7 个任务仍在处理中...
2026-05-30 18:59:07,721 [INFO] merge_service - [Poll] 任务 f661fa48-55ec-4237-81e7-70c2788706eb (【医脉通】冠状动脉内影像学临床应用专家共识(第一部分)：对冠状动脉介人治疗的指导与优化_20.png) → completed [成功]
2026-05-30 18:59:07,754 [INFO] merge_service - [Poll] 进度: 15/21 完成, 剩余 6 个任务仍在处理中...
2026-05-30 18:59:10,831 [INFO] merge_service - [Poll] 进度: 15/21 完成, 剩余 6 个任务仍在处理中...
2026-05-30 18:59:13,898 [INFO] merge_service - [Poll] 进度: 15/21 完成, 剩余 6 个任务仍在处理中...
2026-05-30 18:59:16,987 [INFO] merge_service - [Poll] 任务 ed7399b1-54a3-402a-8810-b8ff2b84b220 (【医脉通】冠状动脉内影像学临床应用专家共识(第一部分)：对冠状动脉介人治疗的指导与优化_11.png) → completed [成功]
2026-05-30 18:59:16,987 [INFO] merge_service - [Poll] 进度: 16/21 完成, 剩余 5 个任务仍在处理中...
2026-05-30 18:59:20,053 [INFO] merge_service - [Poll] 进度: 16/21 完成, 剩余 5 个任务仍在处理中...
2026-05-30 18:59:23,113 [INFO] merge_service - [Poll] 进度: 16/21 完成, 剩余 5 个任务仍在处理中...
2026-05-30 18:59:26,144 [INFO] merge_service - [Poll] 任务 71aae0c8-cc53-4490-b4c6-5db52d23770a (【医脉通】冠状动脉内影像学临床应用专家共识(第一部分)：对冠状动脉介人治疗的指导与优化_21.png) → completed [成功]
2026-05-30 18:59:26,200 [INFO] merge_service - [Poll] 进度: 17/21 完成, 剩余 4 个任务仍在处理中...
2026-05-30 18:59:29,247 [INFO] merge_service - [Poll] 进度: 17/21 完成, 剩余 4 个任务仍在处理中...
2026-05-30 18:59:32,301 [INFO] merge_service - [Poll] 进度: 17/21 完成, 剩余 4 个任务仍在处理中...
2026-05-30 18:59:35,364 [INFO] merge_service - [Poll] 任务 327a99ca-c8f4-45dc-805d-3f38aa5a86bf (【医脉通】冠状动脉内影像学临床应用专家共识(第一部分)：对冠状动脉介人治疗的指导与优化_14.png) → completed [成功]
2026-05-30 18:59:35,376 [INFO] merge_service - [Poll] 进度: 18/21 完成, 剩余 3 个任务仍在处理中...
2026-05-30 18:59:38,388 [INFO] merge_service - [Poll] 任务 ff7c68a7-1ba6-4890-adc0-eaa9858ea238 (【医脉通】冠状动脉内影像学临床应用专家共识(第一部分)：对冠状动脉介人治疗的指导与优化_13.png) → completed [成功]
2026-05-30 18:59:38,399 [INFO] merge_service - [Poll] 任务 3eb538de-eafe-4000-90da-9fc280fb2235 (【医脉通】冠状动脉内影像学临床应用专家共识(第一部分)：对冠状动脉介人治疗的指导与优化_12.png) → completed [成功]
2026-05-30 18:59:38,410 [INFO] merge_service - [Poll] 进度: 20/21 完成, 剩余 1 个任务仍在处理中...
2026-05-30 18:59:41,436 [INFO] merge_service - [Poll] 进度: 20/21 完成, 剩余 1 个任务仍在处理中...
2026-05-30 18:59:44,451 [INFO] merge_service - [Poll] 进度: 20/21 完成, 剩余 1 个任务仍在处理中...
2026-05-30 18:59:47,463 [INFO] merge_service - [Poll] 任务 d0339230-c869-4b6c-a338-f0439458bf9e (【医脉通】冠状动脉内影像学临床应用专家共识(第一部分)：对冠状动脉介人治疗的指导与优化_18.png) → completed [成功]
2026-05-30 18:59:47,463 [INFO] merge_service - [8dd0fee5-500d-4e0c-939f-1facf6473817] 所有提取任务已完成，开始合并清洗...
2026-05-30 18:59:47,463 [INFO] merge_service - [8dd0fee5-500d-4e0c-939f-1facf6473817] 合并顺序（按原图片文件名序号）:
2026-05-30 18:59:47,463 [INFO] merge_service -   第1页: 【医脉通】冠状动脉内影像学临床应用专家共识(第一部分)：对冠状动脉介人治疗的指导与优化_1.png → output/医脉通】冠状动脉内影像学临床应用专家共识(第一部分)：对冠状动脉介人治疗的指导与优化/医脉通】冠状动脉内影像学临床应用专家共识(第一部分)：对冠状动脉介人治疗的指导与优化_1.md
2026-05-30 18:59:47,464 [INFO] merge_service -   第2页: 【医脉通】冠状动脉内影像学临床应用专家共识(第一部分)：对冠状动脉介人治疗的指导与优化_2.png → output/医脉通】冠状动脉内影像学临床应用专家共识(第一部分)：对冠状动脉介人治疗的指导与优化/医脉通】冠状动脉内影像学临床应用专家共识(第一部分)：对冠状动脉介人治疗的指导与优化_2.md
2026-05-30 18:59:47,464 [INFO] merge_service -   第3页: 【医脉通】冠状动脉内影像学临床应用专家共识(第一部分)：对冠状动脉介人治疗的指导与优化_3.png → output/医脉通】冠状动脉内影像学临床应用专家共识(第一部分)：对冠状动脉介人治疗的指导与优化/医脉通】冠状动脉内影像学临床应用专家共识(第一部分)：对冠状动脉介人治疗的指导与优化_3.md
2026-05-30 18:59:47,464 [INFO] merge_service -   第4页: 【医脉通】冠状动脉内影像学临床应用专家共识(第一部分)：对冠状动脉介人治疗的指导与优化_4.png → output/医脉通】冠状动脉内影像学临床应用专家共识(第一部分)：对冠状动脉介人治疗的指导与优化/医脉通】冠状动脉内影像学临床应用专家共识(第一部分)：对冠状动脉介人治疗的指导与优化_4.md
2026-05-30 18:59:47,464 [INFO] merge_service -   第5页: 【医脉通】冠状动脉内影像学临床应用专家共识(第一部分)：对冠状动脉介人治疗的指导与优化_5.png → output/医脉通】冠状动脉内影像学临床应用专家共识(第一部分)：对冠状动脉介人治疗的指导与优化/医脉通】冠状动脉内影像学临床应用专家共识(第一部分)：对冠状动脉介人治疗的指导与优化_5.md
2026-05-30 18:59:47,464 [INFO] merge_service -   第6页: 【医脉通】冠状动脉内影像学临床应用专家共识(第一部分)：对冠状动脉介人治疗的指导与优化_6.png → output/医脉通】冠状动脉内影像学临床应用专家共识(第一部分)：对冠状动脉介人治疗的指导与优化/医脉通】冠状动脉内影像学临床应用专家共识(第一部分)：对冠状动脉介人治疗的指导与优化_6.md
2026-05-30 18:59:47,464 [INFO] merge_service -   第7页: 【医脉通】冠状动脉内影像学临床应用专家共识(第一部分)：对冠状动脉介人治疗的指导与优化_7.png → output/医脉通】冠状动脉内影像学临床应用专家共识(第一部分)：对冠状动脉介人治疗的指导与优化/医脉通】冠状动脉内影像学临床应用专家共识(第一部分)：对冠状动脉介人治疗的指导与优化_7.md
2026-05-30 18:59:47,464 [INFO] merge_service -   第8页: 【医脉通】冠状动脉内影像学临床应用专家共识(第一部分)：对冠状动脉介人治疗的指导与优化_8.png → output/医脉通】冠状动脉内影像学临床应用专家共识(第一部分)：对冠状动脉介人治疗的指导与优化/医脉通】冠状动脉内影像学临床应用专家共识(第一部分)：对冠状动脉介人治疗的指导与优化_8.md
2026-05-30 18:59:47,464 [INFO] merge_service -   第9页: 【医脉通】冠状动脉内影像学临床应用专家共识(第一部分)：对冠状动脉介人治疗的指导与优化_9.png → output/医脉通】冠状动脉内影像学临床应用专家共识(第一部分)：对冠状动脉介人治疗的指导与优化/医脉通】冠状动脉内影像学临床应用专家共识(第一部分)：对冠状动脉介人治疗的指导与优化_9.md
2026-05-30 18:59:47,464 [INFO] merge_service -   第10页: 【医脉通】冠状动脉内影像学临床应用专家共识(第一部分)：对冠状动脉介人治疗的指导与优化_10.png → output/医脉通】冠状动脉内影像学临床应用专家共识(第一部分)：对冠状动脉介人治疗的指导与优化/医脉通】冠状动脉内影像学临床应用专家共识(第一部分)：对冠状动脉介人治疗的指导与优化_10.md
2026-05-30 18:59:47,464 [INFO] merge_service -   第11页: 【医脉通】冠状动脉内影像学临床应用专家共识(第一部分)：对冠状动脉介人治疗的指导与优化_11.png → output/医脉通】冠状动脉内影像学临床应用专家共识(第一部分)：对冠状动脉介人治疗的指导与优化/医脉通】冠状动脉内影像学临床应用专家共识(第一部分)：对冠状动脉介人治疗的指导与优化_11.md
2026-05-30 18:59:47,464 [INFO] merge_service -   第12页: 【医脉通】冠状动脉内影像学临床应用专家共识(第一部分)：对冠状动脉介人治疗的指导与优化_12.png → output/医脉通】冠状动脉内影像学临床应用专家共识(第一部分)：对冠状动脉介人治疗的指导与优化/医脉通】冠状动脉内影像学临床应用专家共识(第一部分)：对冠状动脉介人治疗的指导与优化_12.md
2026-05-30 18:59:47,464 [INFO] merge_service -   第13页: 【医脉通】冠状动脉内影像学临床应用专家共识(第一部分)：对冠状动脉介人治疗的指导与优化_13.png → output/医脉通】冠状动脉内影像学临床应用专家共识(第一部分)：对冠状动脉介人治疗的指导与优化/医脉通】冠状动脉内影像学临床应用专家共识(第一部分)：对冠状动脉介人治疗的指导与优化_13.md
2026-05-30 18:59:47,464 [INFO] merge_service -   第14页: 【医脉通】冠状动脉内影像学临床应用专家共识(第一部分)：对冠状动脉介人治疗的指导与优化_14.png → output/医脉通】冠状动脉内影像学临床应用专家共识(第一部分)：对冠状动脉介人治疗的指导与优化/医脉通】冠状动脉内影像学临床应用专家共识(第一部分)：对冠状动脉介人治疗的指导与优化_14.md
2026-05-30 18:59:47,464 [INFO] merge_service -   第15页: 【医脉通】冠状动脉内影像学临床应用专家共识(第一部分)：对冠状动脉介人治疗的指导与优化_15.png → output/医脉通】冠状动脉内影像学临床应用专家共识(第一部分)：对冠状动脉介人治疗的指导与优化/医脉通】冠状动脉内影像学临床应用专家共识(第一部分)：对冠状动脉介人治疗的指导与优化_15.md
2026-05-30 18:59:47,464 [INFO] merge_service -   第16页: 【医脉通】冠状动脉内影像学临床应用专家共识(第一部分)：对冠状动脉介人治疗的指导与优化_16.png → output/医脉通】冠状动脉内影像学临床应用专家共识(第一部分)：对冠状动脉介人治疗的指导与优化/医脉通】冠状动脉内影像学临床应用专家共识(第一部分)：对冠状动脉介人治疗的指导与优化_16.md
2026-05-30 18:59:47,464 [INFO] merge_service -   第17页: 【医脉通】冠状动脉内影像学临床应用专家共识(第一部分)：对冠状动脉介人治疗的指导与优化_17.png → output/医脉通】冠状动脉内影像学临床应用专家共识(第一部分)：对冠状动脉介人治疗的指导与优化/医脉通】冠状动脉内影像学临床应用专家共识(第一部分)：对冠状动脉介人治疗的指导与优化_17.md
2026-05-30 18:59:47,464 [INFO] merge_service -   第18页: 【医脉通】冠状动脉内影像学临床应用专家共识(第一部分)：对冠状动脉介人治疗的指导与优化_18.png → output/医脉通】冠状动脉内影像学临床应用专家共识(第一部分)：对冠状动脉介人治疗的指导与优化/医脉通】冠状动脉内影像学临床应用专家共识(第一部分)：对冠状动脉介人治疗的指导与优化_18.md
2026-05-30 18:59:47,464 [INFO] merge_service -   第19页: 【医脉通】冠状动脉内影像学临床应用专家共识(第一部分)：对冠状动脉介人治疗的指导与优化_19.png → output/医脉通】冠状动脉内影像学临床应用专家共识(第一部分)：对冠状动脉介人治疗的指导与优化/医脉通】冠状动脉内影像学临床应用专家共识(第一部分)：对冠状动脉介人治疗的指导与优化_19.md
2026-05-30 18:59:47,464 [INFO] merge_service -   第20页: 【医脉通】冠状动脉内影像学临床应用专家共识(第一部分)：对冠状动脉介人治疗的指导与优化_20.png → output/医脉通】冠状动脉内影像学临床应用专家共识(第一部分)：对冠状动脉介人治疗的指导与优化/医脉通】冠状动脉内影像学临床应用专家共识(第一部分)：对冠状动脉介人治疗的指导与优化_20.md
2026-05-30 18:59:47,464 [INFO] merge_service -   第21页: 【医脉通】冠状动脉内影像学临床应用专家共识(第一部分)：对冠状动脉介人治疗的指导与优化_21.png → output/医脉通】冠状动脉内影像学临床应用专家共识(第一部分)：对冠状动脉介人治疗的指导与优化/医脉通】冠状动脉内影像学临床应用专家共识(第一部分)：对冠状动脉介人治疗的指导与优化_21.md
2026-05-30 18:59:47,483 [INFO] merge_service - 
==================================================
2026-05-30 18:59:47,483 [INFO] merge_service - [8dd0fee5-500d-4e0c-939f-1facf6473817] 合并清洗完成!
2026-05-30 18:59:47,483 [INFO] merge_service -   合并文件: output/医脉通】冠状动脉内影像学临床应用专家共识(第一部分)：对冠状动脉介人治疗的指导与优化/医脉通】冠状动脉内影像学临床应用专家共识(第一部分)：对冠状动脉介人治疗的指导与优化_merged_output.md
2026-05-30 18:59:47,483 [INFO] merge_service -   有效页面: 17/21
2026-05-30 18:59:47,484 [INFO] merge_service -   总字符数: 34834
2026-05-30 18:59:47,484 [INFO] merge_service -   轮询耗时: 257.04s, 合并耗时: 0.02s
2026-05-30 18:59:47,484 [INFO] merge_service -   跳过页面（参考文献）: [18, 19, 20, 21]
2026-05-30 18:59:47,484 [INFO] merge_service - ==================================================
