2026-05-29 16:24:09,844 [INFO] merge_service - ============================================================
2026-05-29 16:24:09,845 [INFO] merge_service - 合并+清洗服务 — 新任务
2026-05-29 16:24:09,845 [INFO] merge_service -   合并ID: 01943a83-318e-4b4c-afb0-fd8ca8867406
2026-05-29 16:24:09,845 [INFO] merge_service -   PDF名称: 中国慢性冠脉综合征患者诊断及管理指南 (原始: 中国慢性冠脉综合征患者诊断及管理指南.pdf)
2026-05-29 16:24:09,845 [INFO] merge_service -   关联提取任务数: 26
2026-05-29 16:24:09,845 [INFO] merge_service -   输出目录: ./output
2026-05-29 16:24:09,845 [INFO] merge_service -   提取服务: http://localhost:8001
2026-05-29 16:24:09,845 [INFO] merge_service - ============================================================
2026-05-29 16:24:09,845 [INFO] merge_service - [Poll] 开始轮询 26 个提取任务...
2026-05-29 16:24:09,845 [INFO] merge_service - [Poll] 提取服务地址: http://localhost:8001
2026-05-29 16:24:09,845 [INFO] merge_service - [Poll] 轮询间隔: 3.0s, 最大等待: 3600.0s
2026-05-29 16:24:10,153 [INFO] merge_service - [Poll] 进度: 0/26 完成, 剩余 26 个任务仍在处理中...
2026-05-29 16:24:13,438 [INFO] merge_service - [Poll] 进度: 0/26 完成, 剩余 26 个任务仍在处理中...
2026-05-29 16:24:16,725 [INFO] merge_service - [Poll] 进度: 0/26 完成, 剩余 26 个任务仍在处理中...
2026-05-29 16:24:20,015 [INFO] merge_service - [Poll] 进度: 0/26 完成, 剩余 26 个任务仍在处理中...
2026-05-29 16:24:23,334 [INFO] merge_service - [Poll] 进度: 0/26 完成, 剩余 26 个任务仍在处理中...
2026-05-29 16:24:26,659 [INFO] merge_service - [Poll] 进度: 0/26 完成, 剩余 26 个任务仍在处理中...
2026-05-29 16:24:29,958 [INFO] merge_service - [Poll] 进度: 0/26 完成, 剩余 26 个任务仍在处理中...
2026-05-29 16:24:33,247 [INFO] merge_service - [Poll] 进度: 0/26 完成, 剩余 26 个任务仍在处理中...
2026-05-29 16:24:36,535 [INFO] merge_service - [Poll] 进度: 0/26 完成, 剩余 26 个任务仍在处理中...
2026-05-29 16:24:39,816 [INFO] merge_service - [Poll] 进度: 0/26 完成, 剩余 26 个任务仍在处理中...
2026-05-29 16:24:43,102 [INFO] merge_service - [Poll] 进度: 0/26 完成, 剩余 26 个任务仍在处理中...
2026-05-29 16:24:46,386 [INFO] merge_service - [Poll] 进度: 0/26 完成, 剩余 26 个任务仍在处理中...
2026-05-29 16:24:49,671 [INFO] merge_service - [Poll] 进度: 0/26 完成, 剩余 26 个任务仍在处理中...
2026-05-29 16:24:52,955 [INFO] merge_service - [Poll] 进度: 0/26 完成, 剩余 26 个任务仍在处理中...
2026-05-29 16:24:56,239 [INFO] merge_service - [Poll] 进度: 0/26 完成, 剩余 26 个任务仍在处理中...
2026-05-29 16:24:59,518 [INFO] merge_service - [Poll] 进度: 0/26 完成, 剩余 26 个任务仍在处理中...
2026-05-29 16:25:02,800 [INFO] merge_service - [Poll] 进度: 0/26 完成, 剩余 26 个任务仍在处理中...
2026-05-29 16:25:06,086 [INFO] merge_service - [Poll] 进度: 0/26 完成, 剩余 26 个任务仍在处理中...
2026-05-29 16:25:09,380 [INFO] merge_service - [Poll] 进度: 0/26 完成, 剩余 26 个任务仍在处理中...
2026-05-29 16:25:12,666 [INFO] merge_service - [Poll] 进度: 0/26 完成, 剩余 26 个任务仍在处理中...
2026-05-29 16:25:15,949 [INFO] merge_service - [Poll] 进度: 0/26 完成, 剩余 26 个任务仍在处理中...
2026-05-29 16:25:19,243 [INFO] merge_service - [Poll] 进度: 0/26 完成, 剩余 26 个任务仍在处理中...
2026-05-29 16:25:22,525 [INFO] merge_service - [Poll] 进度: 0/26 完成, 剩余 26 个任务仍在处理中...
2026-05-29 16:25:25,621 [INFO] merge_service - [Poll] 任务 a4557155-4534-458b-95bd-4c5b2f8d159a (中国慢性冠脉综合征患者诊断及管理指南_8.png) → completed [成功]
2026-05-29 16:25:25,801 [INFO] merge_service - [Poll] 进度: 1/26 完成, 剩余 25 个任务仍在处理中...
2026-05-29 16:25:29,068 [INFO] merge_service - [Poll] 进度: 1/26 完成, 剩余 25 个任务仍在处理中...
2026-05-29 16:25:32,272 [INFO] merge_service - [Poll] 任务 b96edb9d-6c1d-4d02-8cf4-84c80f109d28 (中国慢性冠脉综合征患者诊断及管理指南_3.png) → completed [成功]
2026-05-29 16:25:32,347 [INFO] merge_service - [Poll] 进度: 2/26 完成, 剩余 24 个任务仍在处理中...
2026-05-29 16:25:35,601 [INFO] merge_service - [Poll] 进度: 2/26 完成, 剩余 24 个任务仍在处理中...
2026-05-29 16:25:38,860 [INFO] merge_service - [Poll] 进度: 2/26 完成, 剩余 24 个任务仍在处理中...
2026-05-29 16:25:41,883 [INFO] merge_service - [Poll] 任务 eba538d7-e7a0-4207-8221-4d6e500dfb13 (中国慢性冠脉综合征患者诊断及管理指南_1.png) → completed [成功]
2026-05-29 16:25:42,151 [INFO] merge_service - [Poll] 进度: 3/26 完成, 剩余 23 个任务仍在处理中...
2026-05-29 16:25:45,402 [INFO] merge_service - [Poll] 进度: 3/26 完成, 剩余 23 个任务仍在处理中...
2026-05-29 16:25:48,656 [INFO] merge_service - [Poll] 进度: 3/26 完成, 剩余 23 个任务仍在处理中...
2026-05-29 16:25:51,920 [INFO] merge_service - [Poll] 进度: 3/26 完成, 剩余 23 个任务仍在处理中...
2026-05-29 16:25:55,216 [INFO] merge_service - [Poll] 进度: 3/26 完成, 剩余 23 个任务仍在处理中...
2026-05-29 16:25:58,498 [INFO] merge_service - [Poll] 进度: 3/26 完成, 剩余 23 个任务仍在处理中...
2026-05-29 16:26:01,769 [INFO] merge_service - [Poll] 进度: 3/26 完成, 剩余 23 个任务仍在处理中...
2026-05-29 16:26:05,028 [INFO] merge_service - [Poll] 进度: 3/26 完成, 剩余 23 个任务仍在处理中...
2026-05-29 16:26:08,297 [INFO] merge_service - [Poll] 进度: 3/26 完成, 剩余 23 个任务仍在处理中...
2026-05-29 16:26:11,586 [INFO] merge_service - [Poll] 进度: 3/26 完成, 剩余 23 个任务仍在处理中...
2026-05-29 16:26:14,859 [INFO] merge_service - [Poll] 进度: 3/26 完成, 剩余 23 个任务仍在处理中...
2026-05-29 16:26:18,122 [INFO] merge_service - [Poll] 进度: 3/26 完成, 剩余 23 个任务仍在处理中...
2026-05-29 16:26:21,377 [INFO] merge_service - [Poll] 进度: 3/26 完成, 剩余 23 个任务仍在处理中...
2026-05-29 16:26:24,613 [INFO] merge_service - [Poll] 任务 80fbf9b2-6bdb-42ce-b2aa-14c9d88a5bda (中国慢性冠脉综合征患者诊断及管理指南_4.png) → completed [成功]
2026-05-29 16:26:24,635 [INFO] merge_service - [Poll] 进度: 4/26 完成, 剩余 22 个任务仍在处理中...
2026-05-29 16:26:27,892 [INFO] merge_service - [Poll] 进度: 4/26 完成, 剩余 22 个任务仍在处理中...
2026-05-29 16:26:31,199 [INFO] merge_service - [Poll] 进度: 4/26 完成, 剩余 22 个任务仍在处理中...
2026-05-29 16:26:34,467 [INFO] merge_service - [Poll] 任务 948e22b9-6672-44b5-b6da-b0361277d215 (中国慢性冠脉综合征患者诊断及管理指南_9.png) → completed [成功]
2026-05-29 16:26:34,467 [INFO] merge_service - [Poll] 进度: 5/26 完成, 剩余 21 个任务仍在处理中...
2026-05-29 16:26:37,651 [INFO] merge_service - [Poll] 任务 af293657-c5d4-4d9f-bc54-3b1a0270d7f0 (中国慢性冠脉综合征患者诊断及管理指南_6.png) → completed [成功]
2026-05-29 16:26:37,735 [INFO] merge_service - [Poll] 进度: 6/26 完成, 剩余 20 个任务仍在处理中...
2026-05-29 16:26:40,978 [INFO] merge_service - [Poll] 任务 34005f40-9b4f-4e43-9a4e-e0fee25b3d6a (中国慢性冠脉综合征患者诊断及管理指南_5.png) → completed [成功]
2026-05-29 16:26:41,002 [INFO] merge_service - [Poll] 进度: 7/26 完成, 剩余 19 个任务仍在处理中...
2026-05-29 16:26:44,122 [INFO] merge_service - [Poll] 任务 36e7083f-f314-49b3-a143-12bbe27e6dfb (中国慢性冠脉综合征患者诊断及管理指南_7.png) → completed [成功]
2026-05-29 16:26:44,263 [INFO] merge_service - [Poll] 进度: 8/26 完成, 剩余 18 个任务仍在处理中...
2026-05-29 16:26:47,493 [INFO] merge_service - [Poll] 进度: 8/26 完成, 剩余 18 个任务仍在处理中...
2026-05-29 16:26:50,722 [INFO] merge_service - [Poll] 进度: 8/26 完成, 剩余 18 个任务仍在处理中...
2026-05-29 16:26:53,943 [INFO] merge_service - [Poll] 进度: 8/26 完成, 剩余 18 个任务仍在处理中...
2026-05-29 16:26:57,038 [INFO] merge_service - [Poll] 任务 959a680d-4694-463d-bf51-e1740ee00f1d (中国慢性冠脉综合征患者诊断及管理指南_2.png) → completed [成功]
2026-05-29 16:26:57,166 [INFO] merge_service - [Poll] 进度: 9/26 完成, 剩余 17 个任务仍在处理中...
2026-05-29 16:27:00,365 [INFO] merge_service - [Poll] 进度: 9/26 完成, 剩余 17 个任务仍在处理中...
2026-05-29 16:27:03,555 [INFO] merge_service - [Poll] 进度: 9/26 完成, 剩余 17 个任务仍在处理中...
2026-05-29 16:27:06,582 [INFO] merge_service - [Poll] 任务 b102975c-7e57-4118-84ea-c02278f836d0 (中国慢性冠脉综合征患者诊断及管理指南_10.png) → completed [成功]
2026-05-29 16:27:06,760 [INFO] merge_service - [Poll] 进度: 10/26 完成, 剩余 16 个任务仍在处理中...
2026-05-29 16:27:09,944 [INFO] merge_service - [Poll] 进度: 10/26 完成, 剩余 16 个任务仍在处理中...
2026-05-29 16:27:13,161 [INFO] merge_service - [Poll] 进度: 10/26 完成, 剩余 16 个任务仍在处理中...
2026-05-29 16:27:16,389 [INFO] merge_service - [Poll] 进度: 10/26 完成, 剩余 16 个任务仍在处理中...
2026-05-29 16:27:19,617 [INFO] merge_service - [Poll] 进度: 10/26 完成, 剩余 16 个任务仍在处理中...
2026-05-29 16:27:22,823 [INFO] merge_service - [Poll] 进度: 10/26 完成, 剩余 16 个任务仍在处理中...
2026-05-29 16:27:26,009 [INFO] merge_service - [Poll] 进度: 10/26 完成, 剩余 16 个任务仍在处理中...
2026-05-29 16:27:29,270 [INFO] merge_service - [Poll] 进度: 10/26 完成, 剩余 16 个任务仍在处理中...
2026-05-29 16:27:32,462 [INFO] merge_service - [Poll] 进度: 10/26 完成, 剩余 16 个任务仍在处理中...
2026-05-29 16:27:35,675 [INFO] merge_service - [Poll] 进度: 10/26 完成, 剩余 16 个任务仍在处理中...
2026-05-29 16:27:38,717 [INFO] merge_service - [Poll] 任务 0b726459-8a7b-4220-a1c1-77bff82daccb (中国慢性冠脉综合征患者诊断及管理指南_12.png) → completed [成功]
2026-05-29 16:27:38,946 [INFO] merge_service - [Poll] 进度: 11/26 完成, 剩余 15 个任务仍在处理中...
2026-05-29 16:27:42,125 [INFO] merge_service - [Poll] 进度: 11/26 完成, 剩余 15 个任务仍在处理中...
2026-05-29 16:27:45,291 [INFO] merge_service - [Poll] 进度: 11/26 完成, 剩余 15 个任务仍在处理中...
2026-05-29 16:27:48,459 [INFO] merge_service - [Poll] 进度: 11/26 完成, 剩余 15 个任务仍在处理中...
2026-05-29 16:27:51,628 [INFO] merge_service - [Poll] 进度: 11/26 完成, 剩余 15 个任务仍在处理中...
2026-05-29 16:27:54,847 [INFO] merge_service - [Poll] 进度: 11/26 完成, 剩余 15 个任务仍在处理中...
2026-05-29 16:27:57,941 [INFO] merge_service - [Poll] 任务 7e96aefe-f7b1-4168-bed6-1235118b4987 (中国慢性冠脉综合征患者诊断及管理指南_18.png) → completed [成功]
2026-05-29 16:27:58,029 [INFO] merge_service - [Poll] 进度: 12/26 完成, 剩余 14 个任务仍在处理中...
2026-05-29 16:28:01,183 [INFO] merge_service - [Poll] 进度: 12/26 完成, 剩余 14 个任务仍在处理中...
2026-05-29 16:28:04,252 [INFO] merge_service - [Poll] 任务 b239b1e0-5d0a-418d-b7e8-95d04d408901 (中国慢性冠脉综合征患者诊断及管理指南_19.png) → completed [成功]
2026-05-29 16:28:04,338 [INFO] merge_service - [Poll] 进度: 13/26 完成, 剩余 13 个任务仍在处理中...
2026-05-29 16:28:07,397 [INFO] merge_service - [Poll] 任务 4eb85d0b-5605-4cec-a629-15c34d3d2904 (中国慢性冠脉综合征患者诊断及管理指南_11.png) → completed [成功]
2026-05-29 16:28:07,512 [INFO] merge_service - [Poll] 进度: 14/26 完成, 剩余 12 个任务仍在处理中...
2026-05-29 16:28:10,652 [INFO] merge_service - [Poll] 进度: 14/26 完成, 剩余 12 个任务仍在处理中...
2026-05-29 16:28:13,787 [INFO] merge_service - [Poll] 进度: 14/26 完成, 剩余 12 个任务仍在处理中...
2026-05-29 16:28:16,927 [INFO] merge_service - [Poll] 进度: 14/26 完成, 剩余 12 个任务仍在处理中...
2026-05-29 16:28:20,096 [INFO] merge_service - [Poll] 进度: 14/26 完成, 剩余 12 个任务仍在处理中...
2026-05-29 16:28:23,234 [INFO] merge_service - [Poll] 进度: 14/26 完成, 剩余 12 个任务仍在处理中...
2026-05-29 16:28:26,364 [INFO] merge_service - [Poll] 进度: 14/26 完成, 剩余 12 个任务仍在处理中...
2026-05-29 16:28:29,376 [INFO] merge_service - [Poll] 任务 0f90fa4d-bebf-488e-b00a-1be41f9967ba (中国慢性冠脉综合征患者诊断及管理指南_22.png) → completed [成功]
2026-05-29 16:28:29,510 [INFO] merge_service - [Poll] 进度: 15/26 完成, 剩余 11 个任务仍在处理中...
2026-05-29 16:28:32,633 [INFO] merge_service - [Poll] 任务 13eb1896-4794-426a-9dfd-acfde1731d30 (中国慢性冠脉综合征患者诊断及管理指南_21.png) → completed [成功]
2026-05-29 16:28:32,666 [INFO] merge_service - [Poll] 进度: 16/26 完成, 剩余 10 个任务仍在处理中...
2026-05-29 16:28:35,777 [INFO] merge_service - [Poll] 进度: 16/26 完成, 剩余 10 个任务仍在处理中...
2026-05-29 16:28:38,893 [INFO] merge_service - [Poll] 进度: 16/26 完成, 剩余 10 个任务仍在处理中...
2026-05-29 16:28:41,972 [INFO] merge_service - [Poll] 任务 17c18497-dc80-48ce-b009-a8fda2dbdadb (中国慢性冠脉综合征患者诊断及管理指南_14.png) → completed [成功]
2026-05-29 16:28:42,017 [INFO] merge_service - [Poll] 进度: 17/26 完成, 剩余 9 个任务仍在处理中...
2026-05-29 16:28:45,101 [INFO] merge_service - [Poll] 任务 f484d85e-1635-497f-acab-c81a63659a35 (中国慢性冠脉综合征患者诊断及管理指南_13.png) → completed [成功]
2026-05-29 16:28:45,115 [INFO] merge_service - [Poll] 进度: 18/26 完成, 剩余 8 个任务仍在处理中...
2026-05-29 16:28:48,243 [INFO] merge_service - [Poll] 进度: 18/26 完成, 剩余 8 个任务仍在处理中...
2026-05-29 16:28:51,285 [INFO] merge_service - [Poll] 任务 353a9d3f-3c85-4713-8d1d-9d436d34338b (中国慢性冠脉综合征患者诊断及管理指南_15.png) → completed [成功]
2026-05-29 16:28:51,296 [INFO] merge_service - [Poll] 任务 97a99078-ee85-4849-8efb-62ab4b55e087 (中国慢性冠脉综合征患者诊断及管理指南_23.png) → completed [成功]
2026-05-29 16:28:51,337 [INFO] merge_service - [Poll] 进度: 20/26 完成, 剩余 6 个任务仍在处理中...
2026-05-29 16:28:54,384 [INFO] merge_service - [Poll] 任务 ef60c445-d6db-46cf-af5a-04194f01918c (中国慢性冠脉综合征患者诊断及管理指南_24.png) → completed [成功]
2026-05-29 16:28:54,410 [INFO] merge_service - [Poll] 进度: 21/26 完成, 剩余 5 个任务仍在处理中...
2026-05-29 16:28:57,443 [INFO] merge_service - [Poll] 任务 b2cc8d56-7ef5-4e79-8557-093973c7ceef (中国慢性冠脉综合征患者诊断及管理指南_25.png) → completed [成功]
2026-05-29 16:28:57,477 [INFO] merge_service - [Poll] 进度: 22/26 完成, 剩余 4 个任务仍在处理中...
2026-05-29 16:29:00,544 [INFO] merge_service - [Poll] 任务 f60adac5-b953-475d-9f8b-57f016a9f088 (中国慢性冠脉综合征患者诊断及管理指南_26.png) → completed [成功]
2026-05-29 16:29:00,544 [INFO] merge_service - [Poll] 进度: 23/26 完成, 剩余 3 个任务仍在处理中...
2026-05-29 16:29:03,584 [INFO] merge_service - [Poll] 任务 318da5b3-2c08-44b0-8a5c-60074fce6938 (中国慢性冠脉综合征患者诊断及管理指南_16.png) → completed [成功]
2026-05-29 16:29:03,584 [INFO] merge_service - [Poll] 进度: 24/26 完成, 剩余 2 个任务仍在处理中...
2026-05-29 16:29:06,614 [INFO] merge_service - [Poll] 进度: 24/26 完成, 剩余 2 个任务仍在处理中...
2026-05-29 16:29:09,634 [INFO] merge_service - [Poll] 任务 ba07a72f-270e-48d9-bef4-4ed35b4862cd (中国慢性冠脉综合征患者诊断及管理指南_17.png) → completed [成功]
2026-05-29 16:29:09,649 [INFO] merge_service - [Poll] 进度: 25/26 完成, 剩余 1 个任务仍在处理中...
2026-05-29 16:29:12,663 [INFO] merge_service - [Poll] 进度: 25/26 完成, 剩余 1 个任务仍在处理中...
2026-05-29 16:29:15,694 [INFO] merge_service - [Poll] 进度: 25/26 完成, 剩余 1 个任务仍在处理中...
2026-05-29 16:29:18,713 [INFO] merge_service - [Poll] 进度: 25/26 完成, 剩余 1 个任务仍在处理中...
2026-05-29 16:29:21,727 [INFO] merge_service - [Poll] 进度: 25/26 完成, 剩余 1 个任务仍在处理中...
2026-05-29 16:29:24,746 [INFO] merge_service - [Poll] 任务 f8de0ae3-16dd-4976-95c7-1d72cea2b3ab (中国慢性冠脉综合征患者诊断及管理指南_20.png) → completed [成功]
2026-05-29 16:29:24,747 [INFO] merge_service - [01943a83-318e-4b4c-afb0-fd8ca8867406] 所有提取任务已完成，开始合并清洗...
2026-05-29 16:29:24,747 [INFO] merge_service - [01943a83-318e-4b4c-afb0-fd8ca8867406] 合并顺序（按原图片文件名序号）:
2026-05-29 16:29:24,747 [INFO] merge_service -   第1页: 中国慢性冠脉综合征患者诊断及管理指南_1.png → output/中国慢性冠脉综合征患者诊断及管理指南/中国慢性冠脉综合征患者诊断及管理指南_1.md
2026-05-29 16:29:24,747 [INFO] merge_service -   第2页: 中国慢性冠脉综合征患者诊断及管理指南_2.png → output/中国慢性冠脉综合征患者诊断及管理指南/中国慢性冠脉综合征患者诊断及管理指南_2.md
2026-05-29 16:29:24,747 [INFO] merge_service -   第3页: 中国慢性冠脉综合征患者诊断及管理指南_3.png → output/中国慢性冠脉综合征患者诊断及管理指南/中国慢性冠脉综合征患者诊断及管理指南_3.md
2026-05-29 16:29:24,747 [INFO] merge_service -   第4页: 中国慢性冠脉综合征患者诊断及管理指南_4.png → output/中国慢性冠脉综合征患者诊断及管理指南/中国慢性冠脉综合征患者诊断及管理指南_4.md
2026-05-29 16:29:24,747 [INFO] merge_service -   第5页: 中国慢性冠脉综合征患者诊断及管理指南_5.png → output/中国慢性冠脉综合征患者诊断及管理指南/中国慢性冠脉综合征患者诊断及管理指南_5.md
2026-05-29 16:29:24,747 [INFO] merge_service -   第6页: 中国慢性冠脉综合征患者诊断及管理指南_6.png → output/中国慢性冠脉综合征患者诊断及管理指南/中国慢性冠脉综合征患者诊断及管理指南_6.md
2026-05-29 16:29:24,747 [INFO] merge_service -   第7页: 中国慢性冠脉综合征患者诊断及管理指南_7.png → output/中国慢性冠脉综合征患者诊断及管理指南/中国慢性冠脉综合征患者诊断及管理指南_7.md
2026-05-29 16:29:24,747 [INFO] merge_service -   第8页: 中国慢性冠脉综合征患者诊断及管理指南_8.png → output/中国慢性冠脉综合征患者诊断及管理指南/中国慢性冠脉综合征患者诊断及管理指南_8.md
2026-05-29 16:29:24,747 [INFO] merge_service -   第9页: 中国慢性冠脉综合征患者诊断及管理指南_9.png → output/中国慢性冠脉综合征患者诊断及管理指南/中国慢性冠脉综合征患者诊断及管理指南_9.md
2026-05-29 16:29:24,747 [INFO] merge_service -   第10页: 中国慢性冠脉综合征患者诊断及管理指南_10.png → output/中国慢性冠脉综合征患者诊断及管理指南/中国慢性冠脉综合征患者诊断及管理指南_10.md
2026-05-29 16:29:24,747 [INFO] merge_service -   第11页: 中国慢性冠脉综合征患者诊断及管理指南_11.png → output/中国慢性冠脉综合征患者诊断及管理指南/中国慢性冠脉综合征患者诊断及管理指南_11.md
2026-05-29 16:29:24,747 [INFO] merge_service -   第12页: 中国慢性冠脉综合征患者诊断及管理指南_12.png → output/中国慢性冠脉综合征患者诊断及管理指南/中国慢性冠脉综合征患者诊断及管理指南_12.md
2026-05-29 16:29:24,747 [INFO] merge_service -   第13页: 中国慢性冠脉综合征患者诊断及管理指南_13.png → output/中国慢性冠脉综合征患者诊断及管理指南/中国慢性冠脉综合征患者诊断及管理指南_13.md
2026-05-29 16:29:24,747 [INFO] merge_service -   第14页: 中国慢性冠脉综合征患者诊断及管理指南_14.png → output/中国慢性冠脉综合征患者诊断及管理指南/中国慢性冠脉综合征患者诊断及管理指南_14.md
2026-05-29 16:29:24,747 [INFO] merge_service -   第15页: 中国慢性冠脉综合征患者诊断及管理指南_15.png → output/中国慢性冠脉综合征患者诊断及管理指南/中国慢性冠脉综合征患者诊断及管理指南_15.md
2026-05-29 16:29:24,747 [INFO] merge_service -   第16页: 中国慢性冠脉综合征患者诊断及管理指南_16.png → output/中国慢性冠脉综合征患者诊断及管理指南/中国慢性冠脉综合征患者诊断及管理指南_16.md
2026-05-29 16:29:24,747 [INFO] merge_service -   第17页: 中国慢性冠脉综合征患者诊断及管理指南_17.png → output/中国慢性冠脉综合征患者诊断及管理指南/中国慢性冠脉综合征患者诊断及管理指南_17.md
2026-05-29 16:29:24,747 [INFO] merge_service -   第18页: 中国慢性冠脉综合征患者诊断及管理指南_18.png → output/中国慢性冠脉综合征患者诊断及管理指南/中国慢性冠脉综合征患者诊断及管理指南_18.md
2026-05-29 16:29:24,747 [INFO] merge_service -   第19页: 中国慢性冠脉综合征患者诊断及管理指南_19.png → output/中国慢性冠脉综合征患者诊断及管理指南/中国慢性冠脉综合征患者诊断及管理指南_19.md
2026-05-29 16:29:24,747 [INFO] merge_service -   第20页: 中国慢性冠脉综合征患者诊断及管理指南_20.png → output/中国慢性冠脉综合征患者诊断及管理指南/中国慢性冠脉综合征患者诊断及管理指南_20.md
2026-05-29 16:29:24,747 [INFO] merge_service -   第21页: 中国慢性冠脉综合征患者诊断及管理指南_21.png → output/中国慢性冠脉综合征患者诊断及管理指南/中国慢性冠脉综合征患者诊断及管理指南_21.md
2026-05-29 16:29:24,747 [INFO] merge_service -   第22页: 中国慢性冠脉综合征患者诊断及管理指南_22.png → output/中国慢性冠脉综合征患者诊断及管理指南/中国慢性冠脉综合征患者诊断及管理指南_22.md
2026-05-29 16:29:24,747 [INFO] merge_service -   第23页: 中国慢性冠脉综合征患者诊断及管理指南_23.png → output/中国慢性冠脉综合征患者诊断及管理指南/中国慢性冠脉综合征患者诊断及管理指南_23.md
2026-05-29 16:29:24,747 [INFO] merge_service -   第24页: 中国慢性冠脉综合征患者诊断及管理指南_24.png → output/中国慢性冠脉综合征患者诊断及管理指南/中国慢性冠脉综合征患者诊断及管理指南_24.md
2026-05-29 16:29:24,747 [INFO] merge_service -   第25页: 中国慢性冠脉综合征患者诊断及管理指南_25.png → output/中国慢性冠脉综合征患者诊断及管理指南/中国慢性冠脉综合征患者诊断及管理指南_25.md
2026-05-29 16:29:24,747 [INFO] merge_service -   第26页: 中国慢性冠脉综合征患者诊断及管理指南_26.png → output/中国慢性冠脉综合征患者诊断及管理指南/中国慢性冠脉综合征患者诊断及管理指南_26.md
2026-05-29 16:29:24,783 [INFO] merge_service - 
==================================================
2026-05-29 16:29:24,783 [INFO] merge_service - [01943a83-318e-4b4c-afb0-fd8ca8867406] 合并清洗完成!
2026-05-29 16:29:24,783 [INFO] merge_service -   合并文件: output/中国慢性冠脉综合征患者诊断及管理指南/中国慢性冠脉综合征患者诊断及管理指南_merged_output.md
2026-05-29 16:29:24,783 [INFO] merge_service -   有效页面: 19/26
2026-05-29 16:29:24,783 [INFO] merge_service -   总字符数: 36351
2026-05-29 16:29:24,783 [INFO] merge_service -   轮询耗时: 314.9s, 合并耗时: 0.04s
2026-05-29 16:29:24,783 [INFO] merge_service -   跳过页面（参考文献）: [19, 21, 22, 23, 24, 25, 26]
2026-05-29 16:29:24,783 [INFO] merge_service - ==================================================
2026-05-30 16:18:16,457 [INFO] merge_service - ============================================================
2026-05-30 16:18:16,457 [INFO] merge_service - 合并+清洗服务 — 新任务
2026-05-30 16:18:16,457 [INFO] merge_service -   合并ID: e2bffaa8-12f3-4d1b-8370-2b00490c0c27
2026-05-30 16:18:16,457 [INFO] merge_service -   PDF名称: 中国慢性冠脉综合征患者诊断及管理指南 (原始: 中国慢性冠脉综合征患者诊断及管理指南.pdf)
2026-05-30 16:18:16,457 [INFO] merge_service -   关联提取任务数: 26
2026-05-30 16:18:16,457 [INFO] merge_service -   输出目录: ./output
2026-05-30 16:18:16,457 [INFO] merge_service -   提取服务: http://localhost:8001
2026-05-30 16:18:16,457 [INFO] merge_service - ============================================================
2026-05-30 16:18:16,459 [INFO] merge_service - [Poll] 开始轮询 26 个提取任务...
2026-05-30 16:18:16,459 [INFO] merge_service - [Poll] 提取服务地址: http://localhost:8001
2026-05-30 16:18:16,459 [INFO] merge_service - [Poll] 轮询间隔: 3.0s, 最大等待: 3600.0s
2026-05-30 16:18:16,842 [INFO] merge_service - [Poll] 进度: 0/26 完成, 剩余 26 个任务仍在处理中...
2026-05-30 16:18:20,133 [INFO] merge_service - [Poll] 进度: 0/26 完成, 剩余 26 个任务仍在处理中...
2026-05-30 16:18:23,427 [INFO] merge_service - [Poll] 进度: 0/26 完成, 剩余 26 个任务仍在处理中...
2026-05-30 16:18:26,728 [INFO] merge_service - [Poll] 进度: 0/26 完成, 剩余 26 个任务仍在处理中...
2026-05-30 16:18:30,035 [INFO] merge_service - [Poll] 进度: 0/26 完成, 剩余 26 个任务仍在处理中...
2026-05-30 16:18:33,320 [INFO] merge_service - [Poll] 进度: 0/26 完成, 剩余 26 个任务仍在处理中...
2026-05-30 16:18:36,608 [INFO] merge_service - [Poll] 进度: 0/26 完成, 剩余 26 个任务仍在处理中...
2026-05-30 16:18:39,893 [INFO] merge_service - [Poll] 进度: 0/26 完成, 剩余 26 个任务仍在处理中...
2026-05-30 16:18:43,177 [INFO] merge_service - [Poll] 进度: 0/26 完成, 剩余 26 个任务仍在处理中...
2026-05-30 16:18:46,464 [INFO] merge_service - [Poll] 进度: 0/26 完成, 剩余 26 个任务仍在处理中...
2026-05-30 16:18:49,760 [INFO] merge_service - [Poll] 进度: 0/26 完成, 剩余 26 个任务仍在处理中...
2026-05-30 16:18:53,054 [INFO] merge_service - [Poll] 进度: 0/26 完成, 剩余 26 个任务仍在处理中...
2026-05-30 16:18:56,346 [INFO] merge_service - [Poll] 进度: 0/26 完成, 剩余 26 个任务仍在处理中...
2026-05-30 16:18:59,628 [INFO] merge_service - [Poll] 进度: 0/26 完成, 剩余 26 个任务仍在处理中...
2026-05-30 16:19:02,911 [INFO] merge_service - [Poll] 进度: 0/26 完成, 剩余 26 个任务仍在处理中...
2026-05-30 16:19:06,193 [INFO] merge_service - [Poll] 进度: 0/26 完成, 剩余 26 个任务仍在处理中...
2026-05-30 16:19:09,492 [INFO] merge_service - [Poll] 进度: 0/26 完成, 剩余 26 个任务仍在处理中...
2026-05-30 16:19:12,813 [INFO] merge_service - [Poll] 进度: 0/26 完成, 剩余 26 个任务仍在处理中...
2026-05-30 16:19:16,119 [INFO] merge_service - [Poll] 进度: 0/26 完成, 剩余 26 个任务仍在处理中...
2026-05-30 16:19:19,407 [INFO] merge_service - [Poll] 进度: 0/26 完成, 剩余 26 个任务仍在处理中...
2026-05-30 16:19:22,695 [INFO] merge_service - [Poll] 进度: 0/26 完成, 剩余 26 个任务仍在处理中...
2026-05-30 16:19:26,029 [INFO] merge_service - [Poll] 进度: 0/26 完成, 剩余 26 个任务仍在处理中...
2026-05-30 16:19:29,320 [INFO] merge_service - [Poll] 任务 54c3de95-c48a-4ce5-a4dc-7a37f2941fb2 (中国慢性冠脉综合征患者诊断及管理指南_3.png) → completed [成功]
2026-05-30 16:19:29,367 [INFO] merge_service - [Poll] 进度: 1/26 完成, 剩余 25 个任务仍在处理中...
2026-05-30 16:19:32,446 [INFO] merge_service - [Poll] 任务 9bfb4af3-a42d-4d35-8c4f-c9f6f6e1c8fb (中国慢性冠脉综合征患者诊断及管理指南_8.png) → completed [成功]
2026-05-30 16:19:32,661 [INFO] merge_service - [Poll] 进度: 2/26 完成, 剩余 24 个任务仍在处理中...
2026-05-30 16:19:35,939 [INFO] merge_service - [Poll] 进度: 2/26 完成, 剩余 24 个任务仍在处理中...
2026-05-30 16:19:38,989 [INFO] merge_service - [Poll] 任务 785881c2-67bb-4d93-a684-269f0af61ada (中国慢性冠脉综合征患者诊断及管理指南_5.png) → completed [成功]
2026-05-30 16:19:39,216 [INFO] merge_service - [Poll] 进度: 3/26 完成, 剩余 23 个任务仍在处理中...
2026-05-30 16:19:42,373 [INFO] merge_service - [Poll] 任务 fc9f026b-f3af-4aa2-a304-47f8c2f75147 (中国慢性冠脉综合征患者诊断及管理指南_1.png) → completed [成功]
2026-05-30 16:19:42,500 [INFO] merge_service - [Poll] 进度: 4/26 完成, 剩余 22 个任务仍在处理中...
2026-05-30 16:19:45,768 [INFO] merge_service - [Poll] 进度: 4/26 完成, 剩余 22 个任务仍在处理中...
2026-05-30 16:19:49,021 [INFO] merge_service - [Poll] 进度: 4/26 完成, 剩余 22 个任务仍在处理中...
2026-05-30 16:19:52,283 [INFO] merge_service - [Poll] 进度: 4/26 完成, 剩余 22 个任务仍在处理中...
2026-05-30 16:19:55,584 [INFO] merge_service - [Poll] 进度: 4/26 完成, 剩余 22 个任务仍在处理中...
2026-05-30 16:19:58,860 [INFO] merge_service - [Poll] 进度: 4/26 完成, 剩余 22 个任务仍在处理中...
2026-05-30 16:20:02,129 [INFO] merge_service - [Poll] 进度: 4/26 完成, 剩余 22 个任务仍在处理中...
2026-05-30 16:20:05,471 [INFO] merge_service - [Poll] 进度: 4/26 完成, 剩余 22 个任务仍在处理中...
2026-05-30 16:20:08,719 [INFO] merge_service - [Poll] 进度: 4/26 完成, 剩余 22 个任务仍在处理中...
2026-05-30 16:20:11,844 [INFO] merge_service - [Poll] 任务 b8189c95-1c72-422f-949f-ba41d873f96a (中国慢性冠脉综合征患者诊断及管理指南_4.png) → completed [成功]
2026-05-30 16:20:11,977 [INFO] merge_service - [Poll] 进度: 5/26 完成, 剩余 21 个任务仍在处理中...
2026-05-30 16:20:15,216 [INFO] merge_service - [Poll] 进度: 5/26 完成, 剩余 21 个任务仍在处理中...
2026-05-30 16:20:18,507 [INFO] merge_service - [Poll] 进度: 5/26 完成, 剩余 21 个任务仍在处理中...
2026-05-30 16:20:21,769 [INFO] merge_service - [Poll] 进度: 5/26 完成, 剩余 21 个任务仍在处理中...
2026-05-30 16:20:25,022 [INFO] merge_service - [Poll] 进度: 5/26 完成, 剩余 21 个任务仍在处理中...
2026-05-30 16:20:28,266 [INFO] merge_service - [Poll] 进度: 5/26 完成, 剩余 21 个任务仍在处理中...
2026-05-30 16:20:31,516 [INFO] merge_service - [Poll] 进度: 5/26 完成, 剩余 21 个任务仍在处理中...
2026-05-30 16:20:34,583 [INFO] merge_service - [Poll] 任务 7c8795c2-9301-4c5e-acc9-00de77155b18 (中国慢性冠脉综合征患者诊断及管理指南_6.png) → completed [成功]
2026-05-30 16:20:34,744 [INFO] merge_service - [Poll] 进度: 6/26 完成, 剩余 20 个任务仍在处理中...
2026-05-30 16:20:37,977 [INFO] merge_service - [Poll] 进度: 6/26 完成, 剩余 20 个任务仍在处理中...
2026-05-30 16:20:41,197 [INFO] merge_service - [Poll] 进度: 6/26 完成, 剩余 20 个任务仍在处理中...
2026-05-30 16:20:44,231 [INFO] merge_service - [Poll] 任务 d8f5cea1-497f-4fe2-b7ba-08f66aed3f35 (中国慢性冠脉综合征患者诊断及管理指南_12.png) → completed [成功]
2026-05-30 16:20:44,288 [INFO] merge_service - [Poll] 任务 9318950a-e16b-41fb-b820-31931f027ee4 (中国慢性冠脉综合征患者诊断及管理指南_7.png) → completed [成功]
2026-05-30 16:20:44,374 [INFO] merge_service - [Poll] 任务 c7833832-254d-4e40-b604-568f35a87373 (中国慢性冠脉综合征患者诊断及管理指南_2.png) → completed [成功]
2026-05-30 16:20:44,416 [INFO] merge_service - [Poll] 进度: 9/26 完成, 剩余 17 个任务仍在处理中...
2026-05-30 16:20:47,643 [INFO] merge_service - [Poll] 进度: 9/26 完成, 剩余 17 个任务仍在处理中...
2026-05-30 16:20:50,840 [INFO] merge_service - [Poll] 进度: 9/26 完成, 剩余 17 个任务仍在处理中...
2026-05-30 16:20:54,043 [INFO] merge_service - [Poll] 进度: 9/26 完成, 剩余 17 个任务仍在处理中...
2026-05-30 16:20:57,235 [INFO] merge_service - [Poll] 进度: 9/26 完成, 剩余 17 个任务仍在处理中...
2026-05-30 16:21:00,461 [INFO] merge_service - [Poll] 进度: 9/26 完成, 剩余 17 个任务仍在处理中...
2026-05-30 16:21:03,687 [INFO] merge_service - [Poll] 进度: 9/26 完成, 剩余 17 个任务仍在处理中...
2026-05-30 16:21:06,876 [INFO] merge_service - [Poll] 进度: 9/26 完成, 剩余 17 个任务仍在处理中...
2026-05-30 16:21:10,063 [INFO] merge_service - [Poll] 进度: 9/26 完成, 剩余 17 个任务仍在处理中...
2026-05-30 16:21:13,281 [INFO] merge_service - [Poll] 进度: 9/26 完成, 剩余 17 个任务仍在处理中...
2026-05-30 16:21:16,495 [INFO] merge_service - [Poll] 进度: 9/26 完成, 剩余 17 个任务仍在处理中...
2026-05-30 16:21:19,685 [INFO] merge_service - [Poll] 进度: 9/26 完成, 剩余 17 个任务仍在处理中...
2026-05-30 16:21:22,888 [INFO] merge_service - [Poll] 进度: 9/26 完成, 剩余 17 个任务仍在处理中...
2026-05-30 16:21:26,076 [INFO] merge_service - [Poll] 进度: 9/26 完成, 剩余 17 个任务仍在处理中...
2026-05-30 16:21:29,304 [INFO] merge_service - [Poll] 进度: 9/26 完成, 剩余 17 个任务仍在处理中...
2026-05-30 16:21:32,539 [INFO] merge_service - [Poll] 进度: 9/26 完成, 剩余 17 个任务仍在处理中...
2026-05-30 16:21:35,743 [INFO] merge_service - [Poll] 进度: 9/26 完成, 剩余 17 个任务仍在处理中...
2026-05-30 16:21:38,932 [INFO] merge_service - [Poll] 进度: 9/26 完成, 剩余 17 个任务仍在处理中...
2026-05-30 16:21:41,945 [INFO] merge_service - [Poll] 任务 1e0ee7d4-5a72-4fb4-a042-f5f0f124d064 (中国慢性冠脉综合征患者诊断及管理指南_9.png) → completed [成功]
2026-05-30 16:21:41,966 [INFO] merge_service - [Poll] 任务 31c8d6d4-6400-44f6-8aa6-e3b9e3ff8f73 (中国慢性冠脉综合征患者诊断及管理指南_11.png) → completed [成功]
2026-05-30 16:21:42,121 [INFO] merge_service - [Poll] 进度: 11/26 完成, 剩余 15 个任务仍在处理中...
2026-05-30 16:21:45,213 [INFO] merge_service - [Poll] 任务 86cf3cd8-6906-4102-abf9-99fb4b97362d (中国慢性冠脉综合征患者诊断及管理指南_15.png) → completed [成功]
2026-05-30 16:21:45,325 [INFO] merge_service - [Poll] 进度: 12/26 完成, 剩余 14 个任务仍在处理中...
2026-05-30 16:21:48,496 [INFO] merge_service - [Poll] 进度: 12/26 完成, 剩余 14 个任务仍在处理中...
2026-05-30 16:21:51,666 [INFO] merge_service - [Poll] 进度: 12/26 完成, 剩余 14 个任务仍在处理中...
2026-05-30 16:21:54,819 [INFO] merge_service - [Poll] 进度: 12/26 完成, 剩余 14 个任务仍在处理中...
2026-05-30 16:21:57,953 [INFO] merge_service - [Poll] 任务 8c8d5521-ca51-4579-aba8-dc946c371d45 (中国慢性冠脉综合征患者诊断及管理指南_19.png) → completed [成功]
2026-05-30 16:21:57,978 [INFO] merge_service - [Poll] 进度: 13/26 完成, 剩余 13 个任务仍在处理中...
2026-05-30 16:22:01,097 [INFO] merge_service - [Poll] 任务 193bde6b-3ca7-445c-8d98-78a88ee67cea (中国慢性冠脉综合征患者诊断及管理指南_20.png) → completed [成功]
2026-05-30 16:22:01,154 [INFO] merge_service - [Poll] 进度: 14/26 完成, 剩余 12 个任务仍在处理中...
2026-05-30 16:22:04,308 [INFO] merge_service - [Poll] 进度: 14/26 完成, 剩余 12 个任务仍在处理中...
2026-05-30 16:22:07,442 [INFO] merge_service - [Poll] 进度: 14/26 完成, 剩余 12 个任务仍在处理中...
2026-05-30 16:22:10,600 [INFO] merge_service - [Poll] 进度: 14/26 完成, 剩余 12 个任务仍在处理中...
2026-05-30 16:22:13,732 [INFO] merge_service - [Poll] 进度: 14/26 完成, 剩余 12 个任务仍在处理中...
2026-05-30 16:22:16,822 [INFO] merge_service - [Poll] 任务 e28bf3b0-769b-4415-a0a3-b9e55d94b6de (中国慢性冠脉综合征患者诊断及管理指南_22.png) → completed [成功]
2026-05-30 16:22:16,923 [INFO] merge_service - [Poll] 进度: 15/26 完成, 剩余 11 个任务仍在处理中...
2026-05-30 16:22:19,978 [INFO] merge_service - [Poll] 任务 842cb23b-51a1-481d-8cfb-8e84eea7ddd5 (中国慢性冠脉综合征患者诊断及管理指南_13.png) → completed [成功]
2026-05-30 16:22:20,022 [INFO] merge_service - [Poll] 任务 a749ccbc-b9a6-4191-9dc3-3e8e5c1615d2 (中国慢性冠脉综合征患者诊断及管理指南_10.png) → completed [成功]
2026-05-30 16:22:20,054 [INFO] merge_service - [Poll] 进度: 17/26 完成, 剩余 9 个任务仍在处理中...
2026-05-30 16:22:23,154 [INFO] merge_service - [Poll] 进度: 17/26 完成, 剩余 9 个任务仍在处理中...
2026-05-30 16:22:26,202 [INFO] merge_service - [Poll] 任务 1532360a-c2c1-42b4-ae30-c11ff9f86252 (中国慢性冠脉综合征患者诊断及管理指南_18.png) → completed [成功]
2026-05-30 16:22:26,269 [INFO] merge_service - [Poll] 任务 86015a42-15a4-4007-b245-c8808d9e4b91 (中国慢性冠脉综合征患者诊断及管理指南_14.png) → completed [成功]
2026-05-30 16:22:26,292 [INFO] merge_service - [Poll] 进度: 19/26 完成, 剩余 7 个任务仍在处理中...
2026-05-30 16:22:29,371 [INFO] merge_service - [Poll] 进度: 19/26 完成, 剩余 7 个任务仍在处理中...
2026-05-30 16:22:32,419 [INFO] merge_service - [Poll] 任务 57f0dfce-1db5-4ab0-a6bf-9452d164fbed (中国慢性冠脉综合征患者诊断及管理指南_24.png) → completed [成功]
2026-05-30 16:22:32,481 [INFO] merge_service - [Poll] 任务 579a7cb7-9e6a-413c-8ef4-ae529da32d01 (中国慢性冠脉综合征患者诊断及管理指南_23.png) → completed [成功]
2026-05-30 16:22:32,509 [INFO] merge_service - [Poll] 进度: 21/26 完成, 剩余 5 个任务仍在处理中...
2026-05-30 16:22:35,521 [INFO] merge_service - [Poll] 任务 b4e25386-48cc-43d8-84f7-8d92890b9c57 (中国慢性冠脉综合征患者诊断及管理指南_21.png) → completed [成功]
2026-05-30 16:22:35,572 [INFO] merge_service - [Poll] 进度: 22/26 完成, 剩余 4 个任务仍在处理中...
2026-05-30 16:22:38,635 [INFO] merge_service - [Poll] 进度: 22/26 完成, 剩余 4 个任务仍在处理中...
2026-05-30 16:22:41,672 [INFO] merge_service - [Poll] 任务 21b62b5e-e6d0-467c-bb39-61e1fce2ff66 (中国慢性冠脉综合征患者诊断及管理指南_26.png) → completed [成功]
2026-05-30 16:22:41,686 [INFO] merge_service - [Poll] 进度: 23/26 完成, 剩余 3 个任务仍在处理中...
2026-05-30 16:22:44,736 [INFO] merge_service - [Poll] 进度: 23/26 完成, 剩余 3 个任务仍在处理中...
2026-05-30 16:22:47,770 [INFO] merge_service - [Poll] 任务 90a8b17a-d780-4272-a3be-2515476ccbd8 (中国慢性冠脉综合征患者诊断及管理指南_17.png) → completed [成功]
2026-05-30 16:22:47,806 [INFO] merge_service - [Poll] 进度: 24/26 完成, 剩余 2 个任务仍在处理中...
2026-05-30 16:22:50,830 [INFO] merge_service - [Poll] 任务 98f17159-7b2f-4f87-bb23-54826df5fa8d (中国慢性冠脉综合征患者诊断及管理指南_16.png) → completed [成功]
2026-05-30 16:22:50,830 [INFO] merge_service - [Poll] 进度: 25/26 完成, 剩余 1 个任务仍在处理中...
2026-05-30 16:22:53,847 [INFO] merge_service - [Poll] 进度: 25/26 完成, 剩余 1 个任务仍在处理中...
2026-05-30 16:22:56,867 [INFO] merge_service - [Poll] 进度: 25/26 完成, 剩余 1 个任务仍在处理中...
2026-05-30 16:22:59,880 [INFO] merge_service - [Poll] 进度: 25/26 完成, 剩余 1 个任务仍在处理中...
2026-05-30 16:23:02,892 [INFO] merge_service - [Poll] 进度: 25/26 完成, 剩余 1 个任务仍在处理中...
2026-05-30 16:23:05,922 [INFO] merge_service - [Poll] 进度: 25/26 完成, 剩余 1 个任务仍在处理中...
2026-05-30 16:23:08,946 [INFO] merge_service - [Poll] 进度: 25/26 完成, 剩余 1 个任务仍在处理中...
2026-05-30 16:23:11,959 [INFO] merge_service - [Poll] 进度: 25/26 完成, 剩余 1 个任务仍在处理中...
2026-05-30 16:23:14,977 [INFO] merge_service - [Poll] 进度: 25/26 完成, 剩余 1 个任务仍在处理中...
2026-05-30 16:23:18,014 [INFO] merge_service - [Poll] 进度: 25/26 完成, 剩余 1 个任务仍在处理中...
2026-05-30 16:23:21,028 [INFO] merge_service - [Poll] 进度: 25/26 完成, 剩余 1 个任务仍在处理中...
2026-05-30 16:23:24,041 [INFO] merge_service - [Poll] 进度: 25/26 完成, 剩余 1 个任务仍在处理中...
2026-05-30 16:23:27,069 [INFO] merge_service - [Poll] 进度: 25/26 完成, 剩余 1 个任务仍在处理中...
2026-05-30 16:23:30,098 [INFO] merge_service - [Poll] 进度: 25/26 完成, 剩余 1 个任务仍在处理中...
2026-05-30 16:23:33,110 [INFO] merge_service - [Poll] 进度: 25/26 完成, 剩余 1 个任务仍在处理中...
2026-05-30 16:23:36,126 [INFO] merge_service - [Poll] 进度: 25/26 完成, 剩余 1 个任务仍在处理中...
2026-05-30 16:23:39,166 [INFO] merge_service - [Poll] 进度: 25/26 完成, 剩余 1 个任务仍在处理中...
2026-05-30 16:23:42,179 [INFO] merge_service - [Poll] 进度: 25/26 完成, 剩余 1 个任务仍在处理中...
2026-05-30 16:23:45,191 [INFO] merge_service - [Poll] 进度: 25/26 完成, 剩余 1 个任务仍在处理中...
2026-05-30 16:23:48,219 [INFO] merge_service - [Poll] 进度: 25/26 完成, 剩余 1 个任务仍在处理中...
2026-05-30 16:23:51,240 [INFO] merge_service - [Poll] 进度: 25/26 完成, 剩余 1 个任务仍在处理中...
2026-05-30 16:23:54,253 [INFO] merge_service - [Poll] 进度: 25/26 完成, 剩余 1 个任务仍在处理中...
2026-05-30 16:23:57,275 [INFO] merge_service - [Poll] 进度: 25/26 完成, 剩余 1 个任务仍在处理中...
2026-05-30 16:24:00,290 [INFO] merge_service - [Poll] 进度: 25/26 完成, 剩余 1 个任务仍在处理中...
2026-05-30 16:24:03,304 [INFO] merge_service - [Poll] 进度: 25/26 完成, 剩余 1 个任务仍在处理中...
2026-05-30 16:24:06,328 [INFO] merge_service - [Poll] 进度: 25/26 完成, 剩余 1 个任务仍在处理中...
2026-05-30 16:24:09,341 [INFO] merge_service - [Poll] 进度: 25/26 完成, 剩余 1 个任务仍在处理中...
2026-05-30 16:24:12,369 [INFO] merge_service - [Poll] 进度: 25/26 完成, 剩余 1 个任务仍在处理中...
2026-05-30 16:24:15,382 [INFO] merge_service - [Poll] 任务 8210dfcd-2a21-441d-862b-4135fcc381d1 (中国慢性冠脉综合征患者诊断及管理指南_25.png) → completed [成功]
2026-05-30 16:24:15,382 [INFO] merge_service - [e2bffaa8-12f3-4d1b-8370-2b00490c0c27] 所有提取任务已完成，开始合并清洗...
2026-05-30 16:24:15,382 [INFO] merge_service - [e2bffaa8-12f3-4d1b-8370-2b00490c0c27] 合并顺序（按原图片文件名序号）:
2026-05-30 16:24:15,382 [INFO] merge_service -   第1页: 中国慢性冠脉综合征患者诊断及管理指南_1.png → output/中国慢性冠脉综合征患者诊断及管理指南/中国慢性冠脉综合征患者诊断及管理指南_1.md
2026-05-30 16:24:15,383 [INFO] merge_service -   第2页: 中国慢性冠脉综合征患者诊断及管理指南_2.png → output/中国慢性冠脉综合征患者诊断及管理指南/中国慢性冠脉综合征患者诊断及管理指南_2.md
2026-05-30 16:24:15,383 [INFO] merge_service -   第3页: 中国慢性冠脉综合征患者诊断及管理指南_3.png → output/中国慢性冠脉综合征患者诊断及管理指南/中国慢性冠脉综合征患者诊断及管理指南_3.md
2026-05-30 16:24:15,383 [INFO] merge_service -   第4页: 中国慢性冠脉综合征患者诊断及管理指南_4.png → output/中国慢性冠脉综合征患者诊断及管理指南/中国慢性冠脉综合征患者诊断及管理指南_4.md
2026-05-30 16:24:15,383 [INFO] merge_service -   第5页: 中国慢性冠脉综合征患者诊断及管理指南_5.png → output/中国慢性冠脉综合征患者诊断及管理指南/中国慢性冠脉综合征患者诊断及管理指南_5.md
2026-05-30 16:24:15,383 [INFO] merge_service -   第6页: 中国慢性冠脉综合征患者诊断及管理指南_6.png → output/中国慢性冠脉综合征患者诊断及管理指南/中国慢性冠脉综合征患者诊断及管理指南_6.md
2026-05-30 16:24:15,383 [INFO] merge_service -   第7页: 中国慢性冠脉综合征患者诊断及管理指南_7.png → output/中国慢性冠脉综合征患者诊断及管理指南/中国慢性冠脉综合征患者诊断及管理指南_7.md
2026-05-30 16:24:15,383 [INFO] merge_service -   第8页: 中国慢性冠脉综合征患者诊断及管理指南_8.png → output/中国慢性冠脉综合征患者诊断及管理指南/中国慢性冠脉综合征患者诊断及管理指南_8.md
2026-05-30 16:24:15,383 [INFO] merge_service -   第9页: 中国慢性冠脉综合征患者诊断及管理指南_9.png → output/中国慢性冠脉综合征患者诊断及管理指南/中国慢性冠脉综合征患者诊断及管理指南_9.md
2026-05-30 16:24:15,383 [INFO] merge_service -   第10页: 中国慢性冠脉综合征患者诊断及管理指南_10.png → output/中国慢性冠脉综合征患者诊断及管理指南/中国慢性冠脉综合征患者诊断及管理指南_10.md
2026-05-30 16:24:15,383 [INFO] merge_service -   第11页: 中国慢性冠脉综合征患者诊断及管理指南_11.png → output/中国慢性冠脉综合征患者诊断及管理指南/中国慢性冠脉综合征患者诊断及管理指南_11.md
2026-05-30 16:24:15,383 [INFO] merge_service -   第12页: 中国慢性冠脉综合征患者诊断及管理指南_12.png → output/中国慢性冠脉综合征患者诊断及管理指南/中国慢性冠脉综合征患者诊断及管理指南_12.md
2026-05-30 16:24:15,383 [INFO] merge_service -   第13页: 中国慢性冠脉综合征患者诊断及管理指南_13.png → output/中国慢性冠脉综合征患者诊断及管理指南/中国慢性冠脉综合征患者诊断及管理指南_13.md
2026-05-30 16:24:15,383 [INFO] merge_service -   第14页: 中国慢性冠脉综合征患者诊断及管理指南_14.png → output/中国慢性冠脉综合征患者诊断及管理指南/中国慢性冠脉综合征患者诊断及管理指南_14.md
2026-05-30 16:24:15,383 [INFO] merge_service -   第15页: 中国慢性冠脉综合征患者诊断及管理指南_15.png → output/中国慢性冠脉综合征患者诊断及管理指南/中国慢性冠脉综合征患者诊断及管理指南_15.md
2026-05-30 16:24:15,383 [INFO] merge_service -   第16页: 中国慢性冠脉综合征患者诊断及管理指南_16.png → output/中国慢性冠脉综合征患者诊断及管理指南/中国慢性冠脉综合征患者诊断及管理指南_16.md
2026-05-30 16:24:15,383 [INFO] merge_service -   第17页: 中国慢性冠脉综合征患者诊断及管理指南_17.png → output/中国慢性冠脉综合征患者诊断及管理指南/中国慢性冠脉综合征患者诊断及管理指南_17.md
2026-05-30 16:24:15,383 [INFO] merge_service -   第18页: 中国慢性冠脉综合征患者诊断及管理指南_18.png → output/中国慢性冠脉综合征患者诊断及管理指南/中国慢性冠脉综合征患者诊断及管理指南_18.md
2026-05-30 16:24:15,383 [INFO] merge_service -   第19页: 中国慢性冠脉综合征患者诊断及管理指南_19.png → output/中国慢性冠脉综合征患者诊断及管理指南/中国慢性冠脉综合征患者诊断及管理指南_19.md
2026-05-30 16:24:15,383 [INFO] merge_service -   第20页: 中国慢性冠脉综合征患者诊断及管理指南_20.png → output/中国慢性冠脉综合征患者诊断及管理指南/中国慢性冠脉综合征患者诊断及管理指南_20.md
2026-05-30 16:24:15,383 [INFO] merge_service -   第21页: 中国慢性冠脉综合征患者诊断及管理指南_21.png → output/中国慢性冠脉综合征患者诊断及管理指南/中国慢性冠脉综合征患者诊断及管理指南_21.md
2026-05-30 16:24:15,383 [INFO] merge_service -   第22页: 中国慢性冠脉综合征患者诊断及管理指南_22.png → output/中国慢性冠脉综合征患者诊断及管理指南/中国慢性冠脉综合征患者诊断及管理指南_22.md
2026-05-30 16:24:15,383 [INFO] merge_service -   第23页: 中国慢性冠脉综合征患者诊断及管理指南_23.png → output/中国慢性冠脉综合征患者诊断及管理指南/中国慢性冠脉综合征患者诊断及管理指南_23.md
2026-05-30 16:24:15,383 [INFO] merge_service -   第24页: 中国慢性冠脉综合征患者诊断及管理指南_24.png → output/中国慢性冠脉综合征患者诊断及管理指南/中国慢性冠脉综合征患者诊断及管理指南_24.md
2026-05-30 16:24:15,383 [INFO] merge_service -   第25页: 中国慢性冠脉综合征患者诊断及管理指南_25.png → output/中国慢性冠脉综合征患者诊断及管理指南/中国慢性冠脉综合征患者诊断及管理指南_25.md
2026-05-30 16:24:15,383 [INFO] merge_service -   第26页: 中国慢性冠脉综合征患者诊断及管理指南_26.png → output/中国慢性冠脉综合征患者诊断及管理指南/中国慢性冠脉综合征患者诊断及管理指南_26.md
2026-05-30 16:24:15,425 [INFO] merge_service - 
==================================================
2026-05-30 16:24:15,425 [INFO] merge_service - [e2bffaa8-12f3-4d1b-8370-2b00490c0c27] 合并清洗完成!
2026-05-30 16:24:15,425 [INFO] merge_service -   合并文件: output/中国慢性冠脉综合征患者诊断及管理指南/中国慢性冠脉综合征患者诊断及管理指南_merged_output.md
2026-05-30 16:24:15,425 [INFO] merge_service -   有效页面: 19/26
2026-05-30 16:24:15,425 [INFO] merge_service -   总字符数: 40267
2026-05-30 16:24:15,425 [INFO] merge_service -   轮询耗时: 358.92s, 合并耗时: 0.04s
2026-05-30 16:24:15,425 [INFO] merge_service -   跳过页面（参考文献）: [19, 20, 21, 22, 23, 24, 26]
2026-05-30 16:24:15,425 [INFO] merge_service - ==================================================
