2026-05-30 21:24:11,752 [INFO] merge_service - ============================================================
2026-05-30 21:24:11,753 [INFO] merge_service - 合并+清洗服务 — 新任务
2026-05-30 21:24:11,753 [INFO] merge_service -   合并ID: 1a6eb4c2-e019-466b-bdbb-31e14d9ec2d0
2026-05-30 21:24:11,753 [INFO] merge_service -   PDF名称: 医脉通】胸痛基层合理用药指南 (原始: 医脉通】胸痛基层合理用药指南.pdf)
2026-05-30 21:24:11,753 [INFO] merge_service -   关联提取任务数: 12
2026-05-30 21:24:11,753 [INFO] merge_service -   输出目录: ./output
2026-05-30 21:24:11,753 [INFO] merge_service -   提取服务: http://localhost:8001
2026-05-30 21:24:11,753 [INFO] merge_service - ============================================================
2026-05-30 21:24:11,755 [INFO] merge_service - [Poll] 开始轮询 12 个提取任务...
2026-05-30 21:24:11,755 [INFO] merge_service - [Poll] 提取服务地址: http://localhost:8001
2026-05-30 21:24:11,755 [INFO] merge_service - [Poll] 轮询间隔: 3.0s, 最大等待: 3600.0s
2026-05-30 21:24:11,994 [INFO] merge_service - [Poll] 进度: 0/12 完成, 剩余 12 个任务仍在处理中...
2026-05-30 21:24:15,128 [INFO] merge_service - [Poll] 进度: 0/12 完成, 剩余 12 个任务仍在处理中...
2026-05-30 21:24:18,272 [INFO] merge_service - [Poll] 进度: 0/12 完成, 剩余 12 个任务仍在处理中...
2026-05-30 21:24:21,412 [INFO] merge_service - [Poll] 进度: 0/12 完成, 剩余 12 个任务仍在处理中...
2026-05-30 21:24:24,548 [INFO] merge_service - [Poll] 进度: 0/12 完成, 剩余 12 个任务仍在处理中...
2026-05-30 21:24:27,683 [INFO] merge_service - [Poll] 进度: 0/12 完成, 剩余 12 个任务仍在处理中...
2026-05-30 21:24:30,834 [INFO] merge_service - [Poll] 进度: 0/12 完成, 剩余 12 个任务仍在处理中...
2026-05-30 21:24:33,968 [INFO] merge_service - [Poll] 进度: 0/12 完成, 剩余 12 个任务仍在处理中...
2026-05-30 21:24:37,107 [INFO] merge_service - [Poll] 进度: 0/12 完成, 剩余 12 个任务仍在处理中...
2026-05-30 21:24:40,250 [INFO] merge_service - [Poll] 进度: 0/12 完成, 剩余 12 个任务仍在处理中...
2026-05-30 21:24:43,383 [INFO] merge_service - [Poll] 进度: 0/12 完成, 剩余 12 个任务仍在处理中...
2026-05-30 21:24:46,564 [INFO] merge_service - [Poll] 进度: 0/12 完成, 剩余 12 个任务仍在处理中...
2026-05-30 21:24:49,708 [INFO] merge_service - [Poll] 进度: 0/12 完成, 剩余 12 个任务仍在处理中...
2026-05-30 21:24:52,849 [INFO] merge_service - [Poll] 进度: 0/12 完成, 剩余 12 个任务仍在处理中...
2026-05-30 21:24:56,061 [INFO] merge_service - [Poll] 进度: 0/12 完成, 剩余 12 个任务仍在处理中...
2026-05-30 21:24:59,217 [INFO] merge_service - [Poll] 进度: 0/12 完成, 剩余 12 个任务仍在处理中...
2026-05-30 21:25:02,361 [INFO] merge_service - [Poll] 进度: 0/12 完成, 剩余 12 个任务仍在处理中...
2026-05-30 21:25:05,501 [INFO] merge_service - [Poll] 进度: 0/12 完成, 剩余 12 个任务仍在处理中...
2026-05-30 21:25:08,645 [INFO] merge_service - [Poll] 进度: 0/12 完成, 剩余 12 个任务仍在处理中...
2026-05-30 21:25:11,808 [INFO] merge_service - [Poll] 进度: 0/12 完成, 剩余 12 个任务仍在处理中...
2026-05-30 21:25:14,945 [INFO] merge_service - [Poll] 进度: 0/12 完成, 剩余 12 个任务仍在处理中...
2026-05-30 21:25:18,029 [INFO] merge_service - [Poll] 任务 70b2ce7b-3169-4de4-95d2-13bfe54d5515 (【医脉通】胸痛基层合理用药指南_2.png) → completed [成功]
2026-05-30 21:25:18,087 [INFO] merge_service - [Poll] 进度: 1/12 完成, 剩余 11 个任务仍在处理中...
2026-05-30 21:25:21,108 [INFO] merge_service - [Poll] 任务 7eae6872-f0a8-44a1-aa66-cb1913411e26 (【医脉通】胸痛基层合理用药指南_4.png) → completed [成功]
2026-05-30 21:25:21,229 [INFO] merge_service - [Poll] 进度: 2/12 完成, 剩余 10 个任务仍在处理中...
2026-05-30 21:25:24,380 [INFO] merge_service - [Poll] 任务 799ca972-c71a-4b7f-8cb6-947ce3cfe492 (【医脉通】胸痛基层合理用药指南_6.png) → completed [成功]
2026-05-30 21:25:24,380 [INFO] merge_service - [Poll] 进度: 3/12 完成, 剩余 9 个任务仍在处理中...
2026-05-30 21:25:27,489 [INFO] merge_service - [Poll] 进度: 3/12 完成, 剩余 9 个任务仍在处理中...
2026-05-30 21:25:30,594 [INFO] merge_service - [Poll] 进度: 3/12 完成, 剩余 9 个任务仍在处理中...
2026-05-30 21:25:33,723 [INFO] merge_service - [Poll] 进度: 3/12 完成, 剩余 9 个任务仍在处理中...
2026-05-30 21:25:36,848 [INFO] merge_service - [Poll] 进度: 3/12 完成, 剩余 9 个任务仍在处理中...
2026-05-30 21:25:39,953 [INFO] merge_service - [Poll] 进度: 3/12 完成, 剩余 9 个任务仍在处理中...
2026-05-30 21:25:43,069 [INFO] merge_service - [Poll] 进度: 3/12 完成, 剩余 9 个任务仍在处理中...
2026-05-30 21:25:46,185 [INFO] merge_service - [Poll] 进度: 3/12 完成, 剩余 9 个任务仍在处理中...
2026-05-30 21:25:49,294 [INFO] merge_service - [Poll] 进度: 3/12 完成, 剩余 9 个任务仍在处理中...
2026-05-30 21:25:52,404 [INFO] merge_service - [Poll] 进度: 3/12 完成, 剩余 9 个任务仍在处理中...
2026-05-30 21:25:55,539 [INFO] merge_service - [Poll] 进度: 3/12 完成, 剩余 9 个任务仍在处理中...
2026-05-30 21:25:58,642 [INFO] merge_service - [Poll] 进度: 3/12 完成, 剩余 9 个任务仍在处理中...
2026-05-30 21:26:01,710 [INFO] merge_service - [Poll] 任务 e90a713e-5e0f-4494-960e-bc21e1aefc32 (【医脉通】胸痛基层合理用药指南_1.png) → completed [成功]
2026-05-30 21:26:01,748 [INFO] merge_service - [Poll] 进度: 4/12 完成, 剩余 8 个任务仍在处理中...
2026-05-30 21:26:04,852 [INFO] merge_service - [Poll] 进度: 4/12 完成, 剩余 8 个任务仍在处理中...
2026-05-30 21:26:07,945 [INFO] merge_service - [Poll] 进度: 4/12 完成, 剩余 8 个任务仍在处理中...
2026-05-30 21:26:11,045 [INFO] merge_service - [Poll] 进度: 4/12 完成, 剩余 8 个任务仍在处理中...
2026-05-30 21:26:14,114 [INFO] merge_service - [Poll] 任务 01e48874-d405-487c-9ac1-9ebce8d4ec02 (【医脉通】胸痛基层合理用药指南_8.png) → completed [成功]
2026-05-30 21:26:14,162 [INFO] merge_service - [Poll] 进度: 5/12 完成, 剩余 7 个任务仍在处理中...
2026-05-30 21:26:17,243 [INFO] merge_service - [Poll] 进度: 5/12 完成, 剩余 7 个任务仍在处理中...
2026-05-30 21:26:20,334 [INFO] merge_service - [Poll] 进度: 5/12 完成, 剩余 7 个任务仍在处理中...
2026-05-30 21:26:23,376 [INFO] merge_service - [Poll] 任务 0fc2558b-85d2-41d1-a33e-9dae229b14d7 (【医脉通】胸痛基层合理用药指南_3.png) → completed [成功]
2026-05-30 21:26:23,423 [INFO] merge_service - [Poll] 进度: 6/12 完成, 剩余 6 个任务仍在处理中...
2026-05-30 21:26:26,493 [INFO] merge_service - [Poll] 进度: 6/12 完成, 剩余 6 个任务仍在处理中...
2026-05-30 21:26:29,596 [INFO] merge_service - [Poll] 任务 12d6b669-8879-469c-83f9-f0b1ea52265f (【医脉通】胸痛基层合理用药指南_7.png) → completed [成功]
2026-05-30 21:26:29,596 [INFO] merge_service - [Poll] 进度: 7/12 完成, 剩余 5 个任务仍在处理中...
2026-05-30 21:26:32,642 [INFO] merge_service - [Poll] 任务 3d7f1527-a44c-40c3-b2b2-51db56f29d01 (【医脉通】胸痛基层合理用药指南_5.png) → completed [成功]
2026-05-30 21:26:32,656 [INFO] merge_service - [Poll] 进度: 8/12 完成, 剩余 4 个任务仍在处理中...
2026-05-30 21:26:35,710 [INFO] merge_service - [Poll] 进度: 8/12 完成, 剩余 4 个任务仍在处理中...
2026-05-30 21:26:38,759 [INFO] merge_service - [Poll] 任务 113c646a-df96-4e1a-995f-07abb86e9e37 (【医脉通】胸痛基层合理用药指南_11.png) → completed [成功]
2026-05-30 21:26:38,759 [INFO] merge_service - [Poll] 进度: 9/12 完成, 剩余 3 个任务仍在处理中...
2026-05-30 21:26:41,801 [INFO] merge_service - [Poll] 进度: 9/12 完成, 剩余 3 个任务仍在处理中...
2026-05-30 21:26:44,836 [INFO] merge_service - [Poll] 进度: 9/12 完成, 剩余 3 个任务仍在处理中...
2026-05-30 21:26:47,884 [INFO] merge_service - [Poll] 进度: 9/12 完成, 剩余 3 个任务仍在处理中...
2026-05-30 21:26:50,898 [INFO] merge_service - [Poll] 任务 f0a42420-7a46-4789-be7e-d8e33a3f13bc (【医脉通】胸痛基层合理用药指南_12.png) → completed [成功]
2026-05-30 21:26:50,923 [INFO] merge_service - [Poll] 进度: 10/12 完成, 剩余 2 个任务仍在处理中...
2026-05-30 21:26:53,974 [INFO] merge_service - [Poll] 进度: 10/12 完成, 剩余 2 个任务仍在处理中...
2026-05-30 21:26:56,997 [INFO] merge_service - [Poll] 进度: 10/12 完成, 剩余 2 个任务仍在处理中...
2026-05-30 21:27:00,047 [INFO] merge_service - [Poll] 进度: 10/12 完成, 剩余 2 个任务仍在处理中...
2026-05-30 21:27:03,072 [INFO] merge_service - [Poll] 进度: 10/12 完成, 剩余 2 个任务仍在处理中...
2026-05-30 21:27:06,127 [INFO] merge_service - [Poll] 进度: 10/12 完成, 剩余 2 个任务仍在处理中...
2026-05-30 21:27:09,151 [INFO] merge_service - [Poll] 进度: 10/12 完成, 剩余 2 个任务仍在处理中...
2026-05-30 21:27:12,200 [INFO] merge_service - [Poll] 进度: 10/12 完成, 剩余 2 个任务仍在处理中...
2026-05-30 21:27:15,225 [INFO] merge_service - [Poll] 进度: 10/12 完成, 剩余 2 个任务仍在处理中...
2026-05-30 21:27:18,266 [INFO] merge_service - [Poll] 任务 5ca36e41-7b03-4242-985e-141107a9f55c (【医脉通】胸痛基层合理用药指南_10.png) → completed [成功]
2026-05-30 21:27:18,267 [INFO] merge_service - [Poll] 进度: 11/12 完成, 剩余 1 个任务仍在处理中...
2026-05-30 21:27:21,280 [INFO] merge_service - [Poll] 进度: 11/12 完成, 剩余 1 个任务仍在处理中...
2026-05-30 21:27:24,307 [INFO] merge_service - [Poll] 进度: 11/12 完成, 剩余 1 个任务仍在处理中...
2026-05-30 21:27:27,319 [INFO] merge_service - [Poll] 进度: 11/12 完成, 剩余 1 个任务仍在处理中...
2026-05-30 21:27:30,336 [INFO] merge_service - [Poll] 进度: 11/12 完成, 剩余 1 个任务仍在处理中...
2026-05-30 21:27:33,349 [INFO] merge_service - [Poll] 进度: 11/12 完成, 剩余 1 个任务仍在处理中...
2026-05-30 21:27:36,362 [INFO] merge_service - [Poll] 任务 3a77422c-f0ac-41b0-8eff-d630cbffb719 (【医脉通】胸痛基层合理用药指南_9.png) → completed [成功]
2026-05-30 21:27:36,362 [INFO] merge_service - [1a6eb4c2-e019-466b-bdbb-31e14d9ec2d0] 所有提取任务已完成，开始合并清洗...
2026-05-30 21:27:36,362 [INFO] merge_service - [1a6eb4c2-e019-466b-bdbb-31e14d9ec2d0] 合并顺序（按原图片文件名序号）:
2026-05-30 21:27:36,362 [INFO] merge_service -   第1页: 【医脉通】胸痛基层合理用药指南_1.png → output/医脉通】胸痛基层合理用药指南/医脉通】胸痛基层合理用药指南_1.md
2026-05-30 21:27:36,362 [INFO] merge_service -   第2页: 【医脉通】胸痛基层合理用药指南_2.png → output/医脉通】胸痛基层合理用药指南/医脉通】胸痛基层合理用药指南_2.md
2026-05-30 21:27:36,362 [INFO] merge_service -   第3页: 【医脉通】胸痛基层合理用药指南_3.png → output/医脉通】胸痛基层合理用药指南/医脉通】胸痛基层合理用药指南_3.md
2026-05-30 21:27:36,362 [INFO] merge_service -   第4页: 【医脉通】胸痛基层合理用药指南_4.png → output/医脉通】胸痛基层合理用药指南/医脉通】胸痛基层合理用药指南_4.md
2026-05-30 21:27:36,362 [INFO] merge_service -   第5页: 【医脉通】胸痛基层合理用药指南_5.png → output/医脉通】胸痛基层合理用药指南/医脉通】胸痛基层合理用药指南_5.md
2026-05-30 21:27:36,363 [INFO] merge_service -   第6页: 【医脉通】胸痛基层合理用药指南_6.png → output/医脉通】胸痛基层合理用药指南/医脉通】胸痛基层合理用药指南_6.md
2026-05-30 21:27:36,363 [INFO] merge_service -   第7页: 【医脉通】胸痛基层合理用药指南_7.png → output/医脉通】胸痛基层合理用药指南/医脉通】胸痛基层合理用药指南_7.md
2026-05-30 21:27:36,363 [INFO] merge_service -   第8页: 【医脉通】胸痛基层合理用药指南_8.png → output/医脉通】胸痛基层合理用药指南/医脉通】胸痛基层合理用药指南_8.md
2026-05-30 21:27:36,363 [INFO] merge_service -   第9页: 【医脉通】胸痛基层合理用药指南_9.png → output/医脉通】胸痛基层合理用药指南/医脉通】胸痛基层合理用药指南_9.md
2026-05-30 21:27:36,363 [INFO] merge_service -   第10页: 【医脉通】胸痛基层合理用药指南_10.png → output/医脉通】胸痛基层合理用药指南/医脉通】胸痛基层合理用药指南_10.md
2026-05-30 21:27:36,363 [INFO] merge_service -   第11页: 【医脉通】胸痛基层合理用药指南_11.png → output/医脉通】胸痛基层合理用药指南/医脉通】胸痛基层合理用药指南_11.md
2026-05-30 21:27:36,363 [INFO] merge_service -   第12页: 【医脉通】胸痛基层合理用药指南_12.png → output/医脉通】胸痛基层合理用药指南/医脉通】胸痛基层合理用药指南_12.md
2026-05-30 21:27:36,379 [INFO] merge_service - 
==================================================
2026-05-30 21:27:36,379 [INFO] merge_service - [1a6eb4c2-e019-466b-bdbb-31e14d9ec2d0] 合并清洗完成!
2026-05-30 21:27:36,379 [INFO] merge_service -   合并文件: output/医脉通】胸痛基层合理用药指南/医脉通】胸痛基层合理用药指南_merged_output.md
2026-05-30 21:27:36,379 [INFO] merge_service -   有效页面: 12/12
2026-05-30 21:27:36,379 [INFO] merge_service -   总字符数: 21729
2026-05-30 21:27:36,379 [INFO] merge_service -   轮询耗时: 204.61s, 合并耗时: 0.02s
2026-05-30 21:27:36,379 [INFO] merge_service - ==================================================
