2026-05-25 15:41:18,965 [INFO] merge_service - ============================================================
2026-05-25 15:41:18,965 [INFO] merge_service - 合并+清洗服务 — 新任务
2026-05-25 15:41:18,965 [INFO] merge_service -   合并ID: 80d0eea8-0156-406e-aa35-5ea9e4e46804
2026-05-25 15:41:18,965 [INFO] merge_service -   PDF名称: ESC工作组INOCA微循环专家共识 (原始: ESC工作组INOCA微循环专家共识.pdf)
2026-05-25 15:41:18,965 [INFO] merge_service -   关联提取任务数: 21
2026-05-25 15:41:18,965 [INFO] merge_service -   输出目录: ./output
2026-05-25 15:41:18,965 [INFO] merge_service -   提取服务: http://localhost:8001
2026-05-25 15:41:18,965 [INFO] merge_service - ============================================================
2026-05-25 15:41:18,965 [INFO] merge_service - [Poll] 开始轮询 21 个提取任务...
2026-05-25 15:41:18,965 [INFO] merge_service - [Poll] 提取服务地址: http://localhost:8001
2026-05-25 15:41:18,965 [INFO] merge_service - [Poll] 轮询间隔: 3.0s, 最大等待: 3600.0s
2026-05-25 15:41:19,350 [INFO] merge_service - [Poll] 进度: 0/21 完成, 剩余 21 个任务仍在处理中...
2026-05-25 15:41:22,611 [INFO] merge_service - [Poll] 进度: 0/21 完成, 剩余 21 个任务仍在处理中...
2026-05-25 15:41:25,882 [INFO] merge_service - [Poll] 进度: 0/21 完成, 剩余 21 个任务仍在处理中...
2026-05-25 15:41:29,107 [INFO] merge_service - [Poll] 进度: 0/21 完成, 剩余 21 个任务仍在处理中...
2026-05-25 15:41:32,340 [INFO] merge_service - [Poll] 进度: 0/21 完成, 剩余 21 个任务仍在处理中...
2026-05-25 15:41:35,608 [INFO] merge_service - [Poll] 进度: 0/21 完成, 剩余 21 个任务仍在处理中...
2026-05-25 15:41:38,839 [INFO] merge_service - [Poll] 进度: 0/21 完成, 剩余 21 个任务仍在处理中...
2026-05-25 15:41:42,089 [INFO] merge_service - [Poll] 进度: 0/21 完成, 剩余 21 个任务仍在处理中...
2026-05-25 15:41:45,331 [INFO] merge_service - [Poll] 进度: 0/21 完成, 剩余 21 个任务仍在处理中...
2026-05-25 15:41:48,588 [INFO] merge_service - [Poll] 进度: 0/21 完成, 剩余 21 个任务仍在处理中...
2026-05-25 15:41:51,822 [INFO] merge_service - [Poll] 进度: 0/21 完成, 剩余 21 个任务仍在处理中...
2026-05-25 15:41:55,046 [INFO] merge_service - [Poll] 进度: 0/21 完成, 剩余 21 个任务仍在处理中...
2026-05-25 15:41:58,313 [INFO] merge_service - [Poll] 进度: 0/21 完成, 剩余 21 个任务仍在处理中...
2026-05-25 15:42:01,452 [INFO] merge_service - [Poll] 任务 4992cbc5-89ab-45f4-b7af-92d7d3326d13 (ESC工作组INOCA微循环专家共识_1.png) → completed [成功]
2026-05-25 15:42:01,566 [INFO] merge_service - [Poll] 进度: 1/21 完成, 剩余 20 个任务仍在处理中...
2026-05-25 15:42:04,781 [INFO] merge_service - [Poll] 进度: 1/21 完成, 剩余 20 个任务仍在处理中...
2026-05-25 15:42:08,017 [INFO] merge_service - [Poll] 进度: 1/21 完成, 剩余 20 个任务仍在处理中...
2026-05-25 15:42:11,230 [INFO] merge_service - [Poll] 任务 10f73f73-876d-46d4-abe9-cf0f74d41d23 (ESC工作组INOCA微循环专家共识_8.png) → completed [成功]
2026-05-25 15:42:11,261 [INFO] merge_service - [Poll] 进度: 2/21 完成, 剩余 19 个任务仍在处理中...
2026-05-25 15:42:14,492 [INFO] merge_service - [Poll] 进度: 2/21 完成, 剩余 19 个任务仍在处理中...
2026-05-25 15:42:17,702 [INFO] merge_service - [Poll] 进度: 2/21 完成, 剩余 19 个任务仍在处理中...
2026-05-25 15:42:20,714 [INFO] merge_service - [Poll] 任务 1ceac745-a65f-44d4-aa53-abcbbd80209a (ESC工作组INOCA微循环专家共识_7.png) → completed [成功]
2026-05-25 15:42:20,834 [INFO] merge_service - [Poll] 任务 6259aeca-dae7-48ff-8b87-7072fc1d44b6 (ESC工作组INOCA微循环专家共识_2.png) → completed [成功]
2026-05-25 15:42:20,865 [INFO] merge_service - [Poll] 任务 b7a747e5-9870-4ee0-8031-874432390d53 (ESC工作组INOCA微循环专家共识_5.png) → completed [成功]
2026-05-25 15:42:20,900 [INFO] merge_service - [Poll] 任务 275a6491-67d7-44a5-84c8-506d45341780 (ESC工作组INOCA微循环专家共识_4.png) → completed [成功]
2026-05-25 15:42:20,911 [INFO] merge_service - [Poll] 进度: 6/21 完成, 剩余 15 个任务仍在处理中...
2026-05-25 15:42:24,073 [INFO] merge_service - [Poll] 进度: 6/21 完成, 剩余 15 个任务仍在处理中...
2026-05-25 15:42:27,266 [INFO] merge_service - [Poll] 进度: 6/21 完成, 剩余 15 个任务仍在处理中...
2026-05-25 15:42:30,457 [INFO] merge_service - [Poll] 进度: 6/21 完成, 剩余 15 个任务仍在处理中...
2026-05-25 15:42:33,527 [INFO] merge_service - [Poll] 任务 6d83bbc2-4c3e-43e6-9d89-0fe9812fae80 (ESC工作组INOCA微循环专家共识_6.png) → completed [成功]
2026-05-25 15:42:33,636 [INFO] merge_service - [Poll] 进度: 7/21 完成, 剩余 14 个任务仍在处理中...
2026-05-25 15:42:36,788 [INFO] merge_service - [Poll] 进度: 7/21 完成, 剩余 14 个任务仍在处理中...
2026-05-25 15:42:39,945 [INFO] merge_service - [Poll] 进度: 7/21 完成, 剩余 14 个任务仍在处理中...
2026-05-25 15:42:43,139 [INFO] merge_service - [Poll] 任务 3401a5d8-3767-4126-8fb1-75ef9df3c69e (ESC工作组INOCA微循环专家共识_13.png) → completed [成功]
2026-05-25 15:42:43,139 [INFO] merge_service - [Poll] 进度: 8/21 完成, 剩余 13 个任务仍在处理中...
2026-05-25 15:42:46,291 [INFO] merge_service - [Poll] 进度: 8/21 完成, 剩余 13 个任务仍在处理中...
2026-05-25 15:42:49,440 [INFO] merge_service - [Poll] 进度: 8/21 完成, 剩余 13 个任务仍在处理中...
2026-05-25 15:42:52,583 [INFO] merge_service - [Poll] 进度: 8/21 完成, 剩余 13 个任务仍在处理中...
2026-05-25 15:42:55,759 [INFO] merge_service - [Poll] 进度: 8/21 完成, 剩余 13 个任务仍在处理中...
2026-05-25 15:42:58,825 [INFO] merge_service - [Poll] 任务 cab4cb60-46b5-4c07-8b9e-aa8185da3f28 (ESC工作组INOCA微循环专家共识_10.png) → completed [成功]
2026-05-25 15:42:58,912 [INFO] merge_service - [Poll] 进度: 9/21 完成, 剩余 12 个任务仍在处理中...
2026-05-25 15:43:02,040 [INFO] merge_service - [Poll] 进度: 9/21 完成, 剩余 12 个任务仍在处理中...
2026-05-25 15:43:05,209 [INFO] merge_service - [Poll] 进度: 9/21 完成, 剩余 12 个任务仍在处理中...
2026-05-25 15:43:08,231 [INFO] merge_service - [Poll] 任务 3812c6ee-2eba-417d-8d85-0615fbafd0a9 (ESC工作组INOCA微循环专家共识_3.png) → completed [成功]
2026-05-25 15:43:08,356 [INFO] merge_service - [Poll] 进度: 10/21 完成, 剩余 11 个任务仍在处理中...
2026-05-25 15:43:11,458 [INFO] merge_service - [Poll] 任务 ded2ec0a-8bb2-45ef-ac47-dda2e7ec128c (ESC工作组INOCA微循环专家共识_11.png) → completed [成功]
2026-05-25 15:43:11,479 [INFO] merge_service - [Poll] 进度: 11/21 完成, 剩余 10 个任务仍在处理中...
2026-05-25 15:43:14,589 [INFO] merge_service - [Poll] 进度: 11/21 完成, 剩余 10 个任务仍在处理中...
2026-05-25 15:43:17,724 [INFO] merge_service - [Poll] 进度: 11/21 完成, 剩余 10 个任务仍在处理中...
2026-05-25 15:43:20,835 [INFO] merge_service - [Poll] 进度: 11/21 完成, 剩余 10 个任务仍在处理中...
2026-05-25 15:43:23,949 [INFO] merge_service - [Poll] 进度: 11/21 完成, 剩余 10 个任务仍在处理中...
2026-05-25 15:43:27,025 [INFO] merge_service - [Poll] 任务 74b70970-af07-45eb-a9c7-2781fb1b427d (ESC工作组INOCA微循环专家共识_12.png) → completed [成功]
2026-05-25 15:43:27,077 [INFO] merge_service - [Poll] 进度: 12/21 完成, 剩余 9 个任务仍在处理中...
2026-05-25 15:43:30,091 [INFO] merge_service - [Poll] 任务 a7783f31-cac8-4ea5-843d-506ec0346773 (ESC工作组INOCA微循环专家共识_18.png) → completed [成功]
2026-05-25 15:43:30,180 [INFO] merge_service - [Poll] 进度: 13/21 完成, 剩余 8 个任务仍在处理中...
2026-05-25 15:43:33,196 [INFO] merge_service - [Poll] 任务 1c2705f6-0459-4676-90b6-a30525e1e430 (ESC工作组INOCA微循环专家共识_15.png) → completed [成功]
2026-05-25 15:43:33,256 [INFO] merge_service - [Poll] 任务 55ab3507-3207-4dd7-9b8b-87b021db7d97 (ESC工作组INOCA微循环专家共识_16.png) → completed [成功]
2026-05-25 15:43:33,278 [INFO] merge_service - [Poll] 进度: 15/21 完成, 剩余 6 个任务仍在处理中...
2026-05-25 15:43:36,298 [INFO] merge_service - [Poll] 任务 c5ae9650-59a8-40b9-a718-bd225c0e2f68 (ESC工作组INOCA微循环专家共识_19.png) → completed [成功]
2026-05-25 15:43:36,360 [INFO] merge_service - [Poll] 进度: 16/21 完成, 剩余 5 个任务仍在处理中...
2026-05-25 15:43:39,415 [INFO] merge_service - [Poll] 进度: 16/21 完成, 剩余 5 个任务仍在处理中...
2026-05-25 15:43:42,491 [INFO] merge_service - [Poll] 进度: 16/21 完成, 剩余 5 个任务仍在处理中...
2026-05-25 15:43:45,545 [INFO] merge_service - [Poll] 进度: 16/21 完成, 剩余 5 个任务仍在处理中...
2026-05-25 15:43:48,627 [INFO] merge_service - [Poll] 任务 cfc0e714-03af-4126-86aa-9937fa21d80a (ESC工作组INOCA微循环专家共识_21.png) → completed [成功]
2026-05-25 15:43:48,627 [INFO] merge_service - [Poll] 进度: 17/21 完成, 剩余 4 个任务仍在处理中...
2026-05-25 15:43:51,670 [INFO] merge_service - [Poll] 进度: 17/21 完成, 剩余 4 个任务仍在处理中...
2026-05-25 15:43:54,725 [INFO] merge_service - [Poll] 任务 dbcea4a9-fa59-4853-a352-ab60691cb76d (ESC工作组INOCA微循环专家共识_20.png) → completed [成功]
2026-05-25 15:43:54,737 [INFO] merge_service - [Poll] 进度: 18/21 完成, 剩余 3 个任务仍在处理中...
2026-05-25 15:43:57,773 [INFO] merge_service - [Poll] 进度: 18/21 完成, 剩余 3 个任务仍在处理中...
2026-05-25 15:44:00,823 [INFO] merge_service - [Poll] 进度: 18/21 完成, 剩余 3 个任务仍在处理中...
2026-05-25 15:44:03,858 [INFO] merge_service - [Poll] 进度: 18/21 完成, 剩余 3 个任务仍在处理中...
2026-05-25 15:44:06,900 [INFO] merge_service - [Poll] 进度: 18/21 完成, 剩余 3 个任务仍在处理中...
2026-05-25 15:44:09,929 [INFO] merge_service - [Poll] 任务 5ff75818-2334-439b-b5d0-1ff7b5bc32c0 (ESC工作组INOCA微循环专家共识_9.png) → completed [成功]
2026-05-25 15:44:09,961 [INFO] merge_service - [Poll] 进度: 19/21 完成, 剩余 2 个任务仍在处理中...
2026-05-25 15:44:12,986 [INFO] merge_service - [Poll] 进度: 19/21 完成, 剩余 2 个任务仍在处理中...
2026-05-25 15:44:15,999 [INFO] merge_service - [Poll] 任务 f66bb9a1-3c12-4e41-a8fb-b5a008de5947 (ESC工作组INOCA微循环专家共识_14.png) → completed [成功]
2026-05-25 15:44:16,010 [INFO] merge_service - [Poll] 进度: 20/21 完成, 剩余 1 个任务仍在处理中...
2026-05-25 15:44:19,030 [INFO] merge_service - [Poll] 进度: 20/21 完成, 剩余 1 个任务仍在处理中...
2026-05-25 15:44:22,049 [INFO] merge_service - [Poll] 进度: 20/21 完成, 剩余 1 个任务仍在处理中...
2026-05-25 15:44:25,064 [INFO] merge_service - [Poll] 进度: 20/21 完成, 剩余 1 个任务仍在处理中...
2026-05-25 15:44:28,091 [INFO] merge_service - [Poll] 进度: 20/21 完成, 剩余 1 个任务仍在处理中...
2026-05-25 15:44:31,105 [INFO] merge_service - [Poll] 进度: 20/21 完成, 剩余 1 个任务仍在处理中...
2026-05-25 15:44:34,121 [INFO] merge_service - [Poll] 进度: 20/21 完成, 剩余 1 个任务仍在处理中...
2026-05-25 15:44:37,153 [INFO] merge_service - [Poll] 进度: 20/21 完成, 剩余 1 个任务仍在处理中...
2026-05-25 15:44:40,165 [INFO] merge_service - [Poll] 进度: 20/21 完成, 剩余 1 个任务仍在处理中...
2026-05-25 15:44:43,192 [INFO] merge_service - [Poll] 任务 27436b57-f108-489e-ac0a-f3b585bb9a34 (ESC工作组INOCA微循环专家共识_17.png) → completed [成功]
2026-05-25 15:44:43,192 [INFO] merge_service - [80d0eea8-0156-406e-aa35-5ea9e4e46804] 所有提取任务已完成，开始合并清洗...
2026-05-25 15:44:43,192 [INFO] merge_service - [80d0eea8-0156-406e-aa35-5ea9e4e46804] 合并顺序（按原图片文件名序号）:
2026-05-25 15:44:43,192 [INFO] merge_service -   第1页: ESC工作组INOCA微循环专家共识_1.png → output/ESC工作组INOCA微循环专家共识/ESC工作组INOCA微循环专家共识_1.md
2026-05-25 15:44:43,192 [INFO] merge_service -   第2页: ESC工作组INOCA微循环专家共识_2.png → output/ESC工作组INOCA微循环专家共识/ESC工作组INOCA微循环专家共识_2.md
2026-05-25 15:44:43,192 [INFO] merge_service -   第3页: ESC工作组INOCA微循环专家共识_3.png → output/ESC工作组INOCA微循环专家共识/ESC工作组INOCA微循环专家共识_3.md
2026-05-25 15:44:43,193 [INFO] merge_service -   第4页: ESC工作组INOCA微循环专家共识_4.png → output/ESC工作组INOCA微循环专家共识/ESC工作组INOCA微循环专家共识_4.md
2026-05-25 15:44:43,193 [INFO] merge_service -   第5页: ESC工作组INOCA微循环专家共识_5.png → output/ESC工作组INOCA微循环专家共识/ESC工作组INOCA微循环专家共识_5.md
2026-05-25 15:44:43,193 [INFO] merge_service -   第6页: ESC工作组INOCA微循环专家共识_6.png → output/ESC工作组INOCA微循环专家共识/ESC工作组INOCA微循环专家共识_6.md
2026-05-25 15:44:43,193 [INFO] merge_service -   第7页: ESC工作组INOCA微循环专家共识_7.png → output/ESC工作组INOCA微循环专家共识/ESC工作组INOCA微循环专家共识_7.md
2026-05-25 15:44:43,193 [INFO] merge_service -   第8页: ESC工作组INOCA微循环专家共识_8.png → output/ESC工作组INOCA微循环专家共识/ESC工作组INOCA微循环专家共识_8.md
2026-05-25 15:44:43,193 [INFO] merge_service -   第9页: ESC工作组INOCA微循环专家共识_9.png → output/ESC工作组INOCA微循环专家共识/ESC工作组INOCA微循环专家共识_9.md
2026-05-25 15:44:43,193 [INFO] merge_service -   第10页: ESC工作组INOCA微循环专家共识_10.png → output/ESC工作组INOCA微循环专家共识/ESC工作组INOCA微循环专家共识_10.md
2026-05-25 15:44:43,193 [INFO] merge_service -   第11页: ESC工作组INOCA微循环专家共识_11.png → output/ESC工作组INOCA微循环专家共识/ESC工作组INOCA微循环专家共识_11.md
2026-05-25 15:44:43,193 [INFO] merge_service -   第12页: ESC工作组INOCA微循环专家共识_12.png → output/ESC工作组INOCA微循环专家共识/ESC工作组INOCA微循环专家共识_12.md
2026-05-25 15:44:43,193 [INFO] merge_service -   第13页: ESC工作组INOCA微循环专家共识_13.png → output/ESC工作组INOCA微循环专家共识/ESC工作组INOCA微循环专家共识_13.md
2026-05-25 15:44:43,194 [INFO] merge_service -   第14页: ESC工作组INOCA微循环专家共识_14.png → output/ESC工作组INOCA微循环专家共识/ESC工作组INOCA微循环专家共识_14.md
2026-05-25 15:44:43,194 [INFO] merge_service -   第15页: ESC工作组INOCA微循环专家共识_15.png → output/ESC工作组INOCA微循环专家共识/ESC工作组INOCA微循环专家共识_15.md
2026-05-25 15:44:43,194 [INFO] merge_service -   第16页: ESC工作组INOCA微循环专家共识_16.png → output/ESC工作组INOCA微循环专家共识/ESC工作组INOCA微循环专家共识_16.md
2026-05-25 15:44:43,194 [INFO] merge_service -   第17页: ESC工作组INOCA微循环专家共识_17.png → output/ESC工作组INOCA微循环专家共识/ESC工作组INOCA微循环专家共识_17.md
2026-05-25 15:44:43,194 [INFO] merge_service -   第18页: ESC工作组INOCA微循环专家共识_18.png → output/ESC工作组INOCA微循环专家共识/ESC工作组INOCA微循环专家共识_18.md
2026-05-25 15:44:43,194 [INFO] merge_service -   第19页: ESC工作组INOCA微循环专家共识_19.png → output/ESC工作组INOCA微循环专家共识/ESC工作组INOCA微循环专家共识_19.md
2026-05-25 15:44:43,194 [INFO] merge_service -   第20页: ESC工作组INOCA微循环专家共识_20.png → output/ESC工作组INOCA微循环专家共识/ESC工作组INOCA微循环专家共识_20.md
2026-05-25 15:44:43,194 [INFO] merge_service -   第21页: ESC工作组INOCA微循环专家共识_21.png → output/ESC工作组INOCA微循环专家共识/ESC工作组INOCA微循环专家共识_21.md
2026-05-25 15:44:43,257 [INFO] merge_service - 
==================================================
2026-05-25 15:44:43,257 [INFO] merge_service - [80d0eea8-0156-406e-aa35-5ea9e4e46804] 合并清洗完成!
2026-05-25 15:44:43,257 [INFO] merge_service -   合并文件: output/ESC工作组INOCA微循环专家共识/ESC工作组INOCA微循环专家共识_merged_output.md
2026-05-25 15:44:43,257 [INFO] merge_service -   有效页面: 17/21
2026-05-25 15:44:43,257 [INFO] merge_service -   总字符数: 94944
2026-05-25 15:44:43,257 [INFO] merge_service -   轮询耗时: 204.23s, 合并耗时: 0.06s
2026-05-25 15:44:43,257 [INFO] merge_service -   跳过页面（参考文献）: [18, 19, 20, 21]
2026-05-25 15:44:43,257 [INFO] merge_service - ==================================================
2026-05-25 15:46:43,491 [INFO] merge_service - ============================================================
2026-05-25 15:46:43,492 [INFO] merge_service - 合并+清洗服务 — 新任务
2026-05-25 15:46:43,493 [INFO] merge_service -   合并ID: 66e9e71a-033a-41d1-a970-736e27616ce5
2026-05-25 15:46:43,493 [INFO] merge_service -   PDF名称: ESC工作组INOCA微循环专家共识 (原始: ESC工作组INOCA微循环专家共识.pdf)
2026-05-25 15:46:43,493 [INFO] merge_service -   关联提取任务数: 21
2026-05-25 15:46:43,493 [INFO] merge_service -   输出目录: ./output
2026-05-25 15:46:43,493 [INFO] merge_service -   提取服务: http://localhost:8001
2026-05-25 15:46:43,493 [INFO] merge_service - ============================================================
2026-05-25 15:46:43,494 [INFO] merge_service - [Poll] 开始轮询 21 个提取任务...
2026-05-25 15:46:43,494 [INFO] merge_service - [Poll] 提取服务地址: http://localhost:8001
2026-05-25 15:46:43,494 [INFO] merge_service - [Poll] 轮询间隔: 3.0s, 最大等待: 3600.0s
2026-05-25 15:46:43,860 [INFO] merge_service - [Poll] 进度: 0/21 完成, 剩余 21 个任务仍在处理中...
2026-05-25 15:46:47,221 [INFO] merge_service - [Poll] 进度: 0/21 完成, 剩余 21 个任务仍在处理中...
2026-05-25 15:46:50,541 [INFO] merge_service - [Poll] 进度: 0/21 完成, 剩余 21 个任务仍在处理中...
2026-05-25 15:46:53,853 [INFO] merge_service - [Poll] 进度: 0/21 完成, 剩余 21 个任务仍在处理中...
2026-05-25 15:46:57,082 [INFO] merge_service - [Poll] 进度: 0/21 完成, 剩余 21 个任务仍在处理中...
2026-05-25 15:47:00,318 [INFO] merge_service - [Poll] 进度: 0/21 完成, 剩余 21 个任务仍在处理中...
2026-05-25 15:47:03,594 [INFO] merge_service - [Poll] 进度: 0/21 完成, 剩余 21 个任务仍在处理中...
2026-05-25 15:47:06,854 [INFO] merge_service - [Poll] 进度: 0/21 完成, 剩余 21 个任务仍在处理中...
2026-05-25 15:47:10,085 [INFO] merge_service - [Poll] 进度: 0/21 完成, 剩余 21 个任务仍在处理中...
2026-05-25 15:47:13,318 [INFO] merge_service - [Poll] 进度: 0/21 完成, 剩余 21 个任务仍在处理中...
2026-05-25 15:47:16,616 [INFO] merge_service - [Poll] 进度: 0/21 完成, 剩余 21 个任务仍在处理中...
2026-05-25 15:47:19,924 [INFO] merge_service - [Poll] 进度: 0/21 完成, 剩余 21 个任务仍在处理中...
2026-05-25 15:47:23,169 [INFO] merge_service - [Poll] 进度: 0/21 完成, 剩余 21 个任务仍在处理中...
2026-05-25 15:47:26,213 [INFO] merge_service - [Poll] 任务 dd28c762-9b24-4848-baf9-6db7a751cfaf (ESC工作组INOCA微循环专家共识_1.png) → completed [成功]
2026-05-25 15:47:26,400 [INFO] merge_service - [Poll] 进度: 1/21 完成, 剩余 20 个任务仍在处理中...
2026-05-25 15:47:29,620 [INFO] merge_service - [Poll] 进度: 1/21 完成, 剩余 20 个任务仍在处理中...
2026-05-25 15:47:32,874 [INFO] merge_service - [Poll] 进度: 1/21 完成, 剩余 20 个任务仍在处理中...
2026-05-25 15:47:35,926 [INFO] merge_service - [Poll] 任务 2b379224-9106-4d18-9b98-82b263477282 (ESC工作组INOCA微循环专家共识_8.png) → completed [成功]
2026-05-25 15:47:36,064 [INFO] merge_service - [Poll] 任务 e96ef4f5-0056-4ad8-8916-98f7a9ddba45 (ESC工作组INOCA微循环专家共识_5.png) → completed [成功]
2026-05-25 15:47:36,099 [INFO] merge_service - [Poll] 进度: 3/21 完成, 剩余 18 个任务仍在处理中...
2026-05-25 15:47:39,154 [INFO] merge_service - [Poll] 任务 9445d85e-707e-4feb-a183-46354ae8bf9f (ESC工作组INOCA微循环专家共识_4.png) → completed [成功]
2026-05-25 15:47:39,295 [INFO] merge_service - [Poll] 进度: 4/21 完成, 剩余 17 个任务仍在处理中...
2026-05-25 15:47:42,523 [INFO] merge_service - [Poll] 进度: 4/21 完成, 剩余 17 个任务仍在处理中...
2026-05-25 15:47:45,605 [INFO] merge_service - [Poll] 任务 dd0aae7c-46e8-47f3-9520-8cd8f450c609 (ESC工作组INOCA微循环专家共识_2.png) → completed [成功]
2026-05-25 15:47:45,712 [INFO] merge_service - [Poll] 进度: 5/21 完成, 剩余 16 个任务仍在处理中...
2026-05-25 15:47:48,889 [INFO] merge_service - [Poll] 进度: 5/21 完成, 剩余 16 个任务仍在处理中...
2026-05-25 15:47:52,064 [INFO] merge_service - [Poll] 任务 5240f249-ef8f-4231-8562-5d5c86f3d597 (ESC工作组INOCA微循环专家共识_7.png) → completed [成功]
2026-05-25 15:47:52,085 [INFO] merge_service - [Poll] 进度: 6/21 完成, 剩余 15 个任务仍在处理中...
2026-05-25 15:47:55,142 [INFO] merge_service - [Poll] 任务 8df830ad-6084-42e1-ac56-d71020b36c47 (ESC工作组INOCA微循环专家共识_3.png) → completed [成功]
2026-05-25 15:47:55,225 [INFO] merge_service - [Poll] 任务 4d8d2c0d-eda0-4494-9ede-c6e895d5d2fd (ESC工作组INOCA微循环专家共识_6.png) → completed [成功]
2026-05-25 15:47:55,248 [INFO] merge_service - [Poll] 进度: 8/21 完成, 剩余 13 个任务仍在处理中...
2026-05-25 15:47:58,435 [INFO] merge_service - [Poll] 进度: 8/21 完成, 剩余 13 个任务仍在处理中...
2026-05-25 15:48:01,534 [INFO] merge_service - [Poll] 任务 0432f8ca-7cdc-40e0-b9c9-cecf6f2a7e78 (ESC工作组INOCA微循环专家共识_13.png) → completed [成功]
2026-05-25 15:48:01,575 [INFO] merge_service - [Poll] 进度: 9/21 完成, 剩余 12 个任务仍在处理中...
2026-05-25 15:48:04,735 [INFO] merge_service - [Poll] 进度: 9/21 完成, 剩余 12 个任务仍在处理中...
2026-05-25 15:48:07,873 [INFO] merge_service - [Poll] 进度: 9/21 完成, 剩余 12 个任务仍在处理中...
2026-05-25 15:48:10,897 [INFO] merge_service - [Poll] 任务 e3b591bf-6599-43a6-84e4-0648ed48525d (ESC工作组INOCA微循环专家共识_10.png) → completed [成功]
2026-05-25 15:48:11,014 [INFO] merge_service - [Poll] 进度: 10/21 完成, 剩余 11 个任务仍在处理中...
2026-05-25 15:48:14,168 [INFO] merge_service - [Poll] 进度: 10/21 完成, 剩余 11 个任务仍在处理中...
2026-05-25 15:48:17,299 [INFO] merge_service - [Poll] 进度: 10/21 完成, 剩余 11 个任务仍在处理中...
2026-05-25 15:48:20,421 [INFO] merge_service - [Poll] 进度: 10/21 完成, 剩余 11 个任务仍在处理中...
2026-05-25 15:48:23,578 [INFO] merge_service - [Poll] 进度: 10/21 完成, 剩余 11 个任务仍在处理中...
2026-05-25 15:48:26,714 [INFO] merge_service - [Poll] 进度: 10/21 完成, 剩余 11 个任务仍在处理中...
2026-05-25 15:48:29,771 [INFO] merge_service - [Poll] 任务 b4a27f91-37cb-44bc-8152-8d45d0cd73f8 (ESC工作组INOCA微循环专家共识_9.png) → completed [成功]
2026-05-25 15:48:29,782 [INFO] merge_service - [Poll] 任务 cabd2c42-aa5c-46e1-b530-971a0523895f (ESC工作组INOCA微循环专家共识_12.png) → completed [成功]
2026-05-25 15:48:29,793 [INFO] merge_service - [Poll] 任务 c8c24117-dca3-4c1e-84ef-a98d27bdcecf (ESC工作组INOCA微循环专家共识_11.png) → completed [成功]
2026-05-25 15:48:29,835 [INFO] merge_service - [Poll] 进度: 13/21 完成, 剩余 8 个任务仍在处理中...
2026-05-25 15:48:32,900 [INFO] merge_service - [Poll] 任务 d99decf9-8da5-4fea-9b63-e66ef894cd41 (ESC工作组INOCA微循环专家共识_18.png) → completed [成功]
2026-05-25 15:48:32,956 [INFO] merge_service - [Poll] 进度: 14/21 完成, 剩余 7 个任务仍在处理中...
2026-05-25 15:48:36,050 [INFO] merge_service - [Poll] 进度: 14/21 完成, 剩余 7 个任务仍在处理中...
2026-05-25 15:48:39,136 [INFO] merge_service - [Poll] 进度: 14/21 完成, 剩余 7 个任务仍在处理中...
2026-05-25 15:48:42,215 [INFO] merge_service - [Poll] 进度: 14/21 完成, 剩余 7 个任务仍在处理中...
2026-05-25 15:48:45,293 [INFO] merge_service - [Poll] 任务 7b168ecb-191b-424c-ad56-dfa038718649 (ESC工作组INOCA微循环专家共识_21.png) → completed [成功]
2026-05-25 15:48:45,339 [INFO] merge_service - [Poll] 进度: 15/21 完成, 剩余 6 个任务仍在处理中...
2026-05-25 15:48:48,351 [INFO] merge_service - [Poll] 任务 80ff8bda-9004-4ffd-8642-f34e5fe34701 (ESC工作组INOCA微循环专家共识_16.png) → completed [成功]
2026-05-25 15:48:48,363 [INFO] merge_service - [Poll] 任务 06499017-80c4-4cf1-b364-a5524a9c7095 (ESC工作组INOCA微循环专家共识_20.png) → completed [成功]
2026-05-25 15:48:48,374 [INFO] merge_service - [Poll] 任务 1fa5327c-4a52-4a5c-80e8-83b7c1e0f826 (ESC工作组INOCA微循环专家共识_19.png) → completed [成功]
2026-05-25 15:48:48,410 [INFO] merge_service - [Poll] 进度: 18/21 完成, 剩余 3 个任务仍在处理中...
2026-05-25 15:48:51,458 [INFO] merge_service - [Poll] 进度: 18/21 完成, 剩余 3 个任务仍在处理中...
2026-05-25 15:48:54,529 [INFO] merge_service - [Poll] 进度: 18/21 完成, 剩余 3 个任务仍在处理中...
2026-05-25 15:48:57,566 [INFO] merge_service - [Poll] 进度: 18/21 完成, 剩余 3 个任务仍在处理中...
2026-05-25 15:49:00,599 [INFO] merge_service - [Poll] 进度: 18/21 完成, 剩余 3 个任务仍在处理中...
2026-05-25 15:49:03,628 [INFO] merge_service - [Poll] 任务 bcf6fcf0-9f84-40fa-a96c-3daeba8f7906 (ESC工作组INOCA微循环专家共识_17.png) → completed [成功]
2026-05-25 15:49:03,639 [INFO] merge_service - [Poll] 进度: 19/21 完成, 剩余 2 个任务仍在处理中...
2026-05-25 15:49:06,700 [INFO] merge_service - [Poll] 进度: 19/21 完成, 剩余 2 个任务仍在处理中...
2026-05-25 15:49:09,726 [INFO] merge_service - [Poll] 任务 5e82f003-b197-4a27-a28e-3958364cb7ae (ESC工作组INOCA微循环专家共识_14.png) → completed [成功]
2026-05-25 15:49:09,726 [INFO] merge_service - [Poll] 进度: 20/21 完成, 剩余 1 个任务仍在处理中...
2026-05-25 15:49:12,737 [INFO] merge_service - [Poll] 进度: 20/21 完成, 剩余 1 个任务仍在处理中...
2026-05-25 15:49:15,750 [INFO] merge_service - [Poll] 进度: 20/21 完成, 剩余 1 个任务仍在处理中...
2026-05-25 15:49:18,766 [INFO] merge_service - [Poll] 进度: 20/21 完成, 剩余 1 个任务仍在处理中...
2026-05-25 15:49:21,796 [INFO] merge_service - [Poll] 进度: 20/21 完成, 剩余 1 个任务仍在处理中...
2026-05-25 15:49:24,824 [INFO] merge_service - [Poll] 进度: 20/21 完成, 剩余 1 个任务仍在处理中...
2026-05-25 15:49:27,837 [INFO] merge_service - [Poll] 进度: 20/21 完成, 剩余 1 个任务仍在处理中...
2026-05-25 15:49:30,850 [INFO] merge_service - [Poll] 进度: 20/21 完成, 剩余 1 个任务仍在处理中...
2026-05-25 15:49:33,862 [INFO] merge_service - [Poll] 进度: 20/21 完成, 剩余 1 个任务仍在处理中...
2026-05-25 15:49:36,876 [INFO] merge_service - [Poll] 进度: 20/21 完成, 剩余 1 个任务仍在处理中...
2026-05-25 15:49:39,897 [INFO] merge_service - [Poll] 进度: 20/21 完成, 剩余 1 个任务仍在处理中...
2026-05-25 15:49:42,924 [INFO] merge_service - [Poll] 进度: 20/21 完成, 剩余 1 个任务仍在处理中...
2026-05-25 15:49:45,941 [INFO] merge_service - [Poll] 进度: 20/21 完成, 剩余 1 个任务仍在处理中...
2026-05-25 15:49:48,954 [INFO] merge_service - [Poll] 进度: 20/21 完成, 剩余 1 个任务仍在处理中...
2026-05-25 15:49:51,965 [INFO] merge_service - [Poll] 进度: 20/21 完成, 剩余 1 个任务仍在处理中...
2026-05-25 15:49:54,978 [INFO] merge_service - [Poll] 进度: 20/21 完成, 剩余 1 个任务仍在处理中...
2026-05-25 15:49:58,000 [INFO] merge_service - [Poll] 进度: 20/21 完成, 剩余 1 个任务仍在处理中...
2026-05-25 15:50:01,042 [INFO] merge_service - [Poll] 进度: 20/21 完成, 剩余 1 个任务仍在处理中...
2026-05-25 15:50:04,056 [INFO] merge_service - [Poll] 进度: 20/21 完成, 剩余 1 个任务仍在处理中...
2026-05-25 15:50:07,069 [INFO] merge_service - [Poll] 进度: 20/21 完成, 剩余 1 个任务仍在处理中...
2026-05-25 15:50:10,083 [INFO] merge_service - [Poll] 进度: 20/21 完成, 剩余 1 个任务仍在处理中...
2026-05-25 15:50:13,097 [INFO] merge_service - [Poll] 进度: 20/21 完成, 剩余 1 个任务仍在处理中...
2026-05-25 15:50:16,114 [INFO] merge_service - [Poll] 进度: 20/21 完成, 剩余 1 个任务仍在处理中...
2026-05-25 15:50:19,146 [INFO] merge_service - [Poll] 进度: 20/21 完成, 剩余 1 个任务仍在处理中...
2026-05-25 15:50:22,170 [INFO] merge_service - [Poll] 进度: 20/21 完成, 剩余 1 个任务仍在处理中...
2026-05-25 15:50:25,184 [INFO] merge_service - [Poll] 进度: 20/21 完成, 剩余 1 个任务仍在处理中...
2026-05-25 15:50:28,196 [INFO] merge_service - [Poll] 进度: 20/21 完成, 剩余 1 个任务仍在处理中...
2026-05-25 15:50:31,209 [INFO] merge_service - [Poll] 进度: 20/21 完成, 剩余 1 个任务仍在处理中...
2026-05-25 15:50:34,227 [INFO] merge_service - [Poll] 进度: 20/21 完成, 剩余 1 个任务仍在处理中...
2026-05-25 15:50:37,257 [INFO] merge_service - [Poll] 任务 2b926cf8-efa1-49b0-bec2-73957fd579fd (ESC工作组INOCA微循环专家共识_15.png) → completed [成功]
2026-05-25 15:50:37,258 [INFO] merge_service - [66e9e71a-033a-41d1-a970-736e27616ce5] 所有提取任务已完成，开始合并清洗...
2026-05-25 15:50:37,258 [INFO] merge_service - [66e9e71a-033a-41d1-a970-736e27616ce5] 合并顺序（按原图片文件名序号）:
2026-05-25 15:50:37,258 [INFO] merge_service -   第1页: ESC工作组INOCA微循环专家共识_1.png → output/ESC工作组INOCA微循环专家共识/ESC工作组INOCA微循环专家共识_1.md
2026-05-25 15:50:37,258 [INFO] merge_service -   第2页: ESC工作组INOCA微循环专家共识_2.png → output/ESC工作组INOCA微循环专家共识/ESC工作组INOCA微循环专家共识_2.md
2026-05-25 15:50:37,258 [INFO] merge_service -   第3页: ESC工作组INOCA微循环专家共识_3.png → output/ESC工作组INOCA微循环专家共识/ESC工作组INOCA微循环专家共识_3.md
2026-05-25 15:50:37,258 [INFO] merge_service -   第4页: ESC工作组INOCA微循环专家共识_4.png → output/ESC工作组INOCA微循环专家共识/ESC工作组INOCA微循环专家共识_4.md
2026-05-25 15:50:37,258 [INFO] merge_service -   第5页: ESC工作组INOCA微循环专家共识_5.png → output/ESC工作组INOCA微循环专家共识/ESC工作组INOCA微循环专家共识_5.md
2026-05-25 15:50:37,258 [INFO] merge_service -   第6页: ESC工作组INOCA微循环专家共识_6.png → output/ESC工作组INOCA微循环专家共识/ESC工作组INOCA微循环专家共识_6.md
2026-05-25 15:50:37,258 [INFO] merge_service -   第7页: ESC工作组INOCA微循环专家共识_7.png → output/ESC工作组INOCA微循环专家共识/ESC工作组INOCA微循环专家共识_7.md
2026-05-25 15:50:37,258 [INFO] merge_service -   第8页: ESC工作组INOCA微循环专家共识_8.png → output/ESC工作组INOCA微循环专家共识/ESC工作组INOCA微循环专家共识_8.md
2026-05-25 15:50:37,258 [INFO] merge_service -   第9页: ESC工作组INOCA微循环专家共识_9.png → output/ESC工作组INOCA微循环专家共识/ESC工作组INOCA微循环专家共识_9.md
2026-05-25 15:50:37,258 [INFO] merge_service -   第10页: ESC工作组INOCA微循环专家共识_10.png → output/ESC工作组INOCA微循环专家共识/ESC工作组INOCA微循环专家共识_10.md
2026-05-25 15:50:37,259 [INFO] merge_service -   第11页: ESC工作组INOCA微循环专家共识_11.png → output/ESC工作组INOCA微循环专家共识/ESC工作组INOCA微循环专家共识_11.md
2026-05-25 15:50:37,259 [INFO] merge_service -   第12页: ESC工作组INOCA微循环专家共识_12.png → output/ESC工作组INOCA微循环专家共识/ESC工作组INOCA微循环专家共识_12.md
2026-05-25 15:50:37,259 [INFO] merge_service -   第13页: ESC工作组INOCA微循环专家共识_13.png → output/ESC工作组INOCA微循环专家共识/ESC工作组INOCA微循环专家共识_13.md
2026-05-25 15:50:37,259 [INFO] merge_service -   第14页: ESC工作组INOCA微循环专家共识_14.png → output/ESC工作组INOCA微循环专家共识/ESC工作组INOCA微循环专家共识_14.md
2026-05-25 15:50:37,259 [INFO] merge_service -   第15页: ESC工作组INOCA微循环专家共识_15.png → output/ESC工作组INOCA微循环专家共识/ESC工作组INOCA微循环专家共识_15.md
2026-05-25 15:50:37,259 [INFO] merge_service -   第16页: ESC工作组INOCA微循环专家共识_16.png → output/ESC工作组INOCA微循环专家共识/ESC工作组INOCA微循环专家共识_16.md
2026-05-25 15:50:37,259 [INFO] merge_service -   第17页: ESC工作组INOCA微循环专家共识_17.png → output/ESC工作组INOCA微循环专家共识/ESC工作组INOCA微循环专家共识_17.md
2026-05-25 15:50:37,259 [INFO] merge_service -   第18页: ESC工作组INOCA微循环专家共识_18.png → output/ESC工作组INOCA微循环专家共识/ESC工作组INOCA微循环专家共识_18.md
2026-05-25 15:50:37,259 [INFO] merge_service -   第19页: ESC工作组INOCA微循环专家共识_19.png → output/ESC工作组INOCA微循环专家共识/ESC工作组INOCA微循环专家共识_19.md
2026-05-25 15:50:37,259 [INFO] merge_service -   第20页: ESC工作组INOCA微循环专家共识_20.png → output/ESC工作组INOCA微循环专家共识/ESC工作组INOCA微循环专家共识_20.md
2026-05-25 15:50:37,259 [INFO] merge_service -   第21页: ESC工作组INOCA微循环专家共识_21.png → output/ESC工作组INOCA微循环专家共识/ESC工作组INOCA微循环专家共识_21.md
2026-05-25 15:50:37,319 [INFO] merge_service - 
==================================================
2026-05-25 15:50:37,319 [INFO] merge_service - [66e9e71a-033a-41d1-a970-736e27616ce5] 合并清洗完成!
2026-05-25 15:50:37,319 [INFO] merge_service -   合并文件: output/ESC工作组INOCA微循环专家共识/ESC工作组INOCA微循环专家共识_merged_output.md
2026-05-25 15:50:37,319 [INFO] merge_service -   有效页面: 17/21
2026-05-25 15:50:37,319 [INFO] merge_service -   总字符数: 91508
2026-05-25 15:50:37,319 [INFO] merge_service -   轮询耗时: 233.76s, 合并耗时: 0.06s
2026-05-25 15:50:37,319 [INFO] merge_service -   跳过页面（参考文献）: [18, 19, 20, 21]
2026-05-25 15:50:37,319 [INFO] merge_service - ==================================================
