2026-05-30 16:29:58,535 [INFO] merge_service - ============================================================
2026-05-30 16:29:58,535 [INFO] merge_service - 合并+清洗服务 — 新任务
2026-05-30 16:29:58,535 [INFO] merge_service -   合并ID: e589a920-867f-4cde-af8c-458d5c85786a
2026-05-30 16:29:58,535 [INFO] merge_service -   PDF名称: 老年人心脑血管病和糖尿病共病管理中国专家共识2023 (原始: 老年人心脑血管病和糖尿病共病管理中国专家共识2023.pdf)
2026-05-30 16:29:58,535 [INFO] merge_service -   关联提取任务数: 17
2026-05-30 16:29:58,535 [INFO] merge_service -   输出目录: ./output
2026-05-30 16:29:58,535 [INFO] merge_service -   提取服务: http://localhost:8001
2026-05-30 16:29:58,535 [INFO] merge_service - ============================================================
2026-05-30 16:29:58,535 [INFO] merge_service - [Poll] 开始轮询 17 个提取任务...
2026-05-30 16:29:58,535 [INFO] merge_service - [Poll] 提取服务地址: http://localhost:8001
2026-05-30 16:29:58,535 [INFO] merge_service - [Poll] 轮询间隔: 3.0s, 最大等待: 3600.0s
2026-05-30 16:29:58,790 [INFO] merge_service - [Poll] 进度: 0/17 完成, 剩余 17 个任务仍在处理中...
2026-05-30 16:30:01,981 [INFO] merge_service - [Poll] 进度: 0/17 完成, 剩余 17 个任务仍在处理中...
2026-05-30 16:30:05,170 [INFO] merge_service - [Poll] 进度: 0/17 完成, 剩余 17 个任务仍在处理中...
2026-05-30 16:30:08,403 [INFO] merge_service - [Poll] 进度: 0/17 完成, 剩余 17 个任务仍在处理中...
2026-05-30 16:30:11,635 [INFO] merge_service - [Poll] 进度: 0/17 完成, 剩余 17 个任务仍在处理中...
2026-05-30 16:30:14,832 [INFO] merge_service - [Poll] 进度: 0/17 完成, 剩余 17 个任务仍在处理中...
2026-05-30 16:30:18,021 [INFO] merge_service - [Poll] 进度: 0/17 完成, 剩余 17 个任务仍在处理中...
2026-05-30 16:30:21,211 [INFO] merge_service - [Poll] 进度: 0/17 完成, 剩余 17 个任务仍在处理中...
2026-05-30 16:30:24,408 [INFO] merge_service - [Poll] 进度: 0/17 完成, 剩余 17 个任务仍在处理中...
2026-05-30 16:30:27,616 [INFO] merge_service - [Poll] 进度: 0/17 完成, 剩余 17 个任务仍在处理中...
2026-05-30 16:30:30,808 [INFO] merge_service - [Poll] 进度: 0/17 完成, 剩余 17 个任务仍在处理中...
2026-05-30 16:30:33,997 [INFO] merge_service - [Poll] 进度: 0/17 完成, 剩余 17 个任务仍在处理中...
2026-05-30 16:30:37,185 [INFO] merge_service - [Poll] 进度: 0/17 完成, 剩余 17 个任务仍在处理中...
2026-05-30 16:30:40,399 [INFO] merge_service - [Poll] 进度: 0/17 完成, 剩余 17 个任务仍在处理中...
2026-05-30 16:30:43,622 [INFO] merge_service - [Poll] 进度: 0/17 完成, 剩余 17 个任务仍在处理中...
2026-05-30 16:30:46,816 [INFO] merge_service - [Poll] 进度: 0/17 完成, 剩余 17 个任务仍在处理中...
2026-05-30 16:30:50,013 [INFO] merge_service - [Poll] 进度: 0/17 完成, 剩余 17 个任务仍在处理中...
2026-05-30 16:30:53,204 [INFO] merge_service - [Poll] 进度: 0/17 完成, 剩余 17 个任务仍在处理中...
2026-05-30 16:30:56,416 [INFO] merge_service - [Poll] 进度: 0/17 完成, 剩余 17 个任务仍在处理中...
2026-05-30 16:30:59,646 [INFO] merge_service - [Poll] 进度: 0/17 完成, 剩余 17 个任务仍在处理中...
2026-05-30 16:31:02,844 [INFO] merge_service - [Poll] 进度: 0/17 完成, 剩余 17 个任务仍在处理中...
2026-05-30 16:31:05,901 [INFO] merge_service - [Poll] 任务 55cf49e0-1723-456e-ae0b-c2e25a62523a (老年人心脑血管病和糖尿病共病管理中国专家共识2023_4.png) → completed [成功]
2026-05-30 16:31:06,034 [INFO] merge_service - [Poll] 进度: 1/17 完成, 剩余 16 个任务仍在处理中...
2026-05-30 16:31:09,207 [INFO] merge_service - [Poll] 进度: 1/17 完成, 剩余 16 个任务仍在处理中...
2026-05-30 16:31:12,395 [INFO] merge_service - [Poll] 进度: 1/17 完成, 剩余 16 个任务仍在处理中...
2026-05-30 16:31:15,463 [INFO] merge_service - [Poll] 任务 4faa6d8b-529b-4492-a304-874bdc0d467a (老年人心脑血管病和糖尿病共病管理中国专家共识2023_8.png) → completed [成功]
2026-05-30 16:31:15,610 [INFO] merge_service - [Poll] 进度: 2/17 完成, 剩余 15 个任务仍在处理中...
2026-05-30 16:31:18,789 [INFO] merge_service - [Poll] 进度: 2/17 完成, 剩余 15 个任务仍在处理中...
2026-05-30 16:31:21,952 [INFO] merge_service - [Poll] 进度: 2/17 完成, 剩余 15 个任务仍在处理中...
2026-05-30 16:31:25,132 [INFO] merge_service - [Poll] 进度: 2/17 完成, 剩余 15 个任务仍在处理中...
2026-05-30 16:31:28,320 [INFO] merge_service - [Poll] 进度: 2/17 完成, 剩余 15 个任务仍在处理中...
2026-05-30 16:31:31,492 [INFO] merge_service - [Poll] 进度: 2/17 完成, 剩余 15 个任务仍在处理中...
2026-05-30 16:31:34,656 [INFO] merge_service - [Poll] 进度: 2/17 完成, 剩余 15 个任务仍在处理中...
2026-05-30 16:31:37,822 [INFO] merge_service - [Poll] 任务 59447712-44de-4df1-8956-75f55faba034 (老年人心脑血管病和糖尿病共病管理中国专家共识2023_1.png) → completed [成功]
2026-05-30 16:31:37,822 [INFO] merge_service - [Poll] 进度: 3/17 完成, 剩余 14 个任务仍在处理中...
2026-05-30 16:31:40,978 [INFO] merge_service - [Poll] 进度: 3/17 完成, 剩余 14 个任务仍在处理中...
2026-05-30 16:31:44,151 [INFO] merge_service - [Poll] 进度: 3/17 完成, 剩余 14 个任务仍在处理中...
2026-05-30 16:31:47,341 [INFO] merge_service - [Poll] 进度: 3/17 完成, 剩余 14 个任务仍在处理中...
2026-05-30 16:31:50,521 [INFO] merge_service - [Poll] 进度: 3/17 完成, 剩余 14 个任务仍在处理中...
2026-05-30 16:31:53,696 [INFO] merge_service - [Poll] 进度: 3/17 完成, 剩余 14 个任务仍在处理中...
2026-05-30 16:31:56,860 [INFO] merge_service - [Poll] 进度: 3/17 完成, 剩余 14 个任务仍在处理中...
2026-05-30 16:31:59,931 [INFO] merge_service - [Poll] 任务 461e24d8-30bc-496b-b376-fbc823fc2b80 (老年人心脑血管病和糖尿病共病管理中国专家共识2023_9.png) → completed [成功]
2026-05-30 16:32:00,029 [INFO] merge_service - [Poll] 进度: 4/17 完成, 剩余 13 个任务仍在处理中...
2026-05-30 16:32:03,169 [INFO] merge_service - [Poll] 进度: 4/17 完成, 剩余 13 个任务仍在处理中...
2026-05-30 16:32:06,204 [INFO] merge_service - [Poll] 任务 edbf3a3f-da93-4b64-8807-10a59ca905f3 (老年人心脑血管病和糖尿病共病管理中国专家共识2023_5.png) → completed [成功]
2026-05-30 16:32:06,315 [INFO] merge_service - [Poll] 进度: 5/17 完成, 剩余 12 个任务仍在处理中...
2026-05-30 16:32:09,353 [INFO] merge_service - [Poll] 任务 654e7984-381a-4c66-8806-5e214a774c23 (老年人心脑血管病和糖尿病共病管理中国专家共识2023_7.png) → completed [成功]
2026-05-30 16:32:09,453 [INFO] merge_service - [Poll] 进度: 6/17 完成, 剩余 11 个任务仍在处理中...
2026-05-30 16:32:12,579 [INFO] merge_service - [Poll] 任务 ea6c0e8d-bfc5-4416-bb32-8ee0bf41190d (老年人心脑血管病和糖尿病共病管理中国专家共识2023_3.png) → completed [成功]
2026-05-30 16:32:12,604 [INFO] merge_service - [Poll] 进度: 7/17 完成, 剩余 10 个任务仍在处理中...
2026-05-30 16:32:15,673 [INFO] merge_service - [Poll] 任务 f7766547-8263-42d7-9ae0-8b59b35cacc7 (老年人心脑血管病和糖尿病共病管理中国专家共识2023_12.png) → completed [成功]
2026-05-30 16:32:15,695 [INFO] merge_service - [Poll] 任务 da545cfd-5937-4dc7-b319-5e70878d0f80 (老年人心脑血管病和糖尿病共病管理中国专家共识2023_6.png) → completed [成功]
2026-05-30 16:32:15,728 [INFO] merge_service - [Poll] 任务 41be2d32-170f-49f5-9d81-0288bacd0742 (老年人心脑血管病和糖尿病共病管理中国专家共识2023_2.png) → completed [成功]
2026-05-30 16:32:15,741 [INFO] merge_service - [Poll] 进度: 10/17 完成, 剩余 7 个任务仍在处理中...
2026-05-30 16:32:18,828 [INFO] merge_service - [Poll] 进度: 10/17 完成, 剩余 7 个任务仍在处理中...
2026-05-30 16:32:21,907 [INFO] merge_service - [Poll] 进度: 10/17 完成, 剩余 7 个任务仍在处理中...
2026-05-30 16:32:24,969 [INFO] merge_service - [Poll] 任务 93c7dafa-6e08-4072-a083-f5a1e4070d63 (老年人心脑血管病和糖尿病共病管理中国专家共识2023_13.png) → completed [成功]
2026-05-30 16:32:24,994 [INFO] merge_service - [Poll] 进度: 11/17 完成, 剩余 6 个任务仍在处理中...
2026-05-30 16:32:28,084 [INFO] merge_service - [Poll] 进度: 11/17 完成, 剩余 6 个任务仍在处理中...
2026-05-30 16:32:31,159 [INFO] merge_service - [Poll] 进度: 11/17 完成, 剩余 6 个任务仍在处理中...
2026-05-30 16:32:34,227 [INFO] merge_service - [Poll] 进度: 11/17 完成, 剩余 6 个任务仍在处理中...
2026-05-30 16:32:37,333 [INFO] merge_service - [Poll] 进度: 11/17 完成, 剩余 6 个任务仍在处理中...
2026-05-30 16:32:40,413 [INFO] merge_service - [Poll] 进度: 11/17 完成, 剩余 6 个任务仍在处理中...
2026-05-30 16:32:43,478 [INFO] merge_service - [Poll] 进度: 11/17 完成, 剩余 6 个任务仍在处理中...
2026-05-30 16:32:46,577 [INFO] merge_service - [Poll] 进度: 11/17 完成, 剩余 6 个任务仍在处理中...
2026-05-30 16:32:49,654 [INFO] merge_service - [Poll] 进度: 11/17 完成, 剩余 6 个任务仍在处理中...
2026-05-30 16:32:52,722 [INFO] merge_service - [Poll] 进度: 11/17 完成, 剩余 6 个任务仍在处理中...
2026-05-30 16:32:55,819 [INFO] merge_service - [Poll] 进度: 11/17 完成, 剩余 6 个任务仍在处理中...
2026-05-30 16:32:58,897 [INFO] merge_service - [Poll] 进度: 11/17 完成, 剩余 6 个任务仍在处理中...
2026-05-30 16:33:01,964 [INFO] merge_service - [Poll] 进度: 11/17 完成, 剩余 6 个任务仍在处理中...
2026-05-30 16:33:05,061 [INFO] merge_service - [Poll] 进度: 11/17 完成, 剩余 6 个任务仍在处理中...
2026-05-30 16:33:08,143 [INFO] merge_service - [Poll] 进度: 11/17 完成, 剩余 6 个任务仍在处理中...
2026-05-30 16:33:11,155 [INFO] merge_service - [Poll] 任务 27756240-e4d0-4562-9448-0b6651420a06 (老年人心脑血管病和糖尿病共病管理中国专家共识2023_16.png) → completed [成功]
2026-05-30 16:33:11,211 [INFO] merge_service - [Poll] 进度: 12/17 完成, 剩余 5 个任务仍在处理中...
2026-05-30 16:33:14,277 [INFO] merge_service - [Poll] 任务 9903a590-59dc-4e38-a93d-447f35f60472 (老年人心脑血管病和糖尿病共病管理中国专家共识2023_10.png) → completed [成功]
2026-05-30 16:33:14,288 [INFO] merge_service - [Poll] 进度: 13/17 完成, 剩余 4 个任务仍在处理中...
2026-05-30 16:33:17,320 [INFO] merge_service - [Poll] 任务 3885d171-5036-4f9a-8c05-aedbefab6c5a (老年人心脑血管病和糖尿病共病管理中国专家共识2023_11.png) → completed [成功]
2026-05-30 16:33:17,346 [INFO] merge_service - [Poll] 进度: 14/17 完成, 剩余 3 个任务仍在处理中...
2026-05-30 16:33:20,380 [INFO] merge_service - [Poll] 进度: 14/17 完成, 剩余 3 个任务仍在处理中...
2026-05-30 16:33:23,444 [INFO] merge_service - [Poll] 进度: 14/17 完成, 剩余 3 个任务仍在处理中...
2026-05-30 16:33:26,470 [INFO] merge_service - [Poll] 任务 bcfd9823-07b1-4d97-9d51-a0725bbe70b8 (老年人心脑血管病和糖尿病共病管理中国专家共识2023_17.png) → completed [成功]
2026-05-30 16:33:26,480 [INFO] merge_service - [Poll] 进度: 15/17 完成, 剩余 2 个任务仍在处理中...
2026-05-30 16:33:29,514 [INFO] merge_service - [Poll] 进度: 15/17 完成, 剩余 2 个任务仍在处理中...
2026-05-30 16:33:32,541 [INFO] merge_service - [Poll] 进度: 15/17 完成, 剩余 2 个任务仍在处理中...
2026-05-30 16:33:35,565 [INFO] merge_service - [Poll] 任务 1910f522-e440-438e-9c12-d3a5cdb5803b (老年人心脑血管病和糖尿病共病管理中国专家共识2023_14.png) → completed [成功]
2026-05-30 16:33:35,565 [INFO] merge_service - [Poll] 进度: 16/17 完成, 剩余 1 个任务仍在处理中...
2026-05-30 16:33:38,583 [INFO] merge_service - [Poll] 进度: 16/17 完成, 剩余 1 个任务仍在处理中...
2026-05-30 16:33:41,758 [INFO] merge_service - [Poll] 进度: 16/17 完成, 剩余 1 个任务仍在处理中...
2026-05-30 16:33:44,776 [INFO] merge_service - [Poll] 进度: 16/17 完成, 剩余 1 个任务仍在处理中...
2026-05-30 16:33:47,789 [INFO] merge_service - [Poll] 进度: 16/17 完成, 剩余 1 个任务仍在处理中...
2026-05-30 16:33:50,808 [INFO] merge_service - [Poll] 任务 603503d9-b632-4858-8643-89988a7993ac (老年人心脑血管病和糖尿病共病管理中国专家共识2023_15.png) → completed [成功]
2026-05-30 16:33:50,809 [INFO] merge_service - [e589a920-867f-4cde-af8c-458d5c85786a] 所有提取任务已完成，开始合并清洗...
2026-05-30 16:33:50,809 [INFO] merge_service - [e589a920-867f-4cde-af8c-458d5c85786a] 合并顺序（按原图片文件名序号）:
2026-05-30 16:33:50,809 [INFO] merge_service -   第1页: 老年人心脑血管病和糖尿病共病管理中国专家共识2023_1.png → output/老年人心脑血管病和糖尿病共病管理中国专家共识2023/老年人心脑血管病和糖尿病共病管理中国专家共识2023_1.md
2026-05-30 16:33:50,809 [INFO] merge_service -   第2页: 老年人心脑血管病和糖尿病共病管理中国专家共识2023_2.png → output/老年人心脑血管病和糖尿病共病管理中国专家共识2023/老年人心脑血管病和糖尿病共病管理中国专家共识2023_2.md
2026-05-30 16:33:50,809 [INFO] merge_service -   第3页: 老年人心脑血管病和糖尿病共病管理中国专家共识2023_3.png → output/老年人心脑血管病和糖尿病共病管理中国专家共识2023/老年人心脑血管病和糖尿病共病管理中国专家共识2023_3.md
2026-05-30 16:33:50,809 [INFO] merge_service -   第4页: 老年人心脑血管病和糖尿病共病管理中国专家共识2023_4.png → output/老年人心脑血管病和糖尿病共病管理中国专家共识2023/老年人心脑血管病和糖尿病共病管理中国专家共识2023_4.md
2026-05-30 16:33:50,809 [INFO] merge_service -   第5页: 老年人心脑血管病和糖尿病共病管理中国专家共识2023_5.png → output/老年人心脑血管病和糖尿病共病管理中国专家共识2023/老年人心脑血管病和糖尿病共病管理中国专家共识2023_5.md
2026-05-30 16:33:50,809 [INFO] merge_service -   第6页: 老年人心脑血管病和糖尿病共病管理中国专家共识2023_6.png → output/老年人心脑血管病和糖尿病共病管理中国专家共识2023/老年人心脑血管病和糖尿病共病管理中国专家共识2023_6.md
2026-05-30 16:33:50,809 [INFO] merge_service -   第7页: 老年人心脑血管病和糖尿病共病管理中国专家共识2023_7.png → output/老年人心脑血管病和糖尿病共病管理中国专家共识2023/老年人心脑血管病和糖尿病共病管理中国专家共识2023_7.md
2026-05-30 16:33:50,809 [INFO] merge_service -   第8页: 老年人心脑血管病和糖尿病共病管理中国专家共识2023_8.png → output/老年人心脑血管病和糖尿病共病管理中国专家共识2023/老年人心脑血管病和糖尿病共病管理中国专家共识2023_8.md
2026-05-30 16:33:50,809 [INFO] merge_service -   第9页: 老年人心脑血管病和糖尿病共病管理中国专家共识2023_9.png → output/老年人心脑血管病和糖尿病共病管理中国专家共识2023/老年人心脑血管病和糖尿病共病管理中国专家共识2023_9.md
2026-05-30 16:33:50,809 [INFO] merge_service -   第10页: 老年人心脑血管病和糖尿病共病管理中国专家共识2023_10.png → output/老年人心脑血管病和糖尿病共病管理中国专家共识2023/老年人心脑血管病和糖尿病共病管理中国专家共识2023_10.md
2026-05-30 16:33:50,809 [INFO] merge_service -   第11页: 老年人心脑血管病和糖尿病共病管理中国专家共识2023_11.png → output/老年人心脑血管病和糖尿病共病管理中国专家共识2023/老年人心脑血管病和糖尿病共病管理中国专家共识2023_11.md
2026-05-30 16:33:50,809 [INFO] merge_service -   第12页: 老年人心脑血管病和糖尿病共病管理中国专家共识2023_12.png → output/老年人心脑血管病和糖尿病共病管理中国专家共识2023/老年人心脑血管病和糖尿病共病管理中国专家共识2023_12.md
2026-05-30 16:33:50,809 [INFO] merge_service -   第13页: 老年人心脑血管病和糖尿病共病管理中国专家共识2023_13.png → output/老年人心脑血管病和糖尿病共病管理中国专家共识2023/老年人心脑血管病和糖尿病共病管理中国专家共识2023_13.md
2026-05-30 16:33:50,809 [INFO] merge_service -   第14页: 老年人心脑血管病和糖尿病共病管理中国专家共识2023_14.png → output/老年人心脑血管病和糖尿病共病管理中国专家共识2023/老年人心脑血管病和糖尿病共病管理中国专家共识2023_14.md
2026-05-30 16:33:50,809 [INFO] merge_service -   第15页: 老年人心脑血管病和糖尿病共病管理中国专家共识2023_15.png → output/老年人心脑血管病和糖尿病共病管理中国专家共识2023/老年人心脑血管病和糖尿病共病管理中国专家共识2023_15.md
2026-05-30 16:33:50,809 [INFO] merge_service -   第16页: 老年人心脑血管病和糖尿病共病管理中国专家共识2023_16.png → output/老年人心脑血管病和糖尿病共病管理中国专家共识2023/老年人心脑血管病和糖尿病共病管理中国专家共识2023_16.md
2026-05-30 16:33:50,809 [INFO] merge_service -   第17页: 老年人心脑血管病和糖尿病共病管理中国专家共识2023_17.png → output/老年人心脑血管病和糖尿病共病管理中国专家共识2023/老年人心脑血管病和糖尿病共病管理中国专家共识2023_17.md
2026-05-30 16:33:50,826 [INFO] merge_service - 
==================================================
2026-05-30 16:33:50,826 [INFO] merge_service - [e589a920-867f-4cde-af8c-458d5c85786a] 合并清洗完成!
2026-05-30 16:33:50,826 [INFO] merge_service -   合并文件: output/老年人心脑血管病和糖尿病共病管理中国专家共识2023/老年人心脑血管病和糖尿病共病管理中国专家共识2023_merged_output.md
2026-05-30 16:33:50,826 [INFO] merge_service -   有效页面: 13/17
2026-05-30 16:33:50,826 [INFO] merge_service -   总字符数: 21322
2026-05-30 16:33:50,826 [INFO] merge_service -   轮询耗时: 232.27s, 合并耗时: 0.02s
2026-05-30 16:33:50,826 [INFO] merge_service -   跳过页面（参考文献）: [12, 13, 15, 16]
2026-05-30 16:33:50,826 [INFO] merge_service - ==================================================
