2026-05-31 10:05:29,482 [INFO] merge_service - ============================================================
2026-05-31 10:05:29,482 [INFO] merge_service - 合并+清洗服务 — 新任务
2026-05-31 10:05:29,482 [INFO] merge_service -   合并ID: 8d9dbe6c-facf-49b0-a741-51c3918c227b
2026-05-31 10:05:29,482 [INFO] merge_service -   PDF名称: 医脉通】2020+ESC指南：运动心脏病学和心血管疾病患者的体育锻炼 (原始: 医脉通】2020+ESC指南：运动心脏病学和心血管疾病患者的体育锻炼.pdf)
2026-05-31 10:05:29,482 [INFO] merge_service -   关联提取任务数: 80
2026-05-31 10:05:29,482 [INFO] merge_service -   输出目录: ./output
2026-05-31 10:05:29,482 [INFO] merge_service -   提取服务: http://localhost:8001
2026-05-31 10:05:29,482 [INFO] merge_service - ============================================================
2026-05-31 10:05:29,483 [INFO] merge_service - [Poll] 开始轮询 80 个提取任务...
2026-05-31 10:05:29,483 [INFO] merge_service - [Poll] 提取服务地址: http://localhost:8001
2026-05-31 10:05:29,483 [INFO] merge_service - [Poll] 轮询间隔: 3.0s, 最大等待: 3600.0s
2026-05-31 10:05:30,455 [INFO] merge_service - [Poll] 进度: 0/80 完成, 剩余 80 个任务仍在处理中...
2026-05-31 10:05:34,372 [INFO] merge_service - [Poll] 进度: 0/80 完成, 剩余 80 个任务仍在处理中...
2026-05-31 10:05:38,288 [INFO] merge_service - [Poll] 进度: 0/80 完成, 剩余 80 个任务仍在处理中...
2026-05-31 10:05:42,172 [INFO] merge_service - [Poll] 进度: 0/80 完成, 剩余 80 个任务仍在处理中...
2026-05-31 10:05:46,067 [INFO] merge_service - [Poll] 进度: 0/80 完成, 剩余 80 个任务仍在处理中...
2026-05-31 10:05:49,944 [INFO] merge_service - [Poll] 进度: 0/80 完成, 剩余 80 个任务仍在处理中...
2026-05-31 10:05:53,865 [INFO] merge_service - [Poll] 进度: 0/80 完成, 剩余 80 个任务仍在处理中...
2026-05-31 10:05:57,775 [INFO] merge_service - [Poll] 进度: 0/80 完成, 剩余 80 个任务仍在处理中...
2026-05-31 10:06:01,692 [INFO] merge_service - [Poll] 进度: 0/80 完成, 剩余 80 个任务仍在处理中...
2026-05-31 10:06:05,573 [INFO] merge_service - [Poll] 进度: 0/80 完成, 剩余 80 个任务仍在处理中...
2026-05-31 10:06:09,502 [INFO] merge_service - [Poll] 进度: 0/80 完成, 剩余 80 个任务仍在处理中...
2026-05-31 10:06:11,537 [INFO] merge_service - [Poll] 任务 10d6044f-ce4b-4b35-8fb5-656ff8ecb25d (【医脉通】2020+ESC指南：运动心脏病学和心血管疾病患者的体育锻炼_1.png) → completed [成功]
2026-05-31 10:06:11,789 [INFO] merge_service - [Poll] 进度: 1/80 完成, 剩余 79 个任务仍在处理中...
2026-05-31 10:06:15,680 [INFO] merge_service - [Poll] 进度: 1/80 完成, 剩余 79 个任务仍在处理中...
2026-05-31 10:06:19,371 [INFO] merge_service - [Poll] 任务 6b5c15fd-77b2-4597-a1ad-d4eaf196a881 (【医脉通】2020+ESC指南：运动心脏病学和心血管疾病患者的体育锻炼_7.png) → completed [成功]
2026-05-31 10:06:19,544 [INFO] merge_service - [Poll] 进度: 2/80 完成, 剩余 78 个任务仍在处理中...
2026-05-31 10:06:23,397 [INFO] merge_service - [Poll] 进度: 2/80 完成, 剩余 78 个任务仍在处理中...
2026-05-31 10:06:27,302 [INFO] merge_service - [Poll] 进度: 2/80 完成, 剩余 78 个任务仍在处理中...
2026-05-31 10:06:30,439 [INFO] merge_service - [Poll] 任务 5b9c3a18-2417-471a-9a42-22da3259fbfb (【医脉通】2020+ESC指南：运动心脏病学和心血管疾病患者的体育锻炼_2.png) → completed [成功]
2026-05-31 10:06:30,549 [INFO] merge_service - [Poll] 任务 e08fad86-dc93-4a47-81bc-eddeb6d4d08e (【医脉通】2020+ESC指南：运动心脏病学和心血管疾病患者的体育锻炼_3.png) → completed [成功]
2026-05-31 10:06:31,160 [INFO] merge_service - [Poll] 进度: 4/80 完成, 剩余 76 个任务仍在处理中...
2026-05-31 10:06:35,045 [INFO] merge_service - [Poll] 进度: 4/80 完成, 剩余 76 个任务仍在处理中...
2026-05-31 10:06:38,877 [INFO] merge_service - [Poll] 进度: 4/80 完成, 剩余 76 个任务仍在处理中...
2026-05-31 10:06:42,000 [INFO] merge_service - [Poll] 任务 2277adb1-378d-42c5-8107-a9e6af95ca79 (【医脉通】2020+ESC指南：运动心脏病学和心血管疾病患者的体育锻炼_8.png) → completed [成功]
2026-05-31 10:06:42,709 [INFO] merge_service - [Poll] 进度: 5/80 完成, 剩余 75 个任务仍在处理中...
2026-05-31 10:06:46,567 [INFO] merge_service - [Poll] 进度: 5/80 完成, 剩余 75 个任务仍在处理中...
2026-05-31 10:06:50,379 [INFO] merge_service - [Poll] 进度: 5/80 完成, 剩余 75 个任务仍在处理中...
2026-05-31 10:06:54,201 [INFO] merge_service - [Poll] 进度: 5/80 完成, 剩余 75 个任务仍在处理中...
2026-05-31 10:06:58,043 [INFO] merge_service - [Poll] 进度: 5/80 完成, 剩余 75 个任务仍在处理中...
2026-05-31 10:07:01,190 [INFO] merge_service - [Poll] 任务 a7774e07-f5d1-47ec-9314-cd34e763f9fc (【医脉通】2020+ESC指南：运动心脏病学和心血管疾病患者的体育锻炼_5.png) → completed [成功]
2026-05-31 10:07:01,875 [INFO] merge_service - [Poll] 进度: 6/80 完成, 剩余 74 个任务仍在处理中...
2026-05-31 10:07:05,675 [INFO] merge_service - [Poll] 进度: 6/80 完成, 剩余 74 个任务仍在处理中...
2026-05-31 10:07:09,503 [INFO] merge_service - [Poll] 进度: 6/80 完成, 剩余 74 个任务仍在处理中...
2026-05-31 10:07:12,886 [INFO] merge_service - [Poll] 任务 8c0899ec-0337-4497-92f7-928fba05ecb3 (【医脉通】2020+ESC指南：运动心脏病学和心血管疾病患者的体育锻炼_4.png) → completed [成功]
2026-05-31 10:07:13,307 [INFO] merge_service - [Poll] 进度: 7/80 完成, 剩余 73 个任务仍在处理中...
2026-05-31 10:07:16,703 [INFO] merge_service - [Poll] 任务 9a07f399-aa55-45ef-bf0c-90a7b343e30f (【医脉通】2020+ESC指南：运动心脏病学和心血管疾病患者的体育锻炼_6.png) → completed [成功]
2026-05-31 10:07:17,104 [INFO] merge_service - [Poll] 进度: 8/80 完成, 剩余 72 个任务仍在处理中...
2026-05-31 10:07:20,882 [INFO] merge_service - [Poll] 进度: 8/80 完成, 剩余 72 个任务仍在处理中...
2026-05-31 10:07:24,692 [INFO] merge_service - [Poll] 进度: 8/80 完成, 剩余 72 个任务仍在处理中...
2026-05-31 10:07:28,475 [INFO] merge_service - [Poll] 进度: 8/80 完成, 剩余 72 个任务仍在处理中...
2026-05-31 10:07:31,532 [INFO] merge_service - [Poll] 任务 de5a88cf-57f2-42d3-a3c8-e24cf126de98 (【医脉通】2020+ESC指南：运动心脏病学和心血管疾病患者的体育锻炼_12.png) → completed [成功]
2026-05-31 10:07:32,283 [INFO] merge_service - [Poll] 进度: 9/80 完成, 剩余 71 个任务仍在处理中...
2026-05-31 10:07:36,077 [INFO] merge_service - [Poll] 进度: 9/80 完成, 剩余 71 个任务仍在处理中...
2026-05-31 10:07:39,890 [INFO] merge_service - [Poll] 进度: 9/80 完成, 剩余 71 个任务仍在处理中...
2026-05-31 10:07:43,665 [INFO] merge_service - [Poll] 进度: 9/80 完成, 剩余 71 个任务仍在处理中...
2026-05-31 10:07:47,435 [INFO] merge_service - [Poll] 进度: 9/80 完成, 剩余 71 个任务仍在处理中...
2026-05-31 10:07:51,216 [INFO] merge_service - [Poll] 进度: 9/80 完成, 剩余 71 个任务仍在处理中...
2026-05-31 10:07:55,027 [INFO] merge_service - [Poll] 进度: 9/80 完成, 剩余 71 个任务仍在处理中...
2026-05-31 10:07:58,250 [INFO] merge_service - [Poll] 任务 80fc5d0f-e9f9-46ba-baf2-5c19f114fcf8 (【医脉通】2020+ESC指南：运动心脏病学和心血管疾病患者的体育锻炼_9.png) → completed [成功]
2026-05-31 10:07:58,812 [INFO] merge_service - [Poll] 进度: 10/80 完成, 剩余 70 个任务仍在处理中...
2026-05-31 10:08:02,580 [INFO] merge_service - [Poll] 进度: 10/80 完成, 剩余 70 个任务仍在处理中...
2026-05-31 10:08:06,366 [INFO] merge_service - [Poll] 进度: 10/80 完成, 剩余 70 个任务仍在处理中...
2026-05-31 10:08:09,979 [INFO] merge_service - [Poll] 任务 42db488f-fd30-467a-93e1-11253861409a (【医脉通】2020+ESC指南：运动心脏病学和心血管疾病患者的体育锻炼_11.png) → completed [成功]
2026-05-31 10:08:10,177 [INFO] merge_service - [Poll] 进度: 11/80 完成, 剩余 69 个任务仍在处理中...
2026-05-31 10:08:13,935 [INFO] merge_service - [Poll] 进度: 11/80 完成, 剩余 69 个任务仍在处理中...
2026-05-31 10:08:17,746 [INFO] merge_service - [Poll] 进度: 11/80 完成, 剩余 69 个任务仍在处理中...
2026-05-31 10:08:21,512 [INFO] merge_service - [Poll] 进度: 11/80 完成, 剩余 69 个任务仍在处理中...
2026-05-31 10:08:25,257 [INFO] merge_service - [Poll] 进度: 11/80 完成, 剩余 69 个任务仍在处理中...
2026-05-31 10:08:28,997 [INFO] merge_service - [Poll] 进度: 11/80 完成, 剩余 69 个任务仍在处理中...
2026-05-31 10:08:32,535 [INFO] merge_service - [Poll] 任务 03d6fbcf-b1e8-4880-98d8-d7abc0f93de3 (【医脉通】2020+ESC指南：运动心脏病学和心血管疾病患者的体育锻炼_10.png) → completed [成功]
2026-05-31 10:08:32,749 [INFO] merge_service - [Poll] 进度: 12/80 完成, 剩余 68 个任务仍在处理中...
2026-05-31 10:08:36,668 [INFO] merge_service - [Poll] 进度: 12/80 完成, 剩余 68 个任务仍在处理中...
2026-05-31 10:08:40,139 [INFO] merge_service - [Poll] 任务 f9f0df83-a558-4e69-a7f8-8d4cb685c0f7 (【医脉通】2020+ESC指南：运动心脏病学和心血管疾病患者的体育锻炼_13.png) → completed [成功]
2026-05-31 10:08:40,469 [INFO] merge_service - [Poll] 进度: 13/80 完成, 剩余 67 个任务仍在处理中...
2026-05-31 10:08:44,255 [INFO] merge_service - [Poll] 进度: 13/80 完成, 剩余 67 个任务仍在处理中...
2026-05-31 10:08:48,014 [INFO] merge_service - [Poll] 进度: 13/80 完成, 剩余 67 个任务仍在处理中...
2026-05-31 10:08:51,760 [INFO] merge_service - [Poll] 进度: 13/80 完成, 剩余 67 个任务仍在处理中...
2026-05-31 10:08:55,522 [INFO] merge_service - [Poll] 进度: 13/80 完成, 剩余 67 个任务仍在处理中...
2026-05-31 10:08:59,289 [INFO] merge_service - [Poll] 进度: 13/80 完成, 剩余 67 个任务仍在处理中...
2026-05-31 10:09:03,058 [INFO] merge_service - [Poll] 进度: 13/80 完成, 剩余 67 个任务仍在处理中...
2026-05-31 10:09:06,824 [INFO] merge_service - [Poll] 进度: 13/80 完成, 剩余 67 个任务仍在处理中...
2026-05-31 10:09:09,892 [INFO] merge_service - [Poll] 任务 6d5ec7fb-b78d-4d65-a959-70ee42eacf3b (【医脉通】2020+ESC指南：运动心脏病学和心血管疾病患者的体育锻炼_14.png) → completed [成功]
2026-05-31 10:09:10,003 [INFO] merge_service - [Poll] 任务 52b08b77-eba0-4ca0-b16f-ee75539bfc2d (【医脉通】2020+ESC指南：运动心脏病学和心血管疾病患者的体育锻炼_17.png) → completed [成功]
2026-05-31 10:09:10,580 [INFO] merge_service - [Poll] 进度: 15/80 完成, 剩余 65 个任务仍在处理中...
2026-05-31 10:09:14,013 [INFO] merge_service - [Poll] 任务 d6d625a7-dfcf-4676-a671-93212a11eabf (【医脉通】2020+ESC指南：运动心脏病学和心血管疾病患者的体育锻炼_19.png) → completed [成功]
2026-05-31 10:09:14,297 [INFO] merge_service - [Poll] 进度: 16/80 完成, 剩余 64 个任务仍在处理中...
2026-05-31 10:09:18,071 [INFO] merge_service - [Poll] 进度: 16/80 完成, 剩余 64 个任务仍在处理中...
2026-05-31 10:09:21,805 [INFO] merge_service - [Poll] 进度: 16/80 完成, 剩余 64 个任务仍在处理中...
2026-05-31 10:09:25,523 [INFO] merge_service - [Poll] 进度: 16/80 完成, 剩余 64 个任务仍在处理中...
2026-05-31 10:09:29,251 [INFO] merge_service - [Poll] 进度: 16/80 完成, 剩余 64 个任务仍在处理中...
2026-05-31 10:09:33,017 [INFO] merge_service - [Poll] 进度: 16/80 完成, 剩余 64 个任务仍在处理中...
2026-05-31 10:09:36,131 [INFO] merge_service - [Poll] 任务 b4d563d0-25fc-455e-9b21-1e591cc1f927 (【医脉通】2020+ESC指南：运动心脏病学和心血管疾病患者的体育锻炼_20.png) → completed [成功]
2026-05-31 10:09:36,743 [INFO] merge_service - [Poll] 进度: 17/80 完成, 剩余 63 个任务仍在处理中...
2026-05-31 10:09:40,486 [INFO] merge_service - [Poll] 进度: 17/80 完成, 剩余 63 个任务仍在处理中...
2026-05-31 10:09:44,197 [INFO] merge_service - [Poll] 进度: 17/80 完成, 剩余 63 个任务仍在处理中...
2026-05-31 10:09:47,911 [INFO] merge_service - [Poll] 进度: 17/80 完成, 剩余 63 个任务仍在处理中...
2026-05-31 10:09:51,621 [INFO] merge_service - [Poll] 进度: 17/80 完成, 剩余 63 个任务仍在处理中...
2026-05-31 10:09:55,287 [INFO] merge_service - [Poll] 任务 c74375fc-fa4e-40eb-8cbe-c93e35d4d305 (【医脉通】2020+ESC指南：运动心脏病学和心血管疾病患者的体育锻炼_16.png) → completed [成功]
2026-05-31 10:09:55,347 [INFO] merge_service - [Poll] 进度: 18/80 完成, 剩余 62 个任务仍在处理中...
2026-05-31 10:09:58,666 [INFO] merge_service - [Poll] 任务 d5f521ab-8921-46a8-baec-a0da5c04f29b (【医脉通】2020+ESC指南：运动心脏病学和心血管疾病患者的体育锻炼_22.png) → completed [成功]
2026-05-31 10:09:59,047 [INFO] merge_service - [Poll] 进度: 19/80 完成, 剩余 61 个任务仍在处理中...
2026-05-31 10:10:02,746 [INFO] merge_service - [Poll] 进度: 19/80 完成, 剩余 61 个任务仍在处理中...
2026-05-31 10:10:06,422 [INFO] merge_service - [Poll] 进度: 19/80 完成, 剩余 61 个任务仍在处理中...
2026-05-31 10:10:10,089 [INFO] merge_service - [Poll] 进度: 19/80 完成, 剩余 61 个任务仍在处理中...
2026-05-31 10:10:13,753 [INFO] merge_service - [Poll] 进度: 19/80 完成, 剩余 61 个任务仍在处理中...
2026-05-31 10:10:17,407 [INFO] merge_service - [Poll] 进度: 19/80 完成, 剩余 61 个任务仍在处理中...
2026-05-31 10:10:21,056 [INFO] merge_service - [Poll] 进度: 19/80 完成, 剩余 61 个任务仍在处理中...
2026-05-31 10:10:24,405 [INFO] merge_service - [Poll] 任务 460fbb94-23c7-411c-947c-8d29a958b1fa (【医脉通】2020+ESC指南：运动心脏病学和心血管疾病患者的体育锻炼_23.png) → completed [成功]
2026-05-31 10:10:24,701 [INFO] merge_service - [Poll] 进度: 20/80 完成, 剩余 60 个任务仍在处理中...
2026-05-31 10:10:28,318 [INFO] merge_service - [Poll] 任务 d11f3c34-fe36-4fbb-ab28-b43a6db5fb69 (【医脉通】2020+ESC指南：运动心脏病学和心血管疾病患者的体育锻炼_27.png) → completed [成功]
2026-05-31 10:10:28,339 [INFO] merge_service - [Poll] 进度: 21/80 完成, 剩余 59 个任务仍在处理中...
2026-05-31 10:10:31,975 [INFO] merge_service - [Poll] 进度: 21/80 完成, 剩余 59 个任务仍在处理中...
2026-05-31 10:10:35,516 [INFO] merge_service - [Poll] 任务 40aad658-7285-4d63-a09f-e26594b727d9 (【医脉通】2020+ESC指南：运动心脏病学和心血管疾病患者的体育锻炼_18.png) → completed [成功]
2026-05-31 10:10:35,646 [INFO] merge_service - [Poll] 进度: 22/80 完成, 剩余 58 个任务仍在处理中...
2026-05-31 10:10:39,304 [INFO] merge_service - [Poll] 进度: 22/80 完成, 剩余 58 个任务仍在处理中...
2026-05-31 10:10:42,946 [INFO] merge_service - [Poll] 进度: 22/80 完成, 剩余 58 个任务仍在处理中...
2026-05-31 10:10:46,158 [INFO] merge_service - [Poll] 任务 ee67e6e2-3844-4167-9e84-9c49bda9701b (【医脉通】2020+ESC指南：运动心脏病学和心血管疾病患者的体育锻炼_25.png) → completed [成功]
2026-05-31 10:10:46,559 [INFO] merge_service - [Poll] 进度: 23/80 完成, 剩余 57 个任务仍在处理中...
2026-05-31 10:10:49,772 [INFO] merge_service - [Poll] 任务 0d48b9d0-890e-445e-9703-a3fb9ab5b3cf (【医脉通】2020+ESC指南：运动心脏病学和心血管疾病患者的体育锻炼_21.png) → completed [成功]
2026-05-31 10:10:50,164 [INFO] merge_service - [Poll] 进度: 24/80 完成, 剩余 56 个任务仍在处理中...
2026-05-31 10:10:53,187 [INFO] merge_service - [Poll] 任务 f0e68165-e60c-4b55-8131-21d16fdacc7b (【医脉通】2020+ESC指南：运动心脏病学和心血管疾病患者的体育锻炼_26.png) → completed [成功]
2026-05-31 10:10:53,526 [INFO] merge_service - [Poll] 任务 a3831c65-a7e2-4b36-9a62-6d5fd00d1f11 (【医脉通】2020+ESC指南：运动心脏病学和心血管疾病患者的体育锻炼_24.png) → completed [成功]
2026-05-31 10:10:53,762 [INFO] merge_service - [Poll] 进度: 26/80 完成, 剩余 54 个任务仍在处理中...
2026-05-31 10:10:57,389 [INFO] merge_service - [Poll] 进度: 26/80 完成, 剩余 54 个任务仍在处理中...
2026-05-31 10:11:00,986 [INFO] merge_service - [Poll] 进度: 26/80 完成, 剩余 54 个任务仍在处理中...
2026-05-31 10:11:04,559 [INFO] merge_service - [Poll] 进度: 26/80 完成, 剩余 54 个任务仍在处理中...
2026-05-31 10:11:08,133 [INFO] merge_service - [Poll] 进度: 26/80 完成, 剩余 54 个任务仍在处理中...
2026-05-31 10:11:11,413 [INFO] merge_service - [Poll] 任务 19fca360-9f3d-4b71-ac7b-d241ec25f7e8 (【医脉通】2020+ESC指南：运动心脏病学和心血管疾病患者的体育锻炼_28.png) → completed [成功]
2026-05-31 10:11:11,788 [INFO] merge_service - [Poll] 进度: 27/80 完成, 剩余 53 个任务仍在处理中...
2026-05-31 10:11:15,375 [INFO] merge_service - [Poll] 进度: 27/80 完成, 剩余 53 个任务仍在处理中...
2026-05-31 10:11:18,949 [INFO] merge_service - [Poll] 进度: 27/80 完成, 剩余 53 个任务仍在处理中...
2026-05-31 10:11:22,515 [INFO] merge_service - [Poll] 进度: 27/80 完成, 剩余 53 个任务仍在处理中...
2026-05-31 10:11:26,122 [INFO] merge_service - [Poll] 进度: 27/80 完成, 剩余 53 个任务仍在处理中...
2026-05-31 10:11:29,174 [INFO] merge_service - [Poll] 任务 e90f19b5-849b-4caf-bcd3-42ea842c097e (【医脉通】2020+ESC指南：运动心脏病学和心血管疾病患者的体育锻炼_30.png) → completed [成功]
2026-05-31 10:11:29,695 [INFO] merge_service - [Poll] 进度: 28/80 完成, 剩余 52 个任务仍在处理中...
2026-05-31 10:11:33,275 [INFO] merge_service - [Poll] 进度: 28/80 完成, 剩余 52 个任务仍在处理中...
2026-05-31 10:11:36,842 [INFO] merge_service - [Poll] 进度: 28/80 完成, 剩余 52 个任务仍在处理中...
2026-05-31 10:11:40,411 [INFO] merge_service - [Poll] 进度: 28/80 完成, 剩余 52 个任务仍在处理中...
2026-05-31 10:11:43,966 [INFO] merge_service - [Poll] 进度: 28/80 完成, 剩余 52 个任务仍在处理中...
2026-05-31 10:11:47,539 [INFO] merge_service - [Poll] 进度: 28/80 完成, 剩余 52 个任务仍在处理中...
2026-05-31 10:11:51,106 [INFO] merge_service - [Poll] 进度: 28/80 完成, 剩余 52 个任务仍在处理中...
2026-05-31 10:11:54,670 [INFO] merge_service - [Poll] 进度: 28/80 完成, 剩余 52 个任务仍在处理中...
2026-05-31 10:11:58,223 [INFO] merge_service - [Poll] 进度: 28/80 完成, 剩余 52 个任务仍在处理中...
2026-05-31 10:12:01,828 [INFO] merge_service - [Poll] 进度: 28/80 完成, 剩余 52 个任务仍在处理中...
2026-05-31 10:12:05,385 [INFO] merge_service - [Poll] 进度: 28/80 完成, 剩余 52 个任务仍在处理中...
2026-05-31 10:12:08,939 [INFO] merge_service - [Poll] 进度: 28/80 完成, 剩余 52 个任务仍在处理中...
2026-05-31 10:12:12,539 [INFO] merge_service - [Poll] 进度: 28/80 完成, 剩余 52 个任务仍在处理中...
2026-05-31 10:12:16,092 [INFO] merge_service - [Poll] 进度: 28/80 完成, 剩余 52 个任务仍在处理中...
2026-05-31 10:12:19,663 [INFO] merge_service - [Poll] 进度: 28/80 完成, 剩余 52 个任务仍在处理中...
2026-05-31 10:12:23,242 [INFO] merge_service - [Poll] 进度: 28/80 完成, 剩余 52 个任务仍在处理中...
2026-05-31 10:12:26,797 [INFO] merge_service - [Poll] 进度: 28/80 完成, 剩余 52 个任务仍在处理中...
2026-05-31 10:12:30,348 [INFO] merge_service - [Poll] 进度: 28/80 完成, 剩余 52 个任务仍在处理中...
2026-05-31 10:12:33,437 [INFO] merge_service - [Poll] 任务 df6b45e3-bdd3-4f1f-9722-73b76b11526f (【医脉通】2020+ESC指南：运动心脏病学和心血管疾病患者的体育锻炼_29.png) → completed [成功]
2026-05-31 10:12:33,959 [INFO] merge_service - [Poll] 进度: 29/80 完成, 剩余 51 个任务仍在处理中...
2026-05-31 10:12:37,505 [INFO] merge_service - [Poll] 进度: 29/80 完成, 剩余 51 个任务仍在处理中...
2026-05-31 10:12:40,750 [INFO] merge_service - [Poll] 任务 8dcb3bad-c778-4f7f-8643-d5206af2bdcc (【医脉通】2020+ESC指南：运动心脏病学和心血管疾病患者的体育锻炼_34.png) → completed [成功]
2026-05-31 10:12:41,044 [INFO] merge_service - [Poll] 进度: 30/80 完成, 剩余 50 个任务仍在处理中...
2026-05-31 10:12:44,294 [INFO] merge_service - [Poll] 任务 3aeed854-7cd1-4529-9183-ed05b185611e (【医脉通】2020+ESC指南：运动心脏病学和心血管疾病患者的体育锻炼_33.png) → completed [成功]
2026-05-31 10:12:44,618 [INFO] merge_service - [Poll] 进度: 31/80 完成, 剩余 49 个任务仍在处理中...
2026-05-31 10:12:47,740 [INFO] merge_service - [Poll] 任务 906408af-1244-4c94-8abf-6ebba5bc47ad (【医脉通】2020+ESC指南：运动心脏病学和心血管疾病患者的体育锻炼_35.png) → completed [成功]
2026-05-31 10:12:48,151 [INFO] merge_service - [Poll] 进度: 32/80 完成, 剩余 48 个任务仍在处理中...
2026-05-31 10:12:51,208 [INFO] merge_service - [Poll] 任务 c7cbb250-b61d-4e66-8d0e-70c39f01634a (【医脉通】2020+ESC指南：运动心脏病学和心血管疾病患者的体育锻炼_32.png) → completed [成功]
2026-05-31 10:12:51,659 [INFO] merge_service - [Poll] 进度: 33/80 完成, 剩余 47 个任务仍在处理中...
2026-05-31 10:12:55,198 [INFO] merge_service - [Poll] 进度: 33/80 完成, 剩余 47 个任务仍在处理中...
2026-05-31 10:12:58,698 [INFO] merge_service - [Poll] 进度: 33/80 完成, 剩余 47 个任务仍在处理中...
2026-05-31 10:13:02,200 [INFO] merge_service - [Poll] 进度: 33/80 完成, 剩余 47 个任务仍在处理中...
2026-05-31 10:13:05,732 [INFO] merge_service - [Poll] 进度: 33/80 完成, 剩余 47 个任务仍在处理中...
2026-05-31 10:13:09,187 [INFO] merge_service - [Poll] 任务 687b599d-cb89-4771-8116-4e3eed6e36d7 (【医脉通】2020+ESC指南：运动心脏病学和心血管疾病患者的体育锻炼_31.png) → completed [成功]
2026-05-31 10:13:09,240 [INFO] merge_service - [Poll] 进度: 34/80 完成, 剩余 46 个任务仍在处理中...
2026-05-31 10:13:12,766 [INFO] merge_service - [Poll] 进度: 34/80 完成, 剩余 46 个任务仍在处理中...
2026-05-31 10:13:16,254 [INFO] merge_service - [Poll] 进度: 34/80 完成, 剩余 46 个任务仍在处理中...
2026-05-31 10:13:19,597 [INFO] merge_service - [Poll] 任务 8672b701-5747-45b1-beee-4ddd2a9a50f0 (【医脉通】2020+ESC指南：运动心脏病学和心血管疾病患者的体育锻炼_36.png) → completed [成功]
2026-05-31 10:13:19,761 [INFO] merge_service - [Poll] 进度: 35/80 完成, 剩余 45 个任务仍在处理中...
2026-05-31 10:13:23,264 [INFO] merge_service - [Poll] 进度: 35/80 完成, 剩余 45 个任务仍在处理中...
2026-05-31 10:13:27,001 [INFO] merge_service - [Poll] 进度: 35/80 完成, 剩余 45 个任务仍在处理中...
2026-05-31 10:13:30,485 [INFO] merge_service - [Poll] 进度: 35/80 完成, 剩余 45 个任务仍在处理中...
2026-05-31 10:13:34,000 [INFO] merge_service - [Poll] 进度: 35/80 完成, 剩余 45 个任务仍在处理中...
2026-05-31 10:13:37,528 [INFO] merge_service - [Poll] 进度: 35/80 完成, 剩余 45 个任务仍在处理中...
2026-05-31 10:13:40,938 [INFO] merge_service - [Poll] 任务 60462fab-9dc2-47a8-bc5d-6d715aee43cd (【医脉通】2020+ESC指南：运动心脏病学和心血管疾病患者的体育锻炼_40.png) → completed [成功]
2026-05-31 10:13:41,014 [INFO] merge_service - [Poll] 进度: 36/80 完成, 剩余 44 个任务仍在处理中...
2026-05-31 10:13:44,494 [INFO] merge_service - [Poll] 进度: 36/80 完成, 剩余 44 个任务仍在处理中...
2026-05-31 10:13:48,012 [INFO] merge_service - [Poll] 进度: 36/80 完成, 剩余 44 个任务仍在处理中...
2026-05-31 10:13:51,485 [INFO] merge_service - [Poll] 进度: 36/80 完成, 剩余 44 个任务仍在处理中...
2026-05-31 10:13:54,763 [INFO] merge_service - [Poll] 任务 9df44f8b-444e-478b-bff1-799e6caf1376 (【医脉通】2020+ESC指南：运动心脏病学和心血管疾病患者的体育锻炼_39.png) → completed [成功]
2026-05-31 10:13:55,004 [INFO] merge_service - [Poll] 进度: 37/80 完成, 剩余 43 个任务仍在处理中...
2026-05-31 10:13:58,464 [INFO] merge_service - [Poll] 进度: 37/80 完成, 剩余 43 个任务仍在处理中...
2026-05-31 10:14:01,962 [INFO] merge_service - [Poll] 进度: 37/80 完成, 剩余 43 个任务仍在处理中...
2026-05-31 10:14:05,476 [INFO] merge_service - [Poll] 进度: 37/80 完成, 剩余 43 个任务仍在处理中...
2026-05-31 10:14:08,988 [INFO] merge_service - [Poll] 进度: 37/80 完成, 剩余 43 个任务仍在处理中...
2026-05-31 10:14:12,445 [INFO] merge_service - [Poll] 进度: 37/80 完成, 剩余 43 个任务仍在处理中...
2026-05-31 10:14:15,940 [INFO] merge_service - [Poll] 进度: 37/80 完成, 剩余 43 个任务仍在处理中...
2026-05-31 10:14:19,401 [INFO] merge_service - [Poll] 进度: 37/80 完成, 剩余 43 个任务仍在处理中...
2026-05-31 10:14:22,761 [INFO] merge_service - [Poll] 任务 9e2fce40-4825-434d-bece-bd0c6631594c (【医脉通】2020+ESC指南：运动心脏病学和心血管疾病患者的体育锻炼_37.png) → completed [成功]
2026-05-31 10:14:22,886 [INFO] merge_service - [Poll] 进度: 38/80 完成, 剩余 42 个任务仍在处理中...
2026-05-31 10:14:25,949 [INFO] merge_service - [Poll] 任务 737cf06e-5a71-4657-a83a-8dffeafd32ba (【医脉通】2020+ESC指南：运动心脏病学和心血管疾病患者的体育锻炼_15.png) → completed [成功]
2026-05-31 10:14:26,045 [INFO] merge_service - [Poll] 任务 581df542-0ff7-45fe-a9f8-c6055e161a78 (【医脉通】2020+ESC指南：运动心脏病学和心血管疾病患者的体育锻炼_38.png) → completed [成功]
2026-05-31 10:14:26,332 [INFO] merge_service - [Poll] 进度: 40/80 完成, 剩余 40 个任务仍在处理中...
2026-05-31 10:14:29,771 [INFO] merge_service - [Poll] 进度: 40/80 完成, 剩余 40 个任务仍在处理中...
2026-05-31 10:14:33,208 [INFO] merge_service - [Poll] 进度: 40/80 完成, 剩余 40 个任务仍在处理中...
2026-05-31 10:14:36,631 [INFO] merge_service - [Poll] 进度: 40/80 完成, 剩余 40 个任务仍在处理中...
2026-05-31 10:14:40,078 [INFO] merge_service - [Poll] 进度: 40/80 完成, 剩余 40 个任务仍在处理中...
2026-05-31 10:14:43,506 [INFO] merge_service - [Poll] 进度: 40/80 完成, 剩余 40 个任务仍在处理中...
2026-05-31 10:14:46,931 [INFO] merge_service - [Poll] 进度: 40/80 完成, 剩余 40 个任务仍在处理中...
2026-05-31 10:14:50,372 [INFO] merge_service - [Poll] 任务 e400a4a9-2322-490d-a76e-2a3a9f2ea79f (【医脉通】2020+ESC指南：运动心脏病学和心血管疾病患者的体育锻炼_42.png) → completed [成功]
2026-05-31 10:14:50,405 [INFO] merge_service - [Poll] 进度: 41/80 完成, 剩余 39 个任务仍在处理中...
2026-05-31 10:14:53,824 [INFO] merge_service - [Poll] 进度: 41/80 完成, 剩余 39 个任务仍在处理中...
2026-05-31 10:14:56,917 [INFO] merge_service - [Poll] 任务 42e952c7-5518-4f73-88f2-bf16a21f0c30 (【医脉通】2020+ESC指南：运动心脏病学和心血管疾病患者的体育锻炼_41.png) → completed [成功]
2026-05-31 10:14:57,249 [INFO] merge_service - [Poll] 进度: 42/80 完成, 剩余 38 个任务仍在处理中...
2026-05-31 10:15:00,695 [INFO] merge_service - [Poll] 进度: 42/80 完成, 剩余 38 个任务仍在处理中...
2026-05-31 10:15:04,110 [INFO] merge_service - [Poll] 任务 46b1a9a3-3e76-4401-acea-ad45d03aaa5d (【医脉通】2020+ESC指南：运动心脏病学和心血管疾病患者的体育锻炼_45.png) → completed [成功]
2026-05-31 10:15:04,111 [INFO] merge_service - [Poll] 进度: 43/80 完成, 剩余 37 个任务仍在处理中...
2026-05-31 10:15:07,512 [INFO] merge_service - [Poll] 进度: 43/80 完成, 剩余 37 个任务仍在处理中...
2026-05-31 10:15:10,940 [INFO] merge_service - [Poll] 进度: 43/80 完成, 剩余 37 个任务仍在处理中...
2026-05-31 10:15:14,355 [INFO] merge_service - [Poll] 进度: 43/80 完成, 剩余 37 个任务仍在处理中...
2026-05-31 10:15:17,749 [INFO] merge_service - [Poll] 进度: 43/80 完成, 剩余 37 个任务仍在处理中...
2026-05-31 10:15:21,174 [INFO] merge_service - [Poll] 进度: 43/80 完成, 剩余 37 个任务仍在处理中...
2026-05-31 10:15:24,352 [INFO] merge_service - [Poll] 任务 e94bfa1d-51b1-4849-9d02-cee50f383811 (【医脉通】2020+ESC指南：运动心脏病学和心血管疾病患者的体育锻炼_47.png) → completed [成功]
2026-05-31 10:15:24,387 [INFO] merge_service - [Poll] 任务 61c81640-b887-4669-9b53-fdec0efdffef (【医脉通】2020+ESC指南：运动心脏病学和心血管疾病患者的体育锻炼_46.png) → completed [成功]
2026-05-31 10:15:24,596 [INFO] merge_service - [Poll] 进度: 45/80 完成, 剩余 35 个任务仍在处理中...
2026-05-31 10:15:27,719 [INFO] merge_service - [Poll] 任务 845135a0-5188-4a27-8974-ae50a53f0e08 (【医脉通】2020+ESC指南：运动心脏病学和心血管疾病患者的体育锻炼_43.png) → completed [成功]
2026-05-31 10:15:27,968 [INFO] merge_service - [Poll] 进度: 46/80 完成, 剩余 34 个任务仍在处理中...
2026-05-31 10:15:31,356 [INFO] merge_service - [Poll] 进度: 46/80 完成, 剩余 34 个任务仍在处理中...
2026-05-31 10:15:34,395 [INFO] merge_service - [Poll] 任务 d24b70a5-7caf-4fa2-abe1-60a639121608 (【医脉通】2020+ESC指南：运动心脏病学和心血管疾病患者的体育锻炼_48.png) → completed [成功]
2026-05-31 10:15:34,764 [INFO] merge_service - [Poll] 进度: 47/80 完成, 剩余 33 个任务仍在处理中...
2026-05-31 10:15:38,173 [INFO] merge_service - [Poll] 进度: 47/80 完成, 剩余 33 个任务仍在处理中...
2026-05-31 10:15:41,532 [INFO] merge_service - [Poll] 进度: 47/80 完成, 剩余 33 个任务仍在处理中...
2026-05-31 10:15:44,556 [INFO] merge_service - [Poll] 任务 e1b107e8-63e6-4514-93a0-214542500982 (【医脉通】2020+ESC指南：运动心脏病学和心血管疾病患者的体育锻炼_44.png) → completed [成功]
2026-05-31 10:15:44,949 [INFO] merge_service - [Poll] 进度: 48/80 完成, 剩余 32 个任务仍在处理中...
2026-05-31 10:15:48,314 [INFO] merge_service - [Poll] 进度: 48/80 完成, 剩余 32 个任务仍在处理中...
2026-05-31 10:15:51,689 [INFO] merge_service - [Poll] 进度: 48/80 完成, 剩余 32 个任务仍在处理中...
2026-05-31 10:15:55,031 [INFO] merge_service - [Poll] 进度: 48/80 完成, 剩余 32 个任务仍在处理中...
2026-05-31 10:15:58,365 [INFO] merge_service - [Poll] 进度: 48/80 完成, 剩余 32 个任务仍在处理中...
2026-05-31 10:16:01,731 [INFO] merge_service - [Poll] 进度: 48/80 完成, 剩余 32 个任务仍在处理中...
2026-05-31 10:16:05,098 [INFO] merge_service - [Poll] 进度: 48/80 完成, 剩余 32 个任务仍在处理中...
2026-05-31 10:16:08,443 [INFO] merge_service - [Poll] 进度: 48/80 完成, 剩余 32 个任务仍在处理中...
2026-05-31 10:16:11,793 [INFO] merge_service - [Poll] 进度: 48/80 完成, 剩余 32 个任务仍在处理中...
2026-05-31 10:16:14,828 [INFO] merge_service - [Poll] 任务 3d4e66c2-6073-4357-ae97-2b76f92d309e (【医脉通】2020+ESC指南：运动心脏病学和心血管疾病患者的体育锻炼_52.png) → completed [成功]
2026-05-31 10:16:15,149 [INFO] merge_service - [Poll] 进度: 49/80 完成, 剩余 31 个任务仍在处理中...
2026-05-31 10:16:18,491 [INFO] merge_service - [Poll] 进度: 49/80 完成, 剩余 31 个任务仍在处理中...
2026-05-31 10:16:21,871 [INFO] merge_service - [Poll] 进度: 49/80 完成, 剩余 31 个任务仍在处理中...
2026-05-31 10:16:25,228 [INFO] merge_service - [Poll] 进度: 49/80 完成, 剩余 31 个任务仍在处理中...
2026-05-31 10:16:28,570 [INFO] merge_service - [Poll] 进度: 49/80 完成, 剩余 31 个任务仍在处理中...
2026-05-31 10:16:31,910 [INFO] merge_service - [Poll] 进度: 49/80 完成, 剩余 31 个任务仍在处理中...
2026-05-31 10:16:35,029 [INFO] merge_service - [Poll] 任务 578b5dfe-352e-4383-95cb-6e2265a359ba (【医脉通】2020+ESC指南：运动心脏病学和心血管疾病患者的体育锻炼_50.png) → completed [成功]
2026-05-31 10:16:35,236 [INFO] merge_service - [Poll] 进度: 50/80 完成, 剩余 30 个任务仍在处理中...
2026-05-31 10:16:38,579 [INFO] merge_service - [Poll] 进度: 50/80 完成, 剩余 30 个任务仍在处理中...
2026-05-31 10:16:41,907 [INFO] merge_service - [Poll] 进度: 50/80 完成, 剩余 30 个任务仍在处理中...
2026-05-31 10:16:45,269 [INFO] merge_service - [Poll] 进度: 50/80 完成, 剩余 30 个任务仍在处理中...
2026-05-31 10:16:48,610 [INFO] merge_service - [Poll] 进度: 50/80 完成, 剩余 30 个任务仍在处理中...
2026-05-31 10:16:51,938 [INFO] merge_service - [Poll] 进度: 50/80 完成, 剩余 30 个任务仍在处理中...
2026-05-31 10:16:55,283 [INFO] merge_service - [Poll] 进度: 50/80 完成, 剩余 30 个任务仍在处理中...
2026-05-31 10:16:58,618 [INFO] merge_service - [Poll] 进度: 50/80 完成, 剩余 30 个任务仍在处理中...
2026-05-31 10:17:01,967 [INFO] merge_service - [Poll] 进度: 50/80 完成, 剩余 30 个任务仍在处理中...
2026-05-31 10:17:05,177 [INFO] merge_service - [Poll] 任务 0710cde0-81b8-4c02-8bbb-e13d9f21481b (【医脉通】2020+ESC指南：运动心脏病学和心血管疾病患者的体育锻炼_49.png) → completed [成功]
2026-05-31 10:17:05,296 [INFO] merge_service - [Poll] 进度: 51/80 完成, 剩余 29 个任务仍在处理中...
2026-05-31 10:17:08,607 [INFO] merge_service - [Poll] 进度: 51/80 完成, 剩余 29 个任务仍在处理中...
2026-05-31 10:17:11,968 [INFO] merge_service - [Poll] 进度: 51/80 完成, 剩余 29 个任务仍在处理中...
2026-05-31 10:17:15,119 [INFO] merge_service - [Poll] 任务 2b3f8c62-5852-4e0a-aa3c-a8f4ba3134a7 (【医脉通】2020+ESC指南：运动心脏病学和心血管疾病患者的体育锻炼_51.png) → completed [成功]
2026-05-31 10:17:15,276 [INFO] merge_service - [Poll] 进度: 52/80 完成, 剩余 28 个任务仍在处理中...
2026-05-31 10:17:18,572 [INFO] merge_service - [Poll] 任务 b61a3215-0d5e-4446-b3e3-d8ec3eaa43f3 (【医脉通】2020+ESC指南：运动心脏病学和心血管疾病患者的体育锻炼_53.png) → completed [成功]
2026-05-31 10:17:18,593 [INFO] merge_service - [Poll] 进度: 53/80 完成, 剩余 27 个任务仍在处理中...
2026-05-31 10:17:21,932 [INFO] merge_service - [Poll] 进度: 53/80 完成, 剩余 27 个任务仍在处理中...
2026-05-31 10:17:25,223 [INFO] merge_service - [Poll] 进度: 53/80 完成, 剩余 27 个任务仍在处理中...
2026-05-31 10:17:28,508 [INFO] merge_service - [Poll] 进度: 53/80 完成, 剩余 27 个任务仍在处理中...
2026-05-31 10:17:31,846 [INFO] merge_service - [Poll] 进度: 53/80 完成, 剩余 27 个任务仍在处理中...
2026-05-31 10:17:35,133 [INFO] merge_service - [Poll] 进度: 53/80 完成, 剩余 27 个任务仍在处理中...
2026-05-31 10:17:38,367 [INFO] merge_service - [Poll] 任务 07e7014c-f2c3-423b-8af3-89078abed9d5 (【医脉通】2020+ESC指南：运动心脏病学和心血管疾病患者的体育锻炼_54.png) → completed [成功]
2026-05-31 10:17:38,462 [INFO] merge_service - [Poll] 进度: 54/80 完成, 剩余 26 个任务仍在处理中...
2026-05-31 10:17:41,746 [INFO] merge_service - [Poll] 进度: 54/80 完成, 剩余 26 个任务仍在处理中...
2026-05-31 10:17:45,054 [INFO] merge_service - [Poll] 进度: 54/80 完成, 剩余 26 个任务仍在处理中...
2026-05-31 10:17:48,337 [INFO] merge_service - [Poll] 进度: 54/80 完成, 剩余 26 个任务仍在处理中...
2026-05-31 10:17:51,402 [INFO] merge_service - [Poll] 任务 2d2c7e76-5c8f-4809-87f1-3664030bc830 (【医脉通】2020+ESC指南：运动心脏病学和心血管疾病患者的体育锻炼_56.png) → completed [成功]
2026-05-31 10:17:51,623 [INFO] merge_service - [Poll] 进度: 55/80 完成, 剩余 25 个任务仍在处理中...
2026-05-31 10:17:54,928 [INFO] merge_service - [Poll] 进度: 55/80 完成, 剩余 25 个任务仍在处理中...
2026-05-31 10:17:58,195 [INFO] merge_service - [Poll] 进度: 55/80 完成, 剩余 25 个任务仍在处理中...
2026-05-31 10:18:01,465 [INFO] merge_service - [Poll] 进度: 55/80 完成, 剩余 25 个任务仍在处理中...
2026-05-31 10:18:04,688 [INFO] merge_service - [Poll] 任务 bf6e1dd9-cba8-4b1c-8f8d-efd09cc29d0a (【医脉通】2020+ESC指南：运动心脏病学和心血管疾病患者的体育锻炼_60.png) → completed [成功]
2026-05-31 10:18:04,771 [INFO] merge_service - [Poll] 进度: 56/80 完成, 剩余 24 个任务仍在处理中...
2026-05-31 10:18:08,026 [INFO] merge_service - [Poll] 任务 ad7fd457-eabb-4988-b5c5-179fc32ee587 (【医脉通】2020+ESC指南：运动心脏病学和心血管疾病患者的体育锻炼_57.png) → completed [成功]
2026-05-31 10:18:08,057 [INFO] merge_service - [Poll] 进度: 57/80 完成, 剩余 23 个任务仍在处理中...
2026-05-31 10:18:11,315 [INFO] merge_service - [Poll] 进度: 57/80 完成, 剩余 23 个任务仍在处理中...
2026-05-31 10:18:14,374 [INFO] merge_service - [Poll] 任务 42efef62-d5e4-4160-ba11-13df04516bf8 (【医脉通】2020+ESC指南：运动心脏病学和心血管疾病患者的体育锻炼_55.png) → completed [成功]
2026-05-31 10:18:14,560 [INFO] merge_service - [Poll] 进度: 58/80 完成, 剩余 22 个任务仍在处理中...
2026-05-31 10:18:17,810 [INFO] merge_service - [Poll] 进度: 58/80 完成, 剩余 22 个任务仍在处理中...
2026-05-31 10:18:20,888 [INFO] merge_service - [Poll] 任务 6e694781-cd7e-46c7-9748-95eb77d36e32 (【医脉通】2020+ESC指南：运动心脏病学和心血管疾病患者的体育锻炼_64.png) → completed [成功]
2026-05-31 10:18:21,052 [INFO] merge_service - [Poll] 进度: 59/80 完成, 剩余 21 个任务仍在处理中...
2026-05-31 10:18:24,108 [INFO] merge_service - [Poll] 任务 a5989851-4976-4f74-aa12-06c24026c719 (【医脉通】2020+ESC指南：运动心脏病学和心血管疾病患者的体育锻炼_58.png) → completed [成功]
2026-05-31 10:18:24,282 [INFO] merge_service - [Poll] 进度: 60/80 完成, 剩余 20 个任务仍在处理中...
2026-05-31 10:18:27,521 [INFO] merge_service - [Poll] 任务 f3f832c0-da08-483b-bc69-0b39f8d70ecb (【医脉通】2020+ESC指南：运动心脏病学和心血管疾病患者的体育锻炼_59.png) → completed [成功]
2026-05-31 10:18:27,543 [INFO] merge_service - [Poll] 进度: 61/80 完成, 剩余 19 个任务仍在处理中...
2026-05-31 10:18:30,760 [INFO] merge_service - [Poll] 进度: 61/80 完成, 剩余 19 个任务仍在处理中...
2026-05-31 10:18:34,166 [INFO] merge_service - [Poll] 任务 e5763663-330a-4019-97a9-f764c28a53f9 (【医脉通】2020+ESC指南：运动心脏病学和心血管疾病患者的体育锻炼_65.png) → completed [成功]
2026-05-31 10:18:34,191 [INFO] merge_service - [Poll] 进度: 62/80 完成, 剩余 18 个任务仍在处理中...
2026-05-31 10:18:37,394 [INFO] merge_service - [Poll] 进度: 62/80 完成, 剩余 18 个任务仍在处理中...
2026-05-31 10:18:40,585 [INFO] merge_service - [Poll] 任务 25c4d307-a082-4c5d-8a3c-098bc5044fa5 (【医脉通】2020+ESC指南：运动心脏病学和心血管疾病患者的体育锻炼_68.png) → completed [成功]
2026-05-31 10:18:40,616 [INFO] merge_service - [Poll] 进度: 63/80 完成, 剩余 17 个任务仍在处理中...
2026-05-31 10:18:43,803 [INFO] merge_service - [Poll] 进度: 63/80 完成, 剩余 17 个任务仍在处理中...
2026-05-31 10:18:47,003 [INFO] merge_service - [Poll] 进度: 63/80 完成, 剩余 17 个任务仍在处理中...
2026-05-31 10:18:50,195 [INFO] merge_service - [Poll] 进度: 63/80 完成, 剩余 17 个任务仍在处理中...
2026-05-31 10:18:53,252 [INFO] merge_service - [Poll] 任务 b7b6ee2a-65d6-47c8-b797-fdd0f55f4c4f (【医脉通】2020+ESC指南：运动心脏病学和心血管疾病患者的体育锻炼_61.png) → completed [成功]
2026-05-31 10:18:53,283 [INFO] merge_service - [Poll] 任务 08425220-16f0-4fb0-9091-58b38e38b4fe (【医脉通】2020+ESC指南：运动心脏病学和心血管疾病患者的体育锻炼_71.png) → completed [成功]
2026-05-31 10:18:53,294 [INFO] merge_service - [Poll] 任务 1dc545e0-1ac1-431a-82fe-5317d2262841 (【医脉通】2020+ESC指南：运动心脏病学和心血管疾病患者的体育锻炼_67.png) → completed [成功]
2026-05-31 10:18:53,393 [INFO] merge_service - [Poll] 进度: 66/80 完成, 剩余 14 个任务仍在处理中...
2026-05-31 10:21:31,633 [INFO] merge_service - [Poll] 任务 dcfbf4fb-bb1a-4b69-a888-2df9e48ece06 (【医脉通】2020+ESC指南：运动心脏病学和心血管疾病患者的体育锻炼_70.png) → completed [成功]
2026-05-31 10:21:32,380 [INFO] merge_service - [Poll] 进度: 67/80 完成, 剩余 13 个任务仍在处理中...
2026-05-31 10:21:35,682 [INFO] merge_service - [Poll] 进度: 67/80 完成, 剩余 13 个任务仍在处理中...
2026-05-31 10:21:38,839 [INFO] merge_service - [Poll] 进度: 67/80 完成, 剩余 13 个任务仍在处理中...
2026-05-31 10:21:41,980 [INFO] merge_service - [Poll] 进度: 67/80 完成, 剩余 13 个任务仍在处理中...
2026-05-31 10:21:45,160 [INFO] merge_service - [Poll] 进度: 67/80 完成, 剩余 13 个任务仍在处理中...
2026-05-31 10:21:48,340 [INFO] merge_service - [Poll] 进度: 67/80 完成, 剩余 13 个任务仍在处理中...
2026-05-31 10:21:51,507 [INFO] merge_service - [Poll] 进度: 67/80 完成, 剩余 13 个任务仍在处理中...
2026-05-31 10:21:54,681 [INFO] merge_service - [Poll] 进度: 67/80 完成, 剩余 13 个任务仍在处理中...
2026-05-31 10:21:57,855 [INFO] merge_service - [Poll] 进度: 67/80 完成, 剩余 13 个任务仍在处理中...
2026-05-31 10:22:01,030 [INFO] merge_service - [Poll] 进度: 67/80 完成, 剩余 13 个任务仍在处理中...
2026-05-31 10:22:04,210 [INFO] merge_service - [Poll] 进度: 67/80 完成, 剩余 13 个任务仍在处理中...
2026-05-31 10:22:07,382 [INFO] merge_service - [Poll] 进度: 67/80 完成, 剩余 13 个任务仍在处理中...
2026-05-31 10:22:10,559 [INFO] merge_service - [Poll] 进度: 67/80 完成, 剩余 13 个任务仍在处理中...
2026-05-31 10:22:13,736 [INFO] merge_service - [Poll] 进度: 67/80 完成, 剩余 13 个任务仍在处理中...
2026-05-31 10:22:16,916 [INFO] merge_service - [Poll] 进度: 67/80 完成, 剩余 13 个任务仍在处理中...
2026-05-31 10:22:20,092 [INFO] merge_service - [Poll] 进度: 67/80 完成, 剩余 13 个任务仍在处理中...
2026-05-31 10:22:23,270 [INFO] merge_service - [Poll] 进度: 67/80 完成, 剩余 13 个任务仍在处理中...
2026-05-31 10:22:26,448 [INFO] merge_service - [Poll] 进度: 67/80 完成, 剩余 13 个任务仍在处理中...
2026-05-31 10:22:29,621 [INFO] merge_service - [Poll] 进度: 67/80 完成, 剩余 13 个任务仍在处理中...
2026-05-31 10:22:32,801 [INFO] merge_service - [Poll] 进度: 67/80 完成, 剩余 13 个任务仍在处理中...
2026-05-31 10:22:35,981 [INFO] merge_service - [Poll] 进度: 67/80 完成, 剩余 13 个任务仍在处理中...
2026-05-31 10:22:39,156 [INFO] merge_service - [Poll] 进度: 67/80 完成, 剩余 13 个任务仍在处理中...
2026-05-31 10:22:42,331 [INFO] merge_service - [Poll] 进度: 67/80 完成, 剩余 13 个任务仍在处理中...
2026-05-31 10:22:45,507 [INFO] merge_service - [Poll] 进度: 67/80 完成, 剩余 13 个任务仍在处理中...
2026-05-31 10:22:48,674 [INFO] merge_service - [Poll] 进度: 67/80 完成, 剩余 13 个任务仍在处理中...
2026-05-31 10:22:51,846 [INFO] merge_service - [Poll] 进度: 67/80 完成, 剩余 13 个任务仍在处理中...
2026-05-31 10:22:55,020 [INFO] merge_service - [Poll] 进度: 67/80 完成, 剩余 13 个任务仍在处理中...
2026-05-31 10:22:58,197 [INFO] merge_service - [Poll] 进度: 67/80 完成, 剩余 13 个任务仍在处理中...
2026-05-31 10:23:01,369 [INFO] merge_service - [Poll] 进度: 67/80 完成, 剩余 13 个任务仍在处理中...
2026-05-31 10:23:04,543 [INFO] merge_service - [Poll] 进度: 67/80 完成, 剩余 13 个任务仍在处理中...
2026-05-31 10:23:07,721 [INFO] merge_service - [Poll] 进度: 67/80 完成, 剩余 13 个任务仍在处理中...
2026-05-31 10:23:10,895 [INFO] merge_service - [Poll] 进度: 67/80 完成, 剩余 13 个任务仍在处理中...
2026-05-31 10:23:14,070 [INFO] merge_service - [Poll] 进度: 67/80 完成, 剩余 13 个任务仍在处理中...
2026-05-31 10:23:17,246 [INFO] merge_service - [Poll] 进度: 67/80 完成, 剩余 13 个任务仍在处理中...
2026-05-31 10:23:20,419 [INFO] merge_service - [Poll] 进度: 67/80 完成, 剩余 13 个任务仍在处理中...
2026-05-31 10:23:23,596 [INFO] merge_service - [Poll] 进度: 67/80 完成, 剩余 13 个任务仍在处理中...
2026-05-31 10:23:26,776 [INFO] merge_service - [Poll] 进度: 67/80 完成, 剩余 13 个任务仍在处理中...
2026-05-31 10:23:29,950 [INFO] merge_service - [Poll] 进度: 67/80 完成, 剩余 13 个任务仍在处理中...
2026-05-31 10:23:33,124 [INFO] merge_service - [Poll] 进度: 67/80 完成, 剩余 13 个任务仍在处理中...
2026-05-31 10:23:36,302 [INFO] merge_service - [Poll] 进度: 67/80 完成, 剩余 13 个任务仍在处理中...
2026-05-31 10:23:39,480 [INFO] merge_service - [Poll] 进度: 67/80 完成, 剩余 13 个任务仍在处理中...
2026-05-31 10:23:42,657 [INFO] merge_service - [Poll] 进度: 67/80 完成, 剩余 13 个任务仍在处理中...
2026-05-31 10:23:45,836 [INFO] merge_service - [Poll] 进度: 67/80 完成, 剩余 13 个任务仍在处理中...
2026-05-31 10:23:49,013 [INFO] merge_service - [Poll] 进度: 67/80 完成, 剩余 13 个任务仍在处理中...
2026-05-31 10:23:52,187 [INFO] merge_service - [Poll] 进度: 67/80 完成, 剩余 13 个任务仍在处理中...
2026-05-31 10:23:55,363 [INFO] merge_service - [Poll] 进度: 67/80 完成, 剩余 13 个任务仍在处理中...
2026-05-31 10:23:58,539 [INFO] merge_service - [Poll] 进度: 67/80 完成, 剩余 13 个任务仍在处理中...
2026-05-31 10:24:01,710 [INFO] merge_service - [Poll] 进度: 67/80 完成, 剩余 13 个任务仍在处理中...
2026-05-31 10:24:04,869 [INFO] merge_service - [Poll] 进度: 67/80 完成, 剩余 13 个任务仍在处理中...
2026-05-31 10:24:08,036 [INFO] merge_service - [Poll] 进度: 67/80 完成, 剩余 13 个任务仍在处理中...
2026-05-31 10:24:11,191 [INFO] merge_service - [Poll] 进度: 67/80 完成, 剩余 13 个任务仍在处理中...
2026-05-31 10:24:14,339 [INFO] merge_service - [Poll] 进度: 67/80 完成, 剩余 13 个任务仍在处理中...
2026-05-31 10:24:17,489 [INFO] merge_service - [Poll] 进度: 67/80 完成, 剩余 13 个任务仍在处理中...
2026-05-31 10:24:20,642 [INFO] merge_service - [Poll] 进度: 67/80 完成, 剩余 13 个任务仍在处理中...
2026-05-31 10:24:23,808 [INFO] merge_service - [Poll] 进度: 67/80 完成, 剩余 13 个任务仍在处理中...
2026-05-31 10:24:26,986 [INFO] merge_service - [Poll] 进度: 67/80 完成, 剩余 13 个任务仍在处理中...
2026-05-31 10:24:30,161 [INFO] merge_service - [Poll] 进度: 67/80 完成, 剩余 13 个任务仍在处理中...
2026-05-31 10:24:33,341 [INFO] merge_service - [Poll] 进度: 67/80 完成, 剩余 13 个任务仍在处理中...
2026-05-31 10:24:36,511 [INFO] merge_service - [Poll] 进度: 67/80 完成, 剩余 13 个任务仍在处理中...
2026-05-31 10:24:39,684 [INFO] merge_service - [Poll] 进度: 67/80 完成, 剩余 13 个任务仍在处理中...
2026-05-31 10:24:42,861 [INFO] merge_service - [Poll] 进度: 67/80 完成, 剩余 13 个任务仍在处理中...
2026-05-31 10:24:46,036 [INFO] merge_service - [Poll] 进度: 67/80 完成, 剩余 13 个任务仍在处理中...
2026-05-31 10:24:49,214 [INFO] merge_service - [Poll] 进度: 67/80 完成, 剩余 13 个任务仍在处理中...
2026-05-31 10:24:52,369 [INFO] merge_service - [Poll] 进度: 67/80 完成, 剩余 13 个任务仍在处理中...
2026-05-31 10:24:55,517 [INFO] merge_service - [Poll] 进度: 67/80 完成, 剩余 13 个任务仍在处理中...
2026-05-31 10:24:58,677 [INFO] merge_service - [Poll] 进度: 67/80 完成, 剩余 13 个任务仍在处理中...
2026-05-31 10:25:01,853 [INFO] merge_service - [Poll] 进度: 67/80 完成, 剩余 13 个任务仍在处理中...
2026-05-31 10:25:05,029 [INFO] merge_service - [Poll] 进度: 67/80 完成, 剩余 13 个任务仍在处理中...
2026-05-31 10:25:08,208 [INFO] merge_service - [Poll] 进度: 67/80 完成, 剩余 13 个任务仍在处理中...
2026-05-31 10:25:11,385 [INFO] merge_service - [Poll] 进度: 67/80 完成, 剩余 13 个任务仍在处理中...
2026-05-31 10:25:14,560 [INFO] merge_service - [Poll] 进度: 67/80 完成, 剩余 13 个任务仍在处理中...
2026-05-31 10:25:17,736 [INFO] merge_service - [Poll] 进度: 67/80 完成, 剩余 13 个任务仍在处理中...
2026-05-31 10:25:20,913 [INFO] merge_service - [Poll] 进度: 67/80 完成, 剩余 13 个任务仍在处理中...
2026-05-31 10:25:24,089 [INFO] merge_service - [Poll] 进度: 67/80 完成, 剩余 13 个任务仍在处理中...
2026-05-31 10:25:27,268 [INFO] merge_service - [Poll] 进度: 67/80 完成, 剩余 13 个任务仍在处理中...
2026-05-31 10:25:30,443 [INFO] merge_service - [Poll] 进度: 67/80 完成, 剩余 13 个任务仍在处理中...
2026-05-31 10:25:33,618 [INFO] merge_service - [Poll] 进度: 67/80 完成, 剩余 13 个任务仍在处理中...
2026-05-31 10:25:36,796 [INFO] merge_service - [Poll] 进度: 67/80 完成, 剩余 13 个任务仍在处理中...
2026-05-31 10:25:39,971 [INFO] merge_service - [Poll] 进度: 67/80 完成, 剩余 13 个任务仍在处理中...
2026-05-31 10:25:43,161 [INFO] merge_service - [Poll] 进度: 67/80 完成, 剩余 13 个任务仍在处理中...
2026-05-31 10:25:46,337 [INFO] merge_service - [Poll] 进度: 67/80 完成, 剩余 13 个任务仍在处理中...
2026-05-31 10:25:49,504 [INFO] merge_service - [Poll] 进度: 67/80 完成, 剩余 13 个任务仍在处理中...
2026-05-31 10:25:52,653 [INFO] merge_service - [Poll] 进度: 67/80 完成, 剩余 13 个任务仍在处理中...
2026-05-31 10:25:55,794 [INFO] merge_service - [Poll] 进度: 67/80 完成, 剩余 13 个任务仍在处理中...
2026-05-31 10:25:58,941 [INFO] merge_service - [Poll] 进度: 67/80 完成, 剩余 13 个任务仍在处理中...
2026-05-31 10:26:02,091 [INFO] merge_service - [Poll] 进度: 67/80 完成, 剩余 13 个任务仍在处理中...
2026-05-31 10:26:05,247 [INFO] merge_service - [Poll] 进度: 67/80 完成, 剩余 13 个任务仍在处理中...
2026-05-31 10:26:08,444 [INFO] merge_service - [Poll] 进度: 67/80 完成, 剩余 13 个任务仍在处理中...
2026-05-31 10:26:11,628 [INFO] merge_service - [Poll] 进度: 67/80 完成, 剩余 13 个任务仍在处理中...
2026-05-31 10:26:14,800 [INFO] merge_service - [Poll] 进度: 67/80 完成, 剩余 13 个任务仍在处理中...
2026-05-31 10:26:17,964 [INFO] merge_service - [Poll] 进度: 67/80 完成, 剩余 13 个任务仍在处理中...
2026-05-31 10:26:21,117 [INFO] merge_service - [Poll] 进度: 67/80 完成, 剩余 13 个任务仍在处理中...
2026-05-31 10:26:24,259 [INFO] merge_service - [Poll] 进度: 67/80 完成, 剩余 13 个任务仍在处理中...
2026-05-31 10:26:27,406 [INFO] merge_service - [Poll] 进度: 67/80 完成, 剩余 13 个任务仍在处理中...
2026-05-31 10:26:30,554 [INFO] merge_service - [Poll] 进度: 67/80 完成, 剩余 13 个任务仍在处理中...
2026-05-31 10:26:33,744 [INFO] merge_service - [Poll] 进度: 67/80 完成, 剩余 13 个任务仍在处理中...
2026-05-31 10:26:36,930 [INFO] merge_service - [Poll] 进度: 67/80 完成, 剩余 13 个任务仍在处理中...
2026-05-31 10:26:40,099 [INFO] merge_service - [Poll] 进度: 67/80 完成, 剩余 13 个任务仍在处理中...
2026-05-31 10:26:43,250 [INFO] merge_service - [Poll] 进度: 67/80 完成, 剩余 13 个任务仍在处理中...
2026-05-31 10:26:46,392 [INFO] merge_service - [Poll] 进度: 67/80 完成, 剩余 13 个任务仍在处理中...
2026-05-31 10:26:49,536 [INFO] merge_service - [Poll] 进度: 67/80 完成, 剩余 13 个任务仍在处理中...
2026-05-31 10:26:52,685 [INFO] merge_service - [Poll] 进度: 67/80 完成, 剩余 13 个任务仍在处理中...
2026-05-31 10:26:55,856 [INFO] merge_service - [Poll] 进度: 67/80 完成, 剩余 13 个任务仍在处理中...
2026-05-31 10:26:59,042 [INFO] merge_service - [Poll] 进度: 67/80 完成, 剩余 13 个任务仍在处理中...
2026-05-31 10:27:02,222 [INFO] merge_service - [Poll] 进度: 67/80 完成, 剩余 13 个任务仍在处理中...
2026-05-31 10:27:05,393 [INFO] merge_service - [Poll] 进度: 67/80 完成, 剩余 13 个任务仍在处理中...
2026-05-31 10:27:08,546 [INFO] merge_service - [Poll] 进度: 67/80 完成, 剩余 13 个任务仍在处理中...
2026-05-31 10:27:11,703 [INFO] merge_service - [Poll] 进度: 67/80 完成, 剩余 13 个任务仍在处理中...
2026-05-31 10:27:14,844 [INFO] merge_service - [Poll] 进度: 67/80 完成, 剩余 13 个任务仍在处理中...
2026-05-31 10:27:17,989 [INFO] merge_service - [Poll] 进度: 67/80 完成, 剩余 13 个任务仍在处理中...
2026-05-31 10:27:21,136 [INFO] merge_service - [Poll] 进度: 67/80 完成, 剩余 13 个任务仍在处理中...
2026-05-31 10:27:24,299 [INFO] merge_service - [Poll] 进度: 67/80 完成, 剩余 13 个任务仍在处理中...
2026-05-31 10:27:27,488 [INFO] merge_service - [Poll] 进度: 67/80 完成, 剩余 13 个任务仍在处理中...
2026-05-31 10:27:30,670 [INFO] merge_service - [Poll] 进度: 67/80 完成, 剩余 13 个任务仍在处理中...
2026-05-31 10:27:33,829 [INFO] merge_service - [Poll] 进度: 67/80 完成, 剩余 13 个任务仍在处理中...
2026-05-31 10:27:36,982 [INFO] merge_service - [Poll] 进度: 67/80 完成, 剩余 13 个任务仍在处理中...
2026-05-31 10:27:40,123 [INFO] merge_service - [Poll] 进度: 67/80 完成, 剩余 13 个任务仍在处理中...
2026-05-31 10:27:43,267 [INFO] merge_service - [Poll] 进度: 67/80 完成, 剩余 13 个任务仍在处理中...
2026-05-31 10:27:46,419 [INFO] merge_service - [Poll] 进度: 67/80 完成, 剩余 13 个任务仍在处理中...
2026-05-31 10:27:49,574 [INFO] merge_service - [Poll] 进度: 67/80 完成, 剩余 13 个任务仍在处理中...
2026-05-31 10:27:52,760 [INFO] merge_service - [Poll] 进度: 67/80 完成, 剩余 13 个任务仍在处理中...
2026-05-31 10:27:55,946 [INFO] merge_service - [Poll] 进度: 67/80 完成, 剩余 13 个任务仍在处理中...
2026-05-31 10:27:59,124 [INFO] merge_service - [Poll] 进度: 67/80 完成, 剩余 13 个任务仍在处理中...
2026-05-31 10:28:02,282 [INFO] merge_service - [Poll] 进度: 67/80 完成, 剩余 13 个任务仍在处理中...
2026-05-31 10:28:05,424 [INFO] merge_service - [Poll] 进度: 67/80 完成, 剩余 13 个任务仍在处理中...
2026-05-31 10:28:08,622 [INFO] merge_service - [Poll] 进度: 67/80 完成, 剩余 13 个任务仍在处理中...
2026-05-31 10:28:11,802 [INFO] merge_service - [Poll] 进度: 67/80 完成, 剩余 13 个任务仍在处理中...
2026-05-31 10:28:14,981 [INFO] merge_service - [Poll] 进度: 67/80 完成, 剩余 13 个任务仍在处理中...
2026-05-31 10:28:18,153 [INFO] merge_service - [Poll] 进度: 67/80 完成, 剩余 13 个任务仍在处理中...
2026-05-31 10:28:21,317 [INFO] merge_service - [Poll] 进度: 67/80 完成, 剩余 13 个任务仍在处理中...
2026-05-31 10:28:24,461 [INFO] merge_service - [Poll] 进度: 67/80 完成, 剩余 13 个任务仍在处理中...
2026-05-31 10:28:27,603 [INFO] merge_service - [Poll] 进度: 67/80 完成, 剩余 13 个任务仍在处理中...
2026-05-31 10:28:30,759 [INFO] merge_service - [Poll] 进度: 67/80 完成, 剩余 13 个任务仍在处理中...
2026-05-31 10:28:33,907 [INFO] merge_service - [Poll] 进度: 67/80 完成, 剩余 13 个任务仍在处理中...
2026-05-31 10:28:37,082 [INFO] merge_service - [Poll] 进度: 67/80 完成, 剩余 13 个任务仍在处理中...
2026-05-31 10:28:40,256 [INFO] merge_service - [Poll] 进度: 67/80 完成, 剩余 13 个任务仍在处理中...
2026-05-31 10:28:43,421 [INFO] merge_service - [Poll] 进度: 67/80 完成, 剩余 13 个任务仍在处理中...
2026-05-31 10:28:46,579 [INFO] merge_service - [Poll] 进度: 67/80 完成, 剩余 13 个任务仍在处理中...
2026-05-31 10:28:49,738 [INFO] merge_service - [Poll] 进度: 67/80 完成, 剩余 13 个任务仍在处理中...
2026-05-31 10:28:52,883 [INFO] merge_service - [Poll] 进度: 67/80 完成, 剩余 13 个任务仍在处理中...
2026-05-31 10:28:56,030 [INFO] merge_service - [Poll] 进度: 67/80 完成, 剩余 13 个任务仍在处理中...
2026-05-31 10:28:59,211 [INFO] merge_service - [Poll] 进度: 67/80 完成, 剩余 13 个任务仍在处理中...
2026-05-31 10:29:02,401 [INFO] merge_service - [Poll] 进度: 67/80 完成, 剩余 13 个任务仍在处理中...
2026-05-31 10:29:05,474 [INFO] merge_service - [Poll] 任务 107fb2c4-d9fd-4e20-8e50-27a215321df4 (【医脉通】2020+ESC指南：运动心脏病学和心血管疾病患者的体育锻炼_73.png) → completed [成功]
2026-05-31 10:29:05,485 [INFO] merge_service - [Poll] 任务 39604781-ed64-4a6c-b833-2c9555ad01f7 (【医脉通】2020+ESC指南：运动心脏病学和心血管疾病患者的体育锻炼_74.png) → completed [成功]
2026-05-31 10:29:05,553 [INFO] merge_service - [Poll] 任务 725d2b76-8f32-48c5-bb19-1835f54f5470 (【医脉通】2020+ESC指南：运动心脏病学和心血管疾病患者的体育锻炼_62.png) → completed [成功]
2026-05-31 10:29:05,553 [INFO] merge_service - [Poll] 进度: 70/80 完成, 剩余 10 个任务仍在处理中...
2026-05-31 10:29:08,579 [INFO] merge_service - [Poll] 任务 df14e243-28ed-495e-90f7-0d209acf46b8 (【医脉通】2020+ESC指南：运动心脏病学和心血管疾病患者的体育锻炼_72.png) → completed [成功]
2026-05-31 10:29:08,676 [INFO] merge_service - [Poll] 进度: 71/80 完成, 剩余 9 个任务仍在处理中...
2026-05-31 10:29:11,822 [INFO] merge_service - [Poll] 进度: 71/80 完成, 剩余 9 个任务仍在处理中...
2026-05-31 10:29:14,959 [INFO] merge_service - [Poll] 进度: 71/80 完成, 剩余 9 个任务仍在处理中...
2026-05-31 10:29:18,068 [INFO] merge_service - [Poll] 进度: 71/80 完成, 剩余 9 个任务仍在处理中...
2026-05-31 10:29:21,082 [INFO] merge_service - [Poll] 任务 d9a2bb52-5e7a-4f1a-a260-2517851e8f6b (【医脉通】2020+ESC指南：运动心脏病学和心血管疾病患者的体育锻炼_77.png) → completed [成功]
2026-05-31 10:29:21,161 [INFO] merge_service - [Poll] 任务 673627c5-22fe-4c67-a6bc-d67e201a9aa3 (【医脉通】2020+ESC指南：运动心脏病学和心血管疾病患者的体育锻炼_79.png) → completed [成功]
2026-05-31 10:29:21,183 [INFO] merge_service - [Poll] 进度: 73/80 完成, 剩余 7 个任务仍在处理中...
2026-05-31 10:29:24,261 [INFO] merge_service - [Poll] 进度: 73/80 完成, 剩余 7 个任务仍在处理中...
2026-05-31 10:29:27,344 [INFO] merge_service - [Poll] 任务 3086d06f-bc34-4a18-a913-7fdebfe4ed75 (【医脉通】2020+ESC指南：运动心脏病学和心血管疾病患者的体育锻炼_76.png) → completed [成功]
2026-05-31 10:29:27,344 [INFO] merge_service - [Poll] 进度: 74/80 完成, 剩余 6 个任务仍在处理中...
2026-05-31 10:29:30,421 [INFO] merge_service - [Poll] 任务 54563118-b770-4be3-b32a-aee41fb0a7cb (【医脉通】2020+ESC指南：运动心脏病学和心血管疾病患者的体育锻炼_80.png) → completed [成功]
2026-05-31 10:29:30,443 [INFO] merge_service - [Poll] 进度: 75/80 完成, 剩余 5 个任务仍在处理中...
2026-05-31 10:29:33,503 [INFO] merge_service - [Poll] 进度: 75/80 完成, 剩余 5 个任务仍在处理中...
2026-05-31 10:29:36,559 [INFO] merge_service - [Poll] 进度: 75/80 完成, 剩余 5 个任务仍在处理中...
2026-05-31 10:29:39,656 [INFO] merge_service - [Poll] 进度: 75/80 完成, 剩余 5 个任务仍在处理中...
2026-05-31 10:29:42,722 [INFO] merge_service - [Poll] 进度: 75/80 完成, 剩余 5 个任务仍在处理中...
2026-05-31 10:29:45,746 [INFO] merge_service - [Poll] 任务 ff9fb4d7-df69-414c-84a1-61a2166df7eb (【医脉通】2020+ESC指南：运动心脏病学和心血管疾病患者的体育锻炼_63.png) → completed [成功]
2026-05-31 10:29:45,777 [INFO] merge_service - [Poll] 进度: 76/80 完成, 剩余 4 个任务仍在处理中...
2026-05-31 10:29:48,837 [INFO] merge_service - [Poll] 进度: 76/80 完成, 剩余 4 个任务仍在处理中...
2026-05-31 10:29:51,894 [INFO] merge_service - [Poll] 进度: 76/80 完成, 剩余 4 个任务仍在处理中...
2026-05-31 10:29:54,942 [INFO] merge_service - [Poll] 进度: 76/80 完成, 剩余 4 个任务仍在处理中...
2026-05-31 10:29:57,991 [INFO] merge_service - [Poll] 进度: 76/80 完成, 剩余 4 个任务仍在处理中...
2026-05-31 10:30:01,012 [INFO] merge_service - [Poll] 任务 d0dc9943-5a19-45fd-8d43-4f361ff57df0 (【医脉通】2020+ESC指南：运动心脏病学和心血管疾病患者的体育锻炼_66.png) → completed [成功]
2026-05-31 10:30:01,049 [INFO] merge_service - [Poll] 进度: 77/80 完成, 剩余 3 个任务仍在处理中...
2026-05-31 10:30:04,086 [INFO] merge_service - [Poll] 进度: 77/80 完成, 剩余 3 个任务仍在处理中...
2026-05-31 10:30:07,136 [INFO] merge_service - [Poll] 进度: 77/80 完成, 剩余 3 个任务仍在处理中...
2026-05-31 10:30:10,177 [INFO] merge_service - [Poll] 进度: 77/80 完成, 剩余 3 个任务仍在处理中...
2026-05-31 10:30:13,212 [INFO] merge_service - [Poll] 进度: 77/80 完成, 剩余 3 个任务仍在处理中...
2026-05-31 10:30:16,239 [INFO] merge_service - [Poll] 任务 62e8413c-ddef-40d9-935d-b1437c86bcbc (【医脉通】2020+ESC指南：运动心脏病学和心血管疾病患者的体育锻炼_69.png) → completed [成功]
2026-05-31 10:30:16,279 [INFO] merge_service - [Poll] 进度: 78/80 完成, 剩余 2 个任务仍在处理中...
2026-05-31 10:30:19,310 [INFO] merge_service - [Poll] 进度: 78/80 完成, 剩余 2 个任务仍在处理中...
2026-05-31 10:30:22,333 [INFO] merge_service - [Poll] 进度: 78/80 完成, 剩余 2 个任务仍在处理中...
2026-05-31 10:30:25,390 [INFO] merge_service - [Poll] 进度: 78/80 完成, 剩余 2 个任务仍在处理中...
2026-05-31 10:30:28,413 [INFO] merge_service - [Poll] 进度: 78/80 完成, 剩余 2 个任务仍在处理中...
2026-05-31 10:30:31,481 [INFO] merge_service - [Poll] 进度: 78/80 完成, 剩余 2 个任务仍在处理中...
2026-05-31 10:30:34,515 [INFO] merge_service - [Poll] 进度: 78/80 完成, 剩余 2 个任务仍在处理中...
2026-05-31 10:30:37,538 [INFO] merge_service - [Poll] 进度: 78/80 完成, 剩余 2 个任务仍在处理中...
2026-05-31 10:30:40,586 [INFO] merge_service - [Poll] 进度: 78/80 完成, 剩余 2 个任务仍在处理中...
2026-05-31 10:30:43,622 [INFO] merge_service - [Poll] 任务 10b7054b-deed-4a7b-a2cd-b0f275506ede (【医脉通】2020+ESC指南：运动心脏病学和心血管疾病患者的体育锻炼_75.png) → completed [成功]
2026-05-31 10:30:43,622 [INFO] merge_service - [Poll] 进度: 79/80 完成, 剩余 1 个任务仍在处理中...
2026-05-31 10:30:46,633 [INFO] merge_service - [Poll] 进度: 79/80 完成, 剩余 1 个任务仍在处理中...
2026-05-31 10:30:49,646 [INFO] merge_service - [Poll] 进度: 79/80 完成, 剩余 1 个任务仍在处理中...
2026-05-31 10:30:52,683 [INFO] merge_service - [Poll] 进度: 79/80 完成, 剩余 1 个任务仍在处理中...
2026-05-31 10:30:55,698 [INFO] merge_service - [Poll] 进度: 79/80 完成, 剩余 1 个任务仍在处理中...
2026-05-31 10:30:58,711 [INFO] merge_service - [Poll] 进度: 79/80 完成, 剩余 1 个任务仍在处理中...
2026-05-31 10:31:01,735 [INFO] merge_service - [Poll] 进度: 79/80 完成, 剩余 1 个任务仍在处理中...
2026-05-31 10:31:04,754 [INFO] merge_service - [Poll] 进度: 79/80 完成, 剩余 1 个任务仍在处理中...
2026-05-31 10:31:07,767 [INFO] merge_service - [Poll] 任务 96ee2228-8368-43db-b8ec-1352b4ff8fd0 (【医脉通】2020+ESC指南：运动心脏病学和心血管疾病患者的体育锻炼_78.png) → completed [成功]
2026-05-31 10:31:07,767 [INFO] merge_service - [8d9dbe6c-facf-49b0-a741-51c3918c227b] 所有提取任务已完成，开始合并清洗...
2026-05-31 10:31:07,767 [INFO] merge_service - [8d9dbe6c-facf-49b0-a741-51c3918c227b] 合并顺序（按原图片文件名序号）:
2026-05-31 10:31:07,767 [INFO] merge_service -   第1页: 【医脉通】2020+ESC指南：运动心脏病学和心血管疾病患者的体育锻炼_1.png → output/医脉通】2020+ESC指南：运动心脏病学和心血管疾病患者的体育锻炼/医脉通】2020+ESC指南：运动心脏病学和心血管疾病患者的体育锻炼_1.md
2026-05-31 10:31:07,767 [INFO] merge_service -   第2页: 【医脉通】2020+ESC指南：运动心脏病学和心血管疾病患者的体育锻炼_2.png → output/医脉通】2020+ESC指南：运动心脏病学和心血管疾病患者的体育锻炼/医脉通】2020+ESC指南：运动心脏病学和心血管疾病患者的体育锻炼_2.md
2026-05-31 10:31:07,767 [INFO] merge_service -   第3页: 【医脉通】2020+ESC指南：运动心脏病学和心血管疾病患者的体育锻炼_3.png → output/医脉通】2020+ESC指南：运动心脏病学和心血管疾病患者的体育锻炼/医脉通】2020+ESC指南：运动心脏病学和心血管疾病患者的体育锻炼_3.md
2026-05-31 10:31:07,767 [INFO] merge_service -   第4页: 【医脉通】2020+ESC指南：运动心脏病学和心血管疾病患者的体育锻炼_4.png → output/医脉通】2020+ESC指南：运动心脏病学和心血管疾病患者的体育锻炼/医脉通】2020+ESC指南：运动心脏病学和心血管疾病患者的体育锻炼_4.md
2026-05-31 10:31:07,767 [INFO] merge_service -   第5页: 【医脉通】2020+ESC指南：运动心脏病学和心血管疾病患者的体育锻炼_5.png → output/医脉通】2020+ESC指南：运动心脏病学和心血管疾病患者的体育锻炼/医脉通】2020+ESC指南：运动心脏病学和心血管疾病患者的体育锻炼_5.md
2026-05-31 10:31:07,767 [INFO] merge_service -   第6页: 【医脉通】2020+ESC指南：运动心脏病学和心血管疾病患者的体育锻炼_6.png → output/医脉通】2020+ESC指南：运动心脏病学和心血管疾病患者的体育锻炼/医脉通】2020+ESC指南：运动心脏病学和心血管疾病患者的体育锻炼_6.md
2026-05-31 10:31:07,767 [INFO] merge_service -   第7页: 【医脉通】2020+ESC指南：运动心脏病学和心血管疾病患者的体育锻炼_7.png → output/医脉通】2020+ESC指南：运动心脏病学和心血管疾病患者的体育锻炼/医脉通】2020+ESC指南：运动心脏病学和心血管疾病患者的体育锻炼_7.md
2026-05-31 10:31:07,767 [INFO] merge_service -   第8页: 【医脉通】2020+ESC指南：运动心脏病学和心血管疾病患者的体育锻炼_8.png → output/医脉通】2020+ESC指南：运动心脏病学和心血管疾病患者的体育锻炼/医脉通】2020+ESC指南：运动心脏病学和心血管疾病患者的体育锻炼_8.md
2026-05-31 10:31:07,767 [INFO] merge_service -   第9页: 【医脉通】2020+ESC指南：运动心脏病学和心血管疾病患者的体育锻炼_9.png → output/医脉通】2020+ESC指南：运动心脏病学和心血管疾病患者的体育锻炼/医脉通】2020+ESC指南：运动心脏病学和心血管疾病患者的体育锻炼_9.md
2026-05-31 10:31:07,767 [INFO] merge_service -   第10页: 【医脉通】2020+ESC指南：运动心脏病学和心血管疾病患者的体育锻炼_10.png → output/医脉通】2020+ESC指南：运动心脏病学和心血管疾病患者的体育锻炼/医脉通】2020+ESC指南：运动心脏病学和心血管疾病患者的体育锻炼_10.md
2026-05-31 10:31:07,767 [INFO] merge_service -   第11页: 【医脉通】2020+ESC指南：运动心脏病学和心血管疾病患者的体育锻炼_11.png → output/医脉通】2020+ESC指南：运动心脏病学和心血管疾病患者的体育锻炼/医脉通】2020+ESC指南：运动心脏病学和心血管疾病患者的体育锻炼_11.md
2026-05-31 10:31:07,768 [INFO] merge_service -   第12页: 【医脉通】2020+ESC指南：运动心脏病学和心血管疾病患者的体育锻炼_12.png → output/医脉通】2020+ESC指南：运动心脏病学和心血管疾病患者的体育锻炼/医脉通】2020+ESC指南：运动心脏病学和心血管疾病患者的体育锻炼_12.md
2026-05-31 10:31:07,768 [INFO] merge_service -   第13页: 【医脉通】2020+ESC指南：运动心脏病学和心血管疾病患者的体育锻炼_13.png → output/医脉通】2020+ESC指南：运动心脏病学和心血管疾病患者的体育锻炼/医脉通】2020+ESC指南：运动心脏病学和心血管疾病患者的体育锻炼_13.md
2026-05-31 10:31:07,768 [INFO] merge_service -   第14页: 【医脉通】2020+ESC指南：运动心脏病学和心血管疾病患者的体育锻炼_14.png → output/医脉通】2020+ESC指南：运动心脏病学和心血管疾病患者的体育锻炼/医脉通】2020+ESC指南：运动心脏病学和心血管疾病患者的体育锻炼_14.md
2026-05-31 10:31:07,768 [INFO] merge_service -   第15页: 【医脉通】2020+ESC指南：运动心脏病学和心血管疾病患者的体育锻炼_15.png → output/医脉通】2020+ESC指南：运动心脏病学和心血管疾病患者的体育锻炼/医脉通】2020+ESC指南：运动心脏病学和心血管疾病患者的体育锻炼_15.md
2026-05-31 10:31:07,768 [INFO] merge_service -   第16页: 【医脉通】2020+ESC指南：运动心脏病学和心血管疾病患者的体育锻炼_16.png → output/医脉通】2020+ESC指南：运动心脏病学和心血管疾病患者的体育锻炼/医脉通】2020+ESC指南：运动心脏病学和心血管疾病患者的体育锻炼_16.md
2026-05-31 10:31:07,768 [INFO] merge_service -   第17页: 【医脉通】2020+ESC指南：运动心脏病学和心血管疾病患者的体育锻炼_17.png → output/医脉通】2020+ESC指南：运动心脏病学和心血管疾病患者的体育锻炼/医脉通】2020+ESC指南：运动心脏病学和心血管疾病患者的体育锻炼_17.md
2026-05-31 10:31:07,768 [INFO] merge_service -   第18页: 【医脉通】2020+ESC指南：运动心脏病学和心血管疾病患者的体育锻炼_18.png → output/医脉通】2020+ESC指南：运动心脏病学和心血管疾病患者的体育锻炼/医脉通】2020+ESC指南：运动心脏病学和心血管疾病患者的体育锻炼_18.md
2026-05-31 10:31:07,768 [INFO] merge_service -   第19页: 【医脉通】2020+ESC指南：运动心脏病学和心血管疾病患者的体育锻炼_19.png → output/医脉通】2020+ESC指南：运动心脏病学和心血管疾病患者的体育锻炼/医脉通】2020+ESC指南：运动心脏病学和心血管疾病患者的体育锻炼_19.md
2026-05-31 10:31:07,768 [INFO] merge_service -   第20页: 【医脉通】2020+ESC指南：运动心脏病学和心血管疾病患者的体育锻炼_20.png → output/医脉通】2020+ESC指南：运动心脏病学和心血管疾病患者的体育锻炼/医脉通】2020+ESC指南：运动心脏病学和心血管疾病患者的体育锻炼_20.md
2026-05-31 10:31:07,768 [INFO] merge_service -   第21页: 【医脉通】2020+ESC指南：运动心脏病学和心血管疾病患者的体育锻炼_21.png → output/医脉通】2020+ESC指南：运动心脏病学和心血管疾病患者的体育锻炼/医脉通】2020+ESC指南：运动心脏病学和心血管疾病患者的体育锻炼_21.md
2026-05-31 10:31:07,768 [INFO] merge_service -   第22页: 【医脉通】2020+ESC指南：运动心脏病学和心血管疾病患者的体育锻炼_22.png → output/医脉通】2020+ESC指南：运动心脏病学和心血管疾病患者的体育锻炼/医脉通】2020+ESC指南：运动心脏病学和心血管疾病患者的体育锻炼_22.md
2026-05-31 10:31:07,768 [INFO] merge_service -   第23页: 【医脉通】2020+ESC指南：运动心脏病学和心血管疾病患者的体育锻炼_23.png → output/医脉通】2020+ESC指南：运动心脏病学和心血管疾病患者的体育锻炼/医脉通】2020+ESC指南：运动心脏病学和心血管疾病患者的体育锻炼_23.md
2026-05-31 10:31:07,768 [INFO] merge_service -   第24页: 【医脉通】2020+ESC指南：运动心脏病学和心血管疾病患者的体育锻炼_24.png → output/医脉通】2020+ESC指南：运动心脏病学和心血管疾病患者的体育锻炼/医脉通】2020+ESC指南：运动心脏病学和心血管疾病患者的体育锻炼_24.md
2026-05-31 10:31:07,768 [INFO] merge_service -   第25页: 【医脉通】2020+ESC指南：运动心脏病学和心血管疾病患者的体育锻炼_25.png → output/医脉通】2020+ESC指南：运动心脏病学和心血管疾病患者的体育锻炼/医脉通】2020+ESC指南：运动心脏病学和心血管疾病患者的体育锻炼_25.md
2026-05-31 10:31:07,768 [INFO] merge_service -   第26页: 【医脉通】2020+ESC指南：运动心脏病学和心血管疾病患者的体育锻炼_26.png → output/医脉通】2020+ESC指南：运动心脏病学和心血管疾病患者的体育锻炼/医脉通】2020+ESC指南：运动心脏病学和心血管疾病患者的体育锻炼_26.md
2026-05-31 10:31:07,768 [INFO] merge_service -   第27页: 【医脉通】2020+ESC指南：运动心脏病学和心血管疾病患者的体育锻炼_27.png → output/医脉通】2020+ESC指南：运动心脏病学和心血管疾病患者的体育锻炼/医脉通】2020+ESC指南：运动心脏病学和心血管疾病患者的体育锻炼_27.md
2026-05-31 10:31:07,768 [INFO] merge_service -   第28页: 【医脉通】2020+ESC指南：运动心脏病学和心血管疾病患者的体育锻炼_28.png → output/医脉通】2020+ESC指南：运动心脏病学和心血管疾病患者的体育锻炼/医脉通】2020+ESC指南：运动心脏病学和心血管疾病患者的体育锻炼_28.md
2026-05-31 10:31:07,768 [INFO] merge_service -   第29页: 【医脉通】2020+ESC指南：运动心脏病学和心血管疾病患者的体育锻炼_29.png → output/医脉通】2020+ESC指南：运动心脏病学和心血管疾病患者的体育锻炼/医脉通】2020+ESC指南：运动心脏病学和心血管疾病患者的体育锻炼_29.md
2026-05-31 10:31:07,768 [INFO] merge_service -   第30页: 【医脉通】2020+ESC指南：运动心脏病学和心血管疾病患者的体育锻炼_30.png → output/医脉通】2020+ESC指南：运动心脏病学和心血管疾病患者的体育锻炼/医脉通】2020+ESC指南：运动心脏病学和心血管疾病患者的体育锻炼_30.md
2026-05-31 10:31:07,768 [INFO] merge_service -   第31页: 【医脉通】2020+ESC指南：运动心脏病学和心血管疾病患者的体育锻炼_31.png → output/医脉通】2020+ESC指南：运动心脏病学和心血管疾病患者的体育锻炼/医脉通】2020+ESC指南：运动心脏病学和心血管疾病患者的体育锻炼_31.md
2026-05-31 10:31:07,768 [INFO] merge_service -   第32页: 【医脉通】2020+ESC指南：运动心脏病学和心血管疾病患者的体育锻炼_32.png → output/医脉通】2020+ESC指南：运动心脏病学和心血管疾病患者的体育锻炼/医脉通】2020+ESC指南：运动心脏病学和心血管疾病患者的体育锻炼_32.md
2026-05-31 10:31:07,768 [INFO] merge_service -   第33页: 【医脉通】2020+ESC指南：运动心脏病学和心血管疾病患者的体育锻炼_33.png → output/医脉通】2020+ESC指南：运动心脏病学和心血管疾病患者的体育锻炼/医脉通】2020+ESC指南：运动心脏病学和心血管疾病患者的体育锻炼_33.md
2026-05-31 10:31:07,768 [INFO] merge_service -   第34页: 【医脉通】2020+ESC指南：运动心脏病学和心血管疾病患者的体育锻炼_34.png → output/医脉通】2020+ESC指南：运动心脏病学和心血管疾病患者的体育锻炼/医脉通】2020+ESC指南：运动心脏病学和心血管疾病患者的体育锻炼_34.md
2026-05-31 10:31:07,768 [INFO] merge_service -   第35页: 【医脉通】2020+ESC指南：运动心脏病学和心血管疾病患者的体育锻炼_35.png → output/医脉通】2020+ESC指南：运动心脏病学和心血管疾病患者的体育锻炼/医脉通】2020+ESC指南：运动心脏病学和心血管疾病患者的体育锻炼_35.md
2026-05-31 10:31:07,768 [INFO] merge_service -   第36页: 【医脉通】2020+ESC指南：运动心脏病学和心血管疾病患者的体育锻炼_36.png → output/医脉通】2020+ESC指南：运动心脏病学和心血管疾病患者的体育锻炼/医脉通】2020+ESC指南：运动心脏病学和心血管疾病患者的体育锻炼_36.md
2026-05-31 10:31:07,768 [INFO] merge_service -   第37页: 【医脉通】2020+ESC指南：运动心脏病学和心血管疾病患者的体育锻炼_37.png → output/医脉通】2020+ESC指南：运动心脏病学和心血管疾病患者的体育锻炼/医脉通】2020+ESC指南：运动心脏病学和心血管疾病患者的体育锻炼_37.md
2026-05-31 10:31:07,768 [INFO] merge_service -   第38页: 【医脉通】2020+ESC指南：运动心脏病学和心血管疾病患者的体育锻炼_38.png → output/医脉通】2020+ESC指南：运动心脏病学和心血管疾病患者的体育锻炼/医脉通】2020+ESC指南：运动心脏病学和心血管疾病患者的体育锻炼_38.md
2026-05-31 10:31:07,768 [INFO] merge_service -   第39页: 【医脉通】2020+ESC指南：运动心脏病学和心血管疾病患者的体育锻炼_39.png → output/医脉通】2020+ESC指南：运动心脏病学和心血管疾病患者的体育锻炼/医脉通】2020+ESC指南：运动心脏病学和心血管疾病患者的体育锻炼_39.md
2026-05-31 10:31:07,768 [INFO] merge_service -   第40页: 【医脉通】2020+ESC指南：运动心脏病学和心血管疾病患者的体育锻炼_40.png → output/医脉通】2020+ESC指南：运动心脏病学和心血管疾病患者的体育锻炼/医脉通】2020+ESC指南：运动心脏病学和心血管疾病患者的体育锻炼_40.md
2026-05-31 10:31:07,768 [INFO] merge_service -   第41页: 【医脉通】2020+ESC指南：运动心脏病学和心血管疾病患者的体育锻炼_41.png → output/医脉通】2020+ESC指南：运动心脏病学和心血管疾病患者的体育锻炼/医脉通】2020+ESC指南：运动心脏病学和心血管疾病患者的体育锻炼_41.md
2026-05-31 10:31:07,768 [INFO] merge_service -   第42页: 【医脉通】2020+ESC指南：运动心脏病学和心血管疾病患者的体育锻炼_42.png → output/医脉通】2020+ESC指南：运动心脏病学和心血管疾病患者的体育锻炼/医脉通】2020+ESC指南：运动心脏病学和心血管疾病患者的体育锻炼_42.md
2026-05-31 10:31:07,768 [INFO] merge_service -   第43页: 【医脉通】2020+ESC指南：运动心脏病学和心血管疾病患者的体育锻炼_43.png → output/医脉通】2020+ESC指南：运动心脏病学和心血管疾病患者的体育锻炼/医脉通】2020+ESC指南：运动心脏病学和心血管疾病患者的体育锻炼_43.md
2026-05-31 10:31:07,768 [INFO] merge_service -   第44页: 【医脉通】2020+ESC指南：运动心脏病学和心血管疾病患者的体育锻炼_44.png → output/医脉通】2020+ESC指南：运动心脏病学和心血管疾病患者的体育锻炼/医脉通】2020+ESC指南：运动心脏病学和心血管疾病患者的体育锻炼_44.md
2026-05-31 10:31:07,768 [INFO] merge_service -   第45页: 【医脉通】2020+ESC指南：运动心脏病学和心血管疾病患者的体育锻炼_45.png → output/医脉通】2020+ESC指南：运动心脏病学和心血管疾病患者的体育锻炼/医脉通】2020+ESC指南：运动心脏病学和心血管疾病患者的体育锻炼_45.md
2026-05-31 10:31:07,768 [INFO] merge_service -   第46页: 【医脉通】2020+ESC指南：运动心脏病学和心血管疾病患者的体育锻炼_46.png → output/医脉通】2020+ESC指南：运动心脏病学和心血管疾病患者的体育锻炼/医脉通】2020+ESC指南：运动心脏病学和心血管疾病患者的体育锻炼_46.md
2026-05-31 10:31:07,768 [INFO] merge_service -   第47页: 【医脉通】2020+ESC指南：运动心脏病学和心血管疾病患者的体育锻炼_47.png → output/医脉通】2020+ESC指南：运动心脏病学和心血管疾病患者的体育锻炼/医脉通】2020+ESC指南：运动心脏病学和心血管疾病患者的体育锻炼_47.md
2026-05-31 10:31:07,768 [INFO] merge_service -   第48页: 【医脉通】2020+ESC指南：运动心脏病学和心血管疾病患者的体育锻炼_48.png → output/医脉通】2020+ESC指南：运动心脏病学和心血管疾病患者的体育锻炼/医脉通】2020+ESC指南：运动心脏病学和心血管疾病患者的体育锻炼_48.md
2026-05-31 10:31:07,768 [INFO] merge_service -   第49页: 【医脉通】2020+ESC指南：运动心脏病学和心血管疾病患者的体育锻炼_49.png → output/医脉通】2020+ESC指南：运动心脏病学和心血管疾病患者的体育锻炼/医脉通】2020+ESC指南：运动心脏病学和心血管疾病患者的体育锻炼_49.md
2026-05-31 10:31:07,768 [INFO] merge_service -   第50页: 【医脉通】2020+ESC指南：运动心脏病学和心血管疾病患者的体育锻炼_50.png → output/医脉通】2020+ESC指南：运动心脏病学和心血管疾病患者的体育锻炼/医脉通】2020+ESC指南：运动心脏病学和心血管疾病患者的体育锻炼_50.md
2026-05-31 10:31:07,768 [INFO] merge_service -   第51页: 【医脉通】2020+ESC指南：运动心脏病学和心血管疾病患者的体育锻炼_51.png → output/医脉通】2020+ESC指南：运动心脏病学和心血管疾病患者的体育锻炼/医脉通】2020+ESC指南：运动心脏病学和心血管疾病患者的体育锻炼_51.md
2026-05-31 10:31:07,768 [INFO] merge_service -   第52页: 【医脉通】2020+ESC指南：运动心脏病学和心血管疾病患者的体育锻炼_52.png → output/医脉通】2020+ESC指南：运动心脏病学和心血管疾病患者的体育锻炼/医脉通】2020+ESC指南：运动心脏病学和心血管疾病患者的体育锻炼_52.md
2026-05-31 10:31:07,768 [INFO] merge_service -   第53页: 【医脉通】2020+ESC指南：运动心脏病学和心血管疾病患者的体育锻炼_53.png → output/医脉通】2020+ESC指南：运动心脏病学和心血管疾病患者的体育锻炼/医脉通】2020+ESC指南：运动心脏病学和心血管疾病患者的体育锻炼_53.md
2026-05-31 10:31:07,768 [INFO] merge_service -   第54页: 【医脉通】2020+ESC指南：运动心脏病学和心血管疾病患者的体育锻炼_54.png → output/医脉通】2020+ESC指南：运动心脏病学和心血管疾病患者的体育锻炼/医脉通】2020+ESC指南：运动心脏病学和心血管疾病患者的体育锻炼_54.md
2026-05-31 10:31:07,768 [INFO] merge_service -   第55页: 【医脉通】2020+ESC指南：运动心脏病学和心血管疾病患者的体育锻炼_55.png → output/医脉通】2020+ESC指南：运动心脏病学和心血管疾病患者的体育锻炼/医脉通】2020+ESC指南：运动心脏病学和心血管疾病患者的体育锻炼_55.md
2026-05-31 10:31:07,768 [INFO] merge_service -   第56页: 【医脉通】2020+ESC指南：运动心脏病学和心血管疾病患者的体育锻炼_56.png → output/医脉通】2020+ESC指南：运动心脏病学和心血管疾病患者的体育锻炼/医脉通】2020+ESC指南：运动心脏病学和心血管疾病患者的体育锻炼_56.md
2026-05-31 10:31:07,768 [INFO] merge_service -   第57页: 【医脉通】2020+ESC指南：运动心脏病学和心血管疾病患者的体育锻炼_57.png → output/医脉通】2020+ESC指南：运动心脏病学和心血管疾病患者的体育锻炼/医脉通】2020+ESC指南：运动心脏病学和心血管疾病患者的体育锻炼_57.md
2026-05-31 10:31:07,768 [INFO] merge_service -   第58页: 【医脉通】2020+ESC指南：运动心脏病学和心血管疾病患者的体育锻炼_58.png → output/医脉通】2020+ESC指南：运动心脏病学和心血管疾病患者的体育锻炼/医脉通】2020+ESC指南：运动心脏病学和心血管疾病患者的体育锻炼_58.md
2026-05-31 10:31:07,768 [INFO] merge_service -   第59页: 【医脉通】2020+ESC指南：运动心脏病学和心血管疾病患者的体育锻炼_59.png → output/医脉通】2020+ESC指南：运动心脏病学和心血管疾病患者的体育锻炼/医脉通】2020+ESC指南：运动心脏病学和心血管疾病患者的体育锻炼_59.md
2026-05-31 10:31:07,768 [INFO] merge_service -   第60页: 【医脉通】2020+ESC指南：运动心脏病学和心血管疾病患者的体育锻炼_60.png → output/医脉通】2020+ESC指南：运动心脏病学和心血管疾病患者的体育锻炼/医脉通】2020+ESC指南：运动心脏病学和心血管疾病患者的体育锻炼_60.md
2026-05-31 10:31:07,768 [INFO] merge_service -   第61页: 【医脉通】2020+ESC指南：运动心脏病学和心血管疾病患者的体育锻炼_61.png → output/医脉通】2020+ESC指南：运动心脏病学和心血管疾病患者的体育锻炼/医脉通】2020+ESC指南：运动心脏病学和心血管疾病患者的体育锻炼_61.md
2026-05-31 10:31:07,769 [INFO] merge_service -   第62页: 【医脉通】2020+ESC指南：运动心脏病学和心血管疾病患者的体育锻炼_62.png → output/医脉通】2020+ESC指南：运动心脏病学和心血管疾病患者的体育锻炼/医脉通】2020+ESC指南：运动心脏病学和心血管疾病患者的体育锻炼_62.md
2026-05-31 10:31:07,769 [INFO] merge_service -   第63页: 【医脉通】2020+ESC指南：运动心脏病学和心血管疾病患者的体育锻炼_63.png → output/医脉通】2020+ESC指南：运动心脏病学和心血管疾病患者的体育锻炼/医脉通】2020+ESC指南：运动心脏病学和心血管疾病患者的体育锻炼_63.md
2026-05-31 10:31:07,769 [INFO] merge_service -   第64页: 【医脉通】2020+ESC指南：运动心脏病学和心血管疾病患者的体育锻炼_64.png → output/医脉通】2020+ESC指南：运动心脏病学和心血管疾病患者的体育锻炼/医脉通】2020+ESC指南：运动心脏病学和心血管疾病患者的体育锻炼_64.md
2026-05-31 10:31:07,769 [INFO] merge_service -   第65页: 【医脉通】2020+ESC指南：运动心脏病学和心血管疾病患者的体育锻炼_65.png → output/医脉通】2020+ESC指南：运动心脏病学和心血管疾病患者的体育锻炼/医脉通】2020+ESC指南：运动心脏病学和心血管疾病患者的体育锻炼_65.md
2026-05-31 10:31:07,769 [INFO] merge_service -   第66页: 【医脉通】2020+ESC指南：运动心脏病学和心血管疾病患者的体育锻炼_66.png → output/医脉通】2020+ESC指南：运动心脏病学和心血管疾病患者的体育锻炼/医脉通】2020+ESC指南：运动心脏病学和心血管疾病患者的体育锻炼_66.md
2026-05-31 10:31:07,769 [INFO] merge_service -   第67页: 【医脉通】2020+ESC指南：运动心脏病学和心血管疾病患者的体育锻炼_67.png → output/医脉通】2020+ESC指南：运动心脏病学和心血管疾病患者的体育锻炼/医脉通】2020+ESC指南：运动心脏病学和心血管疾病患者的体育锻炼_67.md
2026-05-31 10:31:07,769 [INFO] merge_service -   第68页: 【医脉通】2020+ESC指南：运动心脏病学和心血管疾病患者的体育锻炼_68.png → output/医脉通】2020+ESC指南：运动心脏病学和心血管疾病患者的体育锻炼/医脉通】2020+ESC指南：运动心脏病学和心血管疾病患者的体育锻炼_68.md
2026-05-31 10:31:07,769 [INFO] merge_service -   第69页: 【医脉通】2020+ESC指南：运动心脏病学和心血管疾病患者的体育锻炼_69.png → output/医脉通】2020+ESC指南：运动心脏病学和心血管疾病患者的体育锻炼/医脉通】2020+ESC指南：运动心脏病学和心血管疾病患者的体育锻炼_69.md
2026-05-31 10:31:07,769 [INFO] merge_service -   第70页: 【医脉通】2020+ESC指南：运动心脏病学和心血管疾病患者的体育锻炼_70.png → output/医脉通】2020+ESC指南：运动心脏病学和心血管疾病患者的体育锻炼/医脉通】2020+ESC指南：运动心脏病学和心血管疾病患者的体育锻炼_70.md
2026-05-31 10:31:07,769 [INFO] merge_service -   第71页: 【医脉通】2020+ESC指南：运动心脏病学和心血管疾病患者的体育锻炼_71.png → output/医脉通】2020+ESC指南：运动心脏病学和心血管疾病患者的体育锻炼/医脉通】2020+ESC指南：运动心脏病学和心血管疾病患者的体育锻炼_71.md
2026-05-31 10:31:07,769 [INFO] merge_service -   第72页: 【医脉通】2020+ESC指南：运动心脏病学和心血管疾病患者的体育锻炼_72.png → output/医脉通】2020+ESC指南：运动心脏病学和心血管疾病患者的体育锻炼/医脉通】2020+ESC指南：运动心脏病学和心血管疾病患者的体育锻炼_72.md
2026-05-31 10:31:07,769 [INFO] merge_service -   第73页: 【医脉通】2020+ESC指南：运动心脏病学和心血管疾病患者的体育锻炼_73.png → output/医脉通】2020+ESC指南：运动心脏病学和心血管疾病患者的体育锻炼/医脉通】2020+ESC指南：运动心脏病学和心血管疾病患者的体育锻炼_73.md
2026-05-31 10:31:07,769 [INFO] merge_service -   第74页: 【医脉通】2020+ESC指南：运动心脏病学和心血管疾病患者的体育锻炼_74.png → output/医脉通】2020+ESC指南：运动心脏病学和心血管疾病患者的体育锻炼/医脉通】2020+ESC指南：运动心脏病学和心血管疾病患者的体育锻炼_74.md
2026-05-31 10:31:07,769 [INFO] merge_service -   第75页: 【医脉通】2020+ESC指南：运动心脏病学和心血管疾病患者的体育锻炼_75.png → output/医脉通】2020+ESC指南：运动心脏病学和心血管疾病患者的体育锻炼/医脉通】2020+ESC指南：运动心脏病学和心血管疾病患者的体育锻炼_75.md
2026-05-31 10:31:07,769 [INFO] merge_service -   第76页: 【医脉通】2020+ESC指南：运动心脏病学和心血管疾病患者的体育锻炼_76.png → output/医脉通】2020+ESC指南：运动心脏病学和心血管疾病患者的体育锻炼/医脉通】2020+ESC指南：运动心脏病学和心血管疾病患者的体育锻炼_76.md
2026-05-31 10:31:07,769 [INFO] merge_service -   第77页: 【医脉通】2020+ESC指南：运动心脏病学和心血管疾病患者的体育锻炼_77.png → output/医脉通】2020+ESC指南：运动心脏病学和心血管疾病患者的体育锻炼/医脉通】2020+ESC指南：运动心脏病学和心血管疾病患者的体育锻炼_77.md
2026-05-31 10:31:07,769 [INFO] merge_service -   第78页: 【医脉通】2020+ESC指南：运动心脏病学和心血管疾病患者的体育锻炼_78.png → output/医脉通】2020+ESC指南：运动心脏病学和心血管疾病患者的体育锻炼/医脉通】2020+ESC指南：运动心脏病学和心血管疾病患者的体育锻炼_78.md
2026-05-31 10:31:07,769 [INFO] merge_service -   第79页: 【医脉通】2020+ESC指南：运动心脏病学和心血管疾病患者的体育锻炼_79.png → output/医脉通】2020+ESC指南：运动心脏病学和心血管疾病患者的体育锻炼/医脉通】2020+ESC指南：运动心脏病学和心血管疾病患者的体育锻炼_79.md
2026-05-31 10:31:07,769 [INFO] merge_service -   第80页: 【医脉通】2020+ESC指南：运动心脏病学和心血管疾病患者的体育锻炼_80.png → output/医脉通】2020+ESC指南：运动心脏病学和心血管疾病患者的体育锻炼/医脉通】2020+ESC指南：运动心脏病学和心血管疾病患者的体育锻炼_80.md
2026-05-31 10:31:07,943 [INFO] merge_service - 
==================================================
2026-05-31 10:31:07,943 [INFO] merge_service - [8d9dbe6c-facf-49b0-a741-51c3918c227b] 合并清洗完成!
2026-05-31 10:31:07,943 [INFO] merge_service -   合并文件: output/医脉通】2020+ESC指南：运动心脏病学和心血管疾病患者的体育锻炼/医脉通】2020+ESC指南：运动心脏病学和心血管疾病患者的体育锻炼_merged_output.md
2026-05-31 10:31:07,943 [INFO] merge_service -   有效页面: 69/80
2026-05-31 10:31:07,943 [INFO] merge_service -   总字符数: 422532
2026-05-31 10:31:07,943 [INFO] merge_service -   轮询耗时: 1538.28s, 合并耗时: 0.18s
2026-05-31 10:31:07,943 [INFO] merge_service -   跳过页面（参考文献）: [64, 67, 68, 70, 71, 72, 73, 74, 77, 79, 80]
2026-05-31 10:31:07,943 [INFO] merge_service - ==================================================
