2026-05-31 21:34:15,101 [INFO] merge_service - ============================================================
2026-05-31 21:34:15,101 [INFO] merge_service - 合并+清洗服务 — 新任务
2026-05-31 21:34:15,101 [INFO] merge_service -   合并ID: 2597403a-307b-44ea-a614-d192bf475eec
2026-05-31 21:34:15,102 [INFO] merge_service -   PDF名称: GRACE (原始: GRACE.pdf)
2026-05-31 21:34:15,102 [INFO] merge_service -   关联提取任务数: 6
2026-05-31 21:34:15,102 [INFO] merge_service -   输出目录: ./output
2026-05-31 21:34:15,102 [INFO] merge_service -   提取服务: http://localhost:8001
2026-05-31 21:34:15,102 [INFO] merge_service - ============================================================
2026-05-31 21:34:15,102 [INFO] merge_service - [Poll] 开始轮询 6 个提取任务...
2026-05-31 21:34:15,102 [INFO] merge_service - [Poll] 提取服务地址: http://localhost:8001
2026-05-31 21:34:15,102 [INFO] merge_service - [Poll] 轮询间隔: 3.0s, 最大等待: 3600.0s
2026-05-31 21:34:15,213 [INFO] merge_service - [Poll] 进度: 0/6 完成, 剩余 6 个任务仍在处理中...
2026-05-31 21:34:18,323 [INFO] merge_service - [Poll] 进度: 0/6 完成, 剩余 6 个任务仍在处理中...
2026-05-31 21:34:21,393 [INFO] merge_service - [Poll] 进度: 0/6 完成, 剩余 6 个任务仍在处理中...
2026-05-31 21:34:24,488 [INFO] merge_service - [Poll] 进度: 0/6 完成, 剩余 6 个任务仍在处理中...
2026-05-31 21:34:27,558 [INFO] merge_service - [Poll] 进度: 0/6 完成, 剩余 6 个任务仍在处理中...
2026-05-31 21:34:30,648 [INFO] merge_service - [Poll] 进度: 0/6 完成, 剩余 6 个任务仍在处理中...
2026-05-31 21:34:33,717 [INFO] merge_service - [Poll] 进度: 0/6 完成, 剩余 6 个任务仍在处理中...
2026-05-31 21:34:36,821 [INFO] merge_service - [Poll] 进度: 0/6 完成, 剩余 6 个任务仍在处理中...
2026-05-31 21:34:39,888 [INFO] merge_service - [Poll] 进度: 0/6 完成, 剩余 6 个任务仍在处理中...
2026-05-31 21:34:42,980 [INFO] merge_service - [Poll] 进度: 0/6 完成, 剩余 6 个任务仍在处理中...
2026-05-31 21:34:46,046 [INFO] merge_service - [Poll] 进度: 0/6 完成, 剩余 6 个任务仍在处理中...
2026-05-31 21:34:49,130 [INFO] merge_service - [Poll] 进度: 0/6 完成, 剩余 6 个任务仍在处理中...
2026-05-31 21:34:52,199 [INFO] merge_service - [Poll] 进度: 0/6 完成, 剩余 6 个任务仍在处理中...
2026-05-31 21:34:55,269 [INFO] merge_service - [Poll] 进度: 0/6 完成, 剩余 6 个任务仍在处理中...
2026-05-31 21:34:58,343 [INFO] merge_service - [Poll] 进度: 0/6 完成, 剩余 6 个任务仍在处理中...
2026-05-31 21:35:01,410 [INFO] merge_service - [Poll] 进度: 0/6 完成, 剩余 6 个任务仍在处理中...
2026-05-31 21:35:04,460 [INFO] merge_service - [Poll] 任务 f60c48a2-1b7c-4cfd-a55e-469bae895be1 (GRACE_6.png) → completed [成功]
2026-05-31 21:35:04,491 [INFO] merge_service - [Poll] 进度: 1/6 完成, 剩余 5 个任务仍在处理中...
2026-05-31 21:35:07,548 [INFO] merge_service - [Poll] 任务 b5e1eace-3dc5-4ffb-8cf0-9a58c91c26d8 (GRACE_1.png) → completed [成功]
2026-05-31 21:35:07,548 [INFO] merge_service - [Poll] 进度: 2/6 完成, 剩余 4 个任务仍在处理中...
2026-05-31 21:35:10,607 [INFO] merge_service - [Poll] 进度: 2/6 完成, 剩余 4 个任务仍在处理中...
2026-05-31 21:35:13,651 [INFO] merge_service - [Poll] 进度: 2/6 完成, 剩余 4 个任务仍在处理中...
2026-05-31 21:35:16,706 [INFO] merge_service - [Poll] 进度: 2/6 完成, 剩余 4 个任务仍在处理中...
2026-05-31 21:35:19,755 [INFO] merge_service - [Poll] 进度: 2/6 完成, 剩余 4 个任务仍在处理中...
2026-05-31 21:35:22,804 [INFO] merge_service - [Poll] 进度: 2/6 完成, 剩余 4 个任务仍在处理中...
2026-05-31 21:35:25,863 [INFO] merge_service - [Poll] 进度: 2/6 完成, 剩余 4 个任务仍在处理中...
2026-05-31 21:35:28,911 [INFO] merge_service - [Poll] 进度: 2/6 完成, 剩余 4 个任务仍在处理中...
2026-05-31 21:35:31,978 [INFO] merge_service - [Poll] 进度: 2/6 完成, 剩余 4 个任务仍在处理中...
2026-05-31 21:35:35,023 [INFO] merge_service - [Poll] 进度: 2/6 完成, 剩余 4 个任务仍在处理中...
2026-05-31 21:35:38,106 [INFO] merge_service - [Poll] 进度: 2/6 完成, 剩余 4 个任务仍在处理中...
2026-05-31 21:35:41,152 [INFO] merge_service - [Poll] 进度: 2/6 完成, 剩余 4 个任务仍在处理中...
2026-05-31 21:35:44,236 [INFO] merge_service - [Poll] 进度: 2/6 完成, 剩余 4 个任务仍在处理中...
2026-05-31 21:35:47,283 [INFO] merge_service - [Poll] 进度: 2/6 完成, 剩余 4 个任务仍在处理中...
2026-05-31 21:35:50,364 [INFO] merge_service - [Poll] 进度: 2/6 完成, 剩余 4 个任务仍在处理中...
2026-05-31 21:35:53,408 [INFO] merge_service - [Poll] 进度: 2/6 完成, 剩余 4 个任务仍在处理中...
2026-05-31 21:35:56,494 [INFO] merge_service - [Poll] 进度: 2/6 完成, 剩余 4 个任务仍在处理中...
2026-05-31 21:35:59,537 [INFO] merge_service - [Poll] 进度: 2/6 完成, 剩余 4 个任务仍在处理中...
2026-05-31 21:36:02,619 [INFO] merge_service - [Poll] 进度: 2/6 完成, 剩余 4 个任务仍在处理中...
2026-05-31 21:36:05,661 [INFO] merge_service - [Poll] 进度: 2/6 完成, 剩余 4 个任务仍在处理中...
2026-05-31 21:36:08,742 [INFO] merge_service - [Poll] 进度: 2/6 完成, 剩余 4 个任务仍在处理中...
2026-05-31 21:36:11,792 [INFO] merge_service - [Poll] 进度: 2/6 完成, 剩余 4 个任务仍在处理中...
2026-05-31 21:36:14,848 [INFO] merge_service - [Poll] 进度: 2/6 完成, 剩余 4 个任务仍在处理中...
2026-05-31 21:36:17,915 [INFO] merge_service - [Poll] 进度: 2/6 完成, 剩余 4 个任务仍在处理中...
2026-05-31 21:36:20,960 [INFO] merge_service - [Poll] 进度: 2/6 完成, 剩余 4 个任务仍在处理中...
2026-05-31 21:36:24,029 [INFO] merge_service - [Poll] 进度: 2/6 完成, 剩余 4 个任务仍在处理中...
2026-05-31 21:36:27,075 [INFO] merge_service - [Poll] 任务 fde201e8-3b6f-4055-8f93-5a175adb461b (GRACE_2.png) → completed [成功]
2026-05-31 21:36:27,086 [INFO] merge_service - [Poll] 进度: 3/6 完成, 剩余 3 个任务仍在处理中...
2026-05-31 21:36:30,110 [INFO] merge_service - [Poll] 任务 bc123ad6-8a35-475b-b5a4-ab85661b6c37 (GRACE_3.png) → completed [成功]
2026-05-31 21:36:30,121 [INFO] merge_service - [Poll] 进度: 4/6 完成, 剩余 2 个任务仍在处理中...
2026-05-31 21:36:33,169 [INFO] merge_service - [Poll] 进度: 4/6 完成, 剩余 2 个任务仍在处理中...
2026-05-31 21:36:36,200 [INFO] merge_service - [Poll] 进度: 4/6 完成, 剩余 2 个任务仍在处理中...
2026-05-31 21:36:39,223 [INFO] merge_service - [Poll] 任务 4228b575-c23c-4b56-83ba-1026246dd8eb (GRACE_5.png) → completed [成功]
2026-05-31 21:36:39,223 [INFO] merge_service - [Poll] 进度: 5/6 完成, 剩余 1 个任务仍在处理中...
2026-05-31 21:36:42,246 [INFO] merge_service - [Poll] 进度: 5/6 完成, 剩余 1 个任务仍在处理中...
2026-05-31 21:36:45,258 [INFO] merge_service - [Poll] 进度: 5/6 完成, 剩余 1 个任务仍在处理中...
2026-05-31 21:36:48,290 [INFO] merge_service - [Poll] 进度: 5/6 完成, 剩余 1 个任务仍在处理中...
2026-05-31 21:36:51,304 [INFO] merge_service - [Poll] 进度: 5/6 完成, 剩余 1 个任务仍在处理中...
2026-05-31 21:36:54,326 [INFO] merge_service - [Poll] 进度: 5/6 完成, 剩余 1 个任务仍在处理中...
2026-05-31 21:36:57,338 [INFO] merge_service - [Poll] 进度: 5/6 完成, 剩余 1 个任务仍在处理中...
2026-05-31 21:37:00,352 [INFO] merge_service - [Poll] 进度: 5/6 完成, 剩余 1 个任务仍在处理中...
2026-05-31 21:37:03,377 [INFO] merge_service - [Poll] 进度: 5/6 完成, 剩余 1 个任务仍在处理中...
2026-05-31 21:37:06,389 [INFO] merge_service - [Poll] 进度: 5/6 完成, 剩余 1 个任务仍在处理中...
2026-05-31 21:37:09,421 [INFO] merge_service - [Poll] 进度: 5/6 完成, 剩余 1 个任务仍在处理中...
2026-05-31 21:37:12,435 [INFO] merge_service - [Poll] 进度: 5/6 完成, 剩余 1 个任务仍在处理中...
2026-05-31 21:37:15,450 [INFO] merge_service - [Poll] 进度: 5/6 完成, 剩余 1 个任务仍在处理中...
2026-05-31 21:37:18,467 [INFO] merge_service - [Poll] 进度: 5/6 完成, 剩余 1 个任务仍在处理中...
2026-05-31 21:37:21,481 [INFO] merge_service - [Poll] 进度: 5/6 完成, 剩余 1 个任务仍在处理中...
2026-05-31 21:37:24,498 [INFO] merge_service - [Poll] 进度: 5/6 完成, 剩余 1 个任务仍在处理中...
2026-05-31 21:37:27,511 [INFO] merge_service - [Poll] 进度: 5/6 完成, 剩余 1 个任务仍在处理中...
2026-05-31 21:37:30,537 [INFO] merge_service - [Poll] 任务 93c2e037-b09e-41fe-b1ac-2baa755cb03f (GRACE_4.png) → completed [成功]
2026-05-31 21:37:30,537 [INFO] merge_service - [2597403a-307b-44ea-a614-d192bf475eec] 所有提取任务已完成，开始合并清洗...
2026-05-31 21:37:30,537 [INFO] merge_service - [2597403a-307b-44ea-a614-d192bf475eec] 合并顺序（按原图片文件名序号）:
2026-05-31 21:37:30,537 [INFO] merge_service -   第1页: GRACE_1.png → output/GRACE/GRACE_1.md
2026-05-31 21:37:30,537 [INFO] merge_service -   第2页: GRACE_2.png → output/GRACE/GRACE_2.md
2026-05-31 21:37:30,537 [INFO] merge_service -   第3页: GRACE_3.png → output/GRACE/GRACE_3.md
2026-05-31 21:37:30,537 [INFO] merge_service -   第4页: GRACE_4.png → output/GRACE/GRACE_4.md
2026-05-31 21:37:30,537 [INFO] merge_service -   第5页: GRACE_5.png → output/GRACE/GRACE_5.md
2026-05-31 21:37:30,537 [INFO] merge_service -   第6页: GRACE_6.png → output/GRACE/GRACE_6.md
2026-05-31 21:37:30,559 [INFO] merge_service - 
==================================================
2026-05-31 21:37:30,559 [INFO] merge_service - [2597403a-307b-44ea-a614-d192bf475eec] 合并清洗完成!
2026-05-31 21:37:30,559 [INFO] merge_service -   合并文件: output/GRACE/GRACE_merged_output.md
2026-05-31 21:37:30,559 [INFO] merge_service -   有效页面: 6/6
2026-05-31 21:37:30,559 [INFO] merge_service -   总字符数: 34305
2026-05-31 21:37:30,559 [INFO] merge_service -   轮询耗时: 195.43s, 合并耗时: 0.02s
2026-05-31 21:37:30,559 [INFO] merge_service - ==================================================
