2026-05-30 22:03:34,579 [INFO] merge_service - ============================================================
2026-05-30 22:03:34,579 [INFO] merge_service - 合并+清洗服务 — 新任务
2026-05-30 22:03:34,579 [INFO] merge_service -   合并ID: a1081c79-f28e-42ed-b986-b1411e0733cd
2026-05-30 22:03:34,579 [INFO] merge_service -   PDF名称: 医脉通】稳定性冠心病基层诊疗指南（2020年） (原始: 医脉通】稳定性冠心病基层诊疗指南（2020年）.pdf)
2026-05-30 22:03:34,579 [INFO] merge_service -   关联提取任务数: 9
2026-05-30 22:03:34,579 [INFO] merge_service -   输出目录: ./output
2026-05-30 22:03:34,579 [INFO] merge_service -   提取服务: http://localhost:8001
2026-05-30 22:03:34,579 [INFO] merge_service - ============================================================
2026-05-30 22:03:34,580 [INFO] merge_service - [Poll] 开始轮询 9 个提取任务...
2026-05-30 22:03:34,580 [INFO] merge_service - [Poll] 提取服务地址: http://localhost:8001
2026-05-30 22:03:34,580 [INFO] merge_service - [Poll] 轮询间隔: 3.0s, 最大等待: 3600.0s
2026-05-30 22:03:34,797 [INFO] merge_service - [Poll] 进度: 0/9 完成, 剩余 9 个任务仍在处理中...
2026-05-30 22:03:37,928 [INFO] merge_service - [Poll] 进度: 0/9 完成, 剩余 9 个任务仍在处理中...
2026-05-30 22:03:41,033 [INFO] merge_service - [Poll] 进度: 0/9 完成, 剩余 9 个任务仍在处理中...
2026-05-30 22:03:44,138 [INFO] merge_service - [Poll] 进度: 0/9 完成, 剩余 9 个任务仍在处理中...
2026-05-30 22:03:47,275 [INFO] merge_service - [Poll] 进度: 0/9 完成, 剩余 9 个任务仍在处理中...
2026-05-30 22:03:50,376 [INFO] merge_service - [Poll] 进度: 0/9 完成, 剩余 9 个任务仍在处理中...
2026-05-30 22:03:53,489 [INFO] merge_service - [Poll] 进度: 0/9 完成, 剩余 9 个任务仍在处理中...
2026-05-30 22:03:56,601 [INFO] merge_service - [Poll] 进度: 0/9 完成, 剩余 9 个任务仍在处理中...
2026-05-30 22:03:59,703 [INFO] merge_service - [Poll] 进度: 0/9 完成, 剩余 9 个任务仍在处理中...
2026-05-30 22:04:02,845 [INFO] merge_service - [Poll] 进度: 0/9 完成, 剩余 9 个任务仍在处理中...
2026-05-30 22:04:05,950 [INFO] merge_service - [Poll] 进度: 0/9 完成, 剩余 9 个任务仍在处理中...
2026-05-30 22:04:09,054 [INFO] merge_service - [Poll] 进度: 0/9 完成, 剩余 9 个任务仍在处理中...
2026-05-30 22:04:12,181 [INFO] merge_service - [Poll] 进度: 0/9 完成, 剩余 9 个任务仍在处理中...
2026-05-30 22:04:15,278 [INFO] merge_service - [Poll] 进度: 0/9 完成, 剩余 9 个任务仍在处理中...
2026-05-30 22:04:18,409 [INFO] merge_service - [Poll] 进度: 0/9 完成, 剩余 9 个任务仍在处理中...
2026-05-30 22:04:21,514 [INFO] merge_service - [Poll] 进度: 0/9 完成, 剩余 9 个任务仍在处理中...
2026-05-30 22:04:24,616 [INFO] merge_service - [Poll] 进度: 0/9 完成, 剩余 9 个任务仍在处理中...
2026-05-30 22:04:27,728 [INFO] merge_service - [Poll] 进度: 0/9 完成, 剩余 9 个任务仍在处理中...
2026-05-30 22:04:30,843 [INFO] merge_service - [Poll] 进度: 0/9 完成, 剩余 9 个任务仍在处理中...
2026-05-30 22:04:33,950 [INFO] merge_service - [Poll] 进度: 0/9 完成, 剩余 9 个任务仍在处理中...
2026-05-30 22:04:36,980 [INFO] merge_service - [Poll] 任务 c3468890-70d0-4f74-8d54-7e5bc4583bdd (【医脉通】稳定性冠心病基层诊疗指南（2020年）_3.png) → completed [成功]
2026-05-30 22:04:37,058 [INFO] merge_service - [Poll] 进度: 1/9 完成, 剩余 8 个任务仍在处理中...
2026-05-30 22:04:40,150 [INFO] merge_service - [Poll] 进度: 1/9 完成, 剩余 8 个任务仍在处理中...
2026-05-30 22:04:43,256 [INFO] merge_service - [Poll] 进度: 1/9 完成, 剩余 8 个任务仍在处理中...
2026-05-30 22:04:46,347 [INFO] merge_service - [Poll] 进度: 1/9 完成, 剩余 8 个任务仍在处理中...
2026-05-30 22:04:49,391 [INFO] merge_service - [Poll] 任务 14bada43-46c3-4dee-841c-34b910ba7fba (【医脉通】稳定性冠心病基层诊疗指南（2020年）_7.png) → completed [成功]
2026-05-30 22:04:49,464 [INFO] merge_service - [Poll] 进度: 2/9 完成, 剩余 7 个任务仍在处理中...
2026-05-30 22:04:52,549 [INFO] merge_service - [Poll] 进度: 2/9 完成, 剩余 7 个任务仍在处理中...
2026-05-30 22:04:55,628 [INFO] merge_service - [Poll] 进度: 2/9 完成, 剩余 7 个任务仍在处理中...
2026-05-30 22:04:58,728 [INFO] merge_service - [Poll] 进度: 2/9 完成, 剩余 7 个任务仍在处理中...
2026-05-30 22:05:01,806 [INFO] merge_service - [Poll] 进度: 2/9 完成, 剩余 7 个任务仍在处理中...
2026-05-30 22:05:04,924 [INFO] merge_service - [Poll] 进度: 2/9 完成, 剩余 7 个任务仍在处理中...
2026-05-30 22:05:08,002 [INFO] merge_service - [Poll] 进度: 2/9 完成, 剩余 7 个任务仍在处理中...
2026-05-30 22:05:11,100 [INFO] merge_service - [Poll] 进度: 2/9 完成, 剩余 7 个任务仍在处理中...
2026-05-30 22:05:14,180 [INFO] merge_service - [Poll] 进度: 2/9 完成, 剩余 7 个任务仍在处理中...
2026-05-30 22:05:17,276 [INFO] merge_service - [Poll] 进度: 2/9 完成, 剩余 7 个任务仍在处理中...
2026-05-30 22:05:20,361 [INFO] merge_service - [Poll] 进度: 2/9 完成, 剩余 7 个任务仍在处理中...
2026-05-30 22:05:23,418 [INFO] merge_service - [Poll] 任务 b973d844-67ca-47a2-8f22-a499a734cfb4 (【医脉通】稳定性冠心病基层诊疗指南（2020年）_9.png) → completed [成功]
2026-05-30 22:05:23,442 [INFO] merge_service - [Poll] 进度: 3/9 完成, 剩余 6 个任务仍在处理中...
2026-05-30 22:05:26,519 [INFO] merge_service - [Poll] 进度: 3/9 完成, 剩余 6 个任务仍在处理中...
2026-05-30 22:05:29,579 [INFO] merge_service - [Poll] 任务 81ea2c95-861a-4ffb-9119-807cceb7bb3a (【医脉通】稳定性冠心病基层诊疗指南（2020年）_1.png) → completed [成功]
2026-05-30 22:05:29,590 [INFO] merge_service - [Poll] 进度: 4/9 完成, 剩余 5 个任务仍在处理中...
2026-05-30 22:05:32,658 [INFO] merge_service - [Poll] 进度: 4/9 完成, 剩余 5 个任务仍在处理中...
2026-05-30 22:05:35,717 [INFO] merge_service - [Poll] 进度: 4/9 完成, 剩余 5 个任务仍在处理中...
2026-05-30 22:05:38,777 [INFO] merge_service - [Poll] 进度: 4/9 完成, 剩余 5 个任务仍在处理中...
2026-05-30 22:05:41,833 [INFO] merge_service - [Poll] 任务 2990f528-a167-448a-8459-b05037032cf7 (【医脉通】稳定性冠心病基层诊疗指南（2020年）_6.png) → completed [成功]
2026-05-30 22:05:41,833 [INFO] merge_service - [Poll] 进度: 5/9 完成, 剩余 4 个任务仍在处理中...
2026-05-30 22:05:44,867 [INFO] merge_service - [Poll] 任务 ea32a1d0-1df3-4e4e-b91b-2a4ee0fa2205 (【医脉通】稳定性冠心病基层诊疗指南（2020年）_2.png) → completed [成功]
2026-05-30 22:05:44,877 [INFO] merge_service - [Poll] 进度: 6/9 完成, 剩余 3 个任务仍在处理中...
2026-05-30 22:05:47,932 [INFO] merge_service - [Poll] 进度: 6/9 完成, 剩余 3 个任务仍在处理中...
2026-05-30 22:05:50,963 [INFO] merge_service - [Poll] 进度: 6/9 完成, 剩余 3 个任务仍在处理中...
2026-05-30 22:05:54,032 [INFO] merge_service - [Poll] 任务 4ea487a1-f9fa-4700-a719-fde0b6725f84 (【医脉通】稳定性冠心病基层诊疗指南（2020年）_8.png) → completed [成功]
2026-05-30 22:05:54,033 [INFO] merge_service - [Poll] 进度: 7/9 完成, 剩余 2 个任务仍在处理中...
2026-05-30 22:05:57,054 [INFO] merge_service - [Poll] 进度: 7/9 完成, 剩余 2 个任务仍在处理中...
2026-05-30 22:06:00,104 [INFO] merge_service - [Poll] 任务 2857834d-67c1-4cbd-820a-f87b939f7cbc (【医脉通】稳定性冠心病基层诊疗指南（2020年）_4.png) → completed [成功]
2026-05-30 22:06:00,105 [INFO] merge_service - [Poll] 进度: 8/9 完成, 剩余 1 个任务仍在处理中...
2026-05-30 22:06:03,117 [INFO] merge_service - [Poll] 进度: 8/9 完成, 剩余 1 个任务仍在处理中...
2026-05-30 22:06:06,136 [INFO] merge_service - [Poll] 进度: 8/9 完成, 剩余 1 个任务仍在处理中...
2026-05-30 22:06:09,155 [INFO] merge_service - [Poll] 进度: 8/9 完成, 剩余 1 个任务仍在处理中...
2026-05-30 22:06:12,167 [INFO] merge_service - [Poll] 进度: 8/9 完成, 剩余 1 个任务仍在处理中...
2026-05-30 22:06:15,194 [INFO] merge_service - [Poll] 进度: 8/9 完成, 剩余 1 个任务仍在处理中...
2026-05-30 22:06:18,206 [INFO] merge_service - [Poll] 进度: 8/9 完成, 剩余 1 个任务仍在处理中...
2026-05-30 22:06:21,219 [INFO] merge_service - [Poll] 进度: 8/9 完成, 剩余 1 个任务仍在处理中...
2026-05-30 22:06:24,253 [INFO] merge_service - [Poll] 进度: 8/9 完成, 剩余 1 个任务仍在处理中...
2026-05-30 22:06:27,266 [INFO] merge_service - [Poll] 进度: 8/9 完成, 剩余 1 个任务仍在处理中...
2026-05-30 22:06:30,284 [INFO] merge_service - [Poll] 进度: 8/9 完成, 剩余 1 个任务仍在处理中...
2026-05-30 22:06:33,319 [INFO] merge_service - [Poll] 进度: 8/9 完成, 剩余 1 个任务仍在处理中...
2026-05-30 22:06:36,331 [INFO] merge_service - [Poll] 进度: 8/9 完成, 剩余 1 个任务仍在处理中...
2026-05-30 22:06:39,351 [INFO] merge_service - [Poll] 进度: 8/9 完成, 剩余 1 个任务仍在处理中...
2026-05-30 22:06:42,371 [INFO] merge_service - [Poll] 进度: 8/9 完成, 剩余 1 个任务仍在处理中...
2026-05-30 22:06:45,383 [INFO] merge_service - [Poll] 进度: 8/9 完成, 剩余 1 个任务仍在处理中...
2026-05-30 22:06:48,411 [INFO] merge_service - [Poll] 进度: 8/9 完成, 剩余 1 个任务仍在处理中...
2026-05-30 22:06:51,423 [INFO] merge_service - [Poll] 进度: 8/9 完成, 剩余 1 个任务仍在处理中...
2026-05-30 22:06:54,440 [INFO] merge_service - [Poll] 进度: 8/9 完成, 剩余 1 个任务仍在处理中...
2026-05-30 22:06:57,477 [INFO] merge_service - [Poll] 进度: 8/9 完成, 剩余 1 个任务仍在处理中...
2026-05-30 22:07:00,492 [INFO] merge_service - [Poll] 进度: 8/9 完成, 剩余 1 个任务仍在处理中...
2026-05-30 22:07:03,514 [INFO] merge_service - [Poll] 进度: 8/9 完成, 剩余 1 个任务仍在处理中...
2026-05-30 22:07:06,528 [INFO] merge_service - [Poll] 进度: 8/9 完成, 剩余 1 个任务仍在处理中...
2026-05-30 22:07:09,540 [INFO] merge_service - [Poll] 进度: 8/9 完成, 剩余 1 个任务仍在处理中...
2026-05-30 22:07:12,567 [INFO] merge_service - [Poll] 进度: 8/9 完成, 剩余 1 个任务仍在处理中...
2026-05-30 22:07:15,579 [INFO] merge_service - [Poll] 进度: 8/9 完成, 剩余 1 个任务仍在处理中...
2026-05-30 22:07:18,592 [INFO] merge_service - [Poll] 进度: 8/9 完成, 剩余 1 个任务仍在处理中...
2026-05-30 22:07:21,626 [INFO] merge_service - [Poll] 进度: 8/9 完成, 剩余 1 个任务仍在处理中...
2026-05-30 22:07:24,640 [INFO] merge_service - [Poll] 任务 e9b8417a-574d-4ae7-9d24-0dd0d000fc6a (【医脉通】稳定性冠心病基层诊疗指南（2020年）_5.png) → completed [成功]
2026-05-30 22:07:24,640 [INFO] merge_service - [a1081c79-f28e-42ed-b986-b1411e0733cd] 所有提取任务已完成，开始合并清洗...
2026-05-30 22:07:24,640 [INFO] merge_service - [a1081c79-f28e-42ed-b986-b1411e0733cd] 合并顺序（按原图片文件名序号）:
2026-05-30 22:07:24,640 [INFO] merge_service -   第1页: 【医脉通】稳定性冠心病基层诊疗指南（2020年）_1.png → output/医脉通】稳定性冠心病基层诊疗指南（2020年）/医脉通】稳定性冠心病基层诊疗指南（2020年）_1.md
2026-05-30 22:07:24,640 [INFO] merge_service -   第2页: 【医脉通】稳定性冠心病基层诊疗指南（2020年）_2.png → output/医脉通】稳定性冠心病基层诊疗指南（2020年）/医脉通】稳定性冠心病基层诊疗指南（2020年）_2.md
2026-05-30 22:07:24,640 [INFO] merge_service -   第3页: 【医脉通】稳定性冠心病基层诊疗指南（2020年）_3.png → output/医脉通】稳定性冠心病基层诊疗指南（2020年）/医脉通】稳定性冠心病基层诊疗指南（2020年）_3.md
2026-05-30 22:07:24,640 [INFO] merge_service -   第4页: 【医脉通】稳定性冠心病基层诊疗指南（2020年）_4.png → output/医脉通】稳定性冠心病基层诊疗指南（2020年）/医脉通】稳定性冠心病基层诊疗指南（2020年）_4.md
2026-05-30 22:07:24,640 [INFO] merge_service -   第5页: 【医脉通】稳定性冠心病基层诊疗指南（2020年）_5.png → output/医脉通】稳定性冠心病基层诊疗指南（2020年）/医脉通】稳定性冠心病基层诊疗指南（2020年）_5.md
2026-05-30 22:07:24,640 [INFO] merge_service -   第6页: 【医脉通】稳定性冠心病基层诊疗指南（2020年）_6.png → output/医脉通】稳定性冠心病基层诊疗指南（2020年）/医脉通】稳定性冠心病基层诊疗指南（2020年）_6.md
2026-05-30 22:07:24,640 [INFO] merge_service -   第7页: 【医脉通】稳定性冠心病基层诊疗指南（2020年）_7.png → output/医脉通】稳定性冠心病基层诊疗指南（2020年）/医脉通】稳定性冠心病基层诊疗指南（2020年）_7.md
2026-05-30 22:07:24,640 [INFO] merge_service -   第8页: 【医脉通】稳定性冠心病基层诊疗指南（2020年）_8.png → output/医脉通】稳定性冠心病基层诊疗指南（2020年）/医脉通】稳定性冠心病基层诊疗指南（2020年）_8.md
2026-05-30 22:07:24,640 [INFO] merge_service -   第9页: 【医脉通】稳定性冠心病基层诊疗指南（2020年）_9.png → output/医脉通】稳定性冠心病基层诊疗指南（2020年）/医脉通】稳定性冠心病基层诊疗指南（2020年）_9.md
2026-05-30 22:07:24,661 [INFO] merge_service - 
==================================================
2026-05-30 22:07:24,661 [INFO] merge_service - [a1081c79-f28e-42ed-b986-b1411e0733cd] 合并清洗完成!
2026-05-30 22:07:24,661 [INFO] merge_service -   合并文件: output/医脉通】稳定性冠心病基层诊疗指南（2020年）/医脉通】稳定性冠心病基层诊疗指南（2020年）_merged_output.md
2026-05-30 22:07:24,661 [INFO] merge_service -   有效页面: 8/9
2026-05-30 22:07:24,661 [INFO] merge_service -   总字符数: 20687
2026-05-30 22:07:24,661 [INFO] merge_service -   轮询耗时: 230.06s, 合并耗时: 0.02s
2026-05-30 22:07:24,661 [INFO] merge_service -   跳过页面（参考文献）: [9]
2026-05-30 22:07:24,661 [INFO] merge_service - ==================================================
