2026-05-25 21:11:04,083 [INFO] merge_service - ============================================================
2026-05-25 21:11:04,083 [INFO] merge_service - 合并+清洗服务 — 新任务
2026-05-25 21:11:04,084 [INFO] merge_service -   合并ID: 10d6652f-eeb7-459d-8d86-68977e5d00b6
2026-05-25 21:11:04,084 [INFO] merge_service -   PDF名称: 血管内超声在冠状动脉疾病中应用的中国专家共识(2018) (原始: 血管内超声在冠状动脉疾病中应用的中国专家共识(2018).pdf)
2026-05-25 21:11:04,084 [INFO] merge_service -   关联提取任务数: 8
2026-05-25 21:11:04,084 [INFO] merge_service -   输出目录: ./output
2026-05-25 21:11:04,084 [INFO] merge_service -   提取服务: http://localhost:8001
2026-05-25 21:11:04,084 [INFO] merge_service - ============================================================
2026-05-25 21:11:04,086 [INFO] merge_service - [Poll] 开始轮询 8 个提取任务...
2026-05-25 21:11:04,086 [INFO] merge_service - [Poll] 提取服务地址: http://localhost:8001
2026-05-25 21:11:04,086 [INFO] merge_service - [Poll] 轮询间隔: 3.0s, 最大等待: 3600.0s
2026-05-25 21:11:04,193 [INFO] merge_service - [Poll] 进度: 0/8 完成, 剩余 8 个任务仍在处理中...
2026-05-25 21:11:07,308 [INFO] merge_service - [Poll] 进度: 0/8 完成, 剩余 8 个任务仍在处理中...
2026-05-25 21:11:10,411 [INFO] merge_service - [Poll] 进度: 0/8 完成, 剩余 8 个任务仍在处理中...
2026-05-25 21:11:13,546 [INFO] merge_service - [Poll] 进度: 0/8 完成, 剩余 8 个任务仍在处理中...
2026-05-25 21:11:16,670 [INFO] merge_service - [Poll] 进度: 0/8 完成, 剩余 8 个任务仍在处理中...
2026-05-25 21:11:19,797 [INFO] merge_service - [Poll] 进度: 0/8 完成, 剩余 8 个任务仍在处理中...
2026-05-25 21:11:22,919 [INFO] merge_service - [Poll] 进度: 0/8 完成, 剩余 8 个任务仍在处理中...
2026-05-25 21:11:25,989 [INFO] merge_service - [Poll] 任务 217a20e4-aa5d-4734-8684-30085eda3fea (血管内超声在冠状动脉疾病中应用的中国专家共识(2018)_8.png) → completed [成功]
2026-05-25 21:11:26,003 [INFO] merge_service - [Poll] 任务 275a770a-1797-439c-a52b-667ee38ad870 (血管内超声在冠状动脉疾病中应用的中国专家共识(2018)_7.png) → completed [成功]
2026-05-25 21:11:26,048 [INFO] merge_service - [Poll] 进度: 2/8 完成, 剩余 6 个任务仍在处理中...
2026-05-25 21:11:29,126 [INFO] merge_service - [Poll] 进度: 2/8 完成, 剩余 6 个任务仍在处理中...
2026-05-25 21:11:32,226 [INFO] merge_service - [Poll] 进度: 2/8 完成, 剩余 6 个任务仍在处理中...
2026-05-25 21:11:35,305 [INFO] merge_service - [Poll] 进度: 2/8 完成, 剩余 6 个任务仍在处理中...
2026-05-25 21:11:38,397 [INFO] merge_service - [Poll] 进度: 2/8 完成, 剩余 6 个任务仍在处理中...
2026-05-25 21:11:41,472 [INFO] merge_service - [Poll] 进度: 2/8 完成, 剩余 6 个任务仍在处理中...
2026-05-25 21:11:44,550 [INFO] merge_service - [Poll] 进度: 2/8 完成, 剩余 6 个任务仍在处理中...
2026-05-25 21:11:47,655 [INFO] merge_service - [Poll] 进度: 2/8 完成, 剩余 6 个任务仍在处理中...
2026-05-25 21:11:50,730 [INFO] merge_service - [Poll] 进度: 2/8 完成, 剩余 6 个任务仍在处理中...
2026-05-25 21:11:53,811 [INFO] merge_service - [Poll] 进度: 2/8 完成, 剩余 6 个任务仍在处理中...
2026-05-25 21:11:56,917 [INFO] merge_service - [Poll] 进度: 2/8 完成, 剩余 6 个任务仍在处理中...
2026-05-25 21:12:00,048 [INFO] merge_service - [Poll] 任务 61085b88-94bf-48f7-bda3-2f707d8baccf (血管内超声在冠状动脉疾病中应用的中国专家共识(2018)_1.png) → completed [成功]
2026-05-25 21:12:00,048 [INFO] merge_service - [Poll] 进度: 3/8 完成, 剩余 5 个任务仍在处理中...
2026-05-25 21:12:03,112 [INFO] merge_service - [Poll] 进度: 3/8 完成, 剩余 5 个任务仍在处理中...
2026-05-25 21:12:06,191 [INFO] merge_service - [Poll] 任务 7217db92-2035-4426-8f53-db22a522700d (血管内超声在冠状动脉疾病中应用的中国专家共识(2018)_3.png) → completed [成功]
2026-05-25 21:12:06,203 [INFO] merge_service - [Poll] 进度: 4/8 完成, 剩余 4 个任务仍在处理中...
2026-05-25 21:12:09,230 [INFO] merge_service - [Poll] 任务 da87e74e-5858-4a67-a46d-a8dade1a9c0d (血管内超声在冠状动脉疾病中应用的中国专家共识(2018)_5.png) → completed [成功]
2026-05-25 21:12:09,253 [INFO] merge_service - [Poll] 进度: 5/8 完成, 剩余 3 个任务仍在处理中...
2026-05-25 21:12:12,297 [INFO] merge_service - [Poll] 进度: 5/8 完成, 剩余 3 个任务仍在处理中...
2026-05-25 21:12:15,347 [INFO] merge_service - [Poll] 进度: 5/8 完成, 剩余 3 个任务仍在处理中...
2026-05-25 21:12:18,396 [INFO] merge_service - [Poll] 进度: 5/8 完成, 剩余 3 个任务仍在处理中...
2026-05-25 21:12:21,436 [INFO] merge_service - [Poll] 进度: 5/8 完成, 剩余 3 个任务仍在处理中...
2026-05-25 21:12:24,465 [INFO] merge_service - [Poll] 任务 a86fa5d8-a065-45aa-87ab-6dfe1b3936a0 (血管内超声在冠状动脉疾病中应用的中国专家共识(2018)_4.png) → completed [成功]
2026-05-25 21:12:24,502 [INFO] merge_service - [Poll] 进度: 6/8 完成, 剩余 2 个任务仍在处理中...
2026-05-25 21:12:27,532 [INFO] merge_service - [Poll] 进度: 6/8 完成, 剩余 2 个任务仍在处理中...
2026-05-25 21:12:30,562 [INFO] merge_service - [Poll] 任务 2c56f824-7d54-4ad0-8140-05d35377c8b5 (血管内超声在冠状动脉疾病中应用的中国专家共识(2018)_6.png) → completed [成功]
2026-05-25 21:12:30,562 [INFO] merge_service - [Poll] 进度: 7/8 完成, 剩余 1 个任务仍在处理中...
2026-05-25 21:12:33,585 [INFO] merge_service - [Poll] 任务 b0cfcef9-3991-4a1f-b457-72c19caf936f (血管内超声在冠状动脉疾病中应用的中国专家共识(2018)_2.png) → completed [成功]
2026-05-25 21:12:33,585 [INFO] merge_service - [10d6652f-eeb7-459d-8d86-68977e5d00b6] 所有提取任务已完成，开始合并清洗...
2026-05-25 21:12:33,585 [INFO] merge_service - [10d6652f-eeb7-459d-8d86-68977e5d00b6] 合并顺序（按原图片文件名序号）:
2026-05-25 21:12:33,585 [INFO] merge_service -   第1页: 血管内超声在冠状动脉疾病中应用的中国专家共识(2018)_1.png → output/血管内超声在冠状动脉疾病中应用的中国专家共识(2018)/血管内超声在冠状动脉疾病中应用的中国专家共识(2018)_1.md
2026-05-25 21:12:33,585 [INFO] merge_service -   第2页: 血管内超声在冠状动脉疾病中应用的中国专家共识(2018)_2.png → output/血管内超声在冠状动脉疾病中应用的中国专家共识(2018)/血管内超声在冠状动脉疾病中应用的中国专家共识(2018)_2.md
2026-05-25 21:12:33,585 [INFO] merge_service -   第3页: 血管内超声在冠状动脉疾病中应用的中国专家共识(2018)_3.png → output/血管内超声在冠状动脉疾病中应用的中国专家共识(2018)/血管内超声在冠状动脉疾病中应用的中国专家共识(2018)_3.md
2026-05-25 21:12:33,585 [INFO] merge_service -   第4页: 血管内超声在冠状动脉疾病中应用的中国专家共识(2018)_4.png → output/血管内超声在冠状动脉疾病中应用的中国专家共识(2018)/血管内超声在冠状动脉疾病中应用的中国专家共识(2018)_4.md
2026-05-25 21:12:33,585 [INFO] merge_service -   第5页: 血管内超声在冠状动脉疾病中应用的中国专家共识(2018)_5.png → output/血管内超声在冠状动脉疾病中应用的中国专家共识(2018)/血管内超声在冠状动脉疾病中应用的中国专家共识(2018)_5.md
2026-05-25 21:12:33,585 [INFO] merge_service -   第6页: 血管内超声在冠状动脉疾病中应用的中国专家共识(2018)_6.png → output/血管内超声在冠状动脉疾病中应用的中国专家共识(2018)/血管内超声在冠状动脉疾病中应用的中国专家共识(2018)_6.md
2026-05-25 21:12:33,585 [INFO] merge_service -   第7页: 血管内超声在冠状动脉疾病中应用的中国专家共识(2018)_7.png → output/血管内超声在冠状动脉疾病中应用的中国专家共识(2018)/血管内超声在冠状动脉疾病中应用的中国专家共识(2018)_7.md
2026-05-25 21:12:33,585 [INFO] merge_service -   第8页: 血管内超声在冠状动脉疾病中应用的中国专家共识(2018)_8.png → output/血管内超声在冠状动脉疾病中应用的中国专家共识(2018)/血管内超声在冠状动脉疾病中应用的中国专家共识(2018)_8.md
2026-05-25 21:12:33,608 [INFO] merge_service - 
==================================================
2026-05-25 21:12:33,608 [INFO] merge_service - [10d6652f-eeb7-459d-8d86-68977e5d00b6] 合并清洗完成!
2026-05-25 21:12:33,608 [INFO] merge_service -   合并文件: output/血管内超声在冠状动脉疾病中应用的中国专家共识(2018)/血管内超声在冠状动脉疾病中应用的中国专家共识(2018)_merged_output.md
2026-05-25 21:12:33,608 [INFO] merge_service -   有效页面: 6/8
2026-05-25 21:12:33,608 [INFO] merge_service -   总字符数: 14482
2026-05-25 21:12:33,608 [INFO] merge_service -   轮询耗时: 89.5s, 合并耗时: 0.02s
2026-05-25 21:12:33,608 [INFO] merge_service -   跳过页面（参考文献）: [7, 8]
2026-05-25 21:12:33,608 [INFO] merge_service - ==================================================
