2026-05-30 22:14:33,147 [INFO] merge_service - ============================================================
2026-05-30 22:14:33,147 [INFO] merge_service - 合并+清洗服务 — 新任务
2026-05-30 22:14:33,147 [INFO] merge_service -   合并ID: f465fe4b-b810-4e39-9ce0-567bf21a1bea
2026-05-30 22:14:33,147 [INFO] merge_service -   PDF名称: 医脉通】2020 第三次国际DCB小组报告：药物涂层球囊治疗冠脉疾病 (原始: 医脉通】2020 第三次国际DCB小组报告：药物涂层球囊治疗冠脉疾病.pdf)
2026-05-30 22:14:33,147 [INFO] merge_service -   关联提取任务数: 12
2026-05-30 22:14:33,147 [INFO] merge_service -   输出目录: ./output
2026-05-30 22:14:33,147 [INFO] merge_service -   提取服务: http://localhost:8001
2026-05-30 22:14:33,147 [INFO] merge_service - ============================================================
2026-05-30 22:14:33,147 [INFO] merge_service - [Poll] 开始轮询 12 个提取任务...
2026-05-30 22:14:33,147 [INFO] merge_service - [Poll] 提取服务地址: http://localhost:8001
2026-05-30 22:14:33,147 [INFO] merge_service - [Poll] 轮询间隔: 3.0s, 最大等待: 3600.0s
2026-05-30 22:14:33,382 [INFO] merge_service - [Poll] 进度: 0/12 完成, 剩余 12 个任务仍在处理中...
2026-05-30 22:14:36,554 [INFO] merge_service - [Poll] 进度: 0/12 完成, 剩余 12 个任务仍在处理中...
2026-05-30 22:14:39,710 [INFO] merge_service - [Poll] 进度: 0/12 完成, 剩余 12 个任务仍在处理中...
2026-05-30 22:14:42,844 [INFO] merge_service - [Poll] 进度: 0/12 完成, 剩余 12 个任务仍在处理中...
2026-05-30 22:14:46,022 [INFO] merge_service - [Poll] 进度: 0/12 完成, 剩余 12 个任务仍在处理中...
2026-05-30 22:14:49,163 [INFO] merge_service - [Poll] 进度: 0/12 完成, 剩余 12 个任务仍在处理中...
2026-05-30 22:14:52,299 [INFO] merge_service - [Poll] 进度: 0/12 完成, 剩余 12 个任务仍在处理中...
2026-05-30 22:14:55,473 [INFO] merge_service - [Poll] 进度: 0/12 完成, 剩余 12 个任务仍在处理中...
2026-05-30 22:14:58,607 [INFO] merge_service - [Poll] 进度: 0/12 完成, 剩余 12 个任务仍在处理中...
2026-05-30 22:15:01,784 [INFO] merge_service - [Poll] 进度: 0/12 完成, 剩余 12 个任务仍在处理中...
2026-05-30 22:15:04,918 [INFO] merge_service - [Poll] 进度: 0/12 完成, 剩余 12 个任务仍在处理中...
2026-05-30 22:15:08,055 [INFO] merge_service - [Poll] 进度: 0/12 完成, 剩余 12 个任务仍在处理中...
2026-05-30 22:15:11,237 [INFO] merge_service - [Poll] 进度: 0/12 完成, 剩余 12 个任务仍在处理中...
2026-05-30 22:15:14,377 [INFO] merge_service - [Poll] 进度: 0/12 完成, 剩余 12 个任务仍在处理中...
2026-05-30 22:15:17,512 [INFO] merge_service - [Poll] 进度: 0/12 完成, 剩余 12 个任务仍在处理中...
2026-05-30 22:15:20,694 [INFO] merge_service - [Poll] 进度: 0/12 完成, 剩余 12 个任务仍在处理中...
2026-05-30 22:15:23,832 [INFO] merge_service - [Poll] 进度: 0/12 完成, 剩余 12 个任务仍在处理中...
2026-05-30 22:15:26,956 [INFO] merge_service - [Poll] 任务 a3a02738-8249-4a39-956d-7c468f390402 (【医脉通】2020 第三次国际DCB小组报告：药物涂层球囊治疗冠脉疾病_1.png) → completed [成功]
2026-05-30 22:15:26,969 [INFO] merge_service - [Poll] 进度: 1/12 完成, 剩余 11 个任务仍在处理中...
2026-05-30 22:15:30,134 [INFO] merge_service - [Poll] 进度: 1/12 完成, 剩余 11 个任务仍在处理中...
2026-05-30 22:15:33,264 [INFO] merge_service - [Poll] 进度: 1/12 完成, 剩余 11 个任务仍在处理中...
2026-05-30 22:15:36,388 [INFO] merge_service - [Poll] 进度: 1/12 完成, 剩余 11 个任务仍在处理中...
2026-05-30 22:15:39,534 [INFO] merge_service - [Poll] 进度: 1/12 完成, 剩余 11 个任务仍在处理中...
2026-05-30 22:15:42,657 [INFO] merge_service - [Poll] 进度: 1/12 完成, 剩余 11 个任务仍在处理中...
2026-05-30 22:15:45,784 [INFO] merge_service - [Poll] 进度: 1/12 完成, 剩余 11 个任务仍在处理中...
2026-05-30 22:15:48,929 [INFO] merge_service - [Poll] 进度: 1/12 完成, 剩余 11 个任务仍在处理中...
2026-05-30 22:15:52,050 [INFO] merge_service - [Poll] 进度: 1/12 完成, 剩余 11 个任务仍在处理中...
2026-05-30 22:15:55,173 [INFO] merge_service - [Poll] 进度: 1/12 完成, 剩余 11 个任务仍在处理中...
2026-05-30 22:15:58,310 [INFO] merge_service - [Poll] 进度: 1/12 完成, 剩余 11 个任务仍在处理中...
2026-05-30 22:16:01,457 [INFO] merge_service - [Poll] 进度: 1/12 完成, 剩余 11 个任务仍在处理中...
2026-05-30 22:16:04,582 [INFO] merge_service - [Poll] 进度: 1/12 完成, 剩余 11 个任务仍在处理中...
2026-05-30 22:16:07,707 [INFO] merge_service - [Poll] 任务 d3180038-2285-4c7a-ad64-646d4a78c624 (【医脉通】2020 第三次国际DCB小组报告：药物涂层球囊治疗冠脉疾病_8.png) → completed [成功]
2026-05-30 22:16:07,708 [INFO] merge_service - [Poll] 进度: 2/12 完成, 剩余 10 个任务仍在处理中...
2026-05-30 22:16:10,747 [INFO] merge_service - [Poll] 任务 9cb3ac4d-653d-4107-9c1f-2d1e14fcff43 (【医脉通】2020 第三次国际DCB小组报告：药物涂层球囊治疗冠脉疾病_2.png) → completed [成功]
2026-05-30 22:16:10,835 [INFO] merge_service - [Poll] 进度: 3/12 完成, 剩余 9 个任务仍在处理中...
2026-05-30 22:16:13,935 [INFO] merge_service - [Poll] 进度: 3/12 完成, 剩余 9 个任务仍在处理中...
2026-05-30 22:16:16,969 [INFO] merge_service - [Poll] 任务 dea2ce13-6ceb-4e3f-b500-8571278c2d0a (【医脉通】2020 第三次国际DCB小组报告：药物涂层球囊治疗冠脉疾病_3.png) → completed [成功]
2026-05-30 22:16:17,052 [INFO] merge_service - [Poll] 进度: 4/12 完成, 剩余 8 个任务仍在处理中...
2026-05-30 22:16:20,141 [INFO] merge_service - [Poll] 任务 f45966a2-ecf0-43a1-bae3-e0a4810edc21 (【医脉通】2020 第三次国际DCB小组报告：药物涂层球囊治疗冠脉疾病_6.png) → completed [成功]
2026-05-30 22:16:20,152 [INFO] merge_service - [Poll] 进度: 5/12 完成, 剩余 7 个任务仍在处理中...
2026-05-30 22:16:23,220 [INFO] merge_service - [Poll] 任务 a8ce3ef4-7373-4038-a472-26cdcb47bf0d (【医脉通】2020 第三次国际DCB小组报告：药物涂层球囊治疗冠脉疾病_10.png) → completed [成功]
2026-05-30 22:16:23,231 [INFO] merge_service - [Poll] 进度: 6/12 完成, 剩余 6 个任务仍在处理中...
2026-05-30 22:16:26,326 [INFO] merge_service - [Poll] 进度: 6/12 完成, 剩余 6 个任务仍在处理中...
2026-05-30 22:16:29,395 [INFO] merge_service - [Poll] 进度: 6/12 完成, 剩余 6 个任务仍在处理中...
2026-05-30 22:16:32,469 [INFO] merge_service - [Poll] 任务 8e5a1b36-9cff-4a0c-ab2b-7805d976cf31 (【医脉通】2020 第三次国际DCB小组报告：药物涂层球囊治疗冠脉疾病_7.png) → completed [成功]
2026-05-30 22:16:32,490 [INFO] merge_service - [Poll] 任务 fe6887c9-2b93-4df0-9c33-11e9f65756f4 (【医脉通】2020 第三次国际DCB小组报告：药物涂层球囊治疗冠脉疾病_4.png) → completed [成功]
2026-05-30 22:16:32,490 [INFO] merge_service - [Poll] 进度: 8/12 完成, 剩余 4 个任务仍在处理中...
2026-05-30 22:16:35,525 [INFO] merge_service - [Poll] 任务 ca5e7f08-5b91-4b54-a1af-f62ef5c0ecb2 (【医脉通】2020 第三次国际DCB小组报告：药物涂层球囊治疗冠脉疾病_12.png) → completed [成功]
2026-05-30 22:16:35,536 [INFO] merge_service - [Poll] 进度: 9/12 完成, 剩余 3 个任务仍在处理中...
2026-05-30 22:16:38,592 [INFO] merge_service - [Poll] 进度: 9/12 完成, 剩余 3 个任务仍在处理中...
2026-05-30 22:16:41,625 [INFO] merge_service - [Poll] 进度: 9/12 完成, 剩余 3 个任务仍在处理中...
2026-05-30 22:16:44,666 [INFO] merge_service - [Poll] 进度: 9/12 完成, 剩余 3 个任务仍在处理中...
2026-05-30 22:16:47,708 [INFO] merge_service - [Poll] 进度: 9/12 完成, 剩余 3 个任务仍在处理中...
2026-05-30 22:16:50,742 [INFO] merge_service - [Poll] 进度: 9/12 完成, 剩余 3 个任务仍在处理中...
2026-05-30 22:16:53,815 [INFO] merge_service - [Poll] 进度: 9/12 完成, 剩余 3 个任务仍在处理中...
2026-05-30 22:16:56,849 [INFO] merge_service - [Poll] 进度: 9/12 完成, 剩余 3 个任务仍在处理中...
2026-05-30 22:16:59,906 [INFO] merge_service - [Poll] 进度: 9/12 完成, 剩余 3 个任务仍在处理中...
2026-05-30 22:17:02,930 [INFO] merge_service - [Poll] 任务 919ce34e-f842-4ea8-a53c-0181e21dc736 (【医脉通】2020 第三次国际DCB小组报告：药物涂层球囊治疗冠脉疾病_9.png) → completed [成功]
2026-05-30 22:17:02,941 [INFO] merge_service - [Poll] 进度: 10/12 完成, 剩余 2 个任务仍在处理中...
2026-05-30 22:17:05,972 [INFO] merge_service - [Poll] 进度: 10/12 完成, 剩余 2 个任务仍在处理中...
2026-05-30 22:17:09,007 [INFO] merge_service - [Poll] 进度: 10/12 完成, 剩余 2 个任务仍在处理中...
2026-05-30 22:17:12,031 [INFO] merge_service - [Poll] 进度: 10/12 完成, 剩余 2 个任务仍在处理中...
2026-05-30 22:17:15,077 [INFO] merge_service - [Poll] 进度: 10/12 完成, 剩余 2 个任务仍在处理中...
2026-05-30 22:17:18,102 [INFO] merge_service - [Poll] 进度: 10/12 完成, 剩余 2 个任务仍在处理中...
2026-05-30 22:17:21,129 [INFO] merge_service - [Poll] 进度: 10/12 完成, 剩余 2 个任务仍在处理中...
2026-05-30 22:17:24,182 [INFO] merge_service - [Poll] 进度: 10/12 完成, 剩余 2 个任务仍在处理中...
2026-05-30 22:17:27,205 [INFO] merge_service - [Poll] 进度: 10/12 完成, 剩余 2 个任务仍在处理中...
2026-05-30 22:17:30,248 [INFO] merge_service - [Poll] 进度: 10/12 完成, 剩余 2 个任务仍在处理中...
2026-05-30 22:17:33,272 [INFO] merge_service - [Poll] 进度: 10/12 完成, 剩余 2 个任务仍在处理中...
2026-05-30 22:17:36,299 [INFO] merge_service - [Poll] 进度: 10/12 完成, 剩余 2 个任务仍在处理中...
2026-05-30 22:17:39,361 [INFO] merge_service - [Poll] 任务 edd75113-2ef9-40b7-aea5-70fb7874a861 (【医脉通】2020 第三次国际DCB小组报告：药物涂层球囊治疗冠脉疾病_5.png) → completed [成功]
2026-05-30 22:17:39,362 [INFO] merge_service - [Poll] 进度: 11/12 完成, 剩余 1 个任务仍在处理中...
2026-05-30 22:17:42,375 [INFO] merge_service - [Poll] 进度: 11/12 完成, 剩余 1 个任务仍在处理中...
2026-05-30 22:17:45,400 [INFO] merge_service - [Poll] 进度: 11/12 完成, 剩余 1 个任务仍在处理中...
2026-05-30 22:17:48,414 [INFO] merge_service - [Poll] 进度: 11/12 完成, 剩余 1 个任务仍在处理中...
2026-05-30 22:17:51,426 [INFO] merge_service - [Poll] 进度: 11/12 完成, 剩余 1 个任务仍在处理中...
2026-05-30 22:17:54,460 [INFO] merge_service - [Poll] 进度: 11/12 完成, 剩余 1 个任务仍在处理中...
2026-05-30 22:17:57,471 [INFO] merge_service - [Poll] 任务 2f1ee004-b4f5-4266-b7a9-22b154edc210 (【医脉通】2020 第三次国际DCB小组报告：药物涂层球囊治疗冠脉疾病_11.png) → completed [成功]
2026-05-30 22:17:57,472 [INFO] merge_service - [f465fe4b-b810-4e39-9ce0-567bf21a1bea] 所有提取任务已完成，开始合并清洗...
2026-05-30 22:17:57,472 [INFO] merge_service - [f465fe4b-b810-4e39-9ce0-567bf21a1bea] 合并顺序（按原图片文件名序号）:
2026-05-30 22:17:57,472 [INFO] merge_service -   第1页: 【医脉通】2020 第三次国际DCB小组报告：药物涂层球囊治疗冠脉疾病_1.png → output/医脉通】2020 第三次国际DCB小组报告：药物涂层球囊治疗冠脉疾病/医脉通】2020 第三次国际DCB小组报告：药物涂层球囊治疗冠脉疾病_1.md
2026-05-30 22:17:57,472 [INFO] merge_service -   第2页: 【医脉通】2020 第三次国际DCB小组报告：药物涂层球囊治疗冠脉疾病_2.png → output/医脉通】2020 第三次国际DCB小组报告：药物涂层球囊治疗冠脉疾病/医脉通】2020 第三次国际DCB小组报告：药物涂层球囊治疗冠脉疾病_2.md
2026-05-30 22:17:57,472 [INFO] merge_service -   第3页: 【医脉通】2020 第三次国际DCB小组报告：药物涂层球囊治疗冠脉疾病_3.png → output/医脉通】2020 第三次国际DCB小组报告：药物涂层球囊治疗冠脉疾病/医脉通】2020 第三次国际DCB小组报告：药物涂层球囊治疗冠脉疾病_3.md
2026-05-30 22:17:57,472 [INFO] merge_service -   第4页: 【医脉通】2020 第三次国际DCB小组报告：药物涂层球囊治疗冠脉疾病_4.png → output/医脉通】2020 第三次国际DCB小组报告：药物涂层球囊治疗冠脉疾病/医脉通】2020 第三次国际DCB小组报告：药物涂层球囊治疗冠脉疾病_4.md
2026-05-30 22:17:57,472 [INFO] merge_service -   第5页: 【医脉通】2020 第三次国际DCB小组报告：药物涂层球囊治疗冠脉疾病_5.png → output/医脉通】2020 第三次国际DCB小组报告：药物涂层球囊治疗冠脉疾病/医脉通】2020 第三次国际DCB小组报告：药物涂层球囊治疗冠脉疾病_5.md
2026-05-30 22:17:57,472 [INFO] merge_service -   第6页: 【医脉通】2020 第三次国际DCB小组报告：药物涂层球囊治疗冠脉疾病_6.png → output/医脉通】2020 第三次国际DCB小组报告：药物涂层球囊治疗冠脉疾病/医脉通】2020 第三次国际DCB小组报告：药物涂层球囊治疗冠脉疾病_6.md
2026-05-30 22:17:57,472 [INFO] merge_service -   第7页: 【医脉通】2020 第三次国际DCB小组报告：药物涂层球囊治疗冠脉疾病_7.png → output/医脉通】2020 第三次国际DCB小组报告：药物涂层球囊治疗冠脉疾病/医脉通】2020 第三次国际DCB小组报告：药物涂层球囊治疗冠脉疾病_7.md
2026-05-30 22:17:57,472 [INFO] merge_service -   第8页: 【医脉通】2020 第三次国际DCB小组报告：药物涂层球囊治疗冠脉疾病_8.png → output/医脉通】2020 第三次国际DCB小组报告：药物涂层球囊治疗冠脉疾病/医脉通】2020 第三次国际DCB小组报告：药物涂层球囊治疗冠脉疾病_8.md
2026-05-30 22:17:57,472 [INFO] merge_service -   第9页: 【医脉通】2020 第三次国际DCB小组报告：药物涂层球囊治疗冠脉疾病_9.png → output/医脉通】2020 第三次国际DCB小组报告：药物涂层球囊治疗冠脉疾病/医脉通】2020 第三次国际DCB小组报告：药物涂层球囊治疗冠脉疾病_9.md
2026-05-30 22:17:57,472 [INFO] merge_service -   第10页: 【医脉通】2020 第三次国际DCB小组报告：药物涂层球囊治疗冠脉疾病_10.png → output/医脉通】2020 第三次国际DCB小组报告：药物涂层球囊治疗冠脉疾病/医脉通】2020 第三次国际DCB小组报告：药物涂层球囊治疗冠脉疾病_10.md
2026-05-30 22:17:57,472 [INFO] merge_service -   第11页: 【医脉通】2020 第三次国际DCB小组报告：药物涂层球囊治疗冠脉疾病_11.png → output/医脉通】2020 第三次国际DCB小组报告：药物涂层球囊治疗冠脉疾病/医脉通】2020 第三次国际DCB小组报告：药物涂层球囊治疗冠脉疾病_11.md
2026-05-30 22:17:57,472 [INFO] merge_service -   第12页: 【医脉通】2020 第三次国际DCB小组报告：药物涂层球囊治疗冠脉疾病_12.png → output/医脉通】2020 第三次国际DCB小组报告：药物涂层球囊治疗冠脉疾病/医脉通】2020 第三次国际DCB小组报告：药物涂层球囊治疗冠脉疾病_12.md
2026-05-30 22:17:57,491 [INFO] merge_service - 
==================================================
2026-05-30 22:17:57,491 [INFO] merge_service - [f465fe4b-b810-4e39-9ce0-567bf21a1bea] 合并清洗完成!
2026-05-30 22:17:57,491 [INFO] merge_service -   合并文件: output/医脉通】2020 第三次国际DCB小组报告：药物涂层球囊治疗冠脉疾病/医脉通】2020 第三次国际DCB小组报告：药物涂层球囊治疗冠脉疾病_merged_output.md
2026-05-30 22:17:57,491 [INFO] merge_service -   有效页面: 10/12
2026-05-30 22:17:57,491 [INFO] merge_service -   总字符数: 48373
2026-05-30 22:17:57,491 [INFO] merge_service -   轮询耗时: 204.32s, 合并耗时: 0.02s
2026-05-30 22:17:57,491 [INFO] merge_service -   跳过页面（参考文献）: [10, 12]
2026-05-30 22:17:57,491 [INFO] merge_service - ==================================================
