2026-05-31 21:30:46,014 [INFO] merge_service - ============================================================
2026-05-31 21:30:46,014 [INFO] merge_service - 合并+清洗服务 — 新任务
2026-05-31 21:30:46,014 [INFO] merge_service -   合并ID: 36662161-5541-463d-a34f-7dcc4c7fc088
2026-05-31 21:30:46,014 [INFO] merge_service -   PDF名称: The CRUSADE Bleeding Score (原始: The CRUSADE Bleeding Score.pdf)
2026-05-31 21:30:46,014 [INFO] merge_service -   关联提取任务数: 21
2026-05-31 21:30:46,014 [INFO] merge_service -   输出目录: ./output
2026-05-31 21:30:46,014 [INFO] merge_service -   提取服务: http://localhost:8001
2026-05-31 21:30:46,014 [INFO] merge_service - ============================================================
2026-05-31 21:30:46,015 [INFO] merge_service - [Poll] 开始轮询 21 个提取任务...
2026-05-31 21:30:46,015 [INFO] merge_service - [Poll] 提取服务地址: http://localhost:8001
2026-05-31 21:30:46,015 [INFO] merge_service - [Poll] 轮询间隔: 3.0s, 最大等待: 3600.0s
2026-05-31 21:30:46,355 [INFO] merge_service - [Poll] 进度: 0/21 完成, 剩余 21 个任务仍在处理中...
2026-05-31 21:30:49,608 [INFO] merge_service - [Poll] 进度: 0/21 完成, 剩余 21 个任务仍在处理中...
2026-05-31 21:30:52,904 [INFO] merge_service - [Poll] 进度: 0/21 完成, 剩余 21 个任务仍在处理中...
2026-05-31 21:30:56,166 [INFO] merge_service - [Poll] 进度: 0/21 完成, 剩余 21 个任务仍在处理中...
2026-05-31 21:30:59,425 [INFO] merge_service - [Poll] 进度: 0/21 完成, 剩余 21 个任务仍在处理中...
2026-05-31 21:31:02,692 [INFO] merge_service - [Poll] 进度: 0/21 完成, 剩余 21 个任务仍在处理中...
2026-05-31 21:31:05,969 [INFO] merge_service - [Poll] 进度: 0/21 完成, 剩余 21 个任务仍在处理中...
2026-05-31 21:31:09,233 [INFO] merge_service - [Poll] 进度: 0/21 完成, 剩余 21 个任务仍在处理中...
2026-05-31 21:31:12,554 [INFO] merge_service - [Poll] 进度: 0/21 完成, 剩余 21 个任务仍在处理中...
2026-05-31 21:31:15,832 [INFO] merge_service - [Poll] 进度: 0/21 完成, 剩余 21 个任务仍在处理中...
2026-05-31 21:31:19,068 [INFO] merge_service - [Poll] 进度: 0/21 完成, 剩余 21 个任务仍在处理中...
2026-05-31 21:31:22,298 [INFO] merge_service - [Poll] 进度: 0/21 完成, 剩余 21 个任务仍在处理中...
2026-05-31 21:31:25,527 [INFO] merge_service - [Poll] 进度: 0/21 完成, 剩余 21 个任务仍在处理中...
2026-05-31 21:31:28,632 [INFO] merge_service - [Poll] 任务 d5f00aad-2aad-4112-84c6-bc784ffc4b49 (The CRUSADE Bleeding Score_5.png) → completed [成功]
2026-05-31 21:31:28,688 [INFO] merge_service - [Poll] 任务 c577ab25-7e86-4e69-88e5-2a3428a41fbd (The CRUSADE Bleeding Score_7.png) → completed [成功]
2026-05-31 21:31:28,762 [INFO] merge_service - [Poll] 进度: 2/21 完成, 剩余 19 个任务仍在处理中...
2026-05-31 21:31:31,847 [INFO] merge_service - [Poll] 任务 af73cf57-067d-4086-946b-96c66e00ded3 (The CRUSADE Bleeding Score_3.png) → completed [成功]
2026-05-31 21:31:31,962 [INFO] merge_service - [Poll] 进度: 3/21 完成, 剩余 18 个任务仍在处理中...
2026-05-31 21:31:35,160 [INFO] merge_service - [Poll] 进度: 3/21 完成, 剩余 18 个任务仍在处理中...
2026-05-31 21:31:38,192 [INFO] merge_service - [Poll] 任务 8d0458a5-cd3f-4f95-af96-1bd38e48d489 (The CRUSADE Bleeding Score_10.png) → completed [成功]
2026-05-31 21:31:38,312 [INFO] merge_service - [Poll] 任务 f13881bd-77de-475a-801b-7152a05b3387 (The CRUSADE Bleeding Score_9.png) → completed [成功]
2026-05-31 21:31:38,355 [INFO] merge_service - [Poll] 进度: 5/21 完成, 剩余 16 个任务仍在处理中...
2026-05-31 21:31:41,568 [INFO] merge_service - [Poll] 进度: 5/21 完成, 剩余 16 个任务仍在处理中...
2026-05-31 21:31:44,663 [INFO] merge_service - [Poll] 任务 3c56b7a2-09d0-4c17-b214-604c6bfc3959 (The CRUSADE Bleeding Score_4.png) → completed [成功]
2026-05-31 21:31:44,707 [INFO] merge_service - [Poll] 任务 7c704036-eae2-49a1-bc2a-c6a2efaae155 (The CRUSADE Bleeding Score_11.png) → completed [成功]
2026-05-31 21:31:44,763 [INFO] merge_service - [Poll] 任务 0b922c83-9de2-4897-845f-08885a3140a7 (The CRUSADE Bleeding Score_8.png) → completed [成功]
2026-05-31 21:31:44,773 [INFO] merge_service - [Poll] 进度: 8/21 完成, 剩余 13 个任务仍在处理中...
2026-05-31 21:31:47,936 [INFO] merge_service - [Poll] 进度: 8/21 完成, 剩余 13 个任务仍在处理中...
2026-05-31 21:31:51,078 [INFO] merge_service - [Poll] 进度: 8/21 完成, 剩余 13 个任务仍在处理中...
2026-05-31 21:31:54,220 [INFO] merge_service - [Poll] 进度: 8/21 完成, 剩余 13 个任务仍在处理中...
2026-05-31 21:31:57,399 [INFO] merge_service - [Poll] 进度: 8/21 完成, 剩余 13 个任务仍在处理中...
2026-05-31 21:32:00,567 [INFO] merge_service - [Poll] 进度: 8/21 完成, 剩余 13 个任务仍在处理中...
2026-05-31 21:32:03,706 [INFO] merge_service - [Poll] 进度: 8/21 完成, 剩余 13 个任务仍在处理中...
2026-05-31 21:32:06,807 [INFO] merge_service - [Poll] 任务 220f7540-3ba0-4aa6-ab93-bfbfc2ce50d1 (The CRUSADE Bleeding Score_1.png) → completed [成功]
2026-05-31 21:32:06,828 [INFO] merge_service - [Poll] 任务 9a5146cb-e90d-4700-86c3-a9179ea44e26 (The CRUSADE Bleeding Score_13.png) → completed [成功]
2026-05-31 21:32:06,839 [INFO] merge_service - [Poll] 任务 12fef579-3083-418e-90fe-4d3fce863f91 (The CRUSADE Bleeding Score_12.png) → completed [成功]
2026-05-31 21:32:06,850 [INFO] merge_service - [Poll] 进度: 11/21 完成, 剩余 10 个任务仍在处理中...
2026-05-31 21:32:09,889 [INFO] merge_service - [Poll] 任务 99320015-4798-4cfe-9d1d-afe96e83fe41 (The CRUSADE Bleeding Score_2.png) → completed [成功]
2026-05-31 21:32:10,006 [INFO] merge_service - [Poll] 任务 3a4e2faa-da92-4de0-9829-36ee67cf59ba (The CRUSADE Bleeding Score_6.png) → completed [成功]
2026-05-31 21:32:10,006 [INFO] merge_service - [Poll] 进度: 13/21 完成, 剩余 8 个任务仍在处理中...
2026-05-31 21:32:13,102 [INFO] merge_service - [Poll] 进度: 13/21 完成, 剩余 8 个任务仍在处理中...
2026-05-31 21:32:16,169 [INFO] merge_service - [Poll] 任务 4a0c7dcd-9569-460c-a284-d0206bd4b6d8 (The CRUSADE Bleeding Score_16.png) → completed [成功]
2026-05-31 21:32:16,183 [INFO] merge_service - [Poll] 任务 915fc52a-d8e9-47ac-b3c3-0fb6ace9d083 (The CRUSADE Bleeding Score_19.png) → completed [成功]
2026-05-31 21:32:16,193 [INFO] merge_service - [Poll] 进度: 15/21 完成, 剩余 6 个任务仍在处理中...
2026-05-31 21:32:19,282 [INFO] merge_service - [Poll] 进度: 15/21 完成, 剩余 6 个任务仍在处理中...
2026-05-31 21:32:22,329 [INFO] merge_service - [Poll] 任务 32dcab17-79a9-41c8-b7d2-76c74a42becf (The CRUSADE Bleeding Score_14.png) → completed [成功]
2026-05-31 21:32:22,350 [INFO] merge_service - [Poll] 进度: 16/21 完成, 剩余 5 个任务仍在处理中...
2026-05-31 21:32:25,445 [INFO] merge_service - [Poll] 进度: 16/21 完成, 剩余 5 个任务仍在处理中...
2026-05-31 21:32:28,501 [INFO] merge_service - [Poll] 进度: 16/21 完成, 剩余 5 个任务仍在处理中...
2026-05-31 21:32:31,574 [INFO] merge_service - [Poll] 进度: 16/21 完成, 剩余 5 个任务仍在处理中...
2026-05-31 21:32:34,633 [INFO] merge_service - [Poll] 进度: 16/21 完成, 剩余 5 个任务仍在处理中...
2026-05-31 21:32:37,690 [INFO] merge_service - [Poll] 任务 2003c26a-45a5-46f7-be2d-209d1329e22c (The CRUSADE Bleeding Score_15.png) → completed [成功]
2026-05-31 21:32:37,690 [INFO] merge_service - [Poll] 进度: 17/21 完成, 剩余 4 个任务仍在处理中...
2026-05-31 21:32:40,742 [INFO] merge_service - [Poll] 任务 ed949a92-0d79-45aa-83ab-9a97bfacd3f5 (The CRUSADE Bleeding Score_21.png) → completed [成功]
2026-05-31 21:32:40,753 [INFO] merge_service - [Poll] 进度: 18/21 完成, 剩余 3 个任务仍在处理中...
2026-05-31 21:32:43,788 [INFO] merge_service - [Poll] 任务 96d27c2d-ffd3-4466-b765-ea99dbab46f2 (The CRUSADE Bleeding Score_17.png) → completed [成功]
2026-05-31 21:32:43,788 [INFO] merge_service - [Poll] 进度: 19/21 完成, 剩余 2 个任务仍在处理中...
2026-05-31 21:32:46,818 [INFO] merge_service - [Poll] 进度: 19/21 完成, 剩余 2 个任务仍在处理中...
2026-05-31 21:32:49,848 [INFO] merge_service - [Poll] 任务 56b7f0d0-7925-48df-9991-a1910ec03282 (The CRUSADE Bleeding Score_18.png) → completed [成功]
2026-05-31 21:32:49,848 [INFO] merge_service - [Poll] 进度: 20/21 完成, 剩余 1 个任务仍在处理中...
2026-05-31 21:32:52,863 [INFO] merge_service - [Poll] 进度: 20/21 完成, 剩余 1 个任务仍在处理中...
2026-05-31 21:32:55,901 [INFO] merge_service - [Poll] 进度: 20/21 完成, 剩余 1 个任务仍在处理中...
2026-05-31 21:32:58,914 [INFO] merge_service - [Poll] 进度: 20/21 完成, 剩余 1 个任务仍在处理中...
2026-05-31 21:33:01,936 [INFO] merge_service - [Poll] 进度: 20/21 完成, 剩余 1 个任务仍在处理中...
2026-05-31 21:33:04,956 [INFO] merge_service - [Poll] 进度: 20/21 完成, 剩余 1 个任务仍在处理中...
2026-05-31 21:33:07,968 [INFO] merge_service - [Poll] 进度: 20/21 完成, 剩余 1 个任务仍在处理中...
2026-05-31 21:33:10,996 [INFO] merge_service - [Poll] 进度: 20/21 完成, 剩余 1 个任务仍在处理中...
2026-05-31 21:33:14,008 [INFO] merge_service - [Poll] 任务 0c3c4e6f-a838-4675-a141-ecf70fb57f6a (The CRUSADE Bleeding Score_20.png) → completed [成功]
2026-05-31 21:33:14,008 [INFO] merge_service - [36662161-5541-463d-a34f-7dcc4c7fc088] 所有提取任务已完成，开始合并清洗...
2026-05-31 21:33:14,008 [INFO] merge_service - [36662161-5541-463d-a34f-7dcc4c7fc088] 合并顺序（按原图片文件名序号）:
2026-05-31 21:33:14,008 [INFO] merge_service -   第1页: The CRUSADE Bleeding Score_1.png → output/The CRUSADE Bleeding Score/The CRUSADE Bleeding Score_1.md
2026-05-31 21:33:14,008 [INFO] merge_service -   第2页: The CRUSADE Bleeding Score_2.png → output/The CRUSADE Bleeding Score/The CRUSADE Bleeding Score_2.md
2026-05-31 21:33:14,008 [INFO] merge_service -   第3页: The CRUSADE Bleeding Score_3.png → output/The CRUSADE Bleeding Score/The CRUSADE Bleeding Score_3.md
2026-05-31 21:33:14,008 [INFO] merge_service -   第4页: The CRUSADE Bleeding Score_4.png → output/The CRUSADE Bleeding Score/The CRUSADE Bleeding Score_4.md
2026-05-31 21:33:14,008 [INFO] merge_service -   第5页: The CRUSADE Bleeding Score_5.png → output/The CRUSADE Bleeding Score/The CRUSADE Bleeding Score_5.md
2026-05-31 21:33:14,008 [INFO] merge_service -   第6页: The CRUSADE Bleeding Score_6.png → output/The CRUSADE Bleeding Score/The CRUSADE Bleeding Score_6.md
2026-05-31 21:33:14,008 [INFO] merge_service -   第7页: The CRUSADE Bleeding Score_7.png → output/The CRUSADE Bleeding Score/The CRUSADE Bleeding Score_7.md
2026-05-31 21:33:14,008 [INFO] merge_service -   第8页: The CRUSADE Bleeding Score_8.png → output/The CRUSADE Bleeding Score/The CRUSADE Bleeding Score_8.md
2026-05-31 21:33:14,008 [INFO] merge_service -   第9页: The CRUSADE Bleeding Score_9.png → output/The CRUSADE Bleeding Score/The CRUSADE Bleeding Score_9.md
2026-05-31 21:33:14,008 [INFO] merge_service -   第10页: The CRUSADE Bleeding Score_10.png → output/The CRUSADE Bleeding Score/The CRUSADE Bleeding Score_10.md
2026-05-31 21:33:14,008 [INFO] merge_service -   第11页: The CRUSADE Bleeding Score_11.png → output/The CRUSADE Bleeding Score/The CRUSADE Bleeding Score_11.md
2026-05-31 21:33:14,008 [INFO] merge_service -   第12页: The CRUSADE Bleeding Score_12.png → output/The CRUSADE Bleeding Score/The CRUSADE Bleeding Score_12.md
2026-05-31 21:33:14,008 [INFO] merge_service -   第13页: The CRUSADE Bleeding Score_13.png → output/The CRUSADE Bleeding Score/The CRUSADE Bleeding Score_13.md
2026-05-31 21:33:14,008 [INFO] merge_service -   第14页: The CRUSADE Bleeding Score_14.png → output/The CRUSADE Bleeding Score/The CRUSADE Bleeding Score_14.md
2026-05-31 21:33:14,008 [INFO] merge_service -   第15页: The CRUSADE Bleeding Score_15.png → output/The CRUSADE Bleeding Score/The CRUSADE Bleeding Score_15.md
2026-05-31 21:33:14,008 [INFO] merge_service -   第16页: The CRUSADE Bleeding Score_16.png → output/The CRUSADE Bleeding Score/The CRUSADE Bleeding Score_16.md
2026-05-31 21:33:14,008 [INFO] merge_service -   第17页: The CRUSADE Bleeding Score_17.png → output/The CRUSADE Bleeding Score/The CRUSADE Bleeding Score_17.md
2026-05-31 21:33:14,008 [INFO] merge_service -   第18页: The CRUSADE Bleeding Score_18.png → output/The CRUSADE Bleeding Score/The CRUSADE Bleeding Score_18.md
2026-05-31 21:33:14,008 [INFO] merge_service -   第19页: The CRUSADE Bleeding Score_19.png → output/The CRUSADE Bleeding Score/The CRUSADE Bleeding Score_19.md
2026-05-31 21:33:14,008 [INFO] merge_service -   第20页: The CRUSADE Bleeding Score_20.png → output/The CRUSADE Bleeding Score/The CRUSADE Bleeding Score_20.md
2026-05-31 21:33:14,008 [INFO] merge_service -   第21页: The CRUSADE Bleeding Score_21.png → output/The CRUSADE Bleeding Score/The CRUSADE Bleeding Score_21.md
2026-05-31 21:33:14,030 [INFO] merge_service - 
==================================================
2026-05-31 21:33:14,030 [INFO] merge_service - [36662161-5541-463d-a34f-7dcc4c7fc088] 合并清洗完成!
2026-05-31 21:33:14,030 [INFO] merge_service -   合并文件: output/The CRUSADE Bleeding Score/The CRUSADE Bleeding Score_merged_output.md
2026-05-31 21:33:14,030 [INFO] merge_service -   有效页面: 17/21
2026-05-31 21:33:14,030 [INFO] merge_service -   总字符数: 39295
2026-05-31 21:33:14,030 [INFO] merge_service -   轮询耗时: 147.99s, 合并耗时: 0.02s
2026-05-31 21:33:14,030 [INFO] merge_service -   跳过页面（参考文献）: [10, 11, 8, 9]
2026-05-31 21:33:14,030 [INFO] merge_service - ==================================================
