2026-05-30 22:45:21,959 [INFO] merge_service - ============================================================
2026-05-30 22:45:21,959 [INFO] merge_service - 合并+清洗服务 — 新任务
2026-05-30 22:45:21,959 [INFO] merge_service -   合并ID: 4edab37f-e8e5-400a-9642-bf8e25e169cd
2026-05-30 22:45:21,959 [INFO] merge_service -   PDF名称: 医脉通】非ST段抬高型急性冠状动脉综合征基层诊疗指南（2019年） (原始: 医脉通】非ST段抬高型急性冠状动脉综合征基层诊疗指南（2019年）.pdf)
2026-05-30 22:45:21,959 [INFO] merge_service -   关联提取任务数: 8
2026-05-30 22:45:21,959 [INFO] merge_service -   输出目录: ./output
2026-05-30 22:45:21,959 [INFO] merge_service -   提取服务: http://localhost:8001
2026-05-30 22:45:21,959 [INFO] merge_service - ============================================================
2026-05-30 22:45:21,960 [INFO] merge_service - [Poll] 开始轮询 8 个提取任务...
2026-05-30 22:45:21,960 [INFO] merge_service - [Poll] 提取服务地址: http://localhost:8001
2026-05-30 22:45:21,960 [INFO] merge_service - [Poll] 轮询间隔: 3.0s, 最大等待: 3600.0s
2026-05-30 22:45:22,154 [INFO] merge_service - [Poll] 进度: 0/8 完成, 剩余 8 个任务仍在处理中...
2026-05-30 22:45:25,244 [INFO] merge_service - [Poll] 进度: 0/8 完成, 剩余 8 个任务仍在处理中...
2026-05-30 22:45:28,359 [INFO] merge_service - [Poll] 进度: 0/8 完成, 剩余 8 个任务仍在处理中...
2026-05-30 22:45:31,450 [INFO] merge_service - [Poll] 进度: 0/8 完成, 剩余 8 个任务仍在处理中...
2026-05-30 22:45:34,543 [INFO] merge_service - [Poll] 进度: 0/8 完成, 剩余 8 个任务仍在处理中...
2026-05-30 22:45:37,637 [INFO] merge_service - [Poll] 进度: 0/8 完成, 剩余 8 个任务仍在处理中...
2026-05-30 22:45:40,726 [INFO] merge_service - [Poll] 进度: 0/8 完成, 剩余 8 个任务仍在处理中...
2026-05-30 22:45:43,843 [INFO] merge_service - [Poll] 进度: 0/8 完成, 剩余 8 个任务仍在处理中...
2026-05-30 22:45:46,935 [INFO] merge_service - [Poll] 进度: 0/8 完成, 剩余 8 个任务仍在处理中...
2026-05-30 22:45:50,036 [INFO] merge_service - [Poll] 进度: 0/8 完成, 剩余 8 个任务仍在处理中...
2026-05-30 22:45:53,127 [INFO] merge_service - [Poll] 进度: 0/8 完成, 剩余 8 个任务仍在处理中...
2026-05-30 22:45:56,219 [INFO] merge_service - [Poll] 进度: 0/8 完成, 剩余 8 个任务仍在处理中...
2026-05-30 22:45:59,317 [INFO] merge_service - [Poll] 进度: 0/8 完成, 剩余 8 个任务仍在处理中...
2026-05-30 22:46:02,413 [INFO] merge_service - [Poll] 进度: 0/8 完成, 剩余 8 个任务仍在处理中...
2026-05-30 22:46:05,507 [INFO] merge_service - [Poll] 进度: 0/8 完成, 剩余 8 个任务仍在处理中...
2026-05-30 22:46:08,599 [INFO] merge_service - [Poll] 进度: 0/8 完成, 剩余 8 个任务仍在处理中...
2026-05-30 22:46:11,691 [INFO] merge_service - [Poll] 进度: 0/8 完成, 剩余 8 个任务仍在处理中...
2026-05-30 22:46:14,810 [INFO] merge_service - [Poll] 进度: 0/8 完成, 剩余 8 个任务仍在处理中...
2026-05-30 22:46:17,902 [INFO] merge_service - [Poll] 进度: 0/8 完成, 剩余 8 个任务仍在处理中...
2026-05-30 22:46:21,022 [INFO] merge_service - [Poll] 任务 81a7bbf8-8eb6-491a-85b2-9721eb261038 (【医脉通】非ST段抬高型急性冠状动脉综合征基层诊疗指南（2019年）_6.png) → completed [成功]
2026-05-30 22:46:21,033 [INFO] merge_service - [Poll] 进度: 1/8 完成, 剩余 7 个任务仍在处理中...
2026-05-30 22:46:24,111 [INFO] merge_service - [Poll] 进度: 1/8 完成, 剩余 7 个任务仍在处理中...
2026-05-30 22:46:27,194 [INFO] merge_service - [Poll] 进度: 1/8 完成, 剩余 7 个任务仍在处理中...
2026-05-30 22:46:30,231 [INFO] merge_service - [Poll] 任务 09d2aa83-7686-4703-91aa-4701191c26b7 (【医脉通】非ST段抬高型急性冠状动脉综合征基层诊疗指南（2019年）_8.png) → completed [成功]
2026-05-30 22:46:30,290 [INFO] merge_service - [Poll] 进度: 2/8 完成, 剩余 6 个任务仍在处理中...
2026-05-30 22:46:33,358 [INFO] merge_service - [Poll] 进度: 2/8 完成, 剩余 6 个任务仍在处理中...
2026-05-30 22:46:36,445 [INFO] merge_service - [Poll] 进度: 2/8 完成, 剩余 6 个任务仍在处理中...
2026-05-30 22:46:39,490 [INFO] merge_service - [Poll] 任务 12b86498-a384-470d-8946-2f1a78a73618 (【医脉通】非ST段抬高型急性冠状动脉综合征基层诊疗指南（2019年）_1.png) → completed [成功]
2026-05-30 22:46:39,512 [INFO] merge_service - [Poll] 进度: 3/8 完成, 剩余 5 个任务仍在处理中...
2026-05-30 22:46:42,582 [INFO] merge_service - [Poll] 进度: 3/8 完成, 剩余 5 个任务仍在处理中...
2026-05-30 22:46:45,639 [INFO] merge_service - [Poll] 进度: 3/8 完成, 剩余 5 个任务仍在处理中...
2026-05-30 22:46:48,711 [INFO] merge_service - [Poll] 进度: 3/8 完成, 剩余 5 个任务仍在处理中...
2026-05-30 22:46:51,766 [INFO] merge_service - [Poll] 进度: 3/8 完成, 剩余 5 个任务仍在处理中...
2026-05-30 22:46:54,849 [INFO] merge_service - [Poll] 进度: 3/8 完成, 剩余 5 个任务仍在处理中...
2026-05-30 22:46:57,905 [INFO] merge_service - [Poll] 进度: 3/8 完成, 剩余 5 个任务仍在处理中...
2026-05-30 22:47:00,986 [INFO] merge_service - [Poll] 任务 c6c09aa6-7fb9-47d2-9edb-73488759638f (【医脉通】非ST段抬高型急性冠状动脉综合征基层诊疗指南（2019年）_5.png) → completed [成功]
2026-05-30 22:47:00,997 [INFO] merge_service - [Poll] 进度: 4/8 完成, 剩余 4 个任务仍在处理中...
2026-05-30 22:47:04,044 [INFO] merge_service - [Poll] 进度: 4/8 完成, 剩余 4 个任务仍在处理中...
2026-05-30 22:47:07,129 [INFO] merge_service - [Poll] 进度: 4/8 完成, 剩余 4 个任务仍在处理中...
2026-05-30 22:47:10,141 [INFO] merge_service - [Poll] 任务 09f4c39d-a908-47dd-b199-3181d0a42491 (【医脉通】非ST段抬高型急性冠状动脉综合征基层诊疗指南（2019年）_2.png) → completed [成功]
2026-05-30 22:47:10,174 [INFO] merge_service - [Poll] 任务 e8f1fbef-c739-4d4d-bc8c-8edd5b908d71 (【医脉通】非ST段抬高型急性冠状动脉综合征基层诊疗指南（2019年）_7.png) → completed [成功]
2026-05-30 22:47:10,174 [INFO] merge_service - [Poll] 进度: 6/8 完成, 剩余 2 个任务仍在处理中...
2026-05-30 22:47:13,225 [INFO] merge_service - [Poll] 进度: 6/8 完成, 剩余 2 个任务仍在处理中...
2026-05-30 22:47:16,249 [INFO] merge_service - [Poll] 进度: 6/8 完成, 剩余 2 个任务仍在处理中...
2026-05-30 22:47:19,286 [INFO] merge_service - [Poll] 进度: 6/8 完成, 剩余 2 个任务仍在处理中...
2026-05-30 22:47:22,300 [INFO] merge_service - [Poll] 任务 ac4b00e4-f96b-4508-8286-a09cd8968ba6 (【医脉通】非ST段抬高型急性冠状动脉综合征基层诊疗指南（2019年）_4.png) → completed [成功]
2026-05-30 22:47:22,311 [INFO] merge_service - [Poll] 进度: 7/8 完成, 剩余 1 个任务仍在处理中...
2026-05-30 22:47:25,326 [INFO] merge_service - [Poll] 进度: 7/8 完成, 剩余 1 个任务仍在处理中...
2026-05-30 22:47:28,364 [INFO] merge_service - [Poll] 进度: 7/8 完成, 剩余 1 个任务仍在处理中...
2026-05-30 22:47:31,380 [INFO] merge_service - [Poll] 进度: 7/8 完成, 剩余 1 个任务仍在处理中...
2026-05-30 22:47:34,401 [INFO] merge_service - [Poll] 进度: 7/8 完成, 剩余 1 个任务仍在处理中...
2026-05-30 22:47:37,420 [INFO] merge_service - [Poll] 进度: 7/8 完成, 剩余 1 个任务仍在处理中...
2026-05-30 22:47:40,432 [INFO] merge_service - [Poll] 进度: 7/8 完成, 剩余 1 个任务仍在处理中...
2026-05-30 22:47:43,464 [INFO] merge_service - [Poll] 进度: 7/8 完成, 剩余 1 个任务仍在处理中...
2026-05-30 22:47:46,476 [INFO] merge_service - [Poll] 进度: 7/8 完成, 剩余 1 个任务仍在处理中...
2026-05-30 22:47:49,490 [INFO] merge_service - [Poll] 进度: 7/8 完成, 剩余 1 个任务仍在处理中...
2026-05-30 22:47:52,531 [INFO] merge_service - [Poll] 进度: 7/8 完成, 剩余 1 个任务仍在处理中...
2026-05-30 22:47:55,544 [INFO] merge_service - [Poll] 进度: 7/8 完成, 剩余 1 个任务仍在处理中...
2026-05-30 22:47:58,564 [INFO] merge_service - [Poll] 进度: 7/8 完成, 剩余 1 个任务仍在处理中...
2026-05-30 22:48:01,592 [INFO] merge_service - [Poll] 进度: 7/8 完成, 剩余 1 个任务仍在处理中...
2026-05-30 22:48:04,607 [INFO] merge_service - [Poll] 进度: 7/8 完成, 剩余 1 个任务仍在处理中...
2026-05-30 22:48:07,628 [INFO] merge_service - [Poll] 任务 3c0a74ae-bd55-4e1e-a2bd-2b5f21b6c1a9 (【医脉通】非ST段抬高型急性冠状动脉综合征基层诊疗指南（2019年）_3.png) → completed [成功]
2026-05-30 22:48:07,628 [INFO] merge_service - [4edab37f-e8e5-400a-9642-bf8e25e169cd] 所有提取任务已完成，开始合并清洗...
2026-05-30 22:48:07,628 [INFO] merge_service - [4edab37f-e8e5-400a-9642-bf8e25e169cd] 合并顺序（按原图片文件名序号）:
2026-05-30 22:48:07,628 [INFO] merge_service -   第1页: 【医脉通】非ST段抬高型急性冠状动脉综合征基层诊疗指南（2019年）_1.png → output/医脉通】非ST段抬高型急性冠状动脉综合征基层诊疗指南（2019年）/医脉通】非ST段抬高型急性冠状动脉综合征基层诊疗指南（2019年）_1.md
2026-05-30 22:48:07,628 [INFO] merge_service -   第2页: 【医脉通】非ST段抬高型急性冠状动脉综合征基层诊疗指南（2019年）_2.png → output/医脉通】非ST段抬高型急性冠状动脉综合征基层诊疗指南（2019年）/医脉通】非ST段抬高型急性冠状动脉综合征基层诊疗指南（2019年）_2.md
2026-05-30 22:48:07,628 [INFO] merge_service -   第3页: 【医脉通】非ST段抬高型急性冠状动脉综合征基层诊疗指南（2019年）_3.png → output/医脉通】非ST段抬高型急性冠状动脉综合征基层诊疗指南（2019年）/医脉通】非ST段抬高型急性冠状动脉综合征基层诊疗指南（2019年）_3.md
2026-05-30 22:48:07,628 [INFO] merge_service -   第4页: 【医脉通】非ST段抬高型急性冠状动脉综合征基层诊疗指南（2019年）_4.png → output/医脉通】非ST段抬高型急性冠状动脉综合征基层诊疗指南（2019年）/医脉通】非ST段抬高型急性冠状动脉综合征基层诊疗指南（2019年）_4.md
2026-05-30 22:48:07,628 [INFO] merge_service -   第5页: 【医脉通】非ST段抬高型急性冠状动脉综合征基层诊疗指南（2019年）_5.png → output/医脉通】非ST段抬高型急性冠状动脉综合征基层诊疗指南（2019年）/医脉通】非ST段抬高型急性冠状动脉综合征基层诊疗指南（2019年）_5.md
2026-05-30 22:48:07,628 [INFO] merge_service -   第6页: 【医脉通】非ST段抬高型急性冠状动脉综合征基层诊疗指南（2019年）_6.png → output/医脉通】非ST段抬高型急性冠状动脉综合征基层诊疗指南（2019年）/医脉通】非ST段抬高型急性冠状动脉综合征基层诊疗指南（2019年）_6.md
2026-05-30 22:48:07,628 [INFO] merge_service -   第7页: 【医脉通】非ST段抬高型急性冠状动脉综合征基层诊疗指南（2019年）_7.png → output/医脉通】非ST段抬高型急性冠状动脉综合征基层诊疗指南（2019年）/医脉通】非ST段抬高型急性冠状动脉综合征基层诊疗指南（2019年）_7.md
2026-05-30 22:48:07,628 [INFO] merge_service -   第8页: 【医脉通】非ST段抬高型急性冠状动脉综合征基层诊疗指南（2019年）_8.png → output/医脉通】非ST段抬高型急性冠状动脉综合征基层诊疗指南（2019年）/医脉通】非ST段抬高型急性冠状动脉综合征基层诊疗指南（2019年）_8.md
2026-05-30 22:48:07,648 [INFO] merge_service - 
==================================================
2026-05-30 22:48:07,648 [INFO] merge_service - [4edab37f-e8e5-400a-9642-bf8e25e169cd] 合并清洗完成!
2026-05-30 22:48:07,648 [INFO] merge_service -   合并文件: output/医脉通】非ST段抬高型急性冠状动脉综合征基层诊疗指南（2019年）/医脉通】非ST段抬高型急性冠状动脉综合征基层诊疗指南（2019年）_merged_output.md
2026-05-30 22:48:07,648 [INFO] merge_service -   有效页面: 8/8
2026-05-30 22:48:07,648 [INFO] merge_service -   总字符数: 16554
2026-05-30 22:48:07,648 [INFO] merge_service -   轮询耗时: 165.67s, 合并耗时: 0.02s
2026-05-30 22:48:07,648 [INFO] merge_service - ==================================================
