2026-05-28 21:34:27,961 [INFO] merge_service - ============================================================
2026-05-28 21:34:27,961 [INFO] merge_service - 合并+清洗服务 — 新任务
2026-05-28 21:34:27,961 [INFO] merge_service -   合并ID: a0a34d59-bb80-4b90-97ab-f248d50473f9
2026-05-28 21:34:27,961 [INFO] merge_service -   PDF名称: 经皮冠状动脉介入治疗指南（2025） (原始: 经皮冠状动脉介入治疗指南（2025）.pdf)
2026-05-28 21:34:27,961 [INFO] merge_service -   关联提取任务数: 29
2026-05-28 21:34:27,961 [INFO] merge_service -   输出目录: ./output
2026-05-28 21:34:27,961 [INFO] merge_service -   提取服务: http://localhost:8001
2026-05-28 21:34:27,961 [INFO] merge_service - ============================================================
2026-05-28 21:34:27,962 [INFO] merge_service - [Poll] 开始轮询 29 个提取任务...
2026-05-28 21:34:27,962 [INFO] merge_service - [Poll] 提取服务地址: http://localhost:8001
2026-05-28 21:34:27,962 [INFO] merge_service - [Poll] 轮询间隔: 3.0s, 最大等待: 3600.0s
2026-05-28 21:34:28,422 [INFO] merge_service - [Poll] 进度: 0/29 完成, 剩余 29 个任务仍在处理中...
2026-05-28 21:34:31,743 [INFO] merge_service - [Poll] 进度: 0/29 完成, 剩余 29 个任务仍在处理中...
2026-05-28 21:34:35,074 [INFO] merge_service - [Poll] 进度: 0/29 完成, 剩余 29 个任务仍在处理中...
2026-05-28 21:34:38,408 [INFO] merge_service - [Poll] 进度: 0/29 完成, 剩余 29 个任务仍在处理中...
2026-05-28 21:34:41,744 [INFO] merge_service - [Poll] 进度: 0/29 完成, 剩余 29 个任务仍在处理中...
2026-05-28 21:34:45,098 [INFO] merge_service - [Poll] 进度: 0/29 完成, 剩余 29 个任务仍在处理中...
2026-05-28 21:34:48,443 [INFO] merge_service - [Poll] 进度: 0/29 完成, 剩余 29 个任务仍在处理中...
2026-05-28 21:34:51,763 [INFO] merge_service - [Poll] 进度: 0/29 完成, 剩余 29 个任务仍在处理中...
2026-05-28 21:34:55,078 [INFO] merge_service - [Poll] 进度: 0/29 完成, 剩余 29 个任务仍在处理中...
2026-05-28 21:34:58,394 [INFO] merge_service - [Poll] 进度: 0/29 完成, 剩余 29 个任务仍在处理中...
2026-05-28 21:35:01,713 [INFO] merge_service - [Poll] 进度: 0/29 完成, 剩余 29 个任务仍在处理中...
2026-05-28 21:35:05,030 [INFO] merge_service - [Poll] 进度: 0/29 完成, 剩余 29 个任务仍在处理中...
2026-05-28 21:35:08,351 [INFO] merge_service - [Poll] 进度: 0/29 完成, 剩余 29 个任务仍在处理中...
2026-05-28 21:35:11,689 [INFO] merge_service - [Poll] 进度: 0/29 完成, 剩余 29 个任务仍在处理中...
2026-05-28 21:35:15,047 [INFO] merge_service - [Poll] 进度: 0/29 完成, 剩余 29 个任务仍在处理中...
2026-05-28 21:35:18,430 [INFO] merge_service - [Poll] 进度: 0/29 完成, 剩余 29 个任务仍在处理中...
2026-05-28 21:35:21,765 [INFO] merge_service - [Poll] 进度: 0/29 完成, 剩余 29 个任务仍在处理中...
2026-05-28 21:35:25,080 [INFO] merge_service - [Poll] 进度: 0/29 完成, 剩余 29 个任务仍在处理中...
2026-05-28 21:35:28,392 [INFO] merge_service - [Poll] 进度: 0/29 完成, 剩余 29 个任务仍在处理中...
2026-05-28 21:35:31,703 [INFO] merge_service - [Poll] 进度: 0/29 完成, 剩余 29 个任务仍在处理中...
2026-05-28 21:35:34,751 [INFO] merge_service - [Poll] 任务 d36f263c-2ff1-47d9-8ecf-5b55bb94ec61 (经皮冠状动脉介入治疗指南（2025）_8.png) → completed [成功]
2026-05-28 21:35:35,019 [INFO] merge_service - [Poll] 进度: 1/29 完成, 剩余 28 个任务仍在处理中...
2026-05-28 21:35:38,326 [INFO] merge_service - [Poll] 进度: 1/29 完成, 剩余 28 个任务仍在处理中...
2026-05-28 21:35:41,439 [INFO] merge_service - [Poll] 任务 614d258b-6ecf-410f-9917-87d2516630c3 (经皮冠状动脉介入治疗指南（2025）_3.png) → completed [成功]
2026-05-28 21:35:41,646 [INFO] merge_service - [Poll] 进度: 2/29 完成, 剩余 27 个任务仍在处理中...
2026-05-28 21:35:44,999 [INFO] merge_service - [Poll] 进度: 2/29 完成, 剩余 27 个任务仍在处理中...
2026-05-28 21:35:48,034 [INFO] merge_service - [Poll] 任务 601f1e8b-db69-4756-b0df-e358eaceff9f (经皮冠状动脉介入治疗指南（2025）_6.png) → completed [成功]
2026-05-28 21:35:48,293 [INFO] merge_service - [Poll] 进度: 3/29 完成, 剩余 26 个任务仍在处理中...
2026-05-28 21:35:51,520 [INFO] merge_service - [Poll] 任务 bf0dde49-c49d-4c4e-9a32-cfe346bfcdb3 (经皮冠状动脉介入治疗指南（2025）_1.png) → completed [成功]
2026-05-28 21:35:51,574 [INFO] merge_service - [Poll] 进度: 4/29 完成, 剩余 25 个任务仍在处理中...
2026-05-28 21:35:54,846 [INFO] merge_service - [Poll] 进度: 4/29 完成, 剩余 25 个任务仍在处理中...
2026-05-28 21:35:58,134 [INFO] merge_service - [Poll] 进度: 4/29 完成, 剩余 25 个任务仍在处理中...
2026-05-28 21:36:01,441 [INFO] merge_service - [Poll] 进度: 4/29 完成, 剩余 25 个任务仍在处理中...
2026-05-28 21:36:04,707 [INFO] merge_service - [Poll] 进度: 4/29 完成, 剩余 25 个任务仍在处理中...
2026-05-28 21:36:07,978 [INFO] merge_service - [Poll] 进度: 4/29 完成, 剩余 25 个任务仍在处理中...
2026-05-28 21:36:11,243 [INFO] merge_service - [Poll] 进度: 4/29 完成, 剩余 25 个任务仍在处理中...
2026-05-28 21:36:14,524 [INFO] merge_service - [Poll] 进度: 4/29 完成, 剩余 25 个任务仍在处理中...
2026-05-28 21:36:17,840 [INFO] merge_service - [Poll] 进度: 4/29 完成, 剩余 25 个任务仍在处理中...
2026-05-28 21:36:21,116 [INFO] merge_service - [Poll] 进度: 4/29 完成, 剩余 25 个任务仍在处理中...
2026-05-28 21:36:24,386 [INFO] merge_service - [Poll] 进度: 4/29 完成, 剩余 25 个任务仍在处理中...
2026-05-28 21:36:27,666 [INFO] merge_service - [Poll] 进度: 4/29 完成, 剩余 25 个任务仍在处理中...
2026-05-28 21:36:30,948 [INFO] merge_service - [Poll] 进度: 4/29 完成, 剩余 25 个任务仍在处理中...
2026-05-28 21:36:34,246 [INFO] merge_service - [Poll] 进度: 4/29 完成, 剩余 25 个任务仍在处理中...
2026-05-28 21:36:37,352 [INFO] merge_service - [Poll] 任务 9cc47424-8c7e-4e2e-a853-f59cb4d3642e (经皮冠状动脉介入治疗指南（2025）_2.png) → completed [成功]
2026-05-28 21:36:37,482 [INFO] merge_service - [Poll] 任务 22b864cf-8820-4d60-b65f-3c0112930fae (经皮冠状动脉介入治疗指南（2025）_7.png) → completed [成功]
2026-05-28 21:36:37,535 [INFO] merge_service - [Poll] 进度: 6/29 完成, 剩余 23 个任务仍在处理中...
2026-05-28 21:36:40,780 [INFO] merge_service - [Poll] 进度: 6/29 完成, 剩余 23 个任务仍在处理中...
2026-05-28 21:36:44,025 [INFO] merge_service - [Poll] 进度: 6/29 完成, 剩余 23 个任务仍在处理中...
2026-05-28 21:36:47,277 [INFO] merge_service - [Poll] 进度: 6/29 完成, 剩余 23 个任务仍在处理中...
2026-05-28 21:36:50,543 [INFO] merge_service - [Poll] 进度: 6/29 完成, 剩余 23 个任务仍在处理中...
2026-05-28 21:36:53,650 [INFO] merge_service - [Poll] 任务 10872513-1e0d-472c-95ed-20d70100f771 (经皮冠状动脉介入治疗指南（2025）_5.png) → completed [成功]
2026-05-28 21:36:53,798 [INFO] merge_service - [Poll] 进度: 7/29 完成, 剩余 22 个任务仍在处理中...
2026-05-28 21:36:57,032 [INFO] merge_service - [Poll] 进度: 7/29 完成, 剩余 22 个任务仍在处理中...
2026-05-28 21:37:00,079 [INFO] merge_service - [Poll] 任务 a9631bd4-9dc5-49bf-9cf1-096166592c4d (经皮冠状动脉介入治疗指南（2025）_4.png) → completed [成功]
2026-05-28 21:37:00,270 [INFO] merge_service - [Poll] 进度: 8/29 完成, 剩余 21 个任务仍在处理中...
2026-05-28 21:37:03,498 [INFO] merge_service - [Poll] 进度: 8/29 完成, 剩余 21 个任务仍在处理中...
2026-05-28 21:37:06,555 [INFO] merge_service - [Poll] 任务 570d945a-c4a5-4a3e-adfc-b2b663b5685b (经皮冠状动脉介入治疗指南（2025）_11.png) → completed [成功]
2026-05-28 21:37:06,737 [INFO] merge_service - [Poll] 进度: 9/29 完成, 剩余 20 个任务仍在处理中...
2026-05-28 21:37:10,008 [INFO] merge_service - [Poll] 进度: 9/29 完成, 剩余 20 个任务仍在处理中...
2026-05-28 21:37:13,230 [INFO] merge_service - [Poll] 进度: 9/29 完成, 剩余 20 个任务仍在处理中...
2026-05-28 21:37:16,446 [INFO] merge_service - [Poll] 进度: 9/29 完成, 剩余 20 个任务仍在处理中...
2026-05-28 21:37:19,707 [INFO] merge_service - [Poll] 进度: 9/29 完成, 剩余 20 个任务仍在处理中...
2026-05-28 21:37:22,963 [INFO] merge_service - [Poll] 进度: 9/29 完成, 剩余 20 个任务仍在处理中...
2026-05-28 21:37:26,211 [INFO] merge_service - [Poll] 进度: 9/29 完成, 剩余 20 个任务仍在处理中...
2026-05-28 21:37:29,285 [INFO] merge_service - [Poll] 任务 ac0dbd5b-bec7-49b7-ac3b-da8cf733faea (经皮冠状动脉介入治疗指南（2025）_9.png) → completed [成功]
2026-05-28 21:37:29,452 [INFO] merge_service - [Poll] 进度: 10/29 完成, 剩余 19 个任务仍在处理中...
2026-05-28 21:37:32,674 [INFO] merge_service - [Poll] 进度: 10/29 完成, 剩余 19 个任务仍在处理中...
2026-05-28 21:37:35,890 [INFO] merge_service - [Poll] 进度: 10/29 完成, 剩余 19 个任务仍在处理中...
2026-05-28 21:37:39,092 [INFO] merge_service - [Poll] 进度: 10/29 完成, 剩余 19 个任务仍在处理中...
2026-05-28 21:37:42,295 [INFO] merge_service - [Poll] 进度: 10/29 完成, 剩余 19 个任务仍在处理中...
2026-05-28 21:37:45,503 [INFO] merge_service - [Poll] 进度: 10/29 完成, 剩余 19 个任务仍在处理中...
2026-05-28 21:37:48,716 [INFO] merge_service - [Poll] 进度: 10/29 完成, 剩余 19 个任务仍在处理中...
2026-05-28 21:37:51,873 [INFO] merge_service - [Poll] 任务 b73524ad-1f14-4b0a-9686-628c4d45a9e6 (经皮冠状动脉介入治疗指南（2025）_10.png) → completed [成功]
2026-05-28 21:37:51,971 [INFO] merge_service - [Poll] 进度: 11/29 完成, 剩余 18 个任务仍在处理中...
2026-05-28 21:37:55,207 [INFO] merge_service - [Poll] 进度: 11/29 完成, 剩余 18 个任务仍在处理中...
2026-05-28 21:37:58,414 [INFO] merge_service - [Poll] 进度: 11/29 完成, 剩余 18 个任务仍在处理中...
2026-05-28 21:38:01,606 [INFO] merge_service - [Poll] 进度: 11/29 完成, 剩余 18 个任务仍在处理中...
2026-05-28 21:38:04,800 [INFO] merge_service - [Poll] 进度: 11/29 完成, 剩余 18 个任务仍在处理中...
2026-05-28 21:38:08,004 [INFO] merge_service - [Poll] 进度: 11/29 完成, 剩余 18 个任务仍在处理中...
2026-05-28 21:38:11,247 [INFO] merge_service - [Poll] 进度: 11/29 完成, 剩余 18 个任务仍在处理中...
2026-05-28 21:38:14,479 [INFO] merge_service - [Poll] 进度: 11/29 完成, 剩余 18 个任务仍在处理中...
2026-05-28 21:38:17,689 [INFO] merge_service - [Poll] 进度: 11/29 完成, 剩余 18 个任务仍在处理中...
2026-05-28 21:38:20,887 [INFO] merge_service - [Poll] 进度: 11/29 完成, 剩余 18 个任务仍在处理中...
2026-05-28 21:38:24,080 [INFO] merge_service - [Poll] 进度: 11/29 完成, 剩余 18 个任务仍在处理中...
2026-05-28 21:38:27,245 [INFO] merge_service - [Poll] 任务 a3f34954-ea2e-4b2e-b936-74c87efd27e6 (经皮冠状动脉介入治疗指南（2025）_12.png) → completed [成功]
2026-05-28 21:38:27,280 [INFO] merge_service - [Poll] 进度: 12/29 完成, 剩余 17 个任务仍在处理中...
2026-05-28 21:38:30,469 [INFO] merge_service - [Poll] 进度: 12/29 完成, 剩余 17 个任务仍在处理中...
2026-05-28 21:38:33,680 [INFO] merge_service - [Poll] 进度: 12/29 完成, 剩余 17 个任务仍在处理中...
2026-05-28 21:38:36,897 [INFO] merge_service - [Poll] 进度: 12/29 完成, 剩余 17 个任务仍在处理中...
2026-05-28 21:38:40,111 [INFO] merge_service - [Poll] 进度: 12/29 完成, 剩余 17 个任务仍在处理中...
2026-05-28 21:38:43,303 [INFO] merge_service - [Poll] 进度: 12/29 完成, 剩余 17 个任务仍在处理中...
2026-05-28 21:38:46,490 [INFO] merge_service - [Poll] 进度: 12/29 完成, 剩余 17 个任务仍在处理中...
2026-05-28 21:38:49,677 [INFO] merge_service - [Poll] 进度: 12/29 完成, 剩余 17 个任务仍在处理中...
2026-05-28 21:38:52,723 [INFO] merge_service - [Poll] 任务 3000fe49-2b5d-4346-b43d-97c1d987d604 (经皮冠状动脉介入治疗指南（2025）_13.png) → completed [成功]
2026-05-28 21:38:52,808 [INFO] merge_service - [Poll] 任务 49a5244a-d01e-45aa-bfd1-cbb7cbba0717 (经皮冠状动脉介入治疗指南（2025）_14.png) → completed [成功]
2026-05-28 21:38:52,870 [INFO] merge_service - [Poll] 进度: 14/29 完成, 剩余 15 个任务仍在处理中...
2026-05-28 21:38:56,040 [INFO] merge_service - [Poll] 进度: 14/29 完成, 剩余 15 个任务仍在处理中...
2026-05-28 21:38:59,087 [INFO] merge_service - [Poll] 任务 a11ebb69-58ee-4ca8-bbe1-93eba94bfb7c (经皮冠状动脉介入治疗指南（2025）_18.png) → completed [成功]
2026-05-28 21:38:59,236 [INFO] merge_service - [Poll] 任务 1f45a859-e15c-4f1c-8c1a-71f9d79a5dc3 (经皮冠状动脉介入治疗指南（2025）_17.png) → completed [成功]
2026-05-28 21:38:59,236 [INFO] merge_service - [Poll] 进度: 16/29 完成, 剩余 13 个任务仍在处理中...
2026-05-28 21:39:02,410 [INFO] merge_service - [Poll] 进度: 16/29 完成, 剩余 13 个任务仍在处理中...
2026-05-28 21:39:05,563 [INFO] merge_service - [Poll] 进度: 16/29 完成, 剩余 13 个任务仍在处理中...
2026-05-28 21:39:08,705 [INFO] merge_service - [Poll] 进度: 16/29 完成, 剩余 13 个任务仍在处理中...
2026-05-28 21:39:11,886 [INFO] merge_service - [Poll] 进度: 16/29 完成, 剩余 13 个任务仍在处理中...
2026-05-28 21:39:14,949 [INFO] merge_service - [Poll] 任务 878c25be-64e9-44d1-ac08-b56e4fa7268f (经皮冠状动脉介入治疗指南（2025）_15.png) → completed [成功]
2026-05-28 21:39:15,035 [INFO] merge_service - [Poll] 进度: 17/29 完成, 剩余 12 个任务仍在处理中...
2026-05-28 21:39:18,137 [INFO] merge_service - [Poll] 任务 22f31c0c-b27a-4fcc-87b8-682ee64f9371 (经皮冠状动脉介入治疗指南（2025）_16.png) → completed [成功]
2026-05-28 21:39:18,174 [INFO] merge_service - [Poll] 进度: 18/29 完成, 剩余 11 个任务仍在处理中...
2026-05-28 21:39:21,336 [INFO] merge_service - [Poll] 进度: 18/29 完成, 剩余 11 个任务仍在处理中...
2026-05-28 21:39:24,506 [INFO] merge_service - [Poll] 进度: 18/29 完成, 剩余 11 个任务仍在处理中...
2026-05-28 21:39:27,625 [INFO] merge_service - [Poll] 进度: 18/29 完成, 剩余 11 个任务仍在处理中...
2026-05-28 21:39:30,750 [INFO] merge_service - [Poll] 进度: 18/29 完成, 剩余 11 个任务仍在处理中...
2026-05-28 21:39:33,897 [INFO] merge_service - [Poll] 进度: 18/29 完成, 剩余 11 个任务仍在处理中...
2026-05-28 21:39:37,017 [INFO] merge_service - [Poll] 进度: 18/29 完成, 剩余 11 个任务仍在处理中...
2026-05-28 21:39:40,105 [INFO] merge_service - [Poll] 任务 dc11207b-e85c-47dc-a99f-6b493850b951 (经皮冠状动脉介入治疗指南（2025）_20.png) → completed [成功]
2026-05-28 21:39:40,141 [INFO] merge_service - [Poll] 进度: 19/29 完成, 剩余 10 个任务仍在处理中...
2026-05-28 21:39:43,273 [INFO] merge_service - [Poll] 进度: 19/29 完成, 剩余 10 个任务仍在处理中...
2026-05-28 21:39:46,381 [INFO] merge_service - [Poll] 进度: 19/29 完成, 剩余 10 个任务仍在处理中...
2026-05-28 21:39:49,496 [INFO] merge_service - [Poll] 进度: 19/29 完成, 剩余 10 个任务仍在处理中...
2026-05-28 21:39:52,624 [INFO] merge_service - [Poll] 进度: 19/29 完成, 剩余 10 个任务仍在处理中...
2026-05-28 21:39:55,733 [INFO] merge_service - [Poll] 进度: 19/29 完成, 剩余 10 个任务仍在处理中...
2026-05-28 21:39:58,846 [INFO] merge_service - [Poll] 进度: 19/29 完成, 剩余 10 个任务仍在处理中...
2026-05-28 21:40:01,981 [INFO] merge_service - [Poll] 进度: 19/29 完成, 剩余 10 个任务仍在处理中...
2026-05-28 21:40:05,091 [INFO] merge_service - [Poll] 进度: 19/29 完成, 剩余 10 个任务仍在处理中...
2026-05-28 21:40:08,202 [INFO] merge_service - [Poll] 进度: 19/29 完成, 剩余 10 个任务仍在处理中...
2026-05-28 21:40:11,353 [INFO] merge_service - [Poll] 进度: 19/29 完成, 剩余 10 个任务仍在处理中...
2026-05-28 21:40:14,464 [INFO] merge_service - [Poll] 进度: 19/29 完成, 剩余 10 个任务仍在处理中...
2026-05-28 21:40:17,574 [INFO] merge_service - [Poll] 进度: 19/29 完成, 剩余 10 个任务仍在处理中...
2026-05-28 21:40:20,714 [INFO] merge_service - [Poll] 进度: 19/29 完成, 剩余 10 个任务仍在处理中...
2026-05-28 21:40:23,825 [INFO] merge_service - [Poll] 进度: 19/29 完成, 剩余 10 个任务仍在处理中...
2026-05-28 21:40:26,937 [INFO] merge_service - [Poll] 进度: 19/29 完成, 剩余 10 个任务仍在处理中...
2026-05-28 21:40:30,085 [INFO] merge_service - [Poll] 进度: 19/29 完成, 剩余 10 个任务仍在处理中...
2026-05-28 21:40:33,127 [INFO] merge_service - [Poll] 任务 a10ad520-5bb7-4690-94bd-7ddd0da1739e (经皮冠状动脉介入治疗指南（2025）_21.png) → completed [成功]
2026-05-28 21:40:33,205 [INFO] merge_service - [Poll] 进度: 20/29 完成, 剩余 9 个任务仍在处理中...
2026-05-28 21:40:36,303 [INFO] merge_service - [Poll] 进度: 20/29 完成, 剩余 9 个任务仍在处理中...
2026-05-28 21:40:39,457 [INFO] merge_service - [Poll] 进度: 20/29 完成, 剩余 9 个任务仍在处理中...
2026-05-28 21:40:42,557 [INFO] merge_service - [Poll] 进度: 20/29 完成, 剩余 9 个任务仍在处理中...
2026-05-28 21:40:45,659 [INFO] merge_service - [Poll] 进度: 20/29 完成, 剩余 9 个任务仍在处理中...
2026-05-28 21:40:48,729 [INFO] merge_service - [Poll] 任务 7549aa26-94ff-4f4e-90f2-1ebc7b25b795 (经皮冠状动脉介入治疗指南（2025）_19.png) → completed [成功]
2026-05-28 21:40:48,795 [INFO] merge_service - [Poll] 进度: 21/29 完成, 剩余 8 个任务仍在处理中...
2026-05-28 21:40:51,883 [INFO] merge_service - [Poll] 进度: 21/29 完成, 剩余 8 个任务仍在处理中...
2026-05-28 21:40:54,982 [INFO] merge_service - [Poll] 进度: 21/29 完成, 剩余 8 个任务仍在处理中...
2026-05-28 21:40:58,115 [INFO] merge_service - [Poll] 进度: 21/29 完成, 剩余 8 个任务仍在处理中...
2026-05-28 21:41:01,201 [INFO] merge_service - [Poll] 进度: 21/29 完成, 剩余 8 个任务仍在处理中...
2026-05-28 21:41:04,294 [INFO] merge_service - [Poll] 进度: 21/29 完成, 剩余 8 个任务仍在处理中...
2026-05-28 21:41:07,394 [INFO] merge_service - [Poll] 进度: 21/29 完成, 剩余 8 个任务仍在处理中...
2026-05-28 21:41:10,481 [INFO] merge_service - [Poll] 进度: 21/29 完成, 剩余 8 个任务仍在处理中...
2026-05-28 21:41:13,620 [INFO] merge_service - [Poll] 进度: 21/29 完成, 剩余 8 个任务仍在处理中...
2026-05-28 21:41:16,711 [INFO] merge_service - [Poll] 进度: 21/29 完成, 剩余 8 个任务仍在处理中...
2026-05-28 21:41:19,801 [INFO] merge_service - [Poll] 进度: 21/29 完成, 剩余 8 个任务仍在处理中...
2026-05-28 21:41:22,907 [INFO] merge_service - [Poll] 进度: 21/29 完成, 剩余 8 个任务仍在处理中...
2026-05-28 21:41:25,993 [INFO] merge_service - [Poll] 进度: 21/29 完成, 剩余 8 个任务仍在处理中...
2026-05-28 21:41:29,129 [INFO] merge_service - [Poll] 进度: 21/29 完成, 剩余 8 个任务仍在处理中...
2026-05-28 21:41:32,216 [INFO] merge_service - [Poll] 进度: 21/29 完成, 剩余 8 个任务仍在处理中...
2026-05-28 21:41:35,306 [INFO] merge_service - [Poll] 进度: 21/29 完成, 剩余 8 个任务仍在处理中...
2026-05-28 21:41:38,410 [INFO] merge_service - [Poll] 进度: 21/29 完成, 剩余 8 个任务仍在处理中...
2026-05-28 21:41:41,495 [INFO] merge_service - [Poll] 进度: 21/29 完成, 剩余 8 个任务仍在处理中...
2026-05-28 21:41:44,614 [INFO] merge_service - [Poll] 进度: 21/29 完成, 剩余 8 个任务仍在处理中...
2026-05-28 21:41:47,708 [INFO] merge_service - [Poll] 进度: 21/29 完成, 剩余 8 个任务仍在处理中...
2026-05-28 21:41:50,799 [INFO] merge_service - [Poll] 进度: 21/29 完成, 剩余 8 个任务仍在处理中...
2026-05-28 21:41:53,902 [INFO] merge_service - [Poll] 任务 0d4ec4d0-e68e-4766-84d5-e79c7bb5c5ad (经皮冠状动脉介入治疗指南（2025）_24.png) → completed [成功]
2026-05-28 21:41:53,924 [INFO] merge_service - [Poll] 进度: 22/29 完成, 剩余 7 个任务仍在处理中...
2026-05-28 21:41:57,004 [INFO] merge_service - [Poll] 进度: 22/29 完成, 剩余 7 个任务仍在处理中...
2026-05-28 21:42:00,040 [INFO] merge_service - [Poll] 任务 96c03d66-f210-4668-b69b-7a0c2ea76916 (经皮冠状动脉介入治疗指南（2025）_22.png) → completed [成功]
2026-05-28 21:42:00,084 [INFO] merge_service - [Poll] 进度: 23/29 完成, 剩余 6 个任务仍在处理中...
2026-05-28 21:42:03,178 [INFO] merge_service - [Poll] 进度: 23/29 完成, 剩余 6 个任务仍在处理中...
2026-05-28 21:42:06,252 [INFO] merge_service - [Poll] 进度: 23/29 完成, 剩余 6 个任务仍在处理中...
2026-05-28 21:42:09,331 [INFO] merge_service - [Poll] 进度: 23/29 完成, 剩余 6 个任务仍在处理中...
2026-05-28 21:42:12,352 [INFO] merge_service - [Poll] 任务 a26ac1df-4299-4542-8190-6ada0b76e8ef (经皮冠状动脉介入治疗指南（2025）_26.png) → completed [成功]
2026-05-28 21:42:12,397 [INFO] merge_service - [Poll] 进度: 24/29 完成, 剩余 5 个任务仍在处理中...
2026-05-28 21:42:15,425 [INFO] merge_service - [Poll] 任务 e651c940-5cf6-4957-875d-335127178994 (经皮冠状动脉介入治疗指南（2025）_25.png) → completed [成功]
2026-05-28 21:42:15,438 [INFO] merge_service - [Poll] 任务 f851b089-96a1-4f33-8478-4bc582b0f3d9 (经皮冠状动脉介入治疗指南（2025）_23.png) → completed [成功]
2026-05-28 21:42:15,463 [INFO] merge_service - [Poll] 进度: 26/29 完成, 剩余 3 个任务仍在处理中...
2026-05-28 21:42:18,501 [INFO] merge_service - [Poll] 进度: 26/29 完成, 剩余 3 个任务仍在处理中...
2026-05-28 21:42:21,547 [INFO] merge_service - [Poll] 进度: 26/29 完成, 剩余 3 个任务仍在处理中...
2026-05-28 21:42:24,631 [INFO] merge_service - [Poll] 进度: 26/29 完成, 剩余 3 个任务仍在处理中...
2026-05-28 21:42:27,674 [INFO] merge_service - [Poll] 进度: 26/29 完成, 剩余 3 个任务仍在处理中...
2026-05-28 21:42:30,746 [INFO] merge_service - [Poll] 进度: 26/29 完成, 剩余 3 个任务仍在处理中...
2026-05-28 21:42:33,781 [INFO] merge_service - [Poll] 进度: 26/29 完成, 剩余 3 个任务仍在处理中...
2026-05-28 21:42:36,843 [INFO] merge_service - [Poll] 任务 55466085-36b6-4e61-8835-3b7cad5cabff (经皮冠状动脉介入治疗指南（2025）_27.png) → completed [成功]
2026-05-28 21:42:36,843 [INFO] merge_service - [Poll] 进度: 27/29 完成, 剩余 2 个任务仍在处理中...
2026-05-28 21:42:39,869 [INFO] merge_service - [Poll] 进度: 27/29 完成, 剩余 2 个任务仍在处理中...
2026-05-28 21:42:42,912 [INFO] merge_service - [Poll] 进度: 27/29 完成, 剩余 2 个任务仍在处理中...
2026-05-28 21:42:45,936 [INFO] merge_service - [Poll] 进度: 27/29 完成, 剩余 2 个任务仍在处理中...
2026-05-28 21:42:48,964 [INFO] merge_service - [Poll] 进度: 27/29 完成, 剩余 2 个任务仍在处理中...
2026-05-28 21:42:51,992 [INFO] merge_service - [Poll] 进度: 27/29 完成, 剩余 2 个任务仍在处理中...
2026-05-28 21:42:55,043 [INFO] merge_service - [Poll] 进度: 27/29 完成, 剩余 2 个任务仍在处理中...
2026-05-28 21:42:58,092 [INFO] merge_service - [Poll] 进度: 27/29 完成, 剩余 2 个任务仍在处理中...
2026-05-28 21:43:01,118 [INFO] merge_service - [Poll] 进度: 27/29 完成, 剩余 2 个任务仍在处理中...
2026-05-28 21:43:04,173 [INFO] merge_service - [Poll] 进度: 27/29 完成, 剩余 2 个任务仍在处理中...
2026-05-28 21:43:07,197 [INFO] merge_service - [Poll] 进度: 27/29 完成, 剩余 2 个任务仍在处理中...
2026-05-28 21:43:10,220 [INFO] merge_service - [Poll] 任务 bc23de36-b782-43a3-a1af-209bd2c63c24 (经皮冠状动脉介入治疗指南（2025）_29.png) → completed [成功]
2026-05-28 21:43:10,236 [INFO] merge_service - [Poll] 进度: 28/29 完成, 剩余 1 个任务仍在处理中...
2026-05-28 21:43:13,249 [INFO] merge_service - [Poll] 进度: 28/29 完成, 剩余 1 个任务仍在处理中...
2026-05-28 21:43:16,262 [INFO] merge_service - [Poll] 进度: 28/29 完成, 剩余 1 个任务仍在处理中...
2026-05-28 21:43:19,301 [INFO] merge_service - [Poll] 进度: 28/29 完成, 剩余 1 个任务仍在处理中...
2026-05-28 21:43:22,314 [INFO] merge_service - [Poll] 进度: 28/29 完成, 剩余 1 个任务仍在处理中...
2026-05-28 21:43:25,347 [INFO] merge_service - [Poll] 进度: 28/29 完成, 剩余 1 个任务仍在处理中...
2026-05-28 21:43:28,360 [INFO] merge_service - [Poll] 进度: 28/29 完成, 剩余 1 个任务仍在处理中...
2026-05-28 21:43:31,379 [INFO] merge_service - [Poll] 进度: 28/29 完成, 剩余 1 个任务仍在处理中...
2026-05-28 21:43:34,391 [INFO] merge_service - [Poll] 任务 35aad057-f90b-4736-91f2-f83bea17e11e (经皮冠状动脉介入治疗指南（2025）_28.png) → completed [成功]
2026-05-28 21:43:34,391 [INFO] merge_service - [a0a34d59-bb80-4b90-97ab-f248d50473f9] 所有提取任务已完成，开始合并清洗...
2026-05-28 21:43:34,391 [INFO] merge_service - [a0a34d59-bb80-4b90-97ab-f248d50473f9] 合并顺序（按原图片文件名序号）:
2026-05-28 21:43:34,391 [INFO] merge_service -   第1页: 经皮冠状动脉介入治疗指南（2025）_1.png → output/经皮冠状动脉介入治疗指南（2025）/经皮冠状动脉介入治疗指南（2025）_1.md
2026-05-28 21:43:34,391 [INFO] merge_service -   第2页: 经皮冠状动脉介入治疗指南（2025）_2.png → output/经皮冠状动脉介入治疗指南（2025）/经皮冠状动脉介入治疗指南（2025）_2.md
2026-05-28 21:43:34,391 [INFO] merge_service -   第3页: 经皮冠状动脉介入治疗指南（2025）_3.png → output/经皮冠状动脉介入治疗指南（2025）/经皮冠状动脉介入治疗指南（2025）_3.md
2026-05-28 21:43:34,391 [INFO] merge_service -   第4页: 经皮冠状动脉介入治疗指南（2025）_4.png → output/经皮冠状动脉介入治疗指南（2025）/经皮冠状动脉介入治疗指南（2025）_4.md
2026-05-28 21:43:34,391 [INFO] merge_service -   第5页: 经皮冠状动脉介入治疗指南（2025）_5.png → output/经皮冠状动脉介入治疗指南（2025）/经皮冠状动脉介入治疗指南（2025）_5.md
2026-05-28 21:43:34,391 [INFO] merge_service -   第6页: 经皮冠状动脉介入治疗指南（2025）_6.png → output/经皮冠状动脉介入治疗指南（2025）/经皮冠状动脉介入治疗指南（2025）_6.md
2026-05-28 21:43:34,391 [INFO] merge_service -   第7页: 经皮冠状动脉介入治疗指南（2025）_7.png → output/经皮冠状动脉介入治疗指南（2025）/经皮冠状动脉介入治疗指南（2025）_7.md
2026-05-28 21:43:34,391 [INFO] merge_service -   第8页: 经皮冠状动脉介入治疗指南（2025）_8.png → output/经皮冠状动脉介入治疗指南（2025）/经皮冠状动脉介入治疗指南（2025）_8.md
2026-05-28 21:43:34,391 [INFO] merge_service -   第9页: 经皮冠状动脉介入治疗指南（2025）_9.png → output/经皮冠状动脉介入治疗指南（2025）/经皮冠状动脉介入治疗指南（2025）_9.md
2026-05-28 21:43:34,391 [INFO] merge_service -   第10页: 经皮冠状动脉介入治疗指南（2025）_10.png → output/经皮冠状动脉介入治疗指南（2025）/经皮冠状动脉介入治疗指南（2025）_10.md
2026-05-28 21:43:34,391 [INFO] merge_service -   第11页: 经皮冠状动脉介入治疗指南（2025）_11.png → output/经皮冠状动脉介入治疗指南（2025）/经皮冠状动脉介入治疗指南（2025）_11.md
2026-05-28 21:43:34,391 [INFO] merge_service -   第12页: 经皮冠状动脉介入治疗指南（2025）_12.png → output/经皮冠状动脉介入治疗指南（2025）/经皮冠状动脉介入治疗指南（2025）_12.md
2026-05-28 21:43:34,391 [INFO] merge_service -   第13页: 经皮冠状动脉介入治疗指南（2025）_13.png → output/经皮冠状动脉介入治疗指南（2025）/经皮冠状动脉介入治疗指南（2025）_13.md
2026-05-28 21:43:34,391 [INFO] merge_service -   第14页: 经皮冠状动脉介入治疗指南（2025）_14.png → output/经皮冠状动脉介入治疗指南（2025）/经皮冠状动脉介入治疗指南（2025）_14.md
2026-05-28 21:43:34,391 [INFO] merge_service -   第15页: 经皮冠状动脉介入治疗指南（2025）_15.png → output/经皮冠状动脉介入治疗指南（2025）/经皮冠状动脉介入治疗指南（2025）_15.md
2026-05-28 21:43:34,391 [INFO] merge_service -   第16页: 经皮冠状动脉介入治疗指南（2025）_16.png → output/经皮冠状动脉介入治疗指南（2025）/经皮冠状动脉介入治疗指南（2025）_16.md
2026-05-28 21:43:34,391 [INFO] merge_service -   第17页: 经皮冠状动脉介入治疗指南（2025）_17.png → output/经皮冠状动脉介入治疗指南（2025）/经皮冠状动脉介入治疗指南（2025）_17.md
2026-05-28 21:43:34,391 [INFO] merge_service -   第18页: 经皮冠状动脉介入治疗指南（2025）_18.png → output/经皮冠状动脉介入治疗指南（2025）/经皮冠状动脉介入治疗指南（2025）_18.md
2026-05-28 21:43:34,391 [INFO] merge_service -   第19页: 经皮冠状动脉介入治疗指南（2025）_19.png → output/经皮冠状动脉介入治疗指南（2025）/经皮冠状动脉介入治疗指南（2025）_19.md
2026-05-28 21:43:34,391 [INFO] merge_service -   第20页: 经皮冠状动脉介入治疗指南（2025）_20.png → output/经皮冠状动脉介入治疗指南（2025）/经皮冠状动脉介入治疗指南（2025）_20.md
2026-05-28 21:43:34,391 [INFO] merge_service -   第21页: 经皮冠状动脉介入治疗指南（2025）_21.png → output/经皮冠状动脉介入治疗指南（2025）/经皮冠状动脉介入治疗指南（2025）_21.md
2026-05-28 21:43:34,391 [INFO] merge_service -   第22页: 经皮冠状动脉介入治疗指南（2025）_22.png → output/经皮冠状动脉介入治疗指南（2025）/经皮冠状动脉介入治疗指南（2025）_22.md
2026-05-28 21:43:34,391 [INFO] merge_service -   第23页: 经皮冠状动脉介入治疗指南（2025）_23.png → output/经皮冠状动脉介入治疗指南（2025）/经皮冠状动脉介入治疗指南（2025）_23.md
2026-05-28 21:43:34,391 [INFO] merge_service -   第24页: 经皮冠状动脉介入治疗指南（2025）_24.png → output/经皮冠状动脉介入治疗指南（2025）/经皮冠状动脉介入治疗指南（2025）_24.md
2026-05-28 21:43:34,391 [INFO] merge_service -   第25页: 经皮冠状动脉介入治疗指南（2025）_25.png → output/经皮冠状动脉介入治疗指南（2025）/经皮冠状动脉介入治疗指南（2025）_25.md
2026-05-28 21:43:34,392 [INFO] merge_service -   第26页: 经皮冠状动脉介入治疗指南（2025）_26.png → output/经皮冠状动脉介入治疗指南（2025）/经皮冠状动脉介入治疗指南（2025）_26.md
2026-05-28 21:43:34,392 [INFO] merge_service -   第27页: 经皮冠状动脉介入治疗指南（2025）_27.png → output/经皮冠状动脉介入治疗指南（2025）/经皮冠状动脉介入治疗指南（2025）_27.md
2026-05-28 21:43:34,392 [INFO] merge_service -   第28页: 经皮冠状动脉介入治疗指南（2025）_28.png → output/经皮冠状动脉介入治疗指南（2025）/经皮冠状动脉介入治疗指南（2025）_28.md
2026-05-28 21:43:34,392 [INFO] merge_service -   第29页: 经皮冠状动脉介入治疗指南（2025）_29.png → output/经皮冠状动脉介入治疗指南（2025）/经皮冠状动脉介入治疗指南（2025）_29.md
2026-05-28 21:43:34,433 [INFO] merge_service - 
==================================================
2026-05-28 21:43:34,433 [INFO] merge_service - [a0a34d59-bb80-4b90-97ab-f248d50473f9] 合并清洗完成!
2026-05-28 21:43:34,433 [INFO] merge_service -   合并文件: output/经皮冠状动脉介入治疗指南（2025）/经皮冠状动脉介入治疗指南（2025）_merged_output.md
2026-05-28 21:43:34,433 [INFO] merge_service -   有效页面: 29/29
2026-05-28 21:43:34,433 [INFO] merge_service -   总字符数: 106075
2026-05-28 21:43:34,433 [INFO] merge_service -   轮询耗时: 546.43s, 合并耗时: 0.04s
2026-05-28 21:43:34,433 [INFO] merge_service - ==================================================
2026-05-28 22:29:05,550 [INFO] merge_service - ============================================================
2026-05-28 22:29:05,551 [INFO] merge_service - 合并+清洗服务 — 新任务
2026-05-28 22:29:05,551 [INFO] merge_service -   合并ID: d965a34d-7729-4c6c-97f4-34fa12e219e4
2026-05-28 22:29:05,551 [INFO] merge_service -   PDF名称: 经皮冠状动脉介入治疗指南（2025） (原始: 经皮冠状动脉介入治疗指南（2025）.pdf)
2026-05-28 22:29:05,551 [INFO] merge_service -   关联提取任务数: 29
2026-05-28 22:29:05,551 [INFO] merge_service -   输出目录: ./output
2026-05-28 22:29:05,551 [INFO] merge_service -   提取服务: http://localhost:8001
2026-05-28 22:29:05,551 [INFO] merge_service - ============================================================
2026-05-28 22:29:05,552 [INFO] merge_service - [Poll] 开始轮询 29 个提取任务...
2026-05-28 22:29:05,552 [INFO] merge_service - [Poll] 提取服务地址: http://localhost:8001
2026-05-28 22:29:05,552 [INFO] merge_service - [Poll] 轮询间隔: 3.0s, 最大等待: 3600.0s
2026-05-28 22:29:06,037 [INFO] merge_service - [Poll] 进度: 0/29 完成, 剩余 29 个任务仍在处理中...
2026-05-28 22:29:09,356 [INFO] merge_service - [Poll] 进度: 0/29 完成, 剩余 29 个任务仍在处理中...
2026-05-28 22:29:12,678 [INFO] merge_service - [Poll] 进度: 0/29 完成, 剩余 29 个任务仍在处理中...
2026-05-28 22:29:16,019 [INFO] merge_service - [Poll] 进度: 0/29 完成, 剩余 29 个任务仍在处理中...
2026-05-28 22:29:19,342 [INFO] merge_service - [Poll] 进度: 0/29 完成, 剩余 29 个任务仍在处理中...
2026-05-28 22:29:22,659 [INFO] merge_service - [Poll] 进度: 0/29 完成, 剩余 29 个任务仍在处理中...
2026-05-28 22:29:25,992 [INFO] merge_service - [Poll] 进度: 0/29 完成, 剩余 29 个任务仍在处理中...
2026-05-28 22:29:29,386 [INFO] merge_service - [Poll] 进度: 0/29 完成, 剩余 29 个任务仍在处理中...
2026-05-28 22:29:32,702 [INFO] merge_service - [Poll] 进度: 0/29 完成, 剩余 29 个任务仍在处理中...
2026-05-28 22:29:36,026 [INFO] merge_service - [Poll] 进度: 0/29 完成, 剩余 29 个任务仍在处理中...
2026-05-28 22:29:39,357 [INFO] merge_service - [Poll] 进度: 0/29 完成, 剩余 29 个任务仍在处理中...
2026-05-28 22:29:42,696 [INFO] merge_service - [Poll] 进度: 0/29 完成, 剩余 29 个任务仍在处理中...
2026-05-28 22:29:46,027 [INFO] merge_service - [Poll] 进度: 0/29 完成, 剩余 29 个任务仍在处理中...
2026-05-28 22:29:49,383 [INFO] merge_service - [Poll] 进度: 0/29 完成, 剩余 29 个任务仍在处理中...
2026-05-28 22:29:52,717 [INFO] merge_service - [Poll] 进度: 0/29 完成, 剩余 29 个任务仍在处理中...
2026-05-28 22:29:56,046 [INFO] merge_service - [Poll] 进度: 0/29 完成, 剩余 29 个任务仍在处理中...
2026-05-28 22:29:59,367 [INFO] merge_service - [Poll] 进度: 0/29 完成, 剩余 29 个任务仍在处理中...
2026-05-28 22:30:02,683 [INFO] merge_service - [Poll] 进度: 0/29 完成, 剩余 29 个任务仍在处理中...
2026-05-28 22:30:06,003 [INFO] merge_service - [Poll] 进度: 0/29 完成, 剩余 29 个任务仍在处理中...
2026-05-28 22:30:09,323 [INFO] merge_service - [Poll] 进度: 0/29 完成, 剩余 29 个任务仍在处理中...
2026-05-28 22:30:12,656 [INFO] merge_service - [Poll] 进度: 0/29 完成, 剩余 29 个任务仍在处理中...
2026-05-28 22:30:16,016 [INFO] merge_service - [Poll] 进度: 0/29 完成, 剩余 29 个任务仍在处理中...
2026-05-28 22:30:19,329 [INFO] merge_service - [Poll] 进度: 0/29 完成, 剩余 29 个任务仍在处理中...
2026-05-28 22:30:22,640 [INFO] merge_service - [Poll] 进度: 0/29 完成, 剩余 29 个任务仍在处理中...
2026-05-28 22:30:25,974 [INFO] merge_service - [Poll] 进度: 0/29 完成, 剩余 29 个任务仍在处理中...
2026-05-28 22:30:29,316 [INFO] merge_service - [Poll] 进度: 0/29 完成, 剩余 29 个任务仍在处理中...
2026-05-28 22:30:32,602 [INFO] merge_service - [Poll] 任务 fa35c054-a397-4ebc-b7f2-634a5df6903c (经皮冠状动脉介入治疗指南（2025）_1.png) → completed [成功]
2026-05-28 22:30:32,633 [INFO] merge_service - [Poll] 进度: 1/29 完成, 剩余 28 个任务仍在处理中...
2026-05-28 22:30:35,941 [INFO] merge_service - [Poll] 进度: 1/29 完成, 剩余 28 个任务仍在处理中...
2026-05-28 22:30:39,273 [INFO] merge_service - [Poll] 进度: 1/29 完成, 剩余 28 个任务仍在处理中...
2026-05-28 22:30:42,577 [INFO] merge_service - [Poll] 进度: 1/29 完成, 剩余 28 个任务仍在处理中...
2026-05-28 22:30:45,883 [INFO] merge_service - [Poll] 进度: 1/29 完成, 剩余 28 个任务仍在处理中...
2026-05-28 22:30:49,192 [INFO] merge_service - [Poll] 进度: 1/29 完成, 剩余 28 个任务仍在处理中...
2026-05-28 22:30:52,522 [INFO] merge_service - [Poll] 进度: 1/29 完成, 剩余 28 个任务仍在处理中...
2026-05-28 22:30:55,835 [INFO] merge_service - [Poll] 进度: 1/29 完成, 剩余 28 个任务仍在处理中...
2026-05-28 22:30:59,131 [INFO] merge_service - [Poll] 进度: 1/29 完成, 剩余 28 个任务仍在处理中...
2026-05-28 22:31:02,485 [INFO] merge_service - [Poll] 进度: 1/29 完成, 剩余 28 个任务仍在处理中...
2026-05-28 22:31:05,820 [INFO] merge_service - [Poll] 进度: 1/29 完成, 剩余 28 个任务仍在处理中...
2026-05-28 22:31:09,122 [INFO] merge_service - [Poll] 进度: 1/29 完成, 剩余 28 个任务仍在处理中...
2026-05-28 22:31:12,420 [INFO] merge_service - [Poll] 进度: 1/29 完成, 剩余 28 个任务仍在处理中...
2026-05-28 22:31:15,736 [INFO] merge_service - [Poll] 进度: 1/29 完成, 剩余 28 个任务仍在处理中...
2026-05-28 22:31:18,774 [INFO] merge_service - [Poll] 任务 e8695dce-b1e6-4b64-bcde-54500ed17d3a (经皮冠状动脉介入治疗指南（2025）_6.png) → completed [成功]
2026-05-28 22:31:19,050 [INFO] merge_service - [Poll] 进度: 2/29 完成, 剩余 27 个任务仍在处理中...
2026-05-28 22:31:22,345 [INFO] merge_service - [Poll] 进度: 2/29 完成, 剩余 27 个任务仍在处理中...
2026-05-28 22:31:25,396 [INFO] merge_service - [Poll] 任务 b7061af4-dd24-4356-b980-110bb86c8285 (经皮冠状动脉介入治疗指南（2025）_7.png) → completed [成功]
2026-05-28 22:31:25,406 [INFO] merge_service - [Poll] 任务 937a3d07-0b5f-4e9e-9b63-2ad5d6df6edf (经皮冠状动脉介入治疗指南（2025）_8.png) → completed [成功]
2026-05-28 22:31:25,492 [INFO] merge_service - [Poll] 任务 b80178f5-9742-4440-b584-cc079121922f (经皮冠状动脉介入治疗指南（2025）_2.png) → completed [成功]
2026-05-28 22:31:25,647 [INFO] merge_service - [Poll] 进度: 5/29 完成, 剩余 24 个任务仍在处理中...
2026-05-28 22:31:28,928 [INFO] merge_service - [Poll] 进度: 5/29 完成, 剩余 24 个任务仍在处理中...
2026-05-28 22:31:32,220 [INFO] merge_service - [Poll] 进度: 5/29 完成, 剩余 24 个任务仍在处理中...
2026-05-28 22:31:35,442 [INFO] merge_service - [Poll] 任务 d345ad8f-3982-4e96-b757-40699b737d2f (经皮冠状动脉介入治疗指南（2025）_3.png) → completed [成功]
2026-05-28 22:31:35,493 [INFO] merge_service - [Poll] 进度: 6/29 完成, 剩余 23 个任务仍在处理中...
2026-05-28 22:31:38,744 [INFO] merge_service - [Poll] 任务 073390ae-beae-4d0b-93f2-96bef184ad36 (经皮冠状动脉介入治疗指南（2025）_5.png) → completed [成功]
2026-05-28 22:31:38,755 [INFO] merge_service - [Poll] 进度: 7/29 完成, 剩余 22 个任务仍在处理中...
2026-05-28 22:31:41,994 [INFO] merge_service - [Poll] 进度: 7/29 完成, 剩余 22 个任务仍在处理中...
2026-05-28 22:31:45,232 [INFO] merge_service - [Poll] 进度: 7/29 完成, 剩余 22 个任务仍在处理中...
2026-05-28 22:31:48,362 [INFO] merge_service - [Poll] 任务 717fdd93-5e5e-454d-bd23-cbe1a4fc3429 (经皮冠状动脉介入治疗指南（2025）_4.png) → completed [成功]
2026-05-28 22:31:48,470 [INFO] merge_service - [Poll] 进度: 8/29 完成, 剩余 21 个任务仍在处理中...
2026-05-28 22:31:51,697 [INFO] merge_service - [Poll] 进度: 8/29 完成, 剩余 21 个任务仍在处理中...
2026-05-28 22:31:54,928 [INFO] merge_service - [Poll] 进度: 8/29 完成, 剩余 21 个任务仍在处理中...
2026-05-28 22:31:58,151 [INFO] merge_service - [Poll] 进度: 8/29 完成, 剩余 21 个任务仍在处理中...
2026-05-28 22:32:01,371 [INFO] merge_service - [Poll] 进度: 8/29 完成, 剩余 21 个任务仍在处理中...
2026-05-28 22:32:04,595 [INFO] merge_service - [Poll] 进度: 8/29 完成, 剩余 21 个任务仍在处理中...
2026-05-28 22:32:07,820 [INFO] merge_service - [Poll] 进度: 8/29 完成, 剩余 21 个任务仍在处理中...
2026-05-28 22:32:11,051 [INFO] merge_service - [Poll] 进度: 8/29 完成, 剩余 21 个任务仍在处理中...
2026-05-28 22:32:14,315 [INFO] merge_service - [Poll] 进度: 8/29 完成, 剩余 21 个任务仍在处理中...
2026-05-28 22:32:17,539 [INFO] merge_service - [Poll] 进度: 8/29 完成, 剩余 21 个任务仍在处理中...
2026-05-28 22:32:20,763 [INFO] merge_service - [Poll] 进度: 8/29 完成, 剩余 21 个任务仍在处理中...
2026-05-28 22:32:23,993 [INFO] merge_service - [Poll] 进度: 8/29 完成, 剩余 21 个任务仍在处理中...
2026-05-28 22:32:27,221 [INFO] merge_service - [Poll] 进度: 8/29 完成, 剩余 21 个任务仍在处理中...
2026-05-28 22:32:30,452 [INFO] merge_service - [Poll] 进度: 8/29 完成, 剩余 21 个任务仍在处理中...
2026-05-28 22:32:33,684 [INFO] merge_service - [Poll] 进度: 8/29 完成, 剩余 21 个任务仍在处理中...
2026-05-28 22:32:36,939 [INFO] merge_service - [Poll] 进度: 8/29 完成, 剩余 21 个任务仍在处理中...
2026-05-28 22:32:40,186 [INFO] merge_service - [Poll] 进度: 8/29 完成, 剩余 21 个任务仍在处理中...
2026-05-28 22:32:43,447 [INFO] merge_service - [Poll] 进度: 8/29 完成, 剩余 21 个任务仍在处理中...
2026-05-28 22:32:46,704 [INFO] merge_service - [Poll] 进度: 8/29 完成, 剩余 21 个任务仍在处理中...
2026-05-28 22:32:49,951 [INFO] merge_service - [Poll] 进度: 8/29 完成, 剩余 21 个任务仍在处理中...
2026-05-28 22:32:53,176 [INFO] merge_service - [Poll] 进度: 8/29 完成, 剩余 21 个任务仍在处理中...
2026-05-28 22:32:56,400 [INFO] merge_service - [Poll] 进度: 8/29 完成, 剩余 21 个任务仍在处理中...
2026-05-28 22:32:59,489 [INFO] merge_service - [Poll] 任务 3da2fae1-9efa-4992-b6bf-573c7b0ace53 (经皮冠状动脉介入治疗指南（2025）_9.png) → completed [成功]
2026-05-28 22:32:59,633 [INFO] merge_service - [Poll] 进度: 9/29 完成, 剩余 20 个任务仍在处理中...
2026-05-28 22:33:02,856 [INFO] merge_service - [Poll] 进度: 9/29 完成, 剩余 20 个任务仍在处理中...
2026-05-28 22:33:06,088 [INFO] merge_service - [Poll] 进度: 9/29 完成, 剩余 20 个任务仍在处理中...
2026-05-28 22:33:09,223 [INFO] merge_service - [Poll] 任务 80b3d2e7-3dea-4356-a75f-8d445b897d90 (经皮冠状动脉介入治疗指南（2025）_10.png) → completed [成功]
2026-05-28 22:33:09,309 [INFO] merge_service - [Poll] 进度: 10/29 完成, 剩余 19 个任务仍在处理中...
2026-05-28 22:33:12,524 [INFO] merge_service - [Poll] 进度: 10/29 完成, 剩余 19 个任务仍在处理中...
2026-05-28 22:33:15,740 [INFO] merge_service - [Poll] 进度: 10/29 完成, 剩余 19 个任务仍在处理中...
2026-05-28 22:33:18,955 [INFO] merge_service - [Poll] 进度: 10/29 完成, 剩余 19 个任务仍在处理中...
2026-05-28 22:33:22,175 [INFO] merge_service - [Poll] 进度: 10/29 完成, 剩余 19 个任务仍在处理中...
2026-05-28 22:33:25,392 [INFO] merge_service - [Poll] 进度: 10/29 完成, 剩余 19 个任务仍在处理中...
2026-05-28 22:33:28,611 [INFO] merge_service - [Poll] 进度: 10/29 完成, 剩余 19 个任务仍在处理中...
2026-05-28 22:33:31,831 [INFO] merge_service - [Poll] 进度: 10/29 完成, 剩余 19 个任务仍在处理中...
2026-05-28 22:33:35,056 [INFO] merge_service - [Poll] 进度: 10/29 完成, 剩余 19 个任务仍在处理中...
2026-05-28 22:33:38,308 [INFO] merge_service - [Poll] 进度: 10/29 完成, 剩余 19 个任务仍在处理中...
2026-05-28 22:33:41,548 [INFO] merge_service - [Poll] 进度: 10/29 完成, 剩余 19 个任务仍在处理中...
2026-05-28 22:33:44,782 [INFO] merge_service - [Poll] 进度: 10/29 完成, 剩余 19 个任务仍在处理中...
2026-05-28 22:33:48,011 [INFO] merge_service - [Poll] 进度: 10/29 完成, 剩余 19 个任务仍在处理中...
2026-05-28 22:33:51,245 [INFO] merge_service - [Poll] 进度: 10/29 完成, 剩余 19 个任务仍在处理中...
2026-05-28 22:33:54,311 [INFO] merge_service - [Poll] 任务 6e95d726-7467-46ef-a5d6-b6f7964db7e7 (经皮冠状动脉介入治疗指南（2025）_12.png) → completed [成功]
2026-05-28 22:33:54,347 [INFO] merge_service - [Poll] 任务 8dc468a2-d497-4014-b612-b3d2bc3fd1d4 (经皮冠状动脉介入治疗指南（2025）_16.png) → completed [成功]
2026-05-28 22:33:54,403 [INFO] merge_service - [Poll] 任务 56399870-8bf1-4cd3-9ca3-19ad703113eb (经皮冠状动脉介入治疗指南（2025）_11.png) → completed [成功]
2026-05-28 22:33:54,451 [INFO] merge_service - [Poll] 任务 88aca2aa-7343-4e4a-852a-2378f7ddbd83 (经皮冠状动脉介入治疗指南（2025）_14.png) → completed [成功]
2026-05-28 22:33:54,483 [INFO] merge_service - [Poll] 进度: 14/29 完成, 剩余 15 个任务仍在处理中...
2026-05-28 22:33:57,588 [INFO] merge_service - [Poll] 任务 7dbb6393-309e-41b7-a1b3-abccbca330c7 (经皮冠状动脉介入治疗指南（2025）_13.png) → completed [成功]
2026-05-28 22:33:57,675 [INFO] merge_service - [Poll] 进度: 15/29 完成, 剩余 14 个任务仍在处理中...
2026-05-28 22:34:00,859 [INFO] merge_service - [Poll] 进度: 15/29 完成, 剩余 14 个任务仍在处理中...
2026-05-28 22:34:04,045 [INFO] merge_service - [Poll] 进度: 15/29 完成, 剩余 14 个任务仍在处理中...
2026-05-28 22:34:07,234 [INFO] merge_service - [Poll] 进度: 15/29 完成, 剩余 14 个任务仍在处理中...
2026-05-28 22:34:10,416 [INFO] merge_service - [Poll] 进度: 15/29 完成, 剩余 14 个任务仍在处理中...
2026-05-28 22:34:13,594 [INFO] merge_service - [Poll] 进度: 15/29 完成, 剩余 14 个任务仍在处理中...
2026-05-28 22:34:16,771 [INFO] merge_service - [Poll] 进度: 15/29 完成, 剩余 14 个任务仍在处理中...
2026-05-28 22:34:19,842 [INFO] merge_service - [Poll] 任务 62ea1853-009d-47a7-9f11-dab1d52c8042 (经皮冠状动脉介入治疗指南（2025）_15.png) → completed [成功]
2026-05-28 22:34:19,961 [INFO] merge_service - [Poll] 进度: 16/29 完成, 剩余 13 个任务仍在处理中...
2026-05-28 22:34:23,128 [INFO] merge_service - [Poll] 进度: 16/29 完成, 剩余 13 个任务仍在处理中...
2026-05-28 22:34:26,316 [INFO] merge_service - [Poll] 进度: 16/29 完成, 剩余 13 个任务仍在处理中...
2026-05-28 22:34:29,477 [INFO] merge_service - [Poll] 进度: 16/29 完成, 剩余 13 个任务仍在处理中...
2026-05-28 22:34:32,629 [INFO] merge_service - [Poll] 进度: 16/29 完成, 剩余 13 个任务仍在处理中...
2026-05-28 22:34:35,777 [INFO] merge_service - [Poll] 进度: 16/29 完成, 剩余 13 个任务仍在处理中...
2026-05-28 22:34:38,916 [INFO] merge_service - [Poll] 进度: 16/29 完成, 剩余 13 个任务仍在处理中...
2026-05-28 22:34:42,055 [INFO] merge_service - [Poll] 进度: 16/29 完成, 剩余 13 个任务仍在处理中...
2026-05-28 22:34:45,200 [INFO] merge_service - [Poll] 进度: 16/29 完成, 剩余 13 个任务仍在处理中...
2026-05-28 22:34:48,352 [INFO] merge_service - [Poll] 进度: 16/29 完成, 剩余 13 个任务仍在处理中...
2026-05-28 22:34:51,528 [INFO] merge_service - [Poll] 进度: 16/29 完成, 剩余 13 个任务仍在处理中...
2026-05-28 22:34:54,701 [INFO] merge_service - [Poll] 进度: 16/29 完成, 剩余 13 个任务仍在处理中...
2026-05-28 22:34:57,855 [INFO] merge_service - [Poll] 任务 16f10b88-f7f5-41cd-a652-e1f952368119 (经皮冠状动脉介入治疗指南（2025）_17.png) → completed [成功]
2026-05-28 22:34:57,866 [INFO] merge_service - [Poll] 进度: 17/29 完成, 剩余 12 个任务仍在处理中...
2026-05-28 22:35:01,011 [INFO] merge_service - [Poll] 进度: 17/29 完成, 剩余 12 个任务仍在处理中...
2026-05-28 22:35:04,149 [INFO] merge_service - [Poll] 进度: 17/29 完成, 剩余 12 个任务仍在处理中...
2026-05-28 22:35:07,280 [INFO] merge_service - [Poll] 进度: 17/29 完成, 剩余 12 个任务仍在处理中...
2026-05-28 22:35:10,427 [INFO] merge_service - [Poll] 进度: 17/29 完成, 剩余 12 个任务仍在处理中...
2026-05-28 22:35:13,564 [INFO] merge_service - [Poll] 进度: 17/29 完成, 剩余 12 个任务仍在处理中...
2026-05-28 22:35:16,718 [INFO] merge_service - [Poll] 进度: 17/29 完成, 剩余 12 个任务仍在处理中...
2026-05-28 22:35:19,817 [INFO] merge_service - [Poll] 任务 d9b78f62-102f-44e3-9128-7fb9a96241c6 (经皮冠状动脉介入治疗指南（2025）_19.png) → completed [成功]
2026-05-28 22:35:19,882 [INFO] merge_service - [Poll] 进度: 18/29 完成, 剩余 11 个任务仍在处理中...
2026-05-28 22:35:23,024 [INFO] merge_service - [Poll] 进度: 18/29 完成, 剩余 11 个任务仍在处理中...
2026-05-28 22:35:26,161 [INFO] merge_service - [Poll] 进度: 18/29 完成, 剩余 11 个任务仍在处理中...
2026-05-28 22:35:29,291 [INFO] merge_service - [Poll] 进度: 18/29 完成, 剩余 11 个任务仍在处理中...
2026-05-28 22:35:32,352 [INFO] merge_service - [Poll] 任务 7c518a8c-92b9-45be-b931-bdae42098cd0 (经皮冠状动脉介入治疗指南（2025）_20.png) → completed [成功]
2026-05-28 22:35:32,419 [INFO] merge_service - [Poll] 进度: 19/29 完成, 剩余 10 个任务仍在处理中...
2026-05-28 22:35:35,555 [INFO] merge_service - [Poll] 进度: 19/29 完成, 剩余 10 个任务仍在处理中...
2026-05-28 22:35:38,698 [INFO] merge_service - [Poll] 进度: 19/29 完成, 剩余 10 个任务仍在处理中...
2026-05-28 22:35:41,823 [INFO] merge_service - [Poll] 进度: 19/29 完成, 剩余 10 个任务仍在处理中...
2026-05-28 22:35:44,938 [INFO] merge_service - [Poll] 进度: 19/29 完成, 剩余 10 个任务仍在处理中...
2026-05-28 22:35:48,047 [INFO] merge_service - [Poll] 进度: 19/29 完成, 剩余 10 个任务仍在处理中...
2026-05-28 22:35:51,160 [INFO] merge_service - [Poll] 进度: 19/29 完成, 剩余 10 个任务仍在处理中...
2026-05-28 22:35:54,303 [INFO] merge_service - [Poll] 进度: 19/29 完成, 剩余 10 个任务仍在处理中...
2026-05-28 22:35:57,431 [INFO] merge_service - [Poll] 进度: 19/29 完成, 剩余 10 个任务仍在处理中...
2026-05-28 22:36:00,544 [INFO] merge_service - [Poll] 任务 cc52c8a1-7a33-4196-9f1f-09a83ae3989f (经皮冠状动脉介入治疗指南（2025）_18.png) → completed [成功]
2026-05-28 22:36:00,544 [INFO] merge_service - [Poll] 进度: 20/29 完成, 剩余 9 个任务仍在处理中...
2026-05-28 22:36:03,640 [INFO] merge_service - [Poll] 进度: 20/29 完成, 剩余 9 个任务仍在处理中...
2026-05-28 22:36:06,742 [INFO] merge_service - [Poll] 进度: 20/29 完成, 剩余 9 个任务仍在处理中...
2026-05-28 22:36:09,872 [INFO] merge_service - [Poll] 进度: 20/29 完成, 剩余 9 个任务仍在处理中...
2026-05-28 22:36:12,982 [INFO] merge_service - [Poll] 进度: 20/29 完成, 剩余 9 个任务仍在处理中...
2026-05-28 22:36:16,081 [INFO] merge_service - [Poll] 进度: 20/29 完成, 剩余 9 个任务仍在处理中...
2026-05-28 22:36:19,180 [INFO] merge_service - [Poll] 进度: 20/29 完成, 剩余 9 个任务仍在处理中...
2026-05-28 22:36:22,294 [INFO] merge_service - [Poll] 进度: 20/29 完成, 剩余 9 个任务仍在处理中...
2026-05-28 22:36:25,421 [INFO] merge_service - [Poll] 进度: 20/29 完成, 剩余 9 个任务仍在处理中...
2026-05-28 22:36:28,532 [INFO] merge_service - [Poll] 进度: 20/29 完成, 剩余 9 个任务仍在处理中...
2026-05-28 22:36:31,632 [INFO] merge_service - [Poll] 进度: 20/29 完成, 剩余 9 个任务仍在处理中...
2026-05-28 22:36:34,728 [INFO] merge_service - [Poll] 进度: 20/29 完成, 剩余 9 个任务仍在处理中...
2026-05-28 22:36:37,836 [INFO] merge_service - [Poll] 进度: 20/29 完成, 剩余 9 个任务仍在处理中...
2026-05-28 22:36:40,963 [INFO] merge_service - [Poll] 进度: 20/29 完成, 剩余 9 个任务仍在处理中...
2026-05-28 22:36:44,077 [INFO] merge_service - [Poll] 进度: 20/29 完成, 剩余 9 个任务仍在处理中...
2026-05-28 22:36:47,177 [INFO] merge_service - [Poll] 进度: 20/29 完成, 剩余 9 个任务仍在处理中...
2026-05-28 22:36:50,276 [INFO] merge_service - [Poll] 进度: 20/29 完成, 剩余 9 个任务仍在处理中...
2026-05-28 22:36:53,370 [INFO] merge_service - [Poll] 任务 e2b31ad2-e81a-4245-a6c4-4c9fe8522ad5 (经皮冠状动脉介入治疗指南（2025）_21.png) → completed [成功]
2026-05-28 22:36:53,381 [INFO] merge_service - [Poll] 进度: 21/29 完成, 剩余 8 个任务仍在处理中...
2026-05-28 22:36:56,427 [INFO] merge_service - [Poll] 任务 efc56d5e-5f98-4eca-a5b2-91d6ab7e2d6e (经皮冠状动脉介入治疗指南（2025）_27.png) → completed [成功]
2026-05-28 22:36:56,502 [INFO] merge_service - [Poll] 进度: 22/29 完成, 剩余 7 个任务仍在处理中...
2026-05-28 22:36:59,594 [INFO] merge_service - [Poll] 进度: 22/29 完成, 剩余 7 个任务仍在处理中...
2026-05-28 22:37:02,620 [INFO] merge_service - [Poll] 任务 12cea5a6-5a75-41f0-8e6f-f4348adcbd86 (经皮冠状动脉介入治疗指南（2025）_22.png) → completed [成功]
2026-05-28 22:37:02,673 [INFO] merge_service - [Poll] 进度: 23/29 完成, 剩余 6 个任务仍在处理中...
2026-05-28 22:37:05,719 [INFO] merge_service - [Poll] 任务 f9567577-79b4-45e8-a8d7-20c4fd4c2d91 (经皮冠状动脉介入治疗指南（2025）_23.png) → completed [成功]
2026-05-28 22:37:05,744 [INFO] merge_service - [Poll] 进度: 24/29 完成, 剩余 5 个任务仍在处理中...
2026-05-28 22:37:08,833 [INFO] merge_service - [Poll] 进度: 24/29 完成, 剩余 5 个任务仍在处理中...
2026-05-28 22:37:11,878 [INFO] merge_service - [Poll] 任务 7e00053d-f959-4227-9d3f-3e0054f3c4b5 (经皮冠状动脉介入治疗指南（2025）_24.png) → completed [成功]
2026-05-28 22:37:11,902 [INFO] merge_service - [Poll] 进度: 25/29 完成, 剩余 4 个任务仍在处理中...
2026-05-28 22:37:14,947 [INFO] merge_service - [Poll] 进度: 25/29 完成, 剩余 4 个任务仍在处理中...
2026-05-28 22:37:18,019 [INFO] merge_service - [Poll] 进度: 25/29 完成, 剩余 4 个任务仍在处理中...
2026-05-28 22:37:21,075 [INFO] merge_service - [Poll] 进度: 25/29 完成, 剩余 4 个任务仍在处理中...
2026-05-28 22:37:24,119 [INFO] merge_service - [Poll] 进度: 25/29 完成, 剩余 4 个任务仍在处理中...
2026-05-28 22:37:27,196 [INFO] merge_service - [Poll] 进度: 25/29 完成, 剩余 4 个任务仍在处理中...
2026-05-28 22:37:30,256 [INFO] merge_service - [Poll] 进度: 25/29 完成, 剩余 4 个任务仍在处理中...
2026-05-28 22:37:33,300 [INFO] merge_service - [Poll] 进度: 25/29 完成, 剩余 4 个任务仍在处理中...
2026-05-28 22:37:36,367 [INFO] merge_service - [Poll] 进度: 25/29 完成, 剩余 4 个任务仍在处理中...
2026-05-28 22:37:39,427 [INFO] merge_service - [Poll] 进度: 25/29 完成, 剩余 4 个任务仍在处理中...
2026-05-28 22:37:42,472 [INFO] merge_service - [Poll] 进度: 25/29 完成, 剩余 4 个任务仍在处理中...
2026-05-28 22:37:45,536 [INFO] merge_service - [Poll] 进度: 25/29 完成, 剩余 4 个任务仍在处理中...
2026-05-28 22:37:48,597 [INFO] merge_service - [Poll] 进度: 25/29 完成, 剩余 4 个任务仍在处理中...
2026-05-28 22:37:51,643 [INFO] merge_service - [Poll] 进度: 25/29 完成, 剩余 4 个任务仍在处理中...
2026-05-28 22:37:54,705 [INFO] merge_service - [Poll] 进度: 25/29 完成, 剩余 4 个任务仍在处理中...
2026-05-28 22:37:57,766 [INFO] merge_service - [Poll] 进度: 25/29 完成, 剩余 4 个任务仍在处理中...
2026-05-28 22:38:00,809 [INFO] merge_service - [Poll] 进度: 25/29 完成, 剩余 4 个任务仍在处理中...
2026-05-28 22:38:03,861 [INFO] merge_service - [Poll] 进度: 25/29 完成, 剩余 4 个任务仍在处理中...
2026-05-28 22:38:06,925 [INFO] merge_service - [Poll] 进度: 25/29 完成, 剩余 4 个任务仍在处理中...
2026-05-28 22:38:09,968 [INFO] merge_service - [Poll] 进度: 25/29 完成, 剩余 4 个任务仍在处理中...
2026-05-28 22:38:13,013 [INFO] merge_service - [Poll] 任务 53d74b99-d685-4556-8caa-3d730529fe90 (经皮冠状动脉介入治疗指南（2025）_26.png) → completed [成功]
2026-05-28 22:38:13,024 [INFO] merge_service - [Poll] 任务 838fc954-60e4-4c7c-ab03-2d914f33407f (经皮冠状动脉介入治疗指南（2025）_25.png) → completed [成功]
2026-05-28 22:38:13,024 [INFO] merge_service - [Poll] 进度: 27/29 完成, 剩余 2 个任务仍在处理中...
2026-05-28 22:38:16,061 [INFO] merge_service - [Poll] 进度: 27/29 完成, 剩余 2 个任务仍在处理中...
2026-05-28 22:38:19,085 [INFO] merge_service - [Poll] 进度: 27/29 完成, 剩余 2 个任务仍在处理中...
2026-05-28 22:38:22,133 [INFO] merge_service - [Poll] 进度: 27/29 完成, 剩余 2 个任务仍在处理中...
2026-05-28 22:38:25,162 [INFO] merge_service - [Poll] 进度: 27/29 完成, 剩余 2 个任务仍在处理中...
2026-05-28 22:38:28,188 [INFO] merge_service - [Poll] 进度: 27/29 完成, 剩余 2 个任务仍在处理中...
2026-05-28 22:38:31,234 [INFO] merge_service - [Poll] 进度: 27/29 完成, 剩余 2 个任务仍在处理中...
2026-05-28 22:38:34,258 [INFO] merge_service - [Poll] 进度: 27/29 完成, 剩余 2 个任务仍在处理中...
2026-05-28 22:38:37,285 [INFO] merge_service - [Poll] 进度: 27/29 完成, 剩余 2 个任务仍在处理中...
2026-05-28 22:38:40,320 [INFO] merge_service - [Poll] 进度: 27/29 完成, 剩余 2 个任务仍在处理中...
2026-05-28 22:38:43,347 [INFO] merge_service - [Poll] 进度: 27/29 完成, 剩余 2 个任务仍在处理中...
2026-05-28 22:38:46,395 [INFO] merge_service - [Poll] 进度: 27/29 完成, 剩余 2 个任务仍在处理中...
2026-05-28 22:38:49,425 [INFO] merge_service - [Poll] 进度: 27/29 完成, 剩余 2 个任务仍在处理中...
2026-05-28 22:38:52,449 [INFO] merge_service - [Poll] 进度: 27/29 完成, 剩余 2 个任务仍在处理中...
2026-05-28 22:38:55,495 [INFO] merge_service - [Poll] 进度: 27/29 完成, 剩余 2 个任务仍在处理中...
2026-05-28 22:38:58,520 [INFO] merge_service - [Poll] 任务 22f7c01b-16f7-416d-b703-46d71de22050 (经皮冠状动脉介入治疗指南（2025）_28.png) → completed [成功]
2026-05-28 22:38:58,520 [INFO] merge_service - [Poll] 进度: 28/29 完成, 剩余 1 个任务仍在处理中...
2026-05-28 22:39:01,550 [INFO] merge_service - [Poll] 进度: 28/29 完成, 剩余 1 个任务仍在处理中...
2026-05-28 22:39:04,566 [INFO] merge_service - [Poll] 进度: 28/29 完成, 剩余 1 个任务仍在处理中...
2026-05-28 22:39:07,586 [INFO] merge_service - [Poll] 进度: 28/29 完成, 剩余 1 个任务仍在处理中...
2026-05-28 22:39:10,621 [INFO] merge_service - [Poll] 进度: 28/29 完成, 剩余 1 个任务仍在处理中...
2026-05-28 22:39:13,634 [INFO] merge_service - [Poll] 任务 b496e375-ec6d-4b24-9826-68960572894e (经皮冠状动脉介入治疗指南（2025）_29.png) → completed [成功]
2026-05-28 22:39:13,634 [INFO] merge_service - [d965a34d-7729-4c6c-97f4-34fa12e219e4] 所有提取任务已完成，开始合并清洗...
2026-05-28 22:39:13,634 [INFO] merge_service - [d965a34d-7729-4c6c-97f4-34fa12e219e4] 合并顺序（按原图片文件名序号）:
2026-05-28 22:39:13,634 [INFO] merge_service -   第1页: 经皮冠状动脉介入治疗指南（2025）_1.png → output/经皮冠状动脉介入治疗指南（2025）/经皮冠状动脉介入治疗指南（2025）_1.md
2026-05-28 22:39:13,634 [INFO] merge_service -   第2页: 经皮冠状动脉介入治疗指南（2025）_2.png → output/经皮冠状动脉介入治疗指南（2025）/经皮冠状动脉介入治疗指南（2025）_2.md
2026-05-28 22:39:13,634 [INFO] merge_service -   第3页: 经皮冠状动脉介入治疗指南（2025）_3.png → output/经皮冠状动脉介入治疗指南（2025）/经皮冠状动脉介入治疗指南（2025）_3.md
2026-05-28 22:39:13,634 [INFO] merge_service -   第4页: 经皮冠状动脉介入治疗指南（2025）_4.png → output/经皮冠状动脉介入治疗指南（2025）/经皮冠状动脉介入治疗指南（2025）_4.md
2026-05-28 22:39:13,634 [INFO] merge_service -   第5页: 经皮冠状动脉介入治疗指南（2025）_5.png → output/经皮冠状动脉介入治疗指南（2025）/经皮冠状动脉介入治疗指南（2025）_5.md
2026-05-28 22:39:13,634 [INFO] merge_service -   第6页: 经皮冠状动脉介入治疗指南（2025）_6.png → output/经皮冠状动脉介入治疗指南（2025）/经皮冠状动脉介入治疗指南（2025）_6.md
2026-05-28 22:39:13,634 [INFO] merge_service -   第7页: 经皮冠状动脉介入治疗指南（2025）_7.png → output/经皮冠状动脉介入治疗指南（2025）/经皮冠状动脉介入治疗指南（2025）_7.md
2026-05-28 22:39:13,634 [INFO] merge_service -   第8页: 经皮冠状动脉介入治疗指南（2025）_8.png → output/经皮冠状动脉介入治疗指南（2025）/经皮冠状动脉介入治疗指南（2025）_8.md
2026-05-28 22:39:13,634 [INFO] merge_service -   第9页: 经皮冠状动脉介入治疗指南（2025）_9.png → output/经皮冠状动脉介入治疗指南（2025）/经皮冠状动脉介入治疗指南（2025）_9.md
2026-05-28 22:39:13,634 [INFO] merge_service -   第10页: 经皮冠状动脉介入治疗指南（2025）_10.png → output/经皮冠状动脉介入治疗指南（2025）/经皮冠状动脉介入治疗指南（2025）_10.md
2026-05-28 22:39:13,634 [INFO] merge_service -   第11页: 经皮冠状动脉介入治疗指南（2025）_11.png → output/经皮冠状动脉介入治疗指南（2025）/经皮冠状动脉介入治疗指南（2025）_11.md
2026-05-28 22:39:13,634 [INFO] merge_service -   第12页: 经皮冠状动脉介入治疗指南（2025）_12.png → output/经皮冠状动脉介入治疗指南（2025）/经皮冠状动脉介入治疗指南（2025）_12.md
2026-05-28 22:39:13,634 [INFO] merge_service -   第13页: 经皮冠状动脉介入治疗指南（2025）_13.png → output/经皮冠状动脉介入治疗指南（2025）/经皮冠状动脉介入治疗指南（2025）_13.md
2026-05-28 22:39:13,634 [INFO] merge_service -   第14页: 经皮冠状动脉介入治疗指南（2025）_14.png → output/经皮冠状动脉介入治疗指南（2025）/经皮冠状动脉介入治疗指南（2025）_14.md
2026-05-28 22:39:13,634 [INFO] merge_service -   第15页: 经皮冠状动脉介入治疗指南（2025）_15.png → output/经皮冠状动脉介入治疗指南（2025）/经皮冠状动脉介入治疗指南（2025）_15.md
2026-05-28 22:39:13,634 [INFO] merge_service -   第16页: 经皮冠状动脉介入治疗指南（2025）_16.png → output/经皮冠状动脉介入治疗指南（2025）/经皮冠状动脉介入治疗指南（2025）_16.md
2026-05-28 22:39:13,634 [INFO] merge_service -   第17页: 经皮冠状动脉介入治疗指南（2025）_17.png → output/经皮冠状动脉介入治疗指南（2025）/经皮冠状动脉介入治疗指南（2025）_17.md
2026-05-28 22:39:13,634 [INFO] merge_service -   第18页: 经皮冠状动脉介入治疗指南（2025）_18.png → output/经皮冠状动脉介入治疗指南（2025）/经皮冠状动脉介入治疗指南（2025）_18.md
2026-05-28 22:39:13,634 [INFO] merge_service -   第19页: 经皮冠状动脉介入治疗指南（2025）_19.png → output/经皮冠状动脉介入治疗指南（2025）/经皮冠状动脉介入治疗指南（2025）_19.md
2026-05-28 22:39:13,634 [INFO] merge_service -   第20页: 经皮冠状动脉介入治疗指南（2025）_20.png → output/经皮冠状动脉介入治疗指南（2025）/经皮冠状动脉介入治疗指南（2025）_20.md
2026-05-28 22:39:13,634 [INFO] merge_service -   第21页: 经皮冠状动脉介入治疗指南（2025）_21.png → output/经皮冠状动脉介入治疗指南（2025）/经皮冠状动脉介入治疗指南（2025）_21.md
2026-05-28 22:39:13,634 [INFO] merge_service -   第22页: 经皮冠状动脉介入治疗指南（2025）_22.png → output/经皮冠状动脉介入治疗指南（2025）/经皮冠状动脉介入治疗指南（2025）_22.md
2026-05-28 22:39:13,634 [INFO] merge_service -   第23页: 经皮冠状动脉介入治疗指南（2025）_23.png → output/经皮冠状动脉介入治疗指南（2025）/经皮冠状动脉介入治疗指南（2025）_23.md
2026-05-28 22:39:13,634 [INFO] merge_service -   第24页: 经皮冠状动脉介入治疗指南（2025）_24.png → output/经皮冠状动脉介入治疗指南（2025）/经皮冠状动脉介入治疗指南（2025）_24.md
2026-05-28 22:39:13,634 [INFO] merge_service -   第25页: 经皮冠状动脉介入治疗指南（2025）_25.png → output/经皮冠状动脉介入治疗指南（2025）/经皮冠状动脉介入治疗指南（2025）_25.md
2026-05-28 22:39:13,634 [INFO] merge_service -   第26页: 经皮冠状动脉介入治疗指南（2025）_26.png → output/经皮冠状动脉介入治疗指南（2025）/经皮冠状动脉介入治疗指南（2025）_26.md
2026-05-28 22:39:13,634 [INFO] merge_service -   第27页: 经皮冠状动脉介入治疗指南（2025）_27.png → output/经皮冠状动脉介入治疗指南（2025）/经皮冠状动脉介入治疗指南（2025）_27.md
2026-05-28 22:39:13,634 [INFO] merge_service -   第28页: 经皮冠状动脉介入治疗指南（2025）_28.png → output/经皮冠状动脉介入治疗指南（2025）/经皮冠状动脉介入治疗指南（2025）_28.md
2026-05-28 22:39:13,634 [INFO] merge_service -   第29页: 经皮冠状动脉介入治疗指南（2025）_29.png → output/经皮冠状动脉介入治疗指南（2025）/经皮冠状动脉介入治疗指南（2025）_29.md
2026-05-28 22:39:13,677 [INFO] merge_service - 
==================================================
2026-05-28 22:39:13,677 [INFO] merge_service - [d965a34d-7729-4c6c-97f4-34fa12e219e4] 合并清洗完成!
2026-05-28 22:39:13,677 [INFO] merge_service -   合并文件: output/经皮冠状动脉介入治疗指南（2025）/经皮冠状动脉介入治疗指南（2025）_merged_output.md
2026-05-28 22:39:13,677 [INFO] merge_service -   有效页面: 28/29
2026-05-28 22:39:13,677 [INFO] merge_service -   总字符数: 101347
2026-05-28 22:39:13,677 [INFO] merge_service -   轮询耗时: 608.08s, 合并耗时: 0.04s
2026-05-28 22:39:13,677 [INFO] merge_service -   跳过页面（参考文献）: [18]
2026-05-28 22:39:13,677 [INFO] merge_service - ==================================================
