2026-05-30 19:00:28,289 [INFO] merge_service - ============================================================
2026-05-30 19:00:28,290 [INFO] merge_service - 合并+清洗服务 — 新任务
2026-05-30 19:00:28,290 [INFO] merge_service -   合并ID: caefe811-8ec8-49a5-8f90-4f87af747ea5
2026-05-30 19:00:28,290 [INFO] merge_service -   PDF名称: 医脉通】2019+EAPCI专家共识：冠脉腔内影像学检查的临床应用-第2部分：急性冠脉综合征冠脉造影结果模糊患者介入治疗决策指导 (原始: 医脉通】2019+EAPCI专家共识：冠脉腔内影像学检查的临床应用-第2部分：急性冠脉综合征冠脉造影结果模糊患者介入治疗决策指导.pdf)
2026-05-30 19:00:28,290 [INFO] merge_service -   关联提取任务数: 19
2026-05-30 19:00:28,290 [INFO] merge_service -   输出目录: ./output
2026-05-30 19:00:28,290 [INFO] merge_service -   提取服务: http://localhost:8001
2026-05-30 19:00:28,290 [INFO] merge_service - ============================================================
2026-05-30 19:00:28,291 [INFO] merge_service - [Poll] 开始轮询 19 个提取任务...
2026-05-30 19:00:28,291 [INFO] merge_service - [Poll] 提取服务地址: http://localhost:8001
2026-05-30 19:00:28,291 [INFO] merge_service - [Poll] 轮询间隔: 3.0s, 最大等待: 3600.0s
2026-05-30 19:00:28,661 [INFO] merge_service - [Poll] 进度: 0/19 完成, 剩余 19 个任务仍在处理中...
2026-05-30 19:00:31,872 [INFO] merge_service - [Poll] 进度: 0/19 完成, 剩余 19 个任务仍在处理中...
2026-05-30 19:00:35,082 [INFO] merge_service - [Poll] 进度: 0/19 完成, 剩余 19 个任务仍在处理中...
2026-05-30 19:00:38,317 [INFO] merge_service - [Poll] 进度: 0/19 完成, 剩余 19 个任务仍在处理中...
2026-05-30 19:00:41,554 [INFO] merge_service - [Poll] 进度: 0/19 完成, 剩余 19 个任务仍在处理中...
2026-05-30 19:00:44,792 [INFO] merge_service - [Poll] 进度: 0/19 完成, 剩余 19 个任务仍在处理中...
2026-05-30 19:00:48,023 [INFO] merge_service - [Poll] 进度: 0/19 完成, 剩余 19 个任务仍在处理中...
2026-05-30 19:00:51,268 [INFO] merge_service - [Poll] 进度: 0/19 完成, 剩余 19 个任务仍在处理中...
2026-05-30 19:00:54,510 [INFO] merge_service - [Poll] 进度: 0/19 完成, 剩余 19 个任务仍在处理中...
2026-05-30 19:00:57,776 [INFO] merge_service - [Poll] 进度: 0/19 完成, 剩余 19 个任务仍在处理中...
2026-05-30 19:01:00,998 [INFO] merge_service - [Poll] 进度: 0/19 完成, 剩余 19 个任务仍在处理中...
2026-05-30 19:01:04,205 [INFO] merge_service - [Poll] 进度: 0/19 完成, 剩余 19 个任务仍在处理中...
2026-05-30 19:01:07,414 [INFO] merge_service - [Poll] 进度: 0/19 完成, 剩余 19 个任务仍在处理中...
2026-05-30 19:01:10,622 [INFO] merge_service - [Poll] 进度: 0/19 完成, 剩余 19 个任务仍在处理中...
2026-05-30 19:01:13,875 [INFO] merge_service - [Poll] 进度: 0/19 完成, 剩余 19 个任务仍在处理中...
2026-05-30 19:01:17,096 [INFO] merge_service - [Poll] 进度: 0/19 完成, 剩余 19 个任务仍在处理中...
2026-05-30 19:01:20,317 [INFO] merge_service - [Poll] 进度: 0/19 完成, 剩余 19 个任务仍在处理中...
2026-05-30 19:01:23,526 [INFO] merge_service - [Poll] 进度: 0/19 完成, 剩余 19 个任务仍在处理中...
2026-05-30 19:01:26,735 [INFO] merge_service - [Poll] 进度: 0/19 完成, 剩余 19 个任务仍在处理中...
2026-05-30 19:01:29,945 [INFO] merge_service - [Poll] 进度: 0/19 完成, 剩余 19 个任务仍在处理中...
2026-05-30 19:01:33,077 [INFO] merge_service - [Poll] 任务 f2d5113b-24ef-46a1-b35b-0eb889d13f2e (【医脉通】2019+EAPCI专家共识：冠脉腔内影像学检查的临床应用-第2部分：急性冠脉综合征冠脉造影结果模糊患者介入治疗决策指导_4.png) → completed [成功]
2026-05-30 19:01:33,170 [INFO] merge_service - [Poll] 进度: 1/19 完成, 剩余 18 个任务仍在处理中...
2026-05-30 19:01:36,325 [INFO] merge_service - [Poll] 任务 93a72d98-5b24-47be-a01c-da0efe90afaf (【医脉通】2019+EAPCI专家共识：冠脉腔内影像学检查的临床应用-第2部分：急性冠脉综合征冠脉造影结果模糊患者介入治疗决策指导_7.png) → completed [成功]
2026-05-30 19:01:36,406 [INFO] merge_service - [Poll] 进度: 2/19 完成, 剩余 17 个任务仍在处理中...
2026-05-30 19:01:39,629 [INFO] merge_service - [Poll] 任务 ea6f7e46-c0bb-4dda-8f07-ee6fccd18f01 (【医脉通】2019+EAPCI专家共识：冠脉腔内影像学检查的临床应用-第2部分：急性冠脉综合征冠脉造影结果模糊患者介入治疗决策指导_8.png) → completed [成功]
2026-05-30 19:01:39,684 [INFO] merge_service - [Poll] 进度: 3/19 完成, 剩余 16 个任务仍在处理中...
2026-05-30 19:01:43,056 [INFO] merge_service - [Poll] 进度: 3/19 完成, 剩余 16 个任务仍在处理中...
2026-05-30 19:01:46,283 [INFO] merge_service - [Poll] 进度: 3/19 完成, 剩余 16 个任务仍在处理中...
2026-05-30 19:01:49,520 [INFO] merge_service - [Poll] 进度: 3/19 完成, 剩余 16 个任务仍在处理中...
2026-05-30 19:01:52,730 [INFO] merge_service - [Poll] 进度: 3/19 完成, 剩余 16 个任务仍在处理中...
2026-05-30 19:01:55,821 [INFO] merge_service - [Poll] 任务 a499ea5f-b2d8-4abe-994b-f16c17ad6283 (【医脉通】2019+EAPCI专家共识：冠脉腔内影像学检查的临床应用-第2部分：急性冠脉综合征冠脉造影结果模糊患者介入治疗决策指导_1.png) → completed [成功]
2026-05-30 19:01:55,982 [INFO] merge_service - [Poll] 进度: 4/19 完成, 剩余 15 个任务仍在处理中...
2026-05-30 19:01:59,184 [INFO] merge_service - [Poll] 进度: 4/19 完成, 剩余 15 个任务仍在处理中...
2026-05-30 19:02:02,375 [INFO] merge_service - [Poll] 进度: 4/19 完成, 剩余 15 个任务仍在处理中...
2026-05-30 19:02:05,545 [INFO] merge_service - [Poll] 进度: 4/19 完成, 剩余 15 个任务仍在处理中...
2026-05-30 19:02:08,711 [INFO] merge_service - [Poll] 进度: 4/19 完成, 剩余 15 个任务仍在处理中...
2026-05-30 19:02:11,893 [INFO] merge_service - [Poll] 进度: 4/19 完成, 剩余 15 个任务仍在处理中...
2026-05-30 19:02:15,099 [INFO] merge_service - [Poll] 进度: 4/19 完成, 剩余 15 个任务仍在处理中...
2026-05-30 19:02:18,272 [INFO] merge_service - [Poll] 进度: 4/19 完成, 剩余 15 个任务仍在处理中...
2026-05-30 19:02:21,445 [INFO] merge_service - [Poll] 进度: 4/19 完成, 剩余 15 个任务仍在处理中...
2026-05-30 19:02:24,621 [INFO] merge_service - [Poll] 进度: 4/19 完成, 剩余 15 个任务仍在处理中...
2026-05-30 19:02:27,672 [INFO] merge_service - [Poll] 任务 4f56fae4-f28a-4c23-bd52-7db90be1c461 (【医脉通】2019+EAPCI专家共识：冠脉腔内影像学检查的临床应用-第2部分：急性冠脉综合征冠脉造影结果模糊患者介入治疗决策指导_2.png) → completed [成功]
2026-05-30 19:02:27,827 [INFO] merge_service - [Poll] 进度: 5/19 完成, 剩余 14 个任务仍在处理中...
2026-05-30 19:02:30,987 [INFO] merge_service - [Poll] 进度: 5/19 完成, 剩余 14 个任务仍在处理中...
2026-05-30 19:02:34,147 [INFO] merge_service - [Poll] 进度: 5/19 完成, 剩余 14 个任务仍在处理中...
2026-05-30 19:02:37,209 [INFO] merge_service - [Poll] 任务 69ed5615-438c-43ee-bfb9-fc082fbb88ff (【医脉通】2019+EAPCI专家共识：冠脉腔内影像学检查的临床应用-第2部分：急性冠脉综合征冠脉造影结果模糊患者介入治疗决策指导_5.png) → completed [成功]
2026-05-30 19:02:37,274 [INFO] merge_service - [Poll] 任务 de003643-40e5-4b0f-a7e5-7dbb8f28f373 (【医脉通】2019+EAPCI专家共识：冠脉腔内影像学检查的临床应用-第2部分：急性冠脉综合征冠脉造影结果模糊患者介入治疗决策指导_9.png) → completed [成功]
2026-05-30 19:02:37,307 [INFO] merge_service - [Poll] 进度: 7/19 完成, 剩余 12 个任务仍在处理中...
2026-05-30 19:02:40,469 [INFO] merge_service - [Poll] 进度: 7/19 完成, 剩余 12 个任务仍在处理中...
2026-05-30 19:02:43,606 [INFO] merge_service - [Poll] 进度: 7/19 完成, 剩余 12 个任务仍在处理中...
2026-05-30 19:02:46,730 [INFO] merge_service - [Poll] 任务 95b0f54e-5ea6-41d8-9e93-3fa6c5b5c5f6 (【医脉通】2019+EAPCI专家共识：冠脉腔内影像学检查的临床应用-第2部分：急性冠脉综合征冠脉造影结果模糊患者介入治疗决策指导_12.png) → completed [成功]
2026-05-30 19:02:46,741 [INFO] merge_service - [Poll] 进度: 8/19 完成, 剩余 11 个任务仍在处理中...
2026-05-30 19:02:49,887 [INFO] merge_service - [Poll] 进度: 8/19 完成, 剩余 11 个任务仍在处理中...
2026-05-30 19:02:53,007 [INFO] merge_service - [Poll] 进度: 8/19 完成, 剩余 11 个任务仍在处理中...
2026-05-30 19:02:56,134 [INFO] merge_service - [Poll] 进度: 8/19 完成, 剩余 11 个任务仍在处理中...
2026-05-30 19:02:59,242 [INFO] merge_service - [Poll] 任务 995f478c-3d5c-4a06-a848-34069544b27e (【医脉通】2019+EAPCI专家共识：冠脉腔内影像学检查的临床应用-第2部分：急性冠脉综合征冠脉造影结果模糊患者介入治疗决策指导_6.png) → completed [成功]
2026-05-30 19:02:59,265 [INFO] merge_service - [Poll] 进度: 9/19 完成, 剩余 10 个任务仍在处理中...
2026-05-30 19:03:02,401 [INFO] merge_service - [Poll] 进度: 9/19 完成, 剩余 10 个任务仍在处理中...
2026-05-30 19:03:05,558 [INFO] merge_service - [Poll] 进度: 9/19 完成, 剩余 10 个任务仍在处理中...
2026-05-30 19:03:08,674 [INFO] merge_service - [Poll] 进度: 9/19 完成, 剩余 10 个任务仍在处理中...
2026-05-30 19:03:11,786 [INFO] merge_service - [Poll] 进度: 9/19 完成, 剩余 10 个任务仍在处理中...
2026-05-30 19:03:14,932 [INFO] merge_service - [Poll] 进度: 9/19 完成, 剩余 10 个任务仍在处理中...
2026-05-30 19:03:18,044 [INFO] merge_service - [Poll] 进度: 9/19 完成, 剩余 10 个任务仍在处理中...
2026-05-30 19:03:21,174 [INFO] merge_service - [Poll] 进度: 9/19 完成, 剩余 10 个任务仍在处理中...
2026-05-30 19:03:24,291 [INFO] merge_service - [Poll] 进度: 9/19 完成, 剩余 10 个任务仍在处理中...
2026-05-30 19:03:27,405 [INFO] merge_service - [Poll] 进度: 9/19 完成, 剩余 10 个任务仍在处理中...
2026-05-30 19:03:30,541 [INFO] merge_service - [Poll] 进度: 9/19 完成, 剩余 10 个任务仍在处理中...
2026-05-30 19:03:33,606 [INFO] merge_service - [Poll] 任务 111a98dc-51dd-459d-8a18-68e556e86b35 (【医脉通】2019+EAPCI专家共识：冠脉腔内影像学检查的临床应用-第2部分：急性冠脉综合征冠脉造影结果模糊患者介入治疗决策指导_15.png) → completed [成功]
2026-05-30 19:03:33,651 [INFO] merge_service - [Poll] 任务 b21ea002-dc93-447b-99c4-0e71b7a51b3e (【医脉通】2019+EAPCI专家共识：冠脉腔内影像学检查的临床应用-第2部分：急性冠脉综合征冠脉造影结果模糊患者介入治疗决策指导_11.png) → completed [成功]
2026-05-30 19:03:33,651 [INFO] merge_service - [Poll] 进度: 11/19 完成, 剩余 8 个任务仍在处理中...
2026-05-30 19:03:36,752 [INFO] merge_service - [Poll] 进度: 11/19 完成, 剩余 8 个任务仍在处理中...
2026-05-30 19:03:39,848 [INFO] merge_service - [Poll] 进度: 11/19 完成, 剩余 8 个任务仍在处理中...
2026-05-30 19:03:42,876 [INFO] merge_service - [Poll] 任务 e2afa71d-634e-40db-baba-ef89d6344cb2 (【医脉通】2019+EAPCI专家共识：冠脉腔内影像学检查的临床应用-第2部分：急性冠脉综合征冠脉造影结果模糊患者介入治疗决策指导_19.png) → completed [成功]
2026-05-30 19:03:42,947 [INFO] merge_service - [Poll] 任务 a65feed6-62c6-450d-b283-27499656d962 (【医脉通】2019+EAPCI专家共识：冠脉腔内影像学检查的临床应用-第2部分：急性冠脉综合征冠脉造影结果模糊患者介入治疗决策指导_10.png) → completed [成功]
2026-05-30 19:03:42,947 [INFO] merge_service - [Poll] 进度: 13/19 完成, 剩余 6 个任务仍在处理中...
2026-05-30 19:03:46,020 [INFO] merge_service - [Poll] 进度: 13/19 完成, 剩余 6 个任务仍在处理中...
2026-05-30 19:03:49,091 [INFO] merge_service - [Poll] 任务 cd7ddec4-f685-4a73-8100-258032e51af5 (【医脉通】2019+EAPCI专家共识：冠脉腔内影像学检查的临床应用-第2部分：急性冠脉综合征冠脉造影结果模糊患者介入治疗决策指导_18.png) → completed [成功]
2026-05-30 19:03:49,091 [INFO] merge_service - [Poll] 进度: 14/19 完成, 剩余 5 个任务仍在处理中...
2026-05-30 19:03:52,129 [INFO] merge_service - [Poll] 任务 ceccf131-61b2-4bd5-9095-8e78777e42b9 (【医脉通】2019+EAPCI专家共识：冠脉腔内影像学检查的临床应用-第2部分：急性冠脉综合征冠脉造影结果模糊患者介入治疗决策指导_13.png) → completed [成功]
2026-05-30 19:03:52,151 [INFO] merge_service - [Poll] 进度: 15/19 完成, 剩余 4 个任务仍在处理中...
2026-05-30 19:03:55,215 [INFO] merge_service - [Poll] 进度: 15/19 完成, 剩余 4 个任务仍在处理中...
2026-05-30 19:03:58,258 [INFO] merge_service - [Poll] 进度: 15/19 完成, 剩余 4 个任务仍在处理中...
2026-05-30 19:04:01,331 [INFO] merge_service - [Poll] 任务 d73c899c-1eb1-4518-b09c-a13adf0398ec (【医脉通】2019+EAPCI专家共识：冠脉腔内影像学检查的临床应用-第2部分：急性冠脉综合征冠脉造影结果模糊患者介入治疗决策指导_3.png) → completed [成功]
2026-05-30 19:04:01,344 [INFO] merge_service - [Poll] 进度: 16/19 完成, 剩余 3 个任务仍在处理中...
2026-05-30 19:04:04,381 [INFO] merge_service - [Poll] 进度: 16/19 完成, 剩余 3 个任务仍在处理中...
2026-05-30 19:04:07,435 [INFO] merge_service - [Poll] 进度: 16/19 完成, 剩余 3 个任务仍在处理中...
2026-05-30 19:04:10,469 [INFO] merge_service - [Poll] 进度: 16/19 完成, 剩余 3 个任务仍在处理中...
2026-05-30 19:04:13,509 [INFO] merge_service - [Poll] 进度: 16/19 完成, 剩余 3 个任务仍在处理中...
2026-05-30 19:04:16,567 [INFO] merge_service - [Poll] 进度: 16/19 完成, 剩余 3 个任务仍在处理中...
2026-05-30 19:04:19,601 [INFO] merge_service - [Poll] 进度: 16/19 完成, 剩余 3 个任务仍在处理中...
2026-05-30 19:04:22,661 [INFO] merge_service - [Poll] 进度: 16/19 完成, 剩余 3 个任务仍在处理中...
2026-05-30 19:04:25,698 [INFO] merge_service - [Poll] 进度: 16/19 完成, 剩余 3 个任务仍在处理中...
2026-05-30 19:04:28,743 [INFO] merge_service - [Poll] 进度: 16/19 完成, 剩余 3 个任务仍在处理中...
2026-05-30 19:04:31,762 [INFO] merge_service - [Poll] 任务 24ec1e12-01cb-4bbd-b096-a9bc16642754 (【医脉通】2019+EAPCI专家共识：冠脉腔内影像学检查的临床应用-第2部分：急性冠脉综合征冠脉造影结果模糊患者介入治疗决策指导_14.png) → completed [成功]
2026-05-30 19:04:31,786 [INFO] merge_service - [Poll] 进度: 17/19 完成, 剩余 2 个任务仍在处理中...
2026-05-30 19:04:34,810 [INFO] merge_service - [Poll] 进度: 17/19 完成, 剩余 2 个任务仍在处理中...
2026-05-30 19:04:37,836 [INFO] merge_service - [Poll] 任务 0fa1718e-d66a-495f-b58b-07225483c046 (【医脉通】2019+EAPCI专家共识：冠脉腔内影像学检查的临床应用-第2部分：急性冠脉综合征冠脉造影结果模糊患者介入治疗决策指导_16.png) → completed [成功]
2026-05-30 19:04:37,858 [INFO] merge_service - [Poll] 进度: 18/19 完成, 剩余 1 个任务仍在处理中...
2026-05-30 19:04:40,871 [INFO] merge_service - [Poll] 进度: 18/19 完成, 剩余 1 个任务仍在处理中...
2026-05-30 19:04:43,886 [INFO] merge_service - [Poll] 进度: 18/19 完成, 剩余 1 个任务仍在处理中...
2026-05-30 19:04:46,924 [INFO] merge_service - [Poll] 进度: 18/19 完成, 剩余 1 个任务仍在处理中...
2026-05-30 19:04:49,937 [INFO] merge_service - [Poll] 进度: 18/19 完成, 剩余 1 个任务仍在处理中...
2026-05-30 19:04:52,963 [INFO] merge_service - [Poll] 任务 cb121181-cbab-4296-bf73-53a7c120ad0f (【医脉通】2019+EAPCI专家共识：冠脉腔内影像学检查的临床应用-第2部分：急性冠脉综合征冠脉造影结果模糊患者介入治疗决策指导_17.png) → completed [成功]
2026-05-30 19:04:52,963 [INFO] merge_service - [caefe811-8ec8-49a5-8f90-4f87af747ea5] 所有提取任务已完成，开始合并清洗...
2026-05-30 19:04:52,963 [INFO] merge_service - [caefe811-8ec8-49a5-8f90-4f87af747ea5] 合并顺序（按原图片文件名序号）:
2026-05-30 19:04:52,963 [INFO] merge_service -   第1页: 【医脉通】2019+EAPCI专家共识：冠脉腔内影像学检查的临床应用-第2部分：急性冠脉综合征冠脉造影结果模糊患者介入治疗决策指导_1.png → output/医脉通】2019+EAPCI专家共识：冠脉腔内影像学检查的临床应用-第2部分：急性冠脉综合征冠脉造影结果模糊患者介入治疗决策指导/医脉通】2019+EAPCI专家共识：冠脉腔内影像学检查的临床应用-第2部分：急性冠脉综合征冠脉造影结果模糊患者介入治疗决策指导_1.md
2026-05-30 19:04:52,963 [INFO] merge_service -   第2页: 【医脉通】2019+EAPCI专家共识：冠脉腔内影像学检查的临床应用-第2部分：急性冠脉综合征冠脉造影结果模糊患者介入治疗决策指导_2.png → output/医脉通】2019+EAPCI专家共识：冠脉腔内影像学检查的临床应用-第2部分：急性冠脉综合征冠脉造影结果模糊患者介入治疗决策指导/医脉通】2019+EAPCI专家共识：冠脉腔内影像学检查的临床应用-第2部分：急性冠脉综合征冠脉造影结果模糊患者介入治疗决策指导_2.md
2026-05-30 19:04:52,963 [INFO] merge_service -   第3页: 【医脉通】2019+EAPCI专家共识：冠脉腔内影像学检查的临床应用-第2部分：急性冠脉综合征冠脉造影结果模糊患者介入治疗决策指导_3.png → output/医脉通】2019+EAPCI专家共识：冠脉腔内影像学检查的临床应用-第2部分：急性冠脉综合征冠脉造影结果模糊患者介入治疗决策指导/医脉通】2019+EAPCI专家共识：冠脉腔内影像学检查的临床应用-第2部分：急性冠脉综合征冠脉造影结果模糊患者介入治疗决策指导_3.md
2026-05-30 19:04:52,963 [INFO] merge_service -   第4页: 【医脉通】2019+EAPCI专家共识：冠脉腔内影像学检查的临床应用-第2部分：急性冠脉综合征冠脉造影结果模糊患者介入治疗决策指导_4.png → output/医脉通】2019+EAPCI专家共识：冠脉腔内影像学检查的临床应用-第2部分：急性冠脉综合征冠脉造影结果模糊患者介入治疗决策指导/医脉通】2019+EAPCI专家共识：冠脉腔内影像学检查的临床应用-第2部分：急性冠脉综合征冠脉造影结果模糊患者介入治疗决策指导_4.md
2026-05-30 19:04:52,963 [INFO] merge_service -   第5页: 【医脉通】2019+EAPCI专家共识：冠脉腔内影像学检查的临床应用-第2部分：急性冠脉综合征冠脉造影结果模糊患者介入治疗决策指导_5.png → output/医脉通】2019+EAPCI专家共识：冠脉腔内影像学检查的临床应用-第2部分：急性冠脉综合征冠脉造影结果模糊患者介入治疗决策指导/医脉通】2019+EAPCI专家共识：冠脉腔内影像学检查的临床应用-第2部分：急性冠脉综合征冠脉造影结果模糊患者介入治疗决策指导_5.md
2026-05-30 19:04:52,963 [INFO] merge_service -   第6页: 【医脉通】2019+EAPCI专家共识：冠脉腔内影像学检查的临床应用-第2部分：急性冠脉综合征冠脉造影结果模糊患者介入治疗决策指导_6.png → output/医脉通】2019+EAPCI专家共识：冠脉腔内影像学检查的临床应用-第2部分：急性冠脉综合征冠脉造影结果模糊患者介入治疗决策指导/医脉通】2019+EAPCI专家共识：冠脉腔内影像学检查的临床应用-第2部分：急性冠脉综合征冠脉造影结果模糊患者介入治疗决策指导_6.md
2026-05-30 19:04:52,963 [INFO] merge_service -   第7页: 【医脉通】2019+EAPCI专家共识：冠脉腔内影像学检查的临床应用-第2部分：急性冠脉综合征冠脉造影结果模糊患者介入治疗决策指导_7.png → output/医脉通】2019+EAPCI专家共识：冠脉腔内影像学检查的临床应用-第2部分：急性冠脉综合征冠脉造影结果模糊患者介入治疗决策指导/医脉通】2019+EAPCI专家共识：冠脉腔内影像学检查的临床应用-第2部分：急性冠脉综合征冠脉造影结果模糊患者介入治疗决策指导_7.md
2026-05-30 19:04:52,963 [INFO] merge_service -   第8页: 【医脉通】2019+EAPCI专家共识：冠脉腔内影像学检查的临床应用-第2部分：急性冠脉综合征冠脉造影结果模糊患者介入治疗决策指导_8.png → output/医脉通】2019+EAPCI专家共识：冠脉腔内影像学检查的临床应用-第2部分：急性冠脉综合征冠脉造影结果模糊患者介入治疗决策指导/医脉通】2019+EAPCI专家共识：冠脉腔内影像学检查的临床应用-第2部分：急性冠脉综合征冠脉造影结果模糊患者介入治疗决策指导_8.md
2026-05-30 19:04:52,963 [INFO] merge_service -   第9页: 【医脉通】2019+EAPCI专家共识：冠脉腔内影像学检查的临床应用-第2部分：急性冠脉综合征冠脉造影结果模糊患者介入治疗决策指导_9.png → output/医脉通】2019+EAPCI专家共识：冠脉腔内影像学检查的临床应用-第2部分：急性冠脉综合征冠脉造影结果模糊患者介入治疗决策指导/医脉通】2019+EAPCI专家共识：冠脉腔内影像学检查的临床应用-第2部分：急性冠脉综合征冠脉造影结果模糊患者介入治疗决策指导_9.md
2026-05-30 19:04:52,963 [INFO] merge_service -   第10页: 【医脉通】2019+EAPCI专家共识：冠脉腔内影像学检查的临床应用-第2部分：急性冠脉综合征冠脉造影结果模糊患者介入治疗决策指导_10.png → output/医脉通】2019+EAPCI专家共识：冠脉腔内影像学检查的临床应用-第2部分：急性冠脉综合征冠脉造影结果模糊患者介入治疗决策指导/医脉通】2019+EAPCI专家共识：冠脉腔内影像学检查的临床应用-第2部分：急性冠脉综合征冠脉造影结果模糊患者介入治疗决策指导_10.md
2026-05-30 19:04:52,963 [INFO] merge_service -   第11页: 【医脉通】2019+EAPCI专家共识：冠脉腔内影像学检查的临床应用-第2部分：急性冠脉综合征冠脉造影结果模糊患者介入治疗决策指导_11.png → output/医脉通】2019+EAPCI专家共识：冠脉腔内影像学检查的临床应用-第2部分：急性冠脉综合征冠脉造影结果模糊患者介入治疗决策指导/医脉通】2019+EAPCI专家共识：冠脉腔内影像学检查的临床应用-第2部分：急性冠脉综合征冠脉造影结果模糊患者介入治疗决策指导_11.md
2026-05-30 19:04:52,963 [INFO] merge_service -   第12页: 【医脉通】2019+EAPCI专家共识：冠脉腔内影像学检查的临床应用-第2部分：急性冠脉综合征冠脉造影结果模糊患者介入治疗决策指导_12.png → output/医脉通】2019+EAPCI专家共识：冠脉腔内影像学检查的临床应用-第2部分：急性冠脉综合征冠脉造影结果模糊患者介入治疗决策指导/医脉通】2019+EAPCI专家共识：冠脉腔内影像学检查的临床应用-第2部分：急性冠脉综合征冠脉造影结果模糊患者介入治疗决策指导_12.md
2026-05-30 19:04:52,963 [INFO] merge_service -   第13页: 【医脉通】2019+EAPCI专家共识：冠脉腔内影像学检查的临床应用-第2部分：急性冠脉综合征冠脉造影结果模糊患者介入治疗决策指导_13.png → output/医脉通】2019+EAPCI专家共识：冠脉腔内影像学检查的临床应用-第2部分：急性冠脉综合征冠脉造影结果模糊患者介入治疗决策指导/医脉通】2019+EAPCI专家共识：冠脉腔内影像学检查的临床应用-第2部分：急性冠脉综合征冠脉造影结果模糊患者介入治疗决策指导_13.md
2026-05-30 19:04:52,964 [INFO] merge_service -   第14页: 【医脉通】2019+EAPCI专家共识：冠脉腔内影像学检查的临床应用-第2部分：急性冠脉综合征冠脉造影结果模糊患者介入治疗决策指导_14.png → output/医脉通】2019+EAPCI专家共识：冠脉腔内影像学检查的临床应用-第2部分：急性冠脉综合征冠脉造影结果模糊患者介入治疗决策指导/医脉通】2019+EAPCI专家共识：冠脉腔内影像学检查的临床应用-第2部分：急性冠脉综合征冠脉造影结果模糊患者介入治疗决策指导_14.md
2026-05-30 19:04:52,964 [INFO] merge_service -   第15页: 【医脉通】2019+EAPCI专家共识：冠脉腔内影像学检查的临床应用-第2部分：急性冠脉综合征冠脉造影结果模糊患者介入治疗决策指导_15.png → output/医脉通】2019+EAPCI专家共识：冠脉腔内影像学检查的临床应用-第2部分：急性冠脉综合征冠脉造影结果模糊患者介入治疗决策指导/医脉通】2019+EAPCI专家共识：冠脉腔内影像学检查的临床应用-第2部分：急性冠脉综合征冠脉造影结果模糊患者介入治疗决策指导_15.md
2026-05-30 19:04:52,964 [INFO] merge_service -   第16页: 【医脉通】2019+EAPCI专家共识：冠脉腔内影像学检查的临床应用-第2部分：急性冠脉综合征冠脉造影结果模糊患者介入治疗决策指导_16.png → output/医脉通】2019+EAPCI专家共识：冠脉腔内影像学检查的临床应用-第2部分：急性冠脉综合征冠脉造影结果模糊患者介入治疗决策指导/医脉通】2019+EAPCI专家共识：冠脉腔内影像学检查的临床应用-第2部分：急性冠脉综合征冠脉造影结果模糊患者介入治疗决策指导_16.md
2026-05-30 19:04:52,964 [INFO] merge_service -   第17页: 【医脉通】2019+EAPCI专家共识：冠脉腔内影像学检查的临床应用-第2部分：急性冠脉综合征冠脉造影结果模糊患者介入治疗决策指导_17.png → output/医脉通】2019+EAPCI专家共识：冠脉腔内影像学检查的临床应用-第2部分：急性冠脉综合征冠脉造影结果模糊患者介入治疗决策指导/医脉通】2019+EAPCI专家共识：冠脉腔内影像学检查的临床应用-第2部分：急性冠脉综合征冠脉造影结果模糊患者介入治疗决策指导_17.md
2026-05-30 19:04:52,964 [INFO] merge_service -   第18页: 【医脉通】2019+EAPCI专家共识：冠脉腔内影像学检查的临床应用-第2部分：急性冠脉综合征冠脉造影结果模糊患者介入治疗决策指导_18.png → output/医脉通】2019+EAPCI专家共识：冠脉腔内影像学检查的临床应用-第2部分：急性冠脉综合征冠脉造影结果模糊患者介入治疗决策指导/医脉通】2019+EAPCI专家共识：冠脉腔内影像学检查的临床应用-第2部分：急性冠脉综合征冠脉造影结果模糊患者介入治疗决策指导_18.md
2026-05-30 19:04:52,964 [INFO] merge_service -   第19页: 【医脉通】2019+EAPCI专家共识：冠脉腔内影像学检查的临床应用-第2部分：急性冠脉综合征冠脉造影结果模糊患者介入治疗决策指导_19.png → output/医脉通】2019+EAPCI专家共识：冠脉腔内影像学检查的临床应用-第2部分：急性冠脉综合征冠脉造影结果模糊患者介入治疗决策指导/医脉通】2019+EAPCI专家共识：冠脉腔内影像学检查的临床应用-第2部分：急性冠脉综合征冠脉造影结果模糊患者介入治疗决策指导_19.md
2026-05-30 19:04:53,006 [INFO] merge_service - 
==================================================
2026-05-30 19:04:53,006 [INFO] merge_service - [caefe811-8ec8-49a5-8f90-4f87af747ea5] 合并清洗完成!
2026-05-30 19:04:53,006 [INFO] merge_service -   合并文件: output/医脉通】2019+EAPCI专家共识：冠脉腔内影像学检查的临床应用-第2部分：急性冠脉综合征冠脉造影结果模糊患者介入治疗决策指导/医脉通】2019+EAPCI专家共识：冠脉腔内影像学检查的临床应用-第2部分：急性冠脉综合征冠脉造影结果模糊患者介入治疗决策指导_merged_output.md
2026-05-30 19:04:53,006 [INFO] merge_service -   有效页面: 16/19
2026-05-30 19:04:53,006 [INFO] merge_service -   总字符数: 87879
2026-05-30 19:04:53,006 [INFO] merge_service -   轮询耗时: 264.67s, 合并耗时: 0.04s
2026-05-30 19:04:53,006 [INFO] merge_service -   跳过页面（参考文献）: [15, 18, 19]
2026-05-30 19:04:53,006 [INFO] merge_service - ==================================================
