2026-05-30 20:46:41,557 [INFO] merge_service - ============================================================
2026-05-30 20:46:41,557 [INFO] merge_service - 合并+清洗服务 — 新任务
2026-05-30 20:46:41,557 [INFO] merge_service -   合并ID: 2b732c19-4fc9-478e-9510-d8b6afd41767
2026-05-30 20:46:41,557 [INFO] merge_service -   PDF名称: 医脉通】冠心病双联抗血小板治疗中国专家共识 (原始: 医脉通】冠心病双联抗血小板治疗中国专家共识.pdf)
2026-05-30 20:46:41,557 [INFO] merge_service -   关联提取任务数: 23
2026-05-30 20:46:41,557 [INFO] merge_service -   输出目录: ./output
2026-05-30 20:46:41,557 [INFO] merge_service -   提取服务: http://localhost:8001
2026-05-30 20:46:41,557 [INFO] merge_service - ============================================================
2026-05-30 20:46:41,557 [INFO] merge_service - [Poll] 开始轮询 23 个提取任务...
2026-05-30 20:46:41,557 [INFO] merge_service - [Poll] 提取服务地址: http://localhost:8001
2026-05-30 20:46:41,558 [INFO] merge_service - [Poll] 轮询间隔: 3.0s, 最大等待: 3600.0s
2026-05-30 20:46:41,918 [INFO] merge_service - [Poll] 进度: 0/23 完成, 剩余 23 个任务仍在处理中...
2026-05-30 20:46:45,217 [INFO] merge_service - [Poll] 进度: 0/23 完成, 剩余 23 个任务仍在处理中...
2026-05-30 20:46:48,493 [INFO] merge_service - [Poll] 进度: 0/23 完成, 剩余 23 个任务仍在处理中...
2026-05-30 20:46:51,777 [INFO] merge_service - [Poll] 进度: 0/23 完成, 剩余 23 个任务仍在处理中...
2026-05-30 20:46:55,075 [INFO] merge_service - [Poll] 进度: 0/23 完成, 剩余 23 个任务仍在处理中...
2026-05-30 20:46:58,382 [INFO] merge_service - [Poll] 进度: 0/23 完成, 剩余 23 个任务仍在处理中...
2026-05-30 20:47:01,694 [INFO] merge_service - [Poll] 进度: 0/23 完成, 剩余 23 个任务仍在处理中...
2026-05-30 20:47:05,015 [INFO] merge_service - [Poll] 进度: 0/23 完成, 剩余 23 个任务仍在处理中...
2026-05-30 20:47:08,386 [INFO] merge_service - [Poll] 进度: 0/23 完成, 剩余 23 个任务仍在处理中...
2026-05-30 20:47:11,649 [INFO] merge_service - [Poll] 进度: 0/23 完成, 剩余 23 个任务仍在处理中...
2026-05-30 20:47:14,924 [INFO] merge_service - [Poll] 进度: 0/23 完成, 剩余 23 个任务仍在处理中...
2026-05-30 20:47:18,191 [INFO] merge_service - [Poll] 进度: 0/23 完成, 剩余 23 个任务仍在处理中...
2026-05-30 20:47:21,447 [INFO] merge_service - [Poll] 进度: 0/23 完成, 剩余 23 个任务仍在处理中...
2026-05-30 20:47:24,710 [INFO] merge_service - [Poll] 进度: 0/23 完成, 剩余 23 个任务仍在处理中...
2026-05-30 20:47:28,000 [INFO] merge_service - [Poll] 进度: 0/23 完成, 剩余 23 个任务仍在处理中...
2026-05-30 20:47:31,261 [INFO] merge_service - [Poll] 进度: 0/23 完成, 剩余 23 个任务仍在处理中...
2026-05-30 20:47:34,588 [INFO] merge_service - [Poll] 进度: 0/23 完成, 剩余 23 个任务仍在处理中...
2026-05-30 20:47:37,909 [INFO] merge_service - [Poll] 进度: 0/23 完成, 剩余 23 个任务仍在处理中...
2026-05-30 20:47:41,178 [INFO] merge_service - [Poll] 进度: 0/23 完成, 剩余 23 个任务仍在处理中...
2026-05-30 20:47:44,432 [INFO] merge_service - [Poll] 进度: 0/23 完成, 剩余 23 个任务仍在处理中...
2026-05-30 20:47:47,688 [INFO] merge_service - [Poll] 进度: 0/23 完成, 剩余 23 个任务仍在处理中...
2026-05-30 20:47:50,718 [INFO] merge_service - [Poll] 任务 0b399bf9-ed55-42b6-bcac-f416d086b07d (【医脉通】冠心病双联抗血小板治疗中国专家共识_8.png) → completed [成功]
2026-05-30 20:47:50,975 [INFO] merge_service - [Poll] 进度: 1/23 完成, 剩余 22 个任务仍在处理中...
2026-05-30 20:47:54,216 [INFO] merge_service - [Poll] 进度: 1/23 完成, 剩余 22 个任务仍在处理中...
2026-05-30 20:47:57,478 [INFO] merge_service - [Poll] 进度: 1/23 完成, 剩余 22 个任务仍在处理中...
2026-05-30 20:48:00,748 [INFO] merge_service - [Poll] 进度: 1/23 完成, 剩余 22 个任务仍在处理中...
2026-05-30 20:48:04,006 [INFO] merge_service - [Poll] 进度: 1/23 完成, 剩余 22 个任务仍在处理中...
2026-05-30 20:48:07,539 [INFO] merge_service - [Poll] 进度: 1/23 完成, 剩余 22 个任务仍在处理中...
2026-05-30 20:48:10,802 [INFO] merge_service - [Poll] 进度: 1/23 完成, 剩余 22 个任务仍在处理中...
2026-05-30 20:48:14,073 [INFO] merge_service - [Poll] 进度: 1/23 完成, 剩余 22 个任务仍在处理中...
2026-05-30 20:48:17,347 [INFO] merge_service - [Poll] 进度: 1/23 完成, 剩余 22 个任务仍在处理中...
2026-05-30 20:48:20,471 [INFO] merge_service - [Poll] 任务 26087a43-52cb-4bd6-95ab-0b3c361150f9 (【医脉通】冠心病双联抗血小板治疗中国专家共识_1.png) → completed [成功]
2026-05-30 20:48:20,597 [INFO] merge_service - [Poll] 进度: 2/23 完成, 剩余 21 个任务仍在处理中...
2026-05-30 20:48:23,843 [INFO] merge_service - [Poll] 进度: 2/23 完成, 剩余 21 个任务仍在处理中...
2026-05-30 20:48:27,132 [INFO] merge_service - [Poll] 进度: 2/23 完成, 剩余 21 个任务仍在处理中...
2026-05-30 20:48:30,421 [INFO] merge_service - [Poll] 进度: 2/23 完成, 剩余 21 个任务仍在处理中...
2026-05-30 20:48:33,721 [INFO] merge_service - [Poll] 进度: 2/23 完成, 剩余 21 个任务仍在处理中...
2026-05-30 20:48:37,006 [INFO] merge_service - [Poll] 进度: 2/23 完成, 剩余 21 个任务仍在处理中...
2026-05-30 20:48:40,276 [INFO] merge_service - [Poll] 进度: 2/23 完成, 剩余 21 个任务仍在处理中...
2026-05-30 20:48:43,518 [INFO] merge_service - [Poll] 进度: 2/23 完成, 剩余 21 个任务仍在处理中...
2026-05-30 20:48:46,566 [INFO] merge_service - [Poll] 任务 85472ea8-fa6a-43ae-a471-9cf9b1214e63 (【医脉通】冠心病双联抗血小板治疗中国专家共识_2.png) → completed [成功]
2026-05-30 20:48:46,756 [INFO] merge_service - [Poll] 进度: 3/23 完成, 剩余 20 个任务仍在处理中...
2026-05-30 20:48:50,013 [INFO] merge_service - [Poll] 进度: 3/23 完成, 剩余 20 个任务仍在处理中...
2026-05-30 20:48:53,240 [INFO] merge_service - [Poll] 任务 524aa6d0-7d86-41b1-a0e1-1215a23a7899 (【医脉通】冠心病双联抗血小板治疗中国专家共识_3.png) → completed [成功]
2026-05-30 20:48:53,251 [INFO] merge_service - [Poll] 进度: 4/23 完成, 剩余 19 个任务仍在处理中...
2026-05-30 20:48:56,465 [INFO] merge_service - [Poll] 进度: 4/23 完成, 剩余 19 个任务仍在处理中...
2026-05-30 20:48:59,675 [INFO] merge_service - [Poll] 进度: 4/23 完成, 剩余 19 个任务仍在处理中...
2026-05-30 20:49:02,883 [INFO] merge_service - [Poll] 进度: 4/23 完成, 剩余 19 个任务仍在处理中...
2026-05-30 20:49:06,119 [INFO] merge_service - [Poll] 进度: 4/23 完成, 剩余 19 个任务仍在处理中...
2026-05-30 20:49:09,384 [INFO] merge_service - [Poll] 进度: 4/23 完成, 剩余 19 个任务仍在处理中...
2026-05-30 20:49:12,613 [INFO] merge_service - [Poll] 进度: 4/23 完成, 剩余 19 个任务仍在处理中...
2026-05-30 20:49:15,859 [INFO] merge_service - [Poll] 进度: 4/23 完成, 剩余 19 个任务仍在处理中...
2026-05-30 20:49:19,056 [INFO] merge_service - [Poll] 任务 21a2cbf9-aadd-4415-b21b-93a4b560478f (【医脉通】冠心病双联抗血小板治疗中国专家共识_4.png) → completed [成功]
2026-05-30 20:49:19,180 [INFO] merge_service - [Poll] 任务 ee71735f-d996-4d4f-b4f3-2b4c4de88437 (【医脉通】冠心病双联抗血小板治疗中国专家共识_7.png) → completed [成功]
2026-05-30 20:49:19,191 [INFO] merge_service - [Poll] 进度: 6/23 完成, 剩余 17 个任务仍在处理中...
2026-05-30 20:49:22,293 [INFO] merge_service - [Poll] 任务 54107a33-3970-407d-aeaf-dd653ae7aa22 (【医脉通】冠心病双联抗血小板治疗中国专家共识_6.png) → completed [成功]
2026-05-30 20:49:22,547 [INFO] merge_service - [Poll] 进度: 7/23 完成, 剩余 16 个任务仍在处理中...
2026-05-30 20:49:25,745 [INFO] merge_service - [Poll] 任务 94b22fda-0ff1-4958-aede-0670577d53a7 (【医脉通】冠心病双联抗血小板治疗中国专家共识_5.png) → completed [成功]
2026-05-30 20:49:25,769 [INFO] merge_service - [Poll] 进度: 8/23 完成, 剩余 15 个任务仍在处理中...
2026-05-30 20:49:28,984 [INFO] merge_service - [Poll] 进度: 8/23 完成, 剩余 15 个任务仍在处理中...
2026-05-30 20:49:32,175 [INFO] merge_service - [Poll] 进度: 8/23 完成, 剩余 15 个任务仍在处理中...
2026-05-30 20:49:35,363 [INFO] merge_service - [Poll] 进度: 8/23 完成, 剩余 15 个任务仍在处理中...
2026-05-30 20:49:38,595 [INFO] merge_service - [Poll] 进度: 8/23 完成, 剩余 15 个任务仍在处理中...
2026-05-30 20:49:41,782 [INFO] merge_service - [Poll] 进度: 8/23 完成, 剩余 15 个任务仍在处理中...
2026-05-30 20:49:44,951 [INFO] merge_service - [Poll] 进度: 8/23 完成, 剩余 15 个任务仍在处理中...
2026-05-30 20:49:48,126 [INFO] merge_service - [Poll] 进度: 8/23 完成, 剩余 15 个任务仍在处理中...
2026-05-30 20:49:51,318 [INFO] merge_service - [Poll] 进度: 8/23 完成, 剩余 15 个任务仍在处理中...
2026-05-30 20:49:54,486 [INFO] merge_service - [Poll] 进度: 8/23 完成, 剩余 15 个任务仍在处理中...
2026-05-30 20:49:57,653 [INFO] merge_service - [Poll] 进度: 8/23 完成, 剩余 15 个任务仍在处理中...
2026-05-30 20:50:00,878 [INFO] merge_service - [Poll] 进度: 8/23 完成, 剩余 15 个任务仍在处理中...
2026-05-30 20:50:04,060 [INFO] merge_service - [Poll] 进度: 8/23 完成, 剩余 15 个任务仍在处理中...
2026-05-30 20:50:07,223 [INFO] merge_service - [Poll] 进度: 8/23 完成, 剩余 15 个任务仍在处理中...
2026-05-30 20:50:10,392 [INFO] merge_service - [Poll] 进度: 8/23 完成, 剩余 15 个任务仍在处理中...
2026-05-30 20:50:13,443 [INFO] merge_service - [Poll] 任务 80d27b1e-9766-4e2b-bed0-a09d7618d697 (【医脉通】冠心病双联抗血小板治疗中国专家共识_9.png) → completed [成功]
2026-05-30 20:50:13,543 [INFO] merge_service - [Poll] 任务 7c25cca0-a8e0-44ca-8f34-52833f83ce96 (【医脉通】冠心病双联抗血小板治疗中国专家共识_11.png) → completed [成功]
2026-05-30 20:50:13,601 [INFO] merge_service - [Poll] 进度: 10/23 完成, 剩余 13 个任务仍在处理中...
2026-05-30 20:50:16,772 [INFO] merge_service - [Poll] 进度: 10/23 完成, 剩余 13 个任务仍在处理中...
2026-05-30 20:50:19,919 [INFO] merge_service - [Poll] 进度: 10/23 完成, 剩余 13 个任务仍在处理中...
2026-05-30 20:50:23,066 [INFO] merge_service - [Poll] 进度: 10/23 完成, 剩余 13 个任务仍在处理中...
2026-05-30 20:50:26,228 [INFO] merge_service - [Poll] 进度: 10/23 完成, 剩余 13 个任务仍在处理中...
2026-05-30 20:50:29,373 [INFO] merge_service - [Poll] 任务 18870ba1-2234-4948-b41f-0450acb24749 (【医脉通】冠心病双联抗血小板治疗中国专家共识_17.png) → completed [成功]
2026-05-30 20:50:29,373 [INFO] merge_service - [Poll] 进度: 11/23 完成, 剩余 12 个任务仍在处理中...
2026-05-30 20:50:32,509 [INFO] merge_service - [Poll] 进度: 11/23 完成, 剩余 12 个任务仍在处理中...
2026-05-30 20:50:35,685 [INFO] merge_service - [Poll] 进度: 11/23 完成, 剩余 12 个任务仍在处理中...
2026-05-30 20:50:38,817 [INFO] merge_service - [Poll] 任务 2b5fdda7-34f3-4754-9ee1-90953743f61c (【医脉通】冠心病双联抗血小板治疗中国专家共识_18.png) → completed [成功]
2026-05-30 20:50:38,828 [INFO] merge_service - [Poll] 进度: 12/23 完成, 剩余 11 个任务仍在处理中...
2026-05-30 20:50:41,953 [INFO] merge_service - [Poll] 进度: 12/23 完成, 剩余 11 个任务仍在处理中...
2026-05-30 20:50:45,114 [INFO] merge_service - [Poll] 进度: 12/23 完成, 剩余 11 个任务仍在处理中...
2026-05-30 20:50:48,150 [INFO] merge_service - [Poll] 任务 a1a9aaf2-c9b5-4737-b944-734f214bb8b1 (【医脉通】冠心病双联抗血小板治疗中国专家共识_10.png) → completed [成功]
2026-05-30 20:50:48,238 [INFO] merge_service - [Poll] 进度: 13/23 完成, 剩余 10 个任务仍在处理中...
2026-05-30 20:50:51,352 [INFO] merge_service - [Poll] 进度: 13/23 完成, 剩余 10 个任务仍在处理中...
2026-05-30 20:50:54,499 [INFO] merge_service - [Poll] 进度: 13/23 完成, 剩余 10 个任务仍在处理中...
2026-05-30 20:50:57,546 [INFO] merge_service - [Poll] 任务 d16d65a6-e8af-45d0-ae19-3256e36958bb (【医脉通】冠心病双联抗血小板治疗中国专家共识_19.png) → completed [成功]
2026-05-30 20:50:57,613 [INFO] merge_service - [Poll] 任务 69b499b2-e490-49e2-84a7-715d81b9a40a (【医脉通】冠心病双联抗血小板治疗中国专家共识_20.png) → completed [成功]
2026-05-30 20:50:57,613 [INFO] merge_service - [Poll] 进度: 15/23 完成, 剩余 8 个任务仍在处理中...
2026-05-30 20:51:00,702 [INFO] merge_service - [Poll] 进度: 15/23 完成, 剩余 8 个任务仍在处理中...
2026-05-30 20:51:03,789 [INFO] merge_service - [Poll] 任务 b23814dc-5613-4f45-97e7-066b86401ef5 (【医脉通】冠心病双联抗血小板治疗中国专家共识_21.png) → completed [成功]
2026-05-30 20:51:03,800 [INFO] merge_service - [Poll] 进度: 16/23 完成, 剩余 7 个任务仍在处理中...
2026-05-30 20:51:06,879 [INFO] merge_service - [Poll] 进度: 16/23 完成, 剩余 7 个任务仍在处理中...
2026-05-30 20:51:09,927 [INFO] merge_service - [Poll] 任务 14749e23-2d9e-4468-a4a4-02003c1ffcec (【医脉通】冠心病双联抗血小板治疗中国专家共识_12.png) → completed [成功]
2026-05-30 20:51:09,987 [INFO] merge_service - [Poll] 进度: 17/23 完成, 剩余 6 个任务仍在处理中...
2026-05-30 20:51:12,998 [INFO] merge_service - [Poll] 任务 78e532c3-0fc7-43b8-baf8-c54d10a6c8ab (【医脉通】冠心病双联抗血小板治疗中国专家共识_22.png) → completed [成功]
2026-05-30 20:51:13,052 [INFO] merge_service - [Poll] 进度: 18/23 完成, 剩余 5 个任务仍在处理中...
2026-05-30 20:51:16,145 [INFO] merge_service - [Poll] 进度: 18/23 完成, 剩余 5 个任务仍在处理中...
2026-05-30 20:51:19,204 [INFO] merge_service - [Poll] 进度: 18/23 完成, 剩余 5 个任务仍在处理中...
2026-05-30 20:51:22,289 [INFO] merge_service - [Poll] 进度: 18/23 完成, 剩余 5 个任务仍在处理中...
2026-05-30 20:51:25,372 [INFO] merge_service - [Poll] 进度: 18/23 完成, 剩余 5 个任务仍在处理中...
2026-05-30 20:51:28,429 [INFO] merge_service - [Poll] 进度: 18/23 完成, 剩余 5 个任务仍在处理中...
2026-05-30 20:51:31,457 [INFO] merge_service - [Poll] 任务 117d05fd-9b93-4c17-8c49-72f80b9665c6 (【医脉通】冠心病双联抗血小板治疗中国专家共识_16.png) → completed [成功]
2026-05-30 20:51:31,478 [INFO] merge_service - [Poll] 任务 c84a06c7-dde6-4933-9106-b4758cbc5154 (【医脉通】冠心病双联抗血小板治疗中国专家共识_15.png) → completed [成功]
2026-05-30 20:51:31,492 [INFO] merge_service - [Poll] 进度: 20/23 完成, 剩余 3 个任务仍在处理中...
2026-05-30 20:51:34,537 [INFO] merge_service - [Poll] 进度: 20/23 完成, 剩余 3 个任务仍在处理中...
2026-05-30 20:51:37,550 [INFO] merge_service - [Poll] 任务 e45301a2-b18a-4b9e-bed9-40b93d538bce (【医脉通】冠心病双联抗血小板治疗中国专家共识_14.png) → completed [成功]
2026-05-30 20:51:37,571 [INFO] merge_service - [Poll] 进度: 21/23 完成, 剩余 2 个任务仍在处理中...
2026-05-30 20:51:40,619 [INFO] merge_service - [Poll] 进度: 21/23 完成, 剩余 2 个任务仍在处理中...
2026-05-30 20:51:43,643 [INFO] merge_service - [Poll] 进度: 21/23 完成, 剩余 2 个任务仍在处理中...
2026-05-30 20:51:46,741 [INFO] merge_service - [Poll] 进度: 21/23 完成, 剩余 2 个任务仍在处理中...
2026-05-30 20:51:49,767 [INFO] merge_service - [Poll] 进度: 21/23 完成, 剩余 2 个任务仍在处理中...
2026-05-30 20:51:52,789 [INFO] merge_service - [Poll] 进度: 21/23 完成, 剩余 2 个任务仍在处理中...
2026-05-30 20:51:55,840 [INFO] merge_service - [Poll] 进度: 21/23 完成, 剩余 2 个任务仍在处理中...
2026-05-30 20:51:58,867 [INFO] merge_service - [Poll] 进度: 21/23 完成, 剩余 2 个任务仍在处理中...
2026-05-30 20:52:01,894 [INFO] merge_service - [Poll] 进度: 21/23 完成, 剩余 2 个任务仍在处理中...
2026-05-30 20:52:04,933 [INFO] merge_service - [Poll] 进度: 21/23 完成, 剩余 2 个任务仍在处理中...
2026-05-30 20:52:07,956 [INFO] merge_service - [Poll] 进度: 21/23 完成, 剩余 2 个任务仍在处理中...
2026-05-30 20:52:10,982 [INFO] merge_service - [Poll] 进度: 21/23 完成, 剩余 2 个任务仍在处理中...
2026-05-30 20:52:14,037 [INFO] merge_service - [Poll] 进度: 21/23 完成, 剩余 2 个任务仍在处理中...
2026-05-30 20:52:17,059 [INFO] merge_service - [Poll] 进度: 21/23 完成, 剩余 2 个任务仍在处理中...
2026-05-30 20:52:20,087 [INFO] merge_service - [Poll] 任务 4b1f5abf-d2e2-4239-a7a5-9c8dffb0e9ab (【医脉通】冠心病双联抗血小板治疗中国专家共识_23.png) → completed [成功]
2026-05-30 20:52:20,089 [INFO] merge_service - [Poll] 进度: 22/23 完成, 剩余 1 个任务仍在处理中...
2026-05-30 20:52:23,121 [INFO] merge_service - [Poll] 进度: 22/23 完成, 剩余 1 个任务仍在处理中...
2026-05-30 20:52:26,150 [INFO] merge_service - [Poll] 进度: 22/23 完成, 剩余 1 个任务仍在处理中...
2026-05-30 20:52:29,164 [INFO] merge_service - [Poll] 进度: 22/23 完成, 剩余 1 个任务仍在处理中...
2026-05-30 20:52:32,179 [INFO] merge_service - [Poll] 进度: 22/23 完成, 剩余 1 个任务仍在处理中...
2026-05-30 20:52:35,207 [INFO] merge_service - [Poll] 进度: 22/23 完成, 剩余 1 个任务仍在处理中...
2026-05-30 20:52:38,235 [INFO] merge_service - [Poll] 进度: 22/23 完成, 剩余 1 个任务仍在处理中...
2026-05-30 20:52:41,250 [INFO] merge_service - [Poll] 进度: 22/23 完成, 剩余 1 个任务仍在处理中...
2026-05-30 20:52:44,265 [INFO] merge_service - [Poll] 进度: 22/23 完成, 剩余 1 个任务仍在处理中...
2026-05-30 20:52:47,279 [INFO] merge_service - [Poll] 进度: 22/23 完成, 剩余 1 个任务仍在处理中...
2026-05-30 20:52:50,314 [INFO] merge_service - [Poll] 进度: 22/23 完成, 剩余 1 个任务仍在处理中...
2026-05-30 20:52:53,354 [INFO] merge_service - [Poll] 进度: 22/23 完成, 剩余 1 个任务仍在处理中...
2026-05-30 20:52:56,370 [INFO] merge_service - [Poll] 进度: 22/23 完成, 剩余 1 个任务仍在处理中...
2026-05-30 20:52:59,383 [INFO] merge_service - [Poll] 进度: 22/23 完成, 剩余 1 个任务仍在处理中...
2026-05-30 20:53:02,398 [INFO] merge_service - [Poll] 进度: 22/23 完成, 剩余 1 个任务仍在处理中...
2026-05-30 20:53:05,424 [INFO] merge_service - [Poll] 进度: 22/23 完成, 剩余 1 个任务仍在处理中...
2026-05-30 20:53:08,444 [INFO] merge_service - [Poll] 进度: 22/23 完成, 剩余 1 个任务仍在处理中...
2026-05-30 20:53:11,458 [INFO] merge_service - [Poll] 进度: 22/23 完成, 剩余 1 个任务仍在处理中...
2026-05-30 20:53:14,474 [INFO] merge_service - [Poll] 进度: 22/23 完成, 剩余 1 个任务仍在处理中...
2026-05-30 20:53:17,504 [INFO] merge_service - [Poll] 进度: 22/23 完成, 剩余 1 个任务仍在处理中...
2026-05-30 20:53:20,520 [INFO] merge_service - [Poll] 进度: 22/23 完成, 剩余 1 个任务仍在处理中...
2026-05-30 20:53:23,545 [INFO] merge_service - [Poll] 进度: 22/23 完成, 剩余 1 个任务仍在处理中...
2026-05-30 20:53:26,572 [INFO] merge_service - [Poll] 进度: 22/23 完成, 剩余 1 个任务仍在处理中...
2026-05-30 20:53:29,587 [INFO] merge_service - [Poll] 进度: 22/23 完成, 剩余 1 个任务仍在处理中...
2026-05-30 20:53:32,600 [INFO] merge_service - [Poll] 进度: 22/23 完成, 剩余 1 个任务仍在处理中...
2026-05-30 20:53:35,622 [INFO] merge_service - [Poll] 进度: 22/23 完成, 剩余 1 个任务仍在处理中...
2026-05-30 20:53:38,636 [INFO] merge_service - [Poll] 进度: 22/23 完成, 剩余 1 个任务仍在处理中...
2026-05-30 20:53:41,668 [INFO] merge_service - [Poll] 进度: 22/23 完成, 剩余 1 个任务仍在处理中...
2026-05-30 20:53:44,681 [INFO] merge_service - [Poll] 进度: 22/23 完成, 剩余 1 个任务仍在处理中...
2026-05-30 20:53:47,713 [INFO] merge_service - [Poll] 任务 883a469f-951e-4d24-9412-11178074d2c2 (【医脉通】冠心病双联抗血小板治疗中国专家共识_13.png) → completed [成功]
2026-05-30 20:53:47,714 [INFO] merge_service - [2b732c19-4fc9-478e-9510-d8b6afd41767] 所有提取任务已完成，开始合并清洗...
2026-05-30 20:53:47,714 [INFO] merge_service - [2b732c19-4fc9-478e-9510-d8b6afd41767] 合并顺序（按原图片文件名序号）:
2026-05-30 20:53:47,714 [INFO] merge_service -   第1页: 【医脉通】冠心病双联抗血小板治疗中国专家共识_1.png → output/医脉通】冠心病双联抗血小板治疗中国专家共识/医脉通】冠心病双联抗血小板治疗中国专家共识_1.md
2026-05-30 20:53:47,714 [INFO] merge_service -   第2页: 【医脉通】冠心病双联抗血小板治疗中国专家共识_2.png → output/医脉通】冠心病双联抗血小板治疗中国专家共识/医脉通】冠心病双联抗血小板治疗中国专家共识_2.md
2026-05-30 20:53:47,714 [INFO] merge_service -   第3页: 【医脉通】冠心病双联抗血小板治疗中国专家共识_3.png → output/医脉通】冠心病双联抗血小板治疗中国专家共识/医脉通】冠心病双联抗血小板治疗中国专家共识_3.md
2026-05-30 20:53:47,714 [INFO] merge_service -   第4页: 【医脉通】冠心病双联抗血小板治疗中国专家共识_4.png → output/医脉通】冠心病双联抗血小板治疗中国专家共识/医脉通】冠心病双联抗血小板治疗中国专家共识_4.md
2026-05-30 20:53:47,714 [INFO] merge_service -   第5页: 【医脉通】冠心病双联抗血小板治疗中国专家共识_5.png → output/医脉通】冠心病双联抗血小板治疗中国专家共识/医脉通】冠心病双联抗血小板治疗中国专家共识_5.md
2026-05-30 20:53:47,714 [INFO] merge_service -   第6页: 【医脉通】冠心病双联抗血小板治疗中国专家共识_6.png → output/医脉通】冠心病双联抗血小板治疗中国专家共识/医脉通】冠心病双联抗血小板治疗中国专家共识_6.md
2026-05-30 20:53:47,714 [INFO] merge_service -   第7页: 【医脉通】冠心病双联抗血小板治疗中国专家共识_7.png → output/医脉通】冠心病双联抗血小板治疗中国专家共识/医脉通】冠心病双联抗血小板治疗中国专家共识_7.md
2026-05-30 20:53:47,714 [INFO] merge_service -   第8页: 【医脉通】冠心病双联抗血小板治疗中国专家共识_8.png → output/医脉通】冠心病双联抗血小板治疗中国专家共识/医脉通】冠心病双联抗血小板治疗中国专家共识_8.md
2026-05-30 20:53:47,714 [INFO] merge_service -   第9页: 【医脉通】冠心病双联抗血小板治疗中国专家共识_9.png → output/医脉通】冠心病双联抗血小板治疗中国专家共识/医脉通】冠心病双联抗血小板治疗中国专家共识_9.md
2026-05-30 20:53:47,714 [INFO] merge_service -   第10页: 【医脉通】冠心病双联抗血小板治疗中国专家共识_10.png → output/医脉通】冠心病双联抗血小板治疗中国专家共识/医脉通】冠心病双联抗血小板治疗中国专家共识_10.md
2026-05-30 20:53:47,714 [INFO] merge_service -   第11页: 【医脉通】冠心病双联抗血小板治疗中国专家共识_11.png → output/医脉通】冠心病双联抗血小板治疗中国专家共识/医脉通】冠心病双联抗血小板治疗中国专家共识_11.md
2026-05-30 20:53:47,714 [INFO] merge_service -   第12页: 【医脉通】冠心病双联抗血小板治疗中国专家共识_12.png → output/医脉通】冠心病双联抗血小板治疗中国专家共识/医脉通】冠心病双联抗血小板治疗中国专家共识_12.md
2026-05-30 20:53:47,714 [INFO] merge_service -   第13页: 【医脉通】冠心病双联抗血小板治疗中国专家共识_13.png → output/医脉通】冠心病双联抗血小板治疗中国专家共识/医脉通】冠心病双联抗血小板治疗中国专家共识_13.md
2026-05-30 20:53:47,714 [INFO] merge_service -   第14页: 【医脉通】冠心病双联抗血小板治疗中国专家共识_14.png → output/医脉通】冠心病双联抗血小板治疗中国专家共识/医脉通】冠心病双联抗血小板治疗中国专家共识_14.md
2026-05-30 20:53:47,714 [INFO] merge_service -   第15页: 【医脉通】冠心病双联抗血小板治疗中国专家共识_15.png → output/医脉通】冠心病双联抗血小板治疗中国专家共识/医脉通】冠心病双联抗血小板治疗中国专家共识_15.md
2026-05-30 20:53:47,714 [INFO] merge_service -   第16页: 【医脉通】冠心病双联抗血小板治疗中国专家共识_16.png → output/医脉通】冠心病双联抗血小板治疗中国专家共识/医脉通】冠心病双联抗血小板治疗中国专家共识_16.md
2026-05-30 20:53:47,714 [INFO] merge_service -   第17页: 【医脉通】冠心病双联抗血小板治疗中国专家共识_17.png → output/医脉通】冠心病双联抗血小板治疗中国专家共识/医脉通】冠心病双联抗血小板治疗中国专家共识_17.md
2026-05-30 20:53:47,714 [INFO] merge_service -   第18页: 【医脉通】冠心病双联抗血小板治疗中国专家共识_18.png → output/医脉通】冠心病双联抗血小板治疗中国专家共识/医脉通】冠心病双联抗血小板治疗中国专家共识_18.md
2026-05-30 20:53:47,714 [INFO] merge_service -   第19页: 【医脉通】冠心病双联抗血小板治疗中国专家共识_19.png → output/医脉通】冠心病双联抗血小板治疗中国专家共识/医脉通】冠心病双联抗血小板治疗中国专家共识_19.md
2026-05-30 20:53:47,714 [INFO] merge_service -   第20页: 【医脉通】冠心病双联抗血小板治疗中国专家共识_20.png → output/医脉通】冠心病双联抗血小板治疗中国专家共识/医脉通】冠心病双联抗血小板治疗中国专家共识_20.md
2026-05-30 20:53:47,714 [INFO] merge_service -   第21页: 【医脉通】冠心病双联抗血小板治疗中国专家共识_21.png → output/医脉通】冠心病双联抗血小板治疗中国专家共识/医脉通】冠心病双联抗血小板治疗中国专家共识_21.md
2026-05-30 20:53:47,714 [INFO] merge_service -   第22页: 【医脉通】冠心病双联抗血小板治疗中国专家共识_22.png → output/医脉通】冠心病双联抗血小板治疗中国专家共识/医脉通】冠心病双联抗血小板治疗中国专家共识_22.md
2026-05-30 20:53:47,714 [INFO] merge_service -   第23页: 【医脉通】冠心病双联抗血小板治疗中国专家共识_23.png → output/医脉通】冠心病双联抗血小板治疗中国专家共识/医脉通】冠心病双联抗血小板治疗中国专家共识_23.md
2026-05-30 20:53:47,762 [INFO] merge_service - 
==================================================
2026-05-30 20:53:47,762 [INFO] merge_service - [2b732c19-4fc9-478e-9510-d8b6afd41767] 合并清洗完成!
2026-05-30 20:53:47,762 [INFO] merge_service -   合并文件: output/医脉通】冠心病双联抗血小板治疗中国专家共识/医脉通】冠心病双联抗血小板治疗中国专家共识_merged_output.md
2026-05-30 20:53:47,762 [INFO] merge_service -   有效页面: 17/23
2026-05-30 20:53:47,762 [INFO] merge_service -   总字符数: 42099
2026-05-30 20:53:47,762 [INFO] merge_service -   轮询耗时: 426.16s, 合并耗时: 0.05s
2026-05-30 20:53:47,762 [INFO] merge_service -   跳过页面（参考文献）: [17, 18, 19, 20, 21, 22]
2026-05-30 20:53:47,762 [INFO] merge_service - ==================================================
2026-05-30 20:56:26,493 [INFO] merge_service - ============================================================
2026-05-30 20:56:26,493 [INFO] merge_service - 合并+清洗服务 — 新任务
2026-05-30 20:56:26,493 [INFO] merge_service -   合并ID: 606e7bcb-2c5d-4119-8a8c-88ba55bc94e8
2026-05-30 20:56:26,493 [INFO] merge_service -   PDF名称: 医脉通】冠心病双联抗血小板治疗中国专家共识 (原始: 医脉通】冠心病双联抗血小板治疗中国专家共识.pdf)
2026-05-30 20:56:26,493 [INFO] merge_service -   关联提取任务数: 23
2026-05-30 20:56:26,493 [INFO] merge_service -   输出目录: ./output
2026-05-30 20:56:26,493 [INFO] merge_service -   提取服务: http://localhost:8001
2026-05-30 20:56:26,493 [INFO] merge_service - ============================================================
2026-05-30 20:56:26,494 [INFO] merge_service - [Poll] 开始轮询 23 个提取任务...
2026-05-30 20:56:26,494 [INFO] merge_service - [Poll] 提取服务地址: http://localhost:8001
2026-05-30 20:56:26,494 [INFO] merge_service - [Poll] 轮询间隔: 3.0s, 最大等待: 3600.0s
2026-05-30 20:56:26,833 [INFO] merge_service - [Poll] 进度: 0/23 完成, 剩余 23 个任务仍在处理中...
2026-05-30 20:56:30,134 [INFO] merge_service - [Poll] 进度: 0/23 完成, 剩余 23 个任务仍在处理中...
2026-05-30 20:56:33,447 [INFO] merge_service - [Poll] 进度: 0/23 完成, 剩余 23 个任务仍在处理中...
2026-05-30 20:56:36,731 [INFO] merge_service - [Poll] 进度: 0/23 完成, 剩余 23 个任务仍在处理中...
2026-05-30 20:56:39,993 [INFO] merge_service - [Poll] 进度: 0/23 完成, 剩余 23 个任务仍在处理中...
2026-05-30 20:56:43,255 [INFO] merge_service - [Poll] 进度: 0/23 完成, 剩余 23 个任务仍在处理中...
2026-05-30 20:56:46,511 [INFO] merge_service - [Poll] 进度: 0/23 完成, 剩余 23 个任务仍在处理中...
2026-05-30 20:56:49,774 [INFO] merge_service - [Poll] 进度: 0/23 完成, 剩余 23 个任务仍在处理中...
2026-05-30 20:56:53,028 [INFO] merge_service - [Poll] 进度: 0/23 完成, 剩余 23 个任务仍在处理中...
2026-05-30 20:56:56,296 [INFO] merge_service - [Poll] 进度: 0/23 完成, 剩余 23 个任务仍在处理中...
2026-05-30 20:56:59,588 [INFO] merge_service - [Poll] 进度: 0/23 完成, 剩余 23 个任务仍在处理中...
2026-05-30 20:57:02,893 [INFO] merge_service - [Poll] 进度: 0/23 完成, 剩余 23 个任务仍在处理中...
2026-05-30 20:57:06,190 [INFO] merge_service - [Poll] 进度: 0/23 完成, 剩余 23 个任务仍在处理中...
2026-05-30 20:57:09,476 [INFO] merge_service - [Poll] 进度: 0/23 完成, 剩余 23 个任务仍在处理中...
2026-05-30 20:57:12,745 [INFO] merge_service - [Poll] 进度: 0/23 完成, 剩余 23 个任务仍在处理中...
2026-05-30 20:57:16,026 [INFO] merge_service - [Poll] 进度: 0/23 完成, 剩余 23 个任务仍在处理中...
2026-05-30 20:57:19,317 [INFO] merge_service - [Poll] 进度: 0/23 完成, 剩余 23 个任务仍在处理中...
2026-05-30 20:57:22,604 [INFO] merge_service - [Poll] 进度: 0/23 完成, 剩余 23 个任务仍在处理中...
2026-05-30 20:57:25,881 [INFO] merge_service - [Poll] 进度: 0/23 完成, 剩余 23 个任务仍在处理中...
2026-05-30 20:57:29,157 [INFO] merge_service - [Poll] 进度: 0/23 完成, 剩余 23 个任务仍在处理中...
2026-05-30 20:57:32,524 [INFO] merge_service - [Poll] 进度: 0/23 完成, 剩余 23 个任务仍在处理中...
2026-05-30 20:57:35,796 [INFO] merge_service - [Poll] 进度: 0/23 完成, 剩余 23 个任务仍在处理中...
2026-05-30 20:57:39,118 [INFO] merge_service - [Poll] 进度: 0/23 完成, 剩余 23 个任务仍在处理中...
2026-05-30 20:57:42,407 [INFO] merge_service - [Poll] 进度: 0/23 完成, 剩余 23 个任务仍在处理中...
2026-05-30 20:57:45,630 [INFO] merge_service - [Poll] 任务 4586a2cc-f6e4-4847-918c-a052b5b061d2 (【医脉通】冠心病双联抗血小板治疗中国专家共识_2.png) → completed [成功]
2026-05-30 20:57:45,724 [INFO] merge_service - [Poll] 进度: 1/23 完成, 剩余 22 个任务仍在处理中...
2026-05-30 20:57:49,044 [INFO] merge_service - [Poll] 进度: 1/23 完成, 剩余 22 个任务仍在处理中...
2026-05-30 20:57:52,105 [INFO] merge_service - [Poll] 任务 943a5051-1202-4dae-a166-6ca141272aa0 (【医脉通】冠心病双联抗血小板治疗中国专家共识_6.png) → completed [成功]
2026-05-30 20:57:52,319 [INFO] merge_service - [Poll] 进度: 2/23 完成, 剩余 21 个任务仍在处理中...
2026-05-30 20:57:55,619 [INFO] merge_service - [Poll] 进度: 2/23 完成, 剩余 21 个任务仍在处理中...
2026-05-30 20:57:58,863 [INFO] merge_service - [Poll] 进度: 2/23 完成, 剩余 21 个任务仍在处理中...
2026-05-30 20:58:02,247 [INFO] merge_service - [Poll] 进度: 2/23 完成, 剩余 21 个任务仍在处理中...
2026-05-30 20:58:05,499 [INFO] merge_service - [Poll] 进度: 2/23 完成, 剩余 21 个任务仍在处理中...
2026-05-30 20:58:08,729 [INFO] merge_service - [Poll] 进度: 2/23 完成, 剩余 21 个任务仍在处理中...
2026-05-30 20:58:12,002 [INFO] merge_service - [Poll] 进度: 2/23 完成, 剩余 21 个任务仍在处理中...
2026-05-30 20:58:15,256 [INFO] merge_service - [Poll] 进度: 2/23 完成, 剩余 21 个任务仍在处理中...
2026-05-30 20:58:18,515 [INFO] merge_service - [Poll] 进度: 2/23 完成, 剩余 21 个任务仍在处理中...
2026-05-30 20:58:21,748 [INFO] merge_service - [Poll] 进度: 2/23 完成, 剩余 21 个任务仍在处理中...
2026-05-30 20:58:24,978 [INFO] merge_service - [Poll] 进度: 2/23 完成, 剩余 21 个任务仍在处理中...
2026-05-30 20:58:28,034 [INFO] merge_service - [Poll] 任务 c9f75e64-d166-402e-a2f1-a60cfbad6160 (【医脉通】冠心病双联抗血小板治疗中国专家共识_1.png) → completed [成功]
2026-05-30 20:58:28,134 [INFO] merge_service - [Poll] 任务 b18b2a71-54fa-40cb-8583-7388adc87ecf (【医脉通】冠心病双联抗血小板治疗中国专家共识_3.png) → completed [成功]
2026-05-30 20:58:28,210 [INFO] merge_service - [Poll] 进度: 4/23 完成, 剩余 19 个任务仍在处理中...
2026-05-30 20:58:31,418 [INFO] merge_service - [Poll] 进度: 4/23 完成, 剩余 19 个任务仍在处理中...
2026-05-30 20:58:34,630 [INFO] merge_service - [Poll] 进度: 4/23 完成, 剩余 19 个任务仍在处理中...
2026-05-30 20:58:37,887 [INFO] merge_service - [Poll] 进度: 4/23 完成, 剩余 19 个任务仍在处理中...
2026-05-30 20:58:41,139 [INFO] merge_service - [Poll] 进度: 4/23 完成, 剩余 19 个任务仍在处理中...
2026-05-30 20:58:44,362 [INFO] merge_service - [Poll] 进度: 4/23 完成, 剩余 19 个任务仍在处理中...
2026-05-30 20:58:47,581 [INFO] merge_service - [Poll] 进度: 4/23 完成, 剩余 19 个任务仍在处理中...
2026-05-30 20:58:50,818 [INFO] merge_service - [Poll] 进度: 4/23 完成, 剩余 19 个任务仍在处理中...
2026-05-30 20:58:54,080 [INFO] merge_service - [Poll] 任务 a3a27278-c757-4bb2-9760-91a2c77af71f (【医脉通】冠心病双联抗血小板治疗中国专家共识_8.png) → completed [成功]
2026-05-30 20:58:54,095 [INFO] merge_service - [Poll] 进度: 5/23 完成, 剩余 18 个任务仍在处理中...
2026-05-30 20:58:57,310 [INFO] merge_service - [Poll] 任务 69e979b4-1f74-4dde-8796-5e79db320982 (【医脉通】冠心病双联抗血小板治疗中国专家共识_4.png) → completed [成功]
2026-05-30 20:58:57,349 [INFO] merge_service - [Poll] 进度: 6/23 完成, 剩余 17 个任务仍在处理中...
2026-05-30 20:59:00,542 [INFO] merge_service - [Poll] 进度: 6/23 完成, 剩余 17 个任务仍在处理中...
2026-05-30 20:59:03,670 [INFO] merge_service - [Poll] 任务 961da958-518e-48ce-80ef-025c2fb1c5bb (【医脉通】冠心病双联抗血小板治疗中国专家共识_5.png) → completed [成功]
2026-05-30 20:59:03,724 [INFO] merge_service - [Poll] 任务 06af2305-c0d2-44d1-85bc-0bb9c340800d (【医脉通】冠心病双联抗血小板治疗中国专家共识_10.png) → completed [成功]
2026-05-30 20:59:03,746 [INFO] merge_service - [Poll] 进度: 8/23 完成, 剩余 15 个任务仍在处理中...
2026-05-30 20:59:06,914 [INFO] merge_service - [Poll] 进度: 8/23 完成, 剩余 15 个任务仍在处理中...
2026-05-30 20:59:10,138 [INFO] merge_service - [Poll] 进度: 8/23 完成, 剩余 15 个任务仍在处理中...
2026-05-30 20:59:13,238 [INFO] merge_service - [Poll] 任务 7f51e1b4-d66a-49d3-a445-689bfe53eeed (【医脉通】冠心病双联抗血小板治疗中国专家共识_7.png) → completed [成功]
2026-05-30 20:59:13,306 [INFO] merge_service - [Poll] 进度: 9/23 完成, 剩余 14 个任务仍在处理中...
2026-05-30 20:59:16,464 [INFO] merge_service - [Poll] 进度: 9/23 完成, 剩余 14 个任务仍在处理中...
2026-05-30 20:59:19,628 [INFO] merge_service - [Poll] 进度: 9/23 完成, 剩余 14 个任务仍在处理中...
2026-05-30 20:59:22,783 [INFO] merge_service - [Poll] 进度: 9/23 完成, 剩余 14 个任务仍在处理中...
2026-05-30 20:59:25,982 [INFO] merge_service - [Poll] 进度: 9/23 完成, 剩余 14 个任务仍在处理中...
2026-05-30 20:59:29,152 [INFO] merge_service - [Poll] 进度: 9/23 完成, 剩余 14 个任务仍在处理中...
2026-05-30 20:59:32,186 [INFO] merge_service - [Poll] 任务 0e05cd4a-2081-42fc-962b-4cc905bdcf6d (【医脉通】冠心病双联抗血小板治疗中国专家共识_17.png) → completed [成功]
2026-05-30 20:59:32,304 [INFO] merge_service - [Poll] 进度: 10/23 完成, 剩余 13 个任务仍在处理中...
2026-05-30 20:59:35,451 [INFO] merge_service - [Poll] 进度: 10/23 完成, 剩余 13 个任务仍在处理中...
2026-05-30 20:59:38,637 [INFO] merge_service - [Poll] 进度: 10/23 完成, 剩余 13 个任务仍在处理中...
2026-05-30 20:59:41,786 [INFO] merge_service - [Poll] 进度: 10/23 完成, 剩余 13 个任务仍在处理中...
2026-05-30 20:59:44,932 [INFO] merge_service - [Poll] 进度: 10/23 完成, 剩余 13 个任务仍在处理中...
2026-05-30 20:59:48,076 [INFO] merge_service - [Poll] 进度: 10/23 完成, 剩余 13 个任务仍在处理中...
2026-05-30 20:59:51,248 [INFO] merge_service - [Poll] 进度: 10/23 完成, 剩余 13 个任务仍在处理中...
2026-05-30 20:59:54,393 [INFO] merge_service - [Poll] 进度: 10/23 完成, 剩余 13 个任务仍在处理中...
2026-05-30 20:59:57,536 [INFO] merge_service - [Poll] 进度: 10/23 完成, 剩余 13 个任务仍在处理中...
2026-05-30 21:00:00,693 [INFO] merge_service - [Poll] 进度: 10/23 完成, 剩余 13 个任务仍在处理中...
2026-05-30 21:00:03,855 [INFO] merge_service - [Poll] 进度: 10/23 完成, 剩余 13 个任务仍在处理中...
2026-05-30 21:00:06,997 [INFO] merge_service - [Poll] 进度: 10/23 完成, 剩余 13 个任务仍在处理中...
2026-05-30 21:00:10,121 [INFO] merge_service - [Poll] 任务 da84d97d-157b-45f4-9950-3ed2568122ec (【医脉通】冠心病双联抗血小板治疗中国专家共识_9.png) → completed [成功]
2026-05-30 21:00:10,141 [INFO] merge_service - [Poll] 进度: 11/23 完成, 剩余 12 个任务仍在处理中...
2026-05-30 21:00:13,273 [INFO] merge_service - [Poll] 任务 941605f4-090f-42f8-927e-c680664ad9cd (【医脉通】冠心病双联抗血小板治疗中国专家共识_15.png) → completed [成功]
2026-05-30 21:00:13,304 [INFO] merge_service - [Poll] 进度: 12/23 完成, 剩余 11 个任务仍在处理中...
2026-05-30 21:00:16,437 [INFO] merge_service - [Poll] 进度: 12/23 完成, 剩余 11 个任务仍在处理中...
2026-05-30 21:00:19,555 [INFO] merge_service - [Poll] 进度: 12/23 完成, 剩余 11 个任务仍在处理中...
2026-05-30 21:00:22,679 [INFO] merge_service - [Poll] 进度: 12/23 完成, 剩余 11 个任务仍在处理中...
2026-05-30 21:00:25,826 [INFO] merge_service - [Poll] 任务 c793f5f6-52b5-4c66-9278-f9ffff3667e9 (【医脉通】冠心病双联抗血小板治疗中国专家共识_19.png) → completed [成功]
2026-05-30 21:00:25,826 [INFO] merge_service - [Poll] 进度: 13/23 完成, 剩余 10 个任务仍在处理中...
2026-05-30 21:00:28,871 [INFO] merge_service - [Poll] 任务 b56701f7-2623-4eda-a074-9b8a67a05806 (【医脉通】冠心病双联抗血小板治疗中国专家共识_20.png) → completed [成功]
2026-05-30 21:00:28,936 [INFO] merge_service - [Poll] 进度: 14/23 完成, 剩余 9 个任务仍在处理中...
2026-05-30 21:00:32,042 [INFO] merge_service - [Poll] 进度: 14/23 完成, 剩余 9 个任务仍在处理中...
2026-05-30 21:00:35,159 [INFO] merge_service - [Poll] 进度: 14/23 完成, 剩余 9 个任务仍在处理中...
2026-05-30 21:00:38,260 [INFO] merge_service - [Poll] 进度: 14/23 完成, 剩余 9 个任务仍在处理中...
2026-05-30 21:00:41,420 [INFO] merge_service - [Poll] 进度: 14/23 完成, 剩余 9 个任务仍在处理中...
2026-05-30 21:00:44,453 [INFO] merge_service - [Poll] 任务 d56a3c90-8d2f-4b93-a042-e14f7be19fd9 (【医脉通】冠心病双联抗血小板治疗中国专家共识_12.png) → completed [成功]
2026-05-30 21:00:44,521 [INFO] merge_service - [Poll] 进度: 15/23 完成, 剩余 8 个任务仍在处理中...
2026-05-30 21:00:47,543 [INFO] merge_service - [Poll] 任务 8510c16a-ac69-41da-b808-1c3e7242b022 (【医脉通】冠心病双联抗血小板治疗中国专家共识_21.png) → completed [成功]
2026-05-30 21:00:47,559 [INFO] merge_service - [Poll] 任务 ff6db091-5cd7-4fc8-a1bc-5171372265aa (【医脉通】冠心病双联抗血小板治疗中国专家共识_22.png) → completed [成功]
2026-05-30 21:00:47,631 [INFO] merge_service - [Poll] 进度: 17/23 完成, 剩余 6 个任务仍在处理中...
2026-05-30 21:00:50,711 [INFO] merge_service - [Poll] 进度: 17/23 完成, 剩余 6 个任务仍在处理中...
2026-05-30 21:00:53,806 [INFO] merge_service - [Poll] 进度: 17/23 完成, 剩余 6 个任务仍在处理中...
2026-05-30 21:00:56,903 [INFO] merge_service - [Poll] 进度: 17/23 完成, 剩余 6 个任务仍在处理中...
2026-05-30 21:00:59,972 [INFO] merge_service - [Poll] 进度: 17/23 完成, 剩余 6 个任务仍在处理中...
2026-05-30 21:01:03,056 [INFO] merge_service - [Poll] 进度: 17/23 完成, 剩余 6 个任务仍在处理中...
2026-05-30 21:01:06,131 [INFO] merge_service - [Poll] 进度: 17/23 完成, 剩余 6 个任务仍在处理中...
2026-05-30 21:01:09,158 [INFO] merge_service - [Poll] 任务 4a79b08c-94b9-4129-ac93-d537f58f4975 (【医脉通】冠心病双联抗血小板治疗中国专家共识_18.png) → completed [成功]
2026-05-30 21:01:09,204 [INFO] merge_service - [Poll] 进度: 18/23 完成, 剩余 5 个任务仍在处理中...
2026-05-30 21:01:12,301 [INFO] merge_service - [Poll] 进度: 18/23 完成, 剩余 5 个任务仍在处理中...
2026-05-30 21:01:15,355 [INFO] merge_service - [Poll] 进度: 18/23 完成, 剩余 5 个任务仍在处理中...
2026-05-30 21:01:18,468 [INFO] merge_service - [Poll] 任务 8683c176-2c91-4603-a086-6c1e888d8d7a (【医脉通】冠心病双联抗血小板治疗中国专家共识_14.png) → completed [成功]
2026-05-30 21:01:18,468 [INFO] merge_service - [Poll] 进度: 19/23 完成, 剩余 4 个任务仍在处理中...
2026-05-30 21:01:21,482 [INFO] merge_service - [Poll] 任务 b18ae3a6-bead-4ec1-9950-eb647c3494be (【医脉通】冠心病双联抗血小板治疗中国专家共识_16.png) → completed [成功]
2026-05-30 21:01:21,516 [INFO] merge_service - [Poll] 进度: 20/23 完成, 剩余 3 个任务仍在处理中...
2026-05-30 21:01:24,568 [INFO] merge_service - [Poll] 进度: 20/23 完成, 剩余 3 个任务仍在处理中...
2026-05-30 21:01:27,607 [INFO] merge_service - [Poll] 进度: 20/23 完成, 剩余 3 个任务仍在处理中...
2026-05-30 21:01:30,647 [INFO] merge_service - [Poll] 进度: 20/23 完成, 剩余 3 个任务仍在处理中...
2026-05-30 21:01:33,686 [INFO] merge_service - [Poll] 进度: 20/23 完成, 剩余 3 个任务仍在处理中...
2026-05-30 21:01:36,720 [INFO] merge_service - [Poll] 进度: 20/23 完成, 剩余 3 个任务仍在处理中...
2026-05-30 21:01:39,976 [INFO] merge_service - [Poll] 任务 8312bc81-827c-41d3-9ed5-e2effb46505d (【医脉通】冠心病双联抗血小板治疗中国专家共识_11.png) → completed [成功]
2026-05-30 21:01:39,989 [INFO] merge_service - [Poll] 进度: 21/23 完成, 剩余 2 个任务仍在处理中...
2026-05-30 21:01:43,013 [INFO] merge_service - [Poll] 进度: 21/23 完成, 剩余 2 个任务仍在处理中...
2026-05-30 21:01:46,050 [INFO] merge_service - [Poll] 进度: 21/23 完成, 剩余 2 个任务仍在处理中...
2026-05-30 21:01:49,074 [INFO] merge_service - [Poll] 进度: 21/23 完成, 剩余 2 个任务仍在处理中...
2026-05-30 21:01:52,109 [INFO] merge_service - [Poll] 进度: 21/23 完成, 剩余 2 个任务仍在处理中...
2026-05-30 21:01:55,136 [INFO] merge_service - [Poll] 进度: 21/23 完成, 剩余 2 个任务仍在处理中...
2026-05-30 21:01:58,159 [INFO] merge_service - [Poll] 进度: 21/23 完成, 剩余 2 个任务仍在处理中...
2026-05-30 21:02:01,211 [INFO] merge_service - [Poll] 进度: 21/23 完成, 剩余 2 个任务仍在处理中...
2026-05-30 21:02:04,234 [INFO] merge_service - [Poll] 进度: 21/23 完成, 剩余 2 个任务仍在处理中...
2026-05-30 21:02:07,275 [INFO] merge_service - [Poll] 进度: 21/23 完成, 剩余 2 个任务仍在处理中...
2026-05-30 21:02:10,299 [INFO] merge_service - [Poll] 进度: 21/23 完成, 剩余 2 个任务仍在处理中...
2026-05-30 21:02:13,322 [INFO] merge_service - [Poll] 进度: 21/23 完成, 剩余 2 个任务仍在处理中...
2026-05-30 21:02:16,378 [INFO] merge_service - [Poll] 进度: 21/23 完成, 剩余 2 个任务仍在处理中...
2026-05-30 21:02:19,402 [INFO] merge_service - [Poll] 任务 9ae2f42c-95c7-4763-adce-330a882aa9d7 (【医脉通】冠心病双联抗血小板治疗中国专家共识_23.png) → completed [成功]
2026-05-30 21:02:19,403 [INFO] merge_service - [Poll] 进度: 22/23 完成, 剩余 1 个任务仍在处理中...
2026-05-30 21:02:22,428 [INFO] merge_service - [Poll] 进度: 22/23 完成, 剩余 1 个任务仍在处理中...
2026-05-30 21:02:25,444 [INFO] merge_service - [Poll] 进度: 22/23 完成, 剩余 1 个任务仍在处理中...
2026-05-30 21:02:28,458 [INFO] merge_service - [Poll] 进度: 22/23 完成, 剩余 1 个任务仍在处理中...
2026-05-30 21:02:31,497 [INFO] merge_service - [Poll] 进度: 22/23 完成, 剩余 1 个任务仍在处理中...
2026-05-30 21:02:34,510 [INFO] merge_service - [Poll] 进度: 22/23 完成, 剩余 1 个任务仍在处理中...
2026-05-30 21:02:37,536 [INFO] merge_service - [Poll] 进度: 22/23 完成, 剩余 1 个任务仍在处理中...
2026-05-30 21:02:40,559 [INFO] merge_service - [Poll] 进度: 22/23 完成, 剩余 1 个任务仍在处理中...
2026-05-30 21:02:43,573 [INFO] merge_service - [Poll] 进度: 22/23 完成, 剩余 1 个任务仍在处理中...
2026-05-30 21:02:46,600 [INFO] merge_service - [Poll] 进度: 22/23 完成, 剩余 1 个任务仍在处理中...
2026-05-30 21:02:49,617 [INFO] merge_service - [Poll] 进度: 22/23 完成, 剩余 1 个任务仍在处理中...
2026-05-30 21:02:52,629 [INFO] merge_service - [Poll] 进度: 22/23 完成, 剩余 1 个任务仍在处理中...
2026-05-30 21:02:55,672 [INFO] merge_service - [Poll] 进度: 22/23 完成, 剩余 1 个任务仍在处理中...
2026-05-30 21:02:58,692 [INFO] merge_service - [Poll] 进度: 22/23 完成, 剩余 1 个任务仍在处理中...
2026-05-30 21:03:01,708 [INFO] merge_service - [Poll] 任务 64d689d1-3b09-49e9-a755-3615e284b0e1 (【医脉通】冠心病双联抗血小板治疗中国专家共识_13.png) → completed [成功]
2026-05-30 21:03:01,708 [INFO] merge_service - [606e7bcb-2c5d-4119-8a8c-88ba55bc94e8] 所有提取任务已完成，开始合并清洗...
2026-05-30 21:03:01,709 [INFO] merge_service - [606e7bcb-2c5d-4119-8a8c-88ba55bc94e8] 合并顺序（按原图片文件名序号）:
2026-05-30 21:03:01,709 [INFO] merge_service -   第1页: 【医脉通】冠心病双联抗血小板治疗中国专家共识_1.png → output/医脉通】冠心病双联抗血小板治疗中国专家共识/医脉通】冠心病双联抗血小板治疗中国专家共识_1.md
2026-05-30 21:03:01,709 [INFO] merge_service -   第2页: 【医脉通】冠心病双联抗血小板治疗中国专家共识_2.png → output/医脉通】冠心病双联抗血小板治疗中国专家共识/医脉通】冠心病双联抗血小板治疗中国专家共识_2.md
2026-05-30 21:03:01,709 [INFO] merge_service -   第3页: 【医脉通】冠心病双联抗血小板治疗中国专家共识_3.png → output/医脉通】冠心病双联抗血小板治疗中国专家共识/医脉通】冠心病双联抗血小板治疗中国专家共识_3.md
2026-05-30 21:03:01,709 [INFO] merge_service -   第4页: 【医脉通】冠心病双联抗血小板治疗中国专家共识_4.png → output/医脉通】冠心病双联抗血小板治疗中国专家共识/医脉通】冠心病双联抗血小板治疗中国专家共识_4.md
2026-05-30 21:03:01,709 [INFO] merge_service -   第5页: 【医脉通】冠心病双联抗血小板治疗中国专家共识_5.png → output/医脉通】冠心病双联抗血小板治疗中国专家共识/医脉通】冠心病双联抗血小板治疗中国专家共识_5.md
2026-05-30 21:03:01,709 [INFO] merge_service -   第6页: 【医脉通】冠心病双联抗血小板治疗中国专家共识_6.png → output/医脉通】冠心病双联抗血小板治疗中国专家共识/医脉通】冠心病双联抗血小板治疗中国专家共识_6.md
2026-05-30 21:03:01,709 [INFO] merge_service -   第7页: 【医脉通】冠心病双联抗血小板治疗中国专家共识_7.png → output/医脉通】冠心病双联抗血小板治疗中国专家共识/医脉通】冠心病双联抗血小板治疗中国专家共识_7.md
2026-05-30 21:03:01,709 [INFO] merge_service -   第8页: 【医脉通】冠心病双联抗血小板治疗中国专家共识_8.png → output/医脉通】冠心病双联抗血小板治疗中国专家共识/医脉通】冠心病双联抗血小板治疗中国专家共识_8.md
2026-05-30 21:03:01,709 [INFO] merge_service -   第9页: 【医脉通】冠心病双联抗血小板治疗中国专家共识_9.png → output/医脉通】冠心病双联抗血小板治疗中国专家共识/医脉通】冠心病双联抗血小板治疗中国专家共识_9.md
2026-05-30 21:03:01,709 [INFO] merge_service -   第10页: 【医脉通】冠心病双联抗血小板治疗中国专家共识_10.png → output/医脉通】冠心病双联抗血小板治疗中国专家共识/医脉通】冠心病双联抗血小板治疗中国专家共识_10.md
2026-05-30 21:03:01,709 [INFO] merge_service -   第11页: 【医脉通】冠心病双联抗血小板治疗中国专家共识_11.png → output/医脉通】冠心病双联抗血小板治疗中国专家共识/医脉通】冠心病双联抗血小板治疗中国专家共识_11.md
2026-05-30 21:03:01,709 [INFO] merge_service -   第12页: 【医脉通】冠心病双联抗血小板治疗中国专家共识_12.png → output/医脉通】冠心病双联抗血小板治疗中国专家共识/医脉通】冠心病双联抗血小板治疗中国专家共识_12.md
2026-05-30 21:03:01,709 [INFO] merge_service -   第13页: 【医脉通】冠心病双联抗血小板治疗中国专家共识_13.png → output/医脉通】冠心病双联抗血小板治疗中国专家共识/医脉通】冠心病双联抗血小板治疗中国专家共识_13.md
2026-05-30 21:03:01,709 [INFO] merge_service -   第14页: 【医脉通】冠心病双联抗血小板治疗中国专家共识_14.png → output/医脉通】冠心病双联抗血小板治疗中国专家共识/医脉通】冠心病双联抗血小板治疗中国专家共识_14.md
2026-05-30 21:03:01,709 [INFO] merge_service -   第15页: 【医脉通】冠心病双联抗血小板治疗中国专家共识_15.png → output/医脉通】冠心病双联抗血小板治疗中国专家共识/医脉通】冠心病双联抗血小板治疗中国专家共识_15.md
2026-05-30 21:03:01,709 [INFO] merge_service -   第16页: 【医脉通】冠心病双联抗血小板治疗中国专家共识_16.png → output/医脉通】冠心病双联抗血小板治疗中国专家共识/医脉通】冠心病双联抗血小板治疗中国专家共识_16.md
2026-05-30 21:03:01,709 [INFO] merge_service -   第17页: 【医脉通】冠心病双联抗血小板治疗中国专家共识_17.png → output/医脉通】冠心病双联抗血小板治疗中国专家共识/医脉通】冠心病双联抗血小板治疗中国专家共识_17.md
2026-05-30 21:03:01,709 [INFO] merge_service -   第18页: 【医脉通】冠心病双联抗血小板治疗中国专家共识_18.png → output/医脉通】冠心病双联抗血小板治疗中国专家共识/医脉通】冠心病双联抗血小板治疗中国专家共识_18.md
2026-05-30 21:03:01,709 [INFO] merge_service -   第19页: 【医脉通】冠心病双联抗血小板治疗中国专家共识_19.png → output/医脉通】冠心病双联抗血小板治疗中国专家共识/医脉通】冠心病双联抗血小板治疗中国专家共识_19.md
2026-05-30 21:03:01,709 [INFO] merge_service -   第20页: 【医脉通】冠心病双联抗血小板治疗中国专家共识_20.png → output/医脉通】冠心病双联抗血小板治疗中国专家共识/医脉通】冠心病双联抗血小板治疗中国专家共识_20.md
2026-05-30 21:03:01,709 [INFO] merge_service -   第21页: 【医脉通】冠心病双联抗血小板治疗中国专家共识_21.png → output/医脉通】冠心病双联抗血小板治疗中国专家共识/医脉通】冠心病双联抗血小板治疗中国专家共识_21.md
2026-05-30 21:03:01,709 [INFO] merge_service -   第22页: 【医脉通】冠心病双联抗血小板治疗中国专家共识_22.png → output/医脉通】冠心病双联抗血小板治疗中国专家共识/医脉通】冠心病双联抗血小板治疗中国专家共识_22.md
2026-05-30 21:03:01,709 [INFO] merge_service -   第23页: 【医脉通】冠心病双联抗血小板治疗中国专家共识_23.png → output/医脉通】冠心病双联抗血小板治疗中国专家共识/医脉通】冠心病双联抗血小板治疗中国专家共识_23.md
2026-05-30 21:03:01,756 [INFO] merge_service - 
==================================================
2026-05-30 21:03:01,756 [INFO] merge_service - [606e7bcb-2c5d-4119-8a8c-88ba55bc94e8] 合并清洗完成!
2026-05-30 21:03:01,756 [INFO] merge_service -   合并文件: output/医脉通】冠心病双联抗血小板治疗中国专家共识/医脉通】冠心病双联抗血小板治疗中国专家共识_merged_output.md
2026-05-30 21:03:01,756 [INFO] merge_service -   有效页面: 32/23
2026-05-30 21:03:01,756 [INFO] merge_service -   总字符数: 48813
2026-05-30 21:03:01,756 [INFO] merge_service -   轮询耗时: 395.21s, 合并耗时: 0.05s
2026-05-30 21:03:01,756 [INFO] merge_service -   跳过页面（参考文献）: [17, 18, 19, 20, 21, 22, 23]
2026-05-30 21:03:01,756 [INFO] merge_service - ==================================================
