2026-05-31 21:39:02,566 [INFO] merge_service - ============================================================
2026-05-31 21:39:02,567 [INFO] merge_service - 合并+清洗服务 — 新任务
2026-05-31 21:39:02,567 [INFO] merge_service -   合并ID: 69f756e2-3ae2-4955-84eb-8c1c2863b263
2026-05-31 21:39:02,567 [INFO] merge_service -   PDF名称: 019_CCS_CAIC指南_S_段抬高型心肌梗死的紧急管理  (原始: 019_CCS_CAIC指南_S_段抬高型心肌梗死的紧急管理 .pdf)
2026-05-31 21:39:02,567 [INFO] merge_service -   关联提取任务数: 26
2026-05-31 21:39:02,567 [INFO] merge_service -   输出目录: ./output
2026-05-31 21:39:02,567 [INFO] merge_service -   提取服务: http://localhost:8001
2026-05-31 21:39:02,567 [INFO] merge_service - ============================================================
2026-05-31 21:39:02,567 [INFO] merge_service - [Poll] 开始轮询 26 个提取任务...
2026-05-31 21:39:02,567 [INFO] merge_service - [Poll] 提取服务地址: http://localhost:8001
2026-05-31 21:39:02,567 [INFO] merge_service - [Poll] 轮询间隔: 3.0s, 最大等待: 3600.0s
2026-05-31 21:39:02,946 [INFO] merge_service - [Poll] 进度: 0/26 完成, 剩余 26 个任务仍在处理中...
2026-05-31 21:39:06,281 [INFO] merge_service - [Poll] 进度: 0/26 完成, 剩余 26 个任务仍在处理中...
2026-05-31 21:39:09,595 [INFO] merge_service - [Poll] 进度: 0/26 完成, 剩余 26 个任务仍在处理中...
2026-05-31 21:39:12,887 [INFO] merge_service - [Poll] 进度: 0/26 完成, 剩余 26 个任务仍在处理中...
2026-05-31 21:39:16,171 [INFO] merge_service - [Poll] 进度: 0/26 完成, 剩余 26 个任务仍在处理中...
2026-05-31 21:39:19,456 [INFO] merge_service - [Poll] 进度: 0/26 完成, 剩余 26 个任务仍在处理中...
2026-05-31 21:39:22,750 [INFO] merge_service - [Poll] 进度: 0/26 完成, 剩余 26 个任务仍在处理中...
2026-05-31 21:39:26,032 [INFO] merge_service - [Poll] 进度: 0/26 完成, 剩余 26 个任务仍在处理中...
2026-05-31 21:39:29,326 [INFO] merge_service - [Poll] 进度: 0/26 完成, 剩余 26 个任务仍在处理中...
2026-05-31 21:39:32,608 [INFO] merge_service - [Poll] 进度: 0/26 完成, 剩余 26 个任务仍在处理中...
2026-05-31 21:39:35,890 [INFO] merge_service - [Poll] 进度: 0/26 完成, 剩余 26 个任务仍在处理中...
2026-05-31 21:39:39,170 [INFO] merge_service - [Poll] 进度: 0/26 完成, 剩余 26 个任务仍在处理中...
2026-05-31 21:39:42,455 [INFO] merge_service - [Poll] 进度: 0/26 完成, 剩余 26 个任务仍在处理中...
2026-05-31 21:39:45,737 [INFO] merge_service - [Poll] 进度: 0/26 完成, 剩余 26 个任务仍在处理中...
2026-05-31 21:39:49,059 [INFO] merge_service - [Poll] 进度: 0/26 完成, 剩余 26 个任务仍在处理中...
2026-05-31 21:39:52,366 [INFO] merge_service - [Poll] 进度: 0/26 完成, 剩余 26 个任务仍在处理中...
2026-05-31 21:39:55,683 [INFO] merge_service - [Poll] 进度: 0/26 完成, 剩余 26 个任务仍在处理中...
2026-05-31 21:39:59,001 [INFO] merge_service - [Poll] 进度: 0/26 完成, 剩余 26 个任务仍在处理中...
2026-05-31 21:40:02,318 [INFO] merge_service - [Poll] 进度: 0/26 完成, 剩余 26 个任务仍在处理中...
2026-05-31 21:40:05,525 [INFO] merge_service - [Poll] 任务 81059bdf-478a-4019-a5cd-dd3657f36baf (2019_CCS_CAIC指南_S_段抬高型心肌梗死的紧急管理 _6.png) → completed [成功]
2026-05-31 21:40:05,621 [INFO] merge_service - [Poll] 进度: 1/26 完成, 剩余 25 个任务仍在处理中...
2026-05-31 21:40:08,916 [INFO] merge_service - [Poll] 进度: 1/26 完成, 剩余 25 个任务仍在处理中...
2026-05-31 21:40:12,227 [INFO] merge_service - [Poll] 进度: 1/26 完成, 剩余 25 个任务仍在处理中...
2026-05-31 21:40:15,531 [INFO] merge_service - [Poll] 进度: 1/26 完成, 剩余 25 个任务仍在处理中...
2026-05-31 21:40:18,845 [INFO] merge_service - [Poll] 进度: 1/26 完成, 剩余 25 个任务仍在处理中...
2026-05-31 21:40:22,154 [INFO] merge_service - [Poll] 进度: 1/26 完成, 剩余 25 个任务仍在处理中...
2026-05-31 21:40:25,460 [INFO] merge_service - [Poll] 进度: 1/26 完成, 剩余 25 个任务仍在处理中...
2026-05-31 21:40:28,764 [INFO] merge_service - [Poll] 进度: 1/26 完成, 剩余 25 个任务仍在处理中...
2026-05-31 21:40:32,060 [INFO] merge_service - [Poll] 进度: 1/26 完成, 剩余 25 个任务仍在处理中...
2026-05-31 21:40:35,359 [INFO] merge_service - [Poll] 进度: 1/26 完成, 剩余 25 个任务仍在处理中...
2026-05-31 21:40:38,600 [INFO] merge_service - [Poll] 任务 fb0cf655-51a9-43f9-93fb-f252d1531386 (2019_CCS_CAIC指南_S_段抬高型心肌梗死的紧急管理 _1.png) → completed [成功]
2026-05-31 21:40:38,644 [INFO] merge_service - [Poll] 进度: 2/26 完成, 剩余 24 个任务仍在处理中...
2026-05-31 21:40:41,938 [INFO] merge_service - [Poll] 进度: 2/26 完成, 剩余 24 个任务仍在处理中...
2026-05-31 21:40:45,062 [INFO] merge_service - [Poll] 任务 a3135188-fa60-4561-b6c1-ac18ca3f5c0a (2019_CCS_CAIC指南_S_段抬高型心肌梗死的紧急管理 _2.png) → completed [成功]
2026-05-31 21:40:45,227 [INFO] merge_service - [Poll] 进度: 3/26 完成, 剩余 23 个任务仍在处理中...
2026-05-31 21:40:48,488 [INFO] merge_service - [Poll] 进度: 3/26 完成, 剩余 23 个任务仍在处理中...
2026-05-31 21:40:51,774 [INFO] merge_service - [Poll] 进度: 3/26 完成, 剩余 23 个任务仍在处理中...
2026-05-31 21:40:54,994 [INFO] merge_service - [Poll] 任务 09d28d90-98bb-4fd5-b16b-cb0024b2246e (2019_CCS_CAIC指南_S_段抬高型心肌梗死的紧急管理 _8.png) → completed [成功]
2026-05-31 21:40:55,066 [INFO] merge_service - [Poll] 进度: 4/26 完成, 剩余 22 个任务仍在处理中...
2026-05-31 21:40:58,350 [INFO] merge_service - [Poll] 进度: 4/26 完成, 剩余 22 个任务仍在处理中...
2026-05-31 21:41:01,497 [INFO] merge_service - [Poll] 任务 622a4dde-06b3-4378-bdd5-54867cbfdd67 (2019_CCS_CAIC指南_S_段抬高型心肌梗死的紧急管理 _4.png) → completed [成功]
2026-05-31 21:41:01,509 [INFO] merge_service - [Poll] 任务 9d3c6f12-8f51-4492-a462-d6f0927282b9 (2019_CCS_CAIC指南_S_段抬高型心肌梗死的紧急管理 _5.png) → completed [成功]
2026-05-31 21:41:01,627 [INFO] merge_service - [Poll] 进度: 6/26 完成, 剩余 20 个任务仍在处理中...
2026-05-31 21:41:04,663 [INFO] merge_service - [Poll] 任务 59d79217-7725-4e0f-8458-e676ef86565d (2019_CCS_CAIC指南_S_段抬高型心肌梗死的紧急管理 _7.png) → completed [成功]
2026-05-31 21:41:04,889 [INFO] merge_service - [Poll] 进度: 7/26 完成, 剩余 19 个任务仍在处理中...
2026-05-31 21:41:08,133 [INFO] merge_service - [Poll] 进度: 7/26 完成, 剩余 19 个任务仍在处理中...
2026-05-31 21:41:11,407 [INFO] merge_service - [Poll] 进度: 7/26 完成, 剩余 19 个任务仍在处理中...
2026-05-31 21:41:14,632 [INFO] merge_service - [Poll] 进度: 7/26 完成, 剩余 19 个任务仍在处理中...
2026-05-31 21:41:17,838 [INFO] merge_service - [Poll] 进度: 7/26 完成, 剩余 19 个任务仍在处理中...
2026-05-31 21:41:21,042 [INFO] merge_service - [Poll] 进度: 7/26 完成, 剩余 19 个任务仍在处理中...
2026-05-31 21:41:24,248 [INFO] merge_service - [Poll] 进度: 7/26 完成, 剩余 19 个任务仍在处理中...
2026-05-31 21:41:27,475 [INFO] merge_service - [Poll] 进度: 7/26 完成, 剩余 19 个任务仍在处理中...
2026-05-31 21:41:30,732 [INFO] merge_service - [Poll] 进度: 7/26 完成, 剩余 19 个任务仍在处理中...
2026-05-31 21:41:33,970 [INFO] merge_service - [Poll] 进度: 7/26 完成, 剩余 19 个任务仍在处理中...
2026-05-31 21:41:37,196 [INFO] merge_service - [Poll] 进度: 7/26 完成, 剩余 19 个任务仍在处理中...
2026-05-31 21:41:40,326 [INFO] merge_service - [Poll] 任务 dff5f0a8-3713-48b3-94a6-b4f5d937cb5e (2019_CCS_CAIC指南_S_段抬高型心肌梗死的紧急管理 _3.png) → completed [成功]
2026-05-31 21:41:40,414 [INFO] merge_service - [Poll] 进度: 8/26 完成, 剩余 18 个任务仍在处理中...
2026-05-31 21:41:43,629 [INFO] merge_service - [Poll] 进度: 8/26 完成, 剩余 18 个任务仍在处理中...
2026-05-31 21:41:46,862 [INFO] merge_service - [Poll] 进度: 8/26 完成, 剩余 18 个任务仍在处理中...
2026-05-31 21:41:50,088 [INFO] merge_service - [Poll] 进度: 8/26 完成, 剩余 18 个任务仍在处理中...
2026-05-31 21:41:53,289 [INFO] merge_service - [Poll] 进度: 8/26 完成, 剩余 18 个任务仍在处理中...
2026-05-31 21:41:56,488 [INFO] merge_service - [Poll] 进度: 8/26 完成, 剩余 18 个任务仍在处理中...
2026-05-31 21:41:59,687 [INFO] merge_service - [Poll] 进度: 8/26 完成, 剩余 18 个任务仍在处理中...
2026-05-31 21:42:02,897 [INFO] merge_service - [Poll] 进度: 8/26 完成, 剩余 18 个任务仍在处理中...
2026-05-31 21:42:06,121 [INFO] merge_service - [Poll] 进度: 8/26 完成, 剩余 18 个任务仍在处理中...
2026-05-31 21:42:09,351 [INFO] merge_service - [Poll] 进度: 8/26 完成, 剩余 18 个任务仍在处理中...
2026-05-31 21:42:12,575 [INFO] merge_service - [Poll] 进度: 8/26 完成, 剩余 18 个任务仍在处理中...
2026-05-31 21:42:15,802 [INFO] merge_service - [Poll] 进度: 8/26 完成, 剩余 18 个任务仍在处理中...
2026-05-31 21:42:19,014 [INFO] merge_service - [Poll] 进度: 8/26 完成, 剩余 18 个任务仍在处理中...
2026-05-31 21:42:22,244 [INFO] merge_service - [Poll] 进度: 8/26 完成, 剩余 18 个任务仍在处理中...
2026-05-31 21:42:25,473 [INFO] merge_service - [Poll] 进度: 8/26 完成, 剩余 18 个任务仍在处理中...
2026-05-31 21:42:28,703 [INFO] merge_service - [Poll] 进度: 8/26 完成, 剩余 18 个任务仍在处理中...
2026-05-31 21:42:31,933 [INFO] merge_service - [Poll] 进度: 8/26 完成, 剩余 18 个任务仍在处理中...
2026-05-31 21:42:35,159 [INFO] merge_service - [Poll] 进度: 8/26 完成, 剩余 18 个任务仍在处理中...
2026-05-31 21:42:38,384 [INFO] merge_service - [Poll] 进度: 8/26 完成, 剩余 18 个任务仍在处理中...
2026-05-31 21:42:41,598 [INFO] merge_service - [Poll] 进度: 8/26 完成, 剩余 18 个任务仍在处理中...
2026-05-31 21:42:44,819 [INFO] merge_service - [Poll] 进度: 8/26 完成, 剩余 18 个任务仍在处理中...
2026-05-31 21:42:48,010 [INFO] merge_service - [Poll] 进度: 8/26 完成, 剩余 18 个任务仍在处理中...
2026-05-31 21:42:51,200 [INFO] merge_service - [Poll] 进度: 8/26 完成, 剩余 18 个任务仍在处理中...
2026-05-31 21:42:54,438 [INFO] merge_service - [Poll] 进度: 8/26 完成, 剩余 18 个任务仍在处理中...
2026-05-31 21:42:57,582 [INFO] merge_service - [Poll] 任务 89706984-3ab4-45e1-8091-5ac7219cd209 (2019_CCS_CAIC指南_S_段抬高型心肌梗死的紧急管理 _9.png) → completed [成功]
2026-05-31 21:42:57,649 [INFO] merge_service - [Poll] 进度: 9/26 完成, 剩余 17 个任务仍在处理中...
2026-05-31 21:43:00,729 [INFO] merge_service - [Poll] 任务 5bab814c-b8ef-4763-8e67-e6ca405a1ba6 (2019_CCS_CAIC指南_S_段抬高型心肌梗死的紧急管理 _10.png) → completed [成功]
2026-05-31 21:43:00,846 [INFO] merge_service - [Poll] 进度: 10/26 完成, 剩余 16 个任务仍在处理中...
2026-05-31 21:43:04,039 [INFO] merge_service - [Poll] 进度: 10/26 完成, 剩余 16 个任务仍在处理中...
2026-05-31 21:43:07,318 [INFO] merge_service - [Poll] 进度: 10/26 完成, 剩余 16 个任务仍在处理中...
2026-05-31 21:43:10,521 [INFO] merge_service - [Poll] 进度: 10/26 完成, 剩余 16 个任务仍在处理中...
2026-05-31 21:43:13,610 [INFO] merge_service - [Poll] 任务 775310bf-0882-4c57-ae64-778352158a03 (2019_CCS_CAIC指南_S_段抬高型心肌梗死的紧急管理 _13.png) → completed [成功]
2026-05-31 21:43:13,711 [INFO] merge_service - [Poll] 进度: 11/26 完成, 剩余 15 个任务仍在处理中...
2026-05-31 21:43:16,876 [INFO] merge_service - [Poll] 任务 6e0ab946-8d18-4644-8260-6432a874db96 (2019_CCS_CAIC指南_S_段抬高型心肌梗死的紧急管理 _12.png) → completed [成功]
2026-05-31 21:43:16,900 [INFO] merge_service - [Poll] 进度: 12/26 完成, 剩余 14 个任务仍在处理中...
2026-05-31 21:43:20,069 [INFO] merge_service - [Poll] 进度: 12/26 完成, 剩余 14 个任务仍在处理中...
2026-05-31 21:43:23,222 [INFO] merge_service - [Poll] 进度: 12/26 完成, 剩余 14 个任务仍在处理中...
2026-05-31 21:43:26,285 [INFO] merge_service - [Poll] 任务 d32689b8-3b6a-41f2-b15d-6edef40effc7 (2019_CCS_CAIC指南_S_段抬高型心肌梗死的紧急管理 _11.png) → completed [成功]
2026-05-31 21:43:26,333 [INFO] merge_service - [Poll] 任务 195e23b7-5236-4138-a311-47a101c7fdeb (2019_CCS_CAIC指南_S_段抬高型心肌梗死的紧急管理 _14.png) → completed [成功]
2026-05-31 21:43:26,395 [INFO] merge_service - [Poll] 进度: 14/26 完成, 剩余 12 个任务仍在处理中...
2026-05-31 21:43:29,591 [INFO] merge_service - [Poll] 进度: 14/26 完成, 剩余 12 个任务仍在处理中...
2026-05-31 21:43:32,666 [INFO] merge_service - [Poll] 任务 3986fe3a-324e-4780-b7d9-1fe75417e486 (2019_CCS_CAIC指南_S_段抬高型心肌梗死的紧急管理 _15.png) → completed [成功]
2026-05-31 21:43:32,740 [INFO] merge_service - [Poll] 任务 1615f8b2-cae7-47a7-9874-da8c4c1bbb74 (2019_CCS_CAIC指南_S_段抬高型心肌梗死的紧急管理 _19.png) → completed [成功]
2026-05-31 21:43:32,740 [INFO] merge_service - [Poll] 进度: 16/26 完成, 剩余 10 个任务仍在处理中...
2026-05-31 21:43:35,914 [INFO] merge_service - [Poll] 进度: 16/26 完成, 剩余 10 个任务仍在处理中...
2026-05-31 21:43:39,101 [INFO] merge_service - [Poll] 进度: 16/26 完成, 剩余 10 个任务仍在处理中...
2026-05-31 21:43:42,133 [INFO] merge_service - [Poll] 任务 3dac9998-549e-4de5-b2f9-274655cb38d7 (2019_CCS_CAIC指南_S_段抬高型心肌梗死的紧急管理 _16.png) → completed [成功]
2026-05-31 21:43:42,262 [INFO] merge_service - [Poll] 任务 4ceaf494-0cd4-4479-befc-d750200c7fed (2019_CCS_CAIC指南_S_段抬高型心肌梗死的紧急管理 _18.png) → completed [成功]
2026-05-31 21:43:42,262 [INFO] merge_service - [Poll] 进度: 18/26 完成, 剩余 8 个任务仍在处理中...
2026-05-31 21:43:45,385 [INFO] merge_service - [Poll] 任务 fed6b48c-90ec-4a16-b12a-0a6fda23c91f (2019_CCS_CAIC指南_S_段抬高型心肌梗死的紧急管理 _21.png) → completed [成功]
2026-05-31 21:43:45,455 [INFO] merge_service - [Poll] 进度: 19/26 完成, 剩余 7 个任务仍在处理中...
2026-05-31 21:43:48,486 [INFO] merge_service - [Poll] 任务 4ad227d4-7c42-4563-9f7e-74f3058db78a (2019_CCS_CAIC指南_S_段抬高型心肌梗死的紧急管理 _23.png) → completed [成功]
2026-05-31 21:43:48,549 [INFO] merge_service - [Poll] 任务 61cbb36c-a571-4166-8c3f-522b1b49118c (2019_CCS_CAIC指南_S_段抬高型心肌梗死的紧急管理 _24.png) → completed [成功]
2026-05-31 21:43:48,582 [INFO] merge_service - [Poll] 进度: 21/26 完成, 剩余 5 个任务仍在处理中...
2026-05-31 21:43:51,694 [INFO] merge_service - [Poll] 进度: 21/26 完成, 剩余 5 个任务仍在处理中...
2026-05-31 21:43:54,759 [INFO] merge_service - [Poll] 进度: 21/26 完成, 剩余 5 个任务仍在处理中...
2026-05-31 21:43:57,857 [INFO] merge_service - [Poll] 进度: 21/26 完成, 剩余 5 个任务仍在处理中...
2026-05-31 21:44:00,947 [INFO] merge_service - [Poll] 进度: 21/26 完成, 剩余 5 个任务仍在处理中...
2026-05-31 21:44:03,995 [INFO] merge_service - [Poll] 任务 bc4f1c49-b2cb-41ca-b0f4-031821a59c0a (2019_CCS_CAIC指南_S_段抬高型心肌梗死的紧急管理 _17.png) → completed [成功]
2026-05-31 21:44:04,063 [INFO] merge_service - [Poll] 进度: 22/26 完成, 剩余 4 个任务仍在处理中...
2026-05-31 21:44:07,092 [INFO] merge_service - [Poll] 任务 fa7dd6cb-251b-4756-91d1-a81b5606eebf (2019_CCS_CAIC指南_S_段抬高型心肌梗死的紧急管理 _25.png) → completed [成功]
2026-05-31 21:44:07,121 [INFO] merge_service - [Poll] 进度: 23/26 完成, 剩余 3 个任务仍在处理中...
2026-05-31 21:44:10,193 [INFO] merge_service - [Poll] 进度: 23/26 完成, 剩余 3 个任务仍在处理中...
2026-05-31 21:44:13,229 [INFO] merge_service - [Poll] 进度: 23/26 完成, 剩余 3 个任务仍在处理中...
2026-05-31 21:44:16,269 [INFO] merge_service - [Poll] 进度: 23/26 完成, 剩余 3 个任务仍在处理中...
2026-05-31 21:44:19,314 [INFO] merge_service - [Poll] 进度: 23/26 完成, 剩余 3 个任务仍在处理中...
2026-05-31 21:44:22,362 [INFO] merge_service - [Poll] 进度: 23/26 完成, 剩余 3 个任务仍在处理中...
2026-05-31 21:44:25,381 [INFO] merge_service - [Poll] 任务 2282fa37-a871-47c9-b119-c8454c133dcf (2019_CCS_CAIC指南_S_段抬高型心肌梗死的紧急管理 _22.png) → completed [成功]
2026-05-31 21:44:25,406 [INFO] merge_service - [Poll] 进度: 24/26 完成, 剩余 2 个任务仍在处理中...
2026-05-31 21:44:28,447 [INFO] merge_service - [Poll] 进度: 24/26 完成, 剩余 2 个任务仍在处理中...
2026-05-31 21:44:31,508 [INFO] merge_service - [Poll] 进度: 24/26 完成, 剩余 2 个任务仍在处理中...
2026-05-31 21:44:34,565 [INFO] merge_service - [Poll] 进度: 24/26 完成, 剩余 2 个任务仍在处理中...
2026-05-31 21:44:37,623 [INFO] merge_service - [Poll] 进度: 24/26 完成, 剩余 2 个任务仍在处理中...
2026-05-31 21:44:40,636 [INFO] merge_service - [Poll] 任务 468754b5-2b75-4a46-9388-1b9fca41df99 (2019_CCS_CAIC指南_S_段抬高型心肌梗死的紧急管理 _20.png) → completed [成功]
2026-05-31 21:44:40,649 [INFO] merge_service - [Poll] 进度: 25/26 完成, 剩余 1 个任务仍在处理中...
2026-05-31 21:44:43,663 [INFO] merge_service - [Poll] 进度: 25/26 完成, 剩余 1 个任务仍在处理中...
2026-05-31 21:44:46,703 [INFO] merge_service - [Poll] 进度: 25/26 完成, 剩余 1 个任务仍在处理中...
2026-05-31 21:44:49,731 [INFO] merge_service - [Poll] 进度: 25/26 完成, 剩余 1 个任务仍在处理中...
2026-05-31 21:44:52,758 [INFO] merge_service - [Poll] 进度: 25/26 完成, 剩余 1 个任务仍在处理中...
2026-05-31 21:44:55,785 [INFO] merge_service - [Poll] 进度: 25/26 完成, 剩余 1 个任务仍在处理中...
2026-05-31 21:44:58,809 [INFO] merge_service - [Poll] 进度: 25/26 完成, 剩余 1 个任务仍在处理中...
2026-05-31 21:45:01,824 [INFO] merge_service - [Poll] 进度: 25/26 完成, 剩余 1 个任务仍在处理中...
2026-05-31 21:45:04,877 [INFO] merge_service - [Poll] 进度: 25/26 完成, 剩余 1 个任务仍在处理中...
2026-05-31 21:45:07,897 [INFO] merge_service - [Poll] 任务 9c05e007-d528-4341-a490-cf0c3d2f75ea (2019_CCS_CAIC指南_S_段抬高型心肌梗死的紧急管理 _26.png) → completed [成功]
2026-05-31 21:45:07,897 [INFO] merge_service - [69f756e2-3ae2-4955-84eb-8c1c2863b263] 所有提取任务已完成，开始合并清洗...
2026-05-31 21:45:07,897 [INFO] merge_service - [69f756e2-3ae2-4955-84eb-8c1c2863b263] 合并顺序（按原图片文件名序号）:
2026-05-31 21:45:07,897 [INFO] merge_service -   第1页: 2019_CCS_CAIC指南_S_段抬高型心肌梗死的紧急管理 _1.png → output/019_CCS_CAIC指南_S_段抬高型心肌梗死的紧急管理 /019_CCS_CAIC指南_S_段抬高型心肌梗死的紧急管理 _1.md
2026-05-31 21:45:07,897 [INFO] merge_service -   第2页: 2019_CCS_CAIC指南_S_段抬高型心肌梗死的紧急管理 _2.png → output/019_CCS_CAIC指南_S_段抬高型心肌梗死的紧急管理 /019_CCS_CAIC指南_S_段抬高型心肌梗死的紧急管理 _2.md
2026-05-31 21:45:07,898 [INFO] merge_service -   第3页: 2019_CCS_CAIC指南_S_段抬高型心肌梗死的紧急管理 _3.png → output/019_CCS_CAIC指南_S_段抬高型心肌梗死的紧急管理 /019_CCS_CAIC指南_S_段抬高型心肌梗死的紧急管理 _3.md
2026-05-31 21:45:07,898 [INFO] merge_service -   第4页: 2019_CCS_CAIC指南_S_段抬高型心肌梗死的紧急管理 _4.png → output/019_CCS_CAIC指南_S_段抬高型心肌梗死的紧急管理 /019_CCS_CAIC指南_S_段抬高型心肌梗死的紧急管理 _4.md
2026-05-31 21:45:07,898 [INFO] merge_service -   第5页: 2019_CCS_CAIC指南_S_段抬高型心肌梗死的紧急管理 _5.png → output/019_CCS_CAIC指南_S_段抬高型心肌梗死的紧急管理 /019_CCS_CAIC指南_S_段抬高型心肌梗死的紧急管理 _5.md
2026-05-31 21:45:07,898 [INFO] merge_service -   第6页: 2019_CCS_CAIC指南_S_段抬高型心肌梗死的紧急管理 _6.png → output/019_CCS_CAIC指南_S_段抬高型心肌梗死的紧急管理 /019_CCS_CAIC指南_S_段抬高型心肌梗死的紧急管理 _6.md
2026-05-31 21:45:07,898 [INFO] merge_service -   第7页: 2019_CCS_CAIC指南_S_段抬高型心肌梗死的紧急管理 _7.png → output/019_CCS_CAIC指南_S_段抬高型心肌梗死的紧急管理 /019_CCS_CAIC指南_S_段抬高型心肌梗死的紧急管理 _7.md
2026-05-31 21:45:07,898 [INFO] merge_service -   第8页: 2019_CCS_CAIC指南_S_段抬高型心肌梗死的紧急管理 _8.png → output/019_CCS_CAIC指南_S_段抬高型心肌梗死的紧急管理 /019_CCS_CAIC指南_S_段抬高型心肌梗死的紧急管理 _8.md
2026-05-31 21:45:07,898 [INFO] merge_service -   第9页: 2019_CCS_CAIC指南_S_段抬高型心肌梗死的紧急管理 _9.png → output/019_CCS_CAIC指南_S_段抬高型心肌梗死的紧急管理 /019_CCS_CAIC指南_S_段抬高型心肌梗死的紧急管理 _9.md
2026-05-31 21:45:07,898 [INFO] merge_service -   第10页: 2019_CCS_CAIC指南_S_段抬高型心肌梗死的紧急管理 _10.png → output/019_CCS_CAIC指南_S_段抬高型心肌梗死的紧急管理 /019_CCS_CAIC指南_S_段抬高型心肌梗死的紧急管理 _10.md
2026-05-31 21:45:07,898 [INFO] merge_service -   第11页: 2019_CCS_CAIC指南_S_段抬高型心肌梗死的紧急管理 _11.png → output/019_CCS_CAIC指南_S_段抬高型心肌梗死的紧急管理 /019_CCS_CAIC指南_S_段抬高型心肌梗死的紧急管理 _11.md
2026-05-31 21:45:07,898 [INFO] merge_service -   第12页: 2019_CCS_CAIC指南_S_段抬高型心肌梗死的紧急管理 _12.png → output/019_CCS_CAIC指南_S_段抬高型心肌梗死的紧急管理 /019_CCS_CAIC指南_S_段抬高型心肌梗死的紧急管理 _12.md
2026-05-31 21:45:07,898 [INFO] merge_service -   第13页: 2019_CCS_CAIC指南_S_段抬高型心肌梗死的紧急管理 _13.png → output/019_CCS_CAIC指南_S_段抬高型心肌梗死的紧急管理 /019_CCS_CAIC指南_S_段抬高型心肌梗死的紧急管理 _13.md
2026-05-31 21:45:07,898 [INFO] merge_service -   第14页: 2019_CCS_CAIC指南_S_段抬高型心肌梗死的紧急管理 _14.png → output/019_CCS_CAIC指南_S_段抬高型心肌梗死的紧急管理 /019_CCS_CAIC指南_S_段抬高型心肌梗死的紧急管理 _14.md
2026-05-31 21:45:07,898 [INFO] merge_service -   第15页: 2019_CCS_CAIC指南_S_段抬高型心肌梗死的紧急管理 _15.png → output/019_CCS_CAIC指南_S_段抬高型心肌梗死的紧急管理 /019_CCS_CAIC指南_S_段抬高型心肌梗死的紧急管理 _15.md
2026-05-31 21:45:07,898 [INFO] merge_service -   第16页: 2019_CCS_CAIC指南_S_段抬高型心肌梗死的紧急管理 _16.png → output/019_CCS_CAIC指南_S_段抬高型心肌梗死的紧急管理 /019_CCS_CAIC指南_S_段抬高型心肌梗死的紧急管理 _16.md
2026-05-31 21:45:07,898 [INFO] merge_service -   第17页: 2019_CCS_CAIC指南_S_段抬高型心肌梗死的紧急管理 _17.png → output/019_CCS_CAIC指南_S_段抬高型心肌梗死的紧急管理 /019_CCS_CAIC指南_S_段抬高型心肌梗死的紧急管理 _17.md
2026-05-31 21:45:07,898 [INFO] merge_service -   第18页: 2019_CCS_CAIC指南_S_段抬高型心肌梗死的紧急管理 _18.png → output/019_CCS_CAIC指南_S_段抬高型心肌梗死的紧急管理 /019_CCS_CAIC指南_S_段抬高型心肌梗死的紧急管理 _18.md
2026-05-31 21:45:07,898 [INFO] merge_service -   第19页: 2019_CCS_CAIC指南_S_段抬高型心肌梗死的紧急管理 _19.png → output/019_CCS_CAIC指南_S_段抬高型心肌梗死的紧急管理 /019_CCS_CAIC指南_S_段抬高型心肌梗死的紧急管理 _19.md
2026-05-31 21:45:07,898 [INFO] merge_service -   第20页: 2019_CCS_CAIC指南_S_段抬高型心肌梗死的紧急管理 _20.png → output/019_CCS_CAIC指南_S_段抬高型心肌梗死的紧急管理 /019_CCS_CAIC指南_S_段抬高型心肌梗死的紧急管理 _20.md
2026-05-31 21:45:07,898 [INFO] merge_service -   第21页: 2019_CCS_CAIC指南_S_段抬高型心肌梗死的紧急管理 _21.png → output/019_CCS_CAIC指南_S_段抬高型心肌梗死的紧急管理 /019_CCS_CAIC指南_S_段抬高型心肌梗死的紧急管理 _21.md
2026-05-31 21:45:07,898 [INFO] merge_service -   第22页: 2019_CCS_CAIC指南_S_段抬高型心肌梗死的紧急管理 _22.png → output/019_CCS_CAIC指南_S_段抬高型心肌梗死的紧急管理 /019_CCS_CAIC指南_S_段抬高型心肌梗死的紧急管理 _22.md
2026-05-31 21:45:07,898 [INFO] merge_service -   第23页: 2019_CCS_CAIC指南_S_段抬高型心肌梗死的紧急管理 _23.png → output/019_CCS_CAIC指南_S_段抬高型心肌梗死的紧急管理 /019_CCS_CAIC指南_S_段抬高型心肌梗死的紧急管理 _23.md
2026-05-31 21:45:07,898 [INFO] merge_service -   第24页: 2019_CCS_CAIC指南_S_段抬高型心肌梗死的紧急管理 _24.png → output/019_CCS_CAIC指南_S_段抬高型心肌梗死的紧急管理 /019_CCS_CAIC指南_S_段抬高型心肌梗死的紧急管理 _24.md
2026-05-31 21:45:07,898 [INFO] merge_service -   第25页: 2019_CCS_CAIC指南_S_段抬高型心肌梗死的紧急管理 _25.png → output/019_CCS_CAIC指南_S_段抬高型心肌梗死的紧急管理 /019_CCS_CAIC指南_S_段抬高型心肌梗死的紧急管理 _25.md
2026-05-31 21:45:07,898 [INFO] merge_service -   第26页: 2019_CCS_CAIC指南_S_段抬高型心肌梗死的紧急管理 _26.png → output/019_CCS_CAIC指南_S_段抬高型心肌梗死的紧急管理 /019_CCS_CAIC指南_S_段抬高型心肌梗死的紧急管理 _26.md
2026-05-31 21:45:07,973 [INFO] merge_service - 
==================================================
2026-05-31 21:45:07,973 [INFO] merge_service - [69f756e2-3ae2-4955-84eb-8c1c2863b263] 合并清洗完成!
2026-05-31 21:45:07,973 [INFO] merge_service -   合并文件: output/019_CCS_CAIC指南_S_段抬高型心肌梗死的紧急管理 /019_CCS_CAIC指南_S_段抬高型心肌梗死的紧急管理 _merged_output.md
2026-05-31 21:45:07,973 [INFO] merge_service -   有效页面: 22/26
2026-05-31 21:45:07,973 [INFO] merge_service -   总字符数: 117579
2026-05-31 21:45:07,973 [INFO] merge_service -   轮询耗时: 365.33s, 合并耗时: 0.08s
2026-05-31 21:45:07,973 [INFO] merge_service -   跳过页面（参考文献）: [19, 21, 23, 24]
2026-05-31 21:45:07,973 [INFO] merge_service - ==================================================
