2026-05-30 16:26:25,416 [INFO] merge_service - ============================================================
2026-05-30 16:26:25,417 [INFO] merge_service - 合并+清洗服务 — 新任务
2026-05-30 16:26:25,417 [INFO] merge_service -   合并ID: f9867560-6fa9-4a37-bc20-8afae691a49a
2026-05-30 16:26:25,417 [INFO] merge_service -   PDF名称: 医脉通】常用口 服抗血小板药物不耐 受及低反应性人群诊疗专家共识2021 (原始: 医脉通】常用口 服抗血小板药物不耐 受及低反应性人群诊疗专家共识2021.pdf)
2026-05-30 16:26:25,417 [INFO] merge_service -   关联提取任务数: 13
2026-05-30 16:26:25,417 [INFO] merge_service -   输出目录: ./output
2026-05-30 16:26:25,417 [INFO] merge_service -   提取服务: http://localhost:8001
2026-05-30 16:26:25,417 [INFO] merge_service - ============================================================
2026-05-30 16:26:25,417 [INFO] merge_service - [Poll] 开始轮询 13 个提取任务...
2026-05-30 16:26:25,417 [INFO] merge_service - [Poll] 提取服务地址: http://localhost:8001
2026-05-30 16:26:25,417 [INFO] merge_service - [Poll] 轮询间隔: 3.0s, 最大等待: 3600.0s
2026-05-30 16:26:25,672 [INFO] merge_service - [Poll] 进度: 0/13 完成, 剩余 13 个任务仍在处理中...
2026-05-30 16:26:28,853 [INFO] merge_service - [Poll] 进度: 0/13 完成, 剩余 13 个任务仍在处理中...
2026-05-30 16:26:32,000 [INFO] merge_service - [Poll] 进度: 0/13 完成, 剩余 13 个任务仍在处理中...
2026-05-30 16:26:35,146 [INFO] merge_service - [Poll] 进度: 0/13 完成, 剩余 13 个任务仍在处理中...
2026-05-30 16:26:38,332 [INFO] merge_service - [Poll] 进度: 0/13 完成, 剩余 13 个任务仍在处理中...
2026-05-30 16:26:41,486 [INFO] merge_service - [Poll] 进度: 0/13 完成, 剩余 13 个任务仍在处理中...
2026-05-30 16:26:44,630 [INFO] merge_service - [Poll] 进度: 0/13 完成, 剩余 13 个任务仍在处理中...
2026-05-30 16:26:47,807 [INFO] merge_service - [Poll] 进度: 0/13 完成, 剩余 13 个任务仍在处理中...
2026-05-30 16:26:50,956 [INFO] merge_service - [Poll] 进度: 0/13 完成, 剩余 13 个任务仍在处理中...
2026-05-30 16:26:54,103 [INFO] merge_service - [Poll] 进度: 0/13 完成, 剩余 13 个任务仍在处理中...
2026-05-30 16:26:57,289 [INFO] merge_service - [Poll] 进度: 0/13 完成, 剩余 13 个任务仍在处理中...
2026-05-30 16:27:00,442 [INFO] merge_service - [Poll] 进度: 0/13 完成, 剩余 13 个任务仍在处理中...
2026-05-30 16:27:03,587 [INFO] merge_service - [Poll] 进度: 0/13 完成, 剩余 13 个任务仍在处理中...
2026-05-30 16:27:06,736 [INFO] merge_service - [Poll] 进度: 0/13 完成, 剩余 13 个任务仍在处理中...
2026-05-30 16:27:09,898 [INFO] merge_service - [Poll] 进度: 0/13 完成, 剩余 13 个任务仍在处理中...
2026-05-30 16:27:13,042 [INFO] merge_service - [Poll] 进度: 0/13 完成, 剩余 13 个任务仍在处理中...
2026-05-30 16:27:16,194 [INFO] merge_service - [Poll] 进度: 0/13 完成, 剩余 13 个任务仍在处理中...
2026-05-30 16:27:19,381 [INFO] merge_service - [Poll] 进度: 0/13 完成, 剩余 13 个任务仍在处理中...
2026-05-30 16:27:22,528 [INFO] merge_service - [Poll] 进度: 0/13 完成, 剩余 13 个任务仍在处理中...
2026-05-30 16:27:25,676 [INFO] merge_service - [Poll] 进度: 0/13 完成, 剩余 13 个任务仍在处理中...
2026-05-30 16:27:28,851 [INFO] merge_service - [Poll] 进度: 0/13 完成, 剩余 13 个任务仍在处理中...
2026-05-30 16:27:32,010 [INFO] merge_service - [Poll] 进度: 0/13 完成, 剩余 13 个任务仍在处理中...
2026-05-30 16:27:35,156 [INFO] merge_service - [Poll] 进度: 0/13 完成, 剩余 13 个任务仍在处理中...
2026-05-30 16:27:38,310 [INFO] merge_service - [Poll] 进度: 0/13 完成, 剩余 13 个任务仍在处理中...
2026-05-30 16:27:41,483 [INFO] merge_service - [Poll] 进度: 0/13 完成, 剩余 13 个任务仍在处理中...
2026-05-30 16:27:44,628 [INFO] merge_service - [Poll] 进度: 0/13 完成, 剩余 13 个任务仍在处理中...
2026-05-30 16:27:47,773 [INFO] merge_service - [Poll] 进度: 0/13 完成, 剩余 13 个任务仍在处理中...
2026-05-30 16:27:50,950 [INFO] merge_service - [Poll] 进度: 0/13 完成, 剩余 13 个任务仍在处理中...
2026-05-30 16:27:53,989 [INFO] merge_service - [Poll] 任务 dc2c4b05-752d-4ecb-b6be-b53544e27117 (【医脉通】常用口 服抗血小板药物不耐 受及低反应性人群诊疗专家共识2021_1.png) → completed [成功]
2026-05-30 16:27:54,099 [INFO] merge_service - [Poll] 进度: 1/13 完成, 剩余 12 个任务仍在处理中...
2026-05-30 16:27:57,233 [INFO] merge_service - [Poll] 进度: 1/13 完成, 剩余 12 个任务仍在处理中...
2026-05-30 16:28:00,345 [INFO] merge_service - [Poll] 任务 5166fffd-2e99-42db-85f3-22fda7bd3dcf (【医脉通】常用口 服抗血小板药物不耐 受及低反应性人群诊疗专家共识2021_2.png) → completed [成功]
2026-05-30 16:28:00,393 [INFO] merge_service - [Poll] 进度: 2/13 完成, 剩余 11 个任务仍在处理中...
2026-05-30 16:28:03,529 [INFO] merge_service - [Poll] 进度: 2/13 完成, 剩余 11 个任务仍在处理中...
2026-05-30 16:28:06,607 [INFO] merge_service - [Poll] 任务 4d502d52-73e5-47a8-8904-703ae7dbf835 (【医脉通】常用口 服抗血小板药物不耐 受及低反应性人群诊疗专家共识2021_4.png) → completed [成功]
2026-05-30 16:28:06,649 [INFO] merge_service - [Poll] 进度: 3/13 完成, 剩余 10 个任务仍在处理中...
2026-05-30 16:28:09,693 [INFO] merge_service - [Poll] 任务 e739f388-f822-4154-a5fb-4285d66e12d0 (【医脉通】常用口 服抗血小板药物不耐 受及低反应性人群诊疗专家共识2021_6.png) → completed [成功]
2026-05-30 16:28:09,728 [INFO] merge_service - [Poll] 任务 0632583a-84d8-445c-8d8f-ef7618b0ab74 (【医脉通】常用口 服抗血小板药物不耐 受及低反应性人群诊疗专家共识2021_9.png) → completed [成功]
2026-05-30 16:28:09,773 [INFO] merge_service - [Poll] 进度: 5/13 完成, 剩余 8 个任务仍在处理中...
2026-05-30 16:28:12,869 [INFO] merge_service - [Poll] 进度: 5/13 完成, 剩余 8 个任务仍在处理中...
2026-05-30 16:28:15,937 [INFO] merge_service - [Poll] 任务 f02713b4-5c8d-484b-b1cd-b543ec8496cf (【医脉通】常用口 服抗血小板药物不耐 受及低反应性人群诊疗专家共识2021_3.png) → completed [成功]
2026-05-30 16:28:15,959 [INFO] merge_service - [Poll] 进度: 6/13 完成, 剩余 7 个任务仍在处理中...
2026-05-30 16:28:19,021 [INFO] merge_service - [Poll] 任务 794c9cbc-c1ed-4a85-810d-87917732ca78 (【医脉通】常用口 服抗血小板药物不耐 受及低反应性人群诊疗专家共识2021_8.png) → completed [成功]
2026-05-30 16:28:19,033 [INFO] merge_service - [Poll] 任务 95d4d51f-0401-4716-9507-c5d5342baa27 (【医脉通】常用口 服抗血小板药物不耐 受及低反应性人群诊疗专家共识2021_7.png) → completed [成功]
2026-05-30 16:28:19,066 [INFO] merge_service - [Poll] 进度: 8/13 完成, 剩余 5 个任务仍在处理中...
2026-05-30 16:28:22,125 [INFO] merge_service - [Poll] 进度: 8/13 完成, 剩余 5 个任务仍在处理中...
2026-05-30 16:28:25,189 [INFO] merge_service - [Poll] 进度: 8/13 完成, 剩余 5 个任务仍在处理中...
2026-05-30 16:28:28,238 [INFO] merge_service - [Poll] 任务 53402938-b834-45b6-8da9-901f98bde792 (【医脉通】常用口 服抗血小板药物不耐 受及低反应性人群诊疗专家共识2021_10.png) → completed [成功]
2026-05-30 16:28:28,249 [INFO] merge_service - [Poll] 进度: 9/13 完成, 剩余 4 个任务仍在处理中...
2026-05-30 16:28:31,307 [INFO] merge_service - [Poll] 进度: 9/13 完成, 剩余 4 个任务仍在处理中...
2026-05-30 16:28:34,323 [INFO] merge_service - [Poll] 任务 8392201b-df55-4e4f-af33-e2717e402826 (【医脉通】常用口 服抗血小板药物不耐 受及低反应性人群诊疗专家共识2021_11.png) → completed [成功]
2026-05-30 16:28:34,360 [INFO] merge_service - [Poll] 进度: 10/13 完成, 剩余 3 个任务仍在处理中...
2026-05-30 16:28:37,395 [INFO] merge_service - [Poll] 任务 41e39c8a-56fd-4726-8d19-90689ed9d070 (【医脉通】常用口 服抗血小板药物不耐 受及低反应性人群诊疗专家共识2021_13.png) → completed [成功]
2026-05-30 16:28:37,395 [INFO] merge_service - [Poll] 进度: 11/13 完成, 剩余 2 个任务仍在处理中...
2026-05-30 16:28:40,428 [INFO] merge_service - [Poll] 任务 e7e024e4-d527-4a97-bbc7-5a49b0709c27 (【医脉通】常用口 服抗血小板药物不耐 受及低反应性人群诊疗专家共识2021_5.png) → completed [成功]
2026-05-30 16:28:40,428 [INFO] merge_service - [Poll] 进度: 12/13 完成, 剩余 1 个任务仍在处理中...
2026-05-30 16:28:43,441 [INFO] merge_service - [Poll] 进度: 12/13 完成, 剩余 1 个任务仍在处理中...
2026-05-30 16:28:46,460 [INFO] merge_service - [Poll] 进度: 12/13 完成, 剩余 1 个任务仍在处理中...
2026-05-30 16:28:49,473 [INFO] merge_service - [Poll] 进度: 12/13 完成, 剩余 1 个任务仍在处理中...
2026-05-30 16:28:52,497 [INFO] merge_service - [Poll] 进度: 12/13 完成, 剩余 1 个任务仍在处理中...
2026-05-30 16:28:55,508 [INFO] merge_service - [Poll] 进度: 12/13 完成, 剩余 1 个任务仍在处理中...
2026-05-30 16:28:58,532 [INFO] merge_service - [Poll] 进度: 12/13 完成, 剩余 1 个任务仍在处理中...
2026-05-30 16:29:01,564 [INFO] merge_service - [Poll] 进度: 12/13 完成, 剩余 1 个任务仍在处理中...
2026-05-30 16:29:04,577 [INFO] merge_service - [Poll] 进度: 12/13 完成, 剩余 1 个任务仍在处理中...
2026-05-30 16:29:07,596 [INFO] merge_service - [Poll] 任务 ee0a4bf8-b6fb-4cc8-b332-c738a3dbae64 (【医脉通】常用口 服抗血小板药物不耐 受及低反应性人群诊疗专家共识2021_12.png) → completed [成功]
2026-05-30 16:29:07,596 [INFO] merge_service - [f9867560-6fa9-4a37-bc20-8afae691a49a] 所有提取任务已完成，开始合并清洗...
2026-05-30 16:29:07,596 [INFO] merge_service - [f9867560-6fa9-4a37-bc20-8afae691a49a] 合并顺序（按原图片文件名序号）:
2026-05-30 16:29:07,596 [INFO] merge_service -   第1页: 【医脉通】常用口 服抗血小板药物不耐 受及低反应性人群诊疗专家共识2021_1.png → output/医脉通】常用口 服抗血小板药物不耐 受及低反应性人群诊疗专家共识2021/医脉通】常用口 服抗血小板药物不耐 受及低反应性人群诊疗专家共识2021_1.md
2026-05-30 16:29:07,596 [INFO] merge_service -   第2页: 【医脉通】常用口 服抗血小板药物不耐 受及低反应性人群诊疗专家共识2021_2.png → output/医脉通】常用口 服抗血小板药物不耐 受及低反应性人群诊疗专家共识2021/医脉通】常用口 服抗血小板药物不耐 受及低反应性人群诊疗专家共识2021_2.md
2026-05-30 16:29:07,596 [INFO] merge_service -   第3页: 【医脉通】常用口 服抗血小板药物不耐 受及低反应性人群诊疗专家共识2021_3.png → output/医脉通】常用口 服抗血小板药物不耐 受及低反应性人群诊疗专家共识2021/医脉通】常用口 服抗血小板药物不耐 受及低反应性人群诊疗专家共识2021_3.md
2026-05-30 16:29:07,596 [INFO] merge_service -   第4页: 【医脉通】常用口 服抗血小板药物不耐 受及低反应性人群诊疗专家共识2021_4.png → output/医脉通】常用口 服抗血小板药物不耐 受及低反应性人群诊疗专家共识2021/医脉通】常用口 服抗血小板药物不耐 受及低反应性人群诊疗专家共识2021_4.md
2026-05-30 16:29:07,596 [INFO] merge_service -   第5页: 【医脉通】常用口 服抗血小板药物不耐 受及低反应性人群诊疗专家共识2021_5.png → output/医脉通】常用口 服抗血小板药物不耐 受及低反应性人群诊疗专家共识2021/医脉通】常用口 服抗血小板药物不耐 受及低反应性人群诊疗专家共识2021_5.md
2026-05-30 16:29:07,596 [INFO] merge_service -   第6页: 【医脉通】常用口 服抗血小板药物不耐 受及低反应性人群诊疗专家共识2021_6.png → output/医脉通】常用口 服抗血小板药物不耐 受及低反应性人群诊疗专家共识2021/医脉通】常用口 服抗血小板药物不耐 受及低反应性人群诊疗专家共识2021_6.md
2026-05-30 16:29:07,596 [INFO] merge_service -   第7页: 【医脉通】常用口 服抗血小板药物不耐 受及低反应性人群诊疗专家共识2021_7.png → output/医脉通】常用口 服抗血小板药物不耐 受及低反应性人群诊疗专家共识2021/医脉通】常用口 服抗血小板药物不耐 受及低反应性人群诊疗专家共识2021_7.md
2026-05-30 16:29:07,596 [INFO] merge_service -   第8页: 【医脉通】常用口 服抗血小板药物不耐 受及低反应性人群诊疗专家共识2021_8.png → output/医脉通】常用口 服抗血小板药物不耐 受及低反应性人群诊疗专家共识2021/医脉通】常用口 服抗血小板药物不耐 受及低反应性人群诊疗专家共识2021_8.md
2026-05-30 16:29:07,596 [INFO] merge_service -   第9页: 【医脉通】常用口 服抗血小板药物不耐 受及低反应性人群诊疗专家共识2021_9.png → output/医脉通】常用口 服抗血小板药物不耐 受及低反应性人群诊疗专家共识2021/医脉通】常用口 服抗血小板药物不耐 受及低反应性人群诊疗专家共识2021_9.md
2026-05-30 16:29:07,597 [INFO] merge_service -   第10页: 【医脉通】常用口 服抗血小板药物不耐 受及低反应性人群诊疗专家共识2021_10.png → output/医脉通】常用口 服抗血小板药物不耐 受及低反应性人群诊疗专家共识2021/医脉通】常用口 服抗血小板药物不耐 受及低反应性人群诊疗专家共识2021_10.md
2026-05-30 16:29:07,597 [INFO] merge_service -   第11页: 【医脉通】常用口 服抗血小板药物不耐 受及低反应性人群诊疗专家共识2021_11.png → output/医脉通】常用口 服抗血小板药物不耐 受及低反应性人群诊疗专家共识2021/医脉通】常用口 服抗血小板药物不耐 受及低反应性人群诊疗专家共识2021_11.md
2026-05-30 16:29:07,597 [INFO] merge_service -   第12页: 【医脉通】常用口 服抗血小板药物不耐 受及低反应性人群诊疗专家共识2021_12.png → output/医脉通】常用口 服抗血小板药物不耐 受及低反应性人群诊疗专家共识2021/医脉通】常用口 服抗血小板药物不耐 受及低反应性人群诊疗专家共识2021_12.md
2026-05-30 16:29:07,597 [INFO] merge_service -   第13页: 【医脉通】常用口 服抗血小板药物不耐 受及低反应性人群诊疗专家共识2021_13.png → output/医脉通】常用口 服抗血小板药物不耐 受及低反应性人群诊疗专家共识2021/医脉通】常用口 服抗血小板药物不耐 受及低反应性人群诊疗专家共识2021_13.md
2026-05-30 16:29:07,617 [INFO] merge_service - 
==================================================
2026-05-30 16:29:07,617 [INFO] merge_service - [f9867560-6fa9-4a37-bc20-8afae691a49a] 合并清洗完成!
2026-05-30 16:29:07,617 [INFO] merge_service -   合并文件: output/医脉通】常用口 服抗血小板药物不耐 受及低反应性人群诊疗专家共识2021/医脉通】常用口 服抗血小板药物不耐 受及低反应性人群诊疗专家共识2021_merged_output.md
2026-05-30 16:29:07,618 [INFO] merge_service -   有效页面: 11/13
2026-05-30 16:29:07,618 [INFO] merge_service -   总字符数: 21737
2026-05-30 16:29:07,618 [INFO] merge_service -   轮询耗时: 162.18s, 合并耗时: 0.02s
2026-05-30 16:29:07,618 [INFO] merge_service -   跳过页面（参考文献）: [13, 9]
2026-05-30 16:29:07,618 [INFO] merge_service - ==================================================
