2026-05-30 21:52:03,641 [INFO] merge_service - ============================================================
2026-05-30 21:52:03,641 [INFO] merge_service - 合并+清洗服务 — 新任务
2026-05-30 21:52:03,641 [INFO] merge_service -   合并ID: 8b1e8e27-4376-4896-8905-54f6ad36aced
2026-05-30 21:52:03,641 [INFO] merge_service -   PDF名称: 医脉通】口服抗栓药物相关消化道损伤防治专家共识 (原始: 医脉通】口服抗栓药物相关消化道损伤防治专家共识.pdf)
2026-05-30 21:52:03,641 [INFO] merge_service -   关联提取任务数: 8
2026-05-30 21:52:03,641 [INFO] merge_service -   输出目录: ./output
2026-05-30 21:52:03,641 [INFO] merge_service -   提取服务: http://localhost:8001
2026-05-30 21:52:03,641 [INFO] merge_service - ============================================================
2026-05-30 21:52:03,642 [INFO] merge_service - [Poll] 开始轮询 8 个提取任务...
2026-05-30 21:52:03,642 [INFO] merge_service - [Poll] 提取服务地址: http://localhost:8001
2026-05-30 21:52:03,642 [INFO] merge_service - [Poll] 轮询间隔: 3.0s, 最大等待: 3600.0s
2026-05-30 21:52:03,812 [INFO] merge_service - [Poll] 进度: 0/8 完成, 剩余 8 个任务仍在处理中...
2026-05-30 21:52:06,923 [INFO] merge_service - [Poll] 进度: 0/8 完成, 剩余 8 个任务仍在处理中...
2026-05-30 21:52:10,041 [INFO] merge_service - [Poll] 进度: 0/8 完成, 剩余 8 个任务仍在处理中...
2026-05-30 21:52:13,131 [INFO] merge_service - [Poll] 进度: 0/8 完成, 剩余 8 个任务仍在处理中...
2026-05-30 21:52:16,242 [INFO] merge_service - [Poll] 进度: 0/8 完成, 剩余 8 个任务仍在处理中...
2026-05-30 21:52:19,331 [INFO] merge_service - [Poll] 进度: 0/8 完成, 剩余 8 个任务仍在处理中...
2026-05-30 21:52:22,463 [INFO] merge_service - [Poll] 进度: 0/8 完成, 剩余 8 个任务仍在处理中...
2026-05-30 21:52:25,509 [INFO] merge_service - [Poll] 任务 0d361ade-4cdf-4eab-af05-cc501bd01e55 (【医脉通】口服抗栓药物相关消化道损伤防治专家共识_8.png) → completed [成功]
2026-05-30 21:52:25,555 [INFO] merge_service - [Poll] 进度: 1/8 完成, 剩余 7 个任务仍在处理中...
2026-05-30 21:52:28,638 [INFO] merge_service - [Poll] 进度: 1/8 完成, 剩余 7 个任务仍在处理中...
2026-05-30 21:52:31,718 [INFO] merge_service - [Poll] 进度: 1/8 完成, 剩余 7 个任务仍在处理中...
2026-05-30 21:52:34,804 [INFO] merge_service - [Poll] 进度: 1/8 完成, 剩余 7 个任务仍在处理中...
2026-05-30 21:52:37,883 [INFO] merge_service - [Poll] 进度: 1/8 完成, 剩余 7 个任务仍在处理中...
2026-05-30 21:52:41,005 [INFO] merge_service - [Poll] 进度: 1/8 完成, 剩余 7 个任务仍在处理中...
2026-05-30 21:52:44,084 [INFO] merge_service - [Poll] 进度: 1/8 完成, 剩余 7 个任务仍在处理中...
2026-05-30 21:52:47,175 [INFO] merge_service - [Poll] 进度: 1/8 完成, 剩余 7 个任务仍在处理中...
2026-05-30 21:52:50,260 [INFO] merge_service - [Poll] 进度: 1/8 完成, 剩余 7 个任务仍在处理中...
2026-05-30 21:52:53,342 [INFO] merge_service - [Poll] 进度: 1/8 完成, 剩余 7 个任务仍在处理中...
2026-05-30 21:52:56,439 [INFO] merge_service - [Poll] 进度: 1/8 完成, 剩余 7 个任务仍在处理中...
2026-05-30 21:52:59,515 [INFO] merge_service - [Poll] 进度: 1/8 完成, 剩余 7 个任务仍在处理中...
2026-05-30 21:53:02,637 [INFO] merge_service - [Poll] 进度: 1/8 完成, 剩余 7 个任务仍在处理中...
2026-05-30 21:53:05,715 [INFO] merge_service - [Poll] 进度: 1/8 完成, 剩余 7 个任务仍在处理中...
2026-05-30 21:53:08,801 [INFO] merge_service - [Poll] 进度: 1/8 完成, 剩余 7 个任务仍在处理中...
2026-05-30 21:53:11,884 [INFO] merge_service - [Poll] 进度: 1/8 完成, 剩余 7 个任务仍在处理中...
2026-05-30 21:53:14,966 [INFO] merge_service - [Poll] 进度: 1/8 完成, 剩余 7 个任务仍在处理中...
2026-05-30 21:53:18,063 [INFO] merge_service - [Poll] 进度: 1/8 完成, 剩余 7 个任务仍在处理中...
2026-05-30 21:53:21,157 [INFO] merge_service - [Poll] 进度: 1/8 完成, 剩余 7 个任务仍在处理中...
2026-05-30 21:53:24,257 [INFO] merge_service - [Poll] 进度: 1/8 完成, 剩余 7 个任务仍在处理中...
2026-05-30 21:53:27,335 [INFO] merge_service - [Poll] 进度: 1/8 完成, 剩余 7 个任务仍在处理中...
2026-05-30 21:53:30,418 [INFO] merge_service - [Poll] 进度: 1/8 完成, 剩余 7 个任务仍在处理中...
2026-05-30 21:53:33,449 [INFO] merge_service - [Poll] 任务 307e522c-b4af-4e57-9951-5f468ab80792 (【医脉通】口服抗栓药物相关消化道损伤防治专家共识_1.png) → completed [成功]
2026-05-30 21:53:33,503 [INFO] merge_service - [Poll] 进度: 2/8 完成, 剩余 6 个任务仍在处理中...
2026-05-30 21:53:36,516 [INFO] merge_service - [Poll] 任务 9b08331c-7e2b-45c1-af5f-7ba0caeb66a0 (【医脉通】口服抗栓药物相关消化道损伤防治专家共识_7.png) → completed [成功]
2026-05-30 21:53:36,573 [INFO] merge_service - [Poll] 进度: 3/8 完成, 剩余 5 个任务仍在处理中...
2026-05-30 21:53:39,648 [INFO] merge_service - [Poll] 进度: 3/8 完成, 剩余 5 个任务仍在处理中...
2026-05-30 21:53:42,709 [INFO] merge_service - [Poll] 进度: 3/8 完成, 剩余 5 个任务仍在处理中...
2026-05-30 21:53:45,791 [INFO] merge_service - [Poll] 进度: 3/8 完成, 剩余 5 个任务仍在处理中...
2026-05-30 21:53:48,849 [INFO] merge_service - [Poll] 进度: 3/8 完成, 剩余 5 个任务仍在处理中...
2026-05-30 21:53:51,941 [INFO] merge_service - [Poll] 进度: 3/8 完成, 剩余 5 个任务仍在处理中...
2026-05-30 21:53:55,000 [INFO] merge_service - [Poll] 进度: 3/8 完成, 剩余 5 个任务仍在处理中...
2026-05-30 21:53:58,094 [INFO] merge_service - [Poll] 进度: 3/8 完成, 剩余 5 个任务仍在处理中...
2026-05-30 21:54:01,151 [INFO] merge_service - [Poll] 任务 94726298-893f-428f-aa25-288d48572678 (【医脉通】口服抗栓药物相关消化道损伤防治专家共识_5.png) → completed [成功]
2026-05-30 21:54:01,151 [INFO] merge_service - [Poll] 进度: 4/8 完成, 剩余 4 个任务仍在处理中...
2026-05-30 21:54:04,228 [INFO] merge_service - [Poll] 进度: 4/8 完成, 剩余 4 个任务仍在处理中...
2026-05-30 21:54:07,278 [INFO] merge_service - [Poll] 进度: 4/8 完成, 剩余 4 个任务仍在处理中...
2026-05-30 21:54:10,364 [INFO] merge_service - [Poll] 进度: 4/8 完成, 剩余 4 个任务仍在处理中...
2026-05-30 21:54:13,409 [INFO] merge_service - [Poll] 进度: 4/8 完成, 剩余 4 个任务仍在处理中...
2026-05-30 21:54:16,451 [INFO] merge_service - [Poll] 任务 1d1b4d39-aa8a-4c93-a647-c0af0892d48d (【医脉通】口服抗栓药物相关消化道损伤防治专家共识_2.png) → completed [成功]
2026-05-30 21:54:16,496 [INFO] merge_service - [Poll] 进度: 5/8 完成, 剩余 3 个任务仍在处理中...
2026-05-30 21:54:19,530 [INFO] merge_service - [Poll] 进度: 5/8 完成, 剩余 3 个任务仍在处理中...
2026-05-30 21:54:22,588 [INFO] merge_service - [Poll] 任务 d70a6faf-79b3-47c5-ab41-318243d3c326 (【医脉通】口服抗栓药物相关消化道损伤防治专家共识_3.png) → completed [成功]
2026-05-30 21:54:22,604 [INFO] merge_service - [Poll] 进度: 6/8 完成, 剩余 2 个任务仍在处理中...
2026-05-30 21:54:25,630 [INFO] merge_service - [Poll] 进度: 6/8 完成, 剩余 2 个任务仍在处理中...
2026-05-30 21:54:28,679 [INFO] merge_service - [Poll] 进度: 6/8 完成, 剩余 2 个任务仍在处理中...
2026-05-30 21:54:31,703 [INFO] merge_service - [Poll] 进度: 6/8 完成, 剩余 2 个任务仍在处理中...
2026-05-30 21:54:34,740 [INFO] merge_service - [Poll] 进度: 6/8 完成, 剩余 2 个任务仍在处理中...
2026-05-30 21:54:37,763 [INFO] merge_service - [Poll] 进度: 6/8 完成, 剩余 2 个任务仍在处理中...
2026-05-30 21:54:40,792 [INFO] merge_service - [Poll] 进度: 6/8 完成, 剩余 2 个任务仍在处理中...
2026-05-30 21:54:43,841 [INFO] merge_service - [Poll] 进度: 6/8 完成, 剩余 2 个任务仍在处理中...
2026-05-30 21:54:46,864 [INFO] merge_service - [Poll] 任务 51db659f-d4aa-41d0-8ccd-0e9d8ec3a751 (【医脉通】口服抗栓药物相关消化道损伤防治专家共识_4.png) → completed [成功]
2026-05-30 21:54:46,864 [INFO] merge_service - [Poll] 进度: 7/8 完成, 剩余 1 个任务仍在处理中...
2026-05-30 21:54:49,891 [INFO] merge_service - [Poll] 进度: 7/8 完成, 剩余 1 个任务仍在处理中...
2026-05-30 21:54:52,904 [INFO] merge_service - [Poll] 进度: 7/8 完成, 剩余 1 个任务仍在处理中...
2026-05-30 21:54:55,921 [INFO] merge_service - [Poll] 进度: 7/8 完成, 剩余 1 个任务仍在处理中...
2026-05-30 21:54:58,953 [INFO] merge_service - [Poll] 进度: 7/8 完成, 剩余 1 个任务仍在处理中...
2026-05-30 21:55:01,969 [INFO] merge_service - [Poll] 进度: 7/8 完成, 剩余 1 个任务仍在处理中...
2026-05-30 21:55:04,997 [INFO] merge_service - [Poll] 进度: 7/8 完成, 剩余 1 个任务仍在处理中...
2026-05-30 21:55:08,009 [INFO] merge_service - [Poll] 进度: 7/8 完成, 剩余 1 个任务仍在处理中...
2026-05-30 21:55:11,022 [INFO] merge_service - [Poll] 进度: 7/8 完成, 剩余 1 个任务仍在处理中...
2026-05-30 21:55:14,057 [INFO] merge_service - [Poll] 进度: 7/8 完成, 剩余 1 个任务仍在处理中...
2026-05-30 21:55:17,071 [INFO] merge_service - [Poll] 进度: 7/8 完成, 剩余 1 个任务仍在处理中...
2026-05-30 21:55:20,091 [INFO] merge_service - [Poll] 进度: 7/8 完成, 剩余 1 个任务仍在处理中...
2026-05-30 21:55:23,108 [INFO] merge_service - [Poll] 进度: 7/8 完成, 剩余 1 个任务仍在处理中...
2026-05-30 21:55:26,121 [INFO] merge_service - [Poll] 进度: 7/8 完成, 剩余 1 个任务仍在处理中...
2026-05-30 21:55:29,150 [INFO] merge_service - [Poll] 进度: 7/8 完成, 剩余 1 个任务仍在处理中...
2026-05-30 21:55:32,165 [INFO] merge_service - [Poll] 进度: 7/8 完成, 剩余 1 个任务仍在处理中...
2026-05-30 21:55:35,184 [INFO] merge_service - [Poll] 进度: 7/8 完成, 剩余 1 个任务仍在处理中...
2026-05-30 21:55:38,210 [INFO] merge_service - [Poll] 进度: 7/8 完成, 剩余 1 个任务仍在处理中...
2026-05-30 21:55:41,223 [INFO] merge_service - [Poll] 进度: 7/8 完成, 剩余 1 个任务仍在处理中...
2026-05-30 21:55:44,250 [INFO] merge_service - [Poll] 进度: 7/8 完成, 剩余 1 个任务仍在处理中...
2026-05-30 21:55:47,262 [INFO] merge_service - [Poll] 进度: 7/8 完成, 剩余 1 个任务仍在处理中...
2026-05-30 21:55:50,277 [INFO] merge_service - [Poll] 进度: 7/8 完成, 剩余 1 个任务仍在处理中...
2026-05-30 21:55:53,312 [INFO] merge_service - [Poll] 进度: 7/8 完成, 剩余 1 个任务仍在处理中...
2026-05-30 21:55:56,325 [INFO] merge_service - [Poll] 进度: 7/8 完成, 剩余 1 个任务仍在处理中...
2026-05-30 21:55:59,352 [INFO] merge_service - [Poll] 进度: 7/8 完成, 剩余 1 个任务仍在处理中...
2026-05-30 21:56:02,368 [INFO] merge_service - [Poll] 任务 4f7d359b-1f78-4271-bc05-3cb326e0a84a (【医脉通】口服抗栓药物相关消化道损伤防治专家共识_6.png) → completed [成功]
2026-05-30 21:56:02,368 [INFO] merge_service - [8b1e8e27-4376-4896-8905-54f6ad36aced] 所有提取任务已完成，开始合并清洗...
2026-05-30 21:56:02,368 [INFO] merge_service - [8b1e8e27-4376-4896-8905-54f6ad36aced] 合并顺序（按原图片文件名序号）:
2026-05-30 21:56:02,368 [INFO] merge_service -   第1页: 【医脉通】口服抗栓药物相关消化道损伤防治专家共识_1.png → output/医脉通】口服抗栓药物相关消化道损伤防治专家共识/医脉通】口服抗栓药物相关消化道损伤防治专家共识_1.md
2026-05-30 21:56:02,368 [INFO] merge_service -   第2页: 【医脉通】口服抗栓药物相关消化道损伤防治专家共识_2.png → output/医脉通】口服抗栓药物相关消化道损伤防治专家共识/医脉通】口服抗栓药物相关消化道损伤防治专家共识_2.md
2026-05-30 21:56:02,368 [INFO] merge_service -   第3页: 【医脉通】口服抗栓药物相关消化道损伤防治专家共识_3.png → output/医脉通】口服抗栓药物相关消化道损伤防治专家共识/医脉通】口服抗栓药物相关消化道损伤防治专家共识_3.md
2026-05-30 21:56:02,368 [INFO] merge_service -   第4页: 【医脉通】口服抗栓药物相关消化道损伤防治专家共识_4.png → output/医脉通】口服抗栓药物相关消化道损伤防治专家共识/医脉通】口服抗栓药物相关消化道损伤防治专家共识_4.md
2026-05-30 21:56:02,368 [INFO] merge_service -   第5页: 【医脉通】口服抗栓药物相关消化道损伤防治专家共识_5.png → output/医脉通】口服抗栓药物相关消化道损伤防治专家共识/医脉通】口服抗栓药物相关消化道损伤防治专家共识_5.md
2026-05-30 21:56:02,368 [INFO] merge_service -   第6页: 【医脉通】口服抗栓药物相关消化道损伤防治专家共识_6.png → output/医脉通】口服抗栓药物相关消化道损伤防治专家共识/医脉通】口服抗栓药物相关消化道损伤防治专家共识_6.md
2026-05-30 21:56:02,368 [INFO] merge_service -   第7页: 【医脉通】口服抗栓药物相关消化道损伤防治专家共识_7.png → output/医脉通】口服抗栓药物相关消化道损伤防治专家共识/医脉通】口服抗栓药物相关消化道损伤防治专家共识_7.md
2026-05-30 21:56:02,368 [INFO] merge_service -   第8页: 【医脉通】口服抗栓药物相关消化道损伤防治专家共识_8.png → output/医脉通】口服抗栓药物相关消化道损伤防治专家共识/医脉通】口服抗栓药物相关消化道损伤防治专家共识_8.md
2026-05-30 21:56:02,393 [INFO] merge_service - 
==================================================
2026-05-30 21:56:02,393 [INFO] merge_service - [8b1e8e27-4376-4896-8905-54f6ad36aced] 合并清洗完成!
2026-05-30 21:56:02,393 [INFO] merge_service -   合并文件: output/医脉通】口服抗栓药物相关消化道损伤防治专家共识/医脉通】口服抗栓药物相关消化道损伤防治专家共识_merged_output.md
2026-05-30 21:56:02,393 [INFO] merge_service -   有效页面: 6/8
2026-05-30 21:56:02,393 [INFO] merge_service -   总字符数: 19620
2026-05-30 21:56:02,393 [INFO] merge_service -   轮询耗时: 238.73s, 合并耗时: 0.03s
2026-05-30 21:56:02,393 [INFO] merge_service -   跳过页面（参考文献）: [7, 8]
2026-05-30 21:56:02,393 [INFO] merge_service - ==================================================
