2026-05-30 22:42:57,227 [INFO] merge_service - ============================================================
2026-05-30 22:42:57,227 [INFO] merge_service - 合并+清洗服务 — 新任务
2026-05-30 22:42:57,227 [INFO] merge_service -   合并ID: 339bac43-6ba1-48cd-abaa-10f2061705f9
2026-05-30 22:42:57,227 [INFO] merge_service -   PDF名称: 医脉通】2017年ACR关于高度疑诊冠心病慢性胸痛患者的影像诊断技术适用性标准 (原始: 医脉通】2017年ACR关于高度疑诊冠心病慢性胸痛患者的影像诊断技术适用性标准.pdf)
2026-05-30 22:42:57,227 [INFO] merge_service -   关联提取任务数: 4
2026-05-30 22:42:57,227 [INFO] merge_service -   输出目录: ./output
2026-05-30 22:42:57,228 [INFO] merge_service -   提取服务: http://localhost:8001
2026-05-30 22:42:57,228 [INFO] merge_service - ============================================================
2026-05-30 22:42:57,229 [INFO] merge_service - [Poll] 开始轮询 4 个提取任务...
2026-05-30 22:42:57,229 [INFO] merge_service - [Poll] 提取服务地址: http://localhost:8001
2026-05-30 22:42:57,229 [INFO] merge_service - [Poll] 轮询间隔: 3.0s, 最大等待: 3600.0s
2026-05-30 22:42:57,308 [INFO] merge_service - [Poll] 进度: 0/4 完成, 剩余 4 个任务仍在处理中...
2026-05-30 22:43:00,354 [INFO] merge_service - [Poll] 进度: 0/4 完成, 剩余 4 个任务仍在处理中...
2026-05-30 22:43:03,408 [INFO] merge_service - [Poll] 进度: 0/4 完成, 剩余 4 个任务仍在处理中...
2026-05-30 22:43:06,456 [INFO] merge_service - [Poll] 进度: 0/4 完成, 剩余 4 个任务仍在处理中...
2026-05-30 22:43:09,506 [INFO] merge_service - [Poll] 进度: 0/4 完成, 剩余 4 个任务仍在处理中...
2026-05-30 22:43:12,562 [INFO] merge_service - [Poll] 进度: 0/4 完成, 剩余 4 个任务仍在处理中...
2026-05-30 22:43:15,608 [INFO] merge_service - [Poll] 进度: 0/4 完成, 剩余 4 个任务仍在处理中...
2026-05-30 22:43:18,688 [INFO] merge_service - [Poll] 进度: 0/4 完成, 剩余 4 个任务仍在处理中...
2026-05-30 22:43:21,733 [INFO] merge_service - [Poll] 进度: 0/4 完成, 剩余 4 个任务仍在处理中...
2026-05-30 22:43:24,816 [INFO] merge_service - [Poll] 进度: 0/4 完成, 剩余 4 个任务仍在处理中...
2026-05-30 22:43:27,860 [INFO] merge_service - [Poll] 进度: 0/4 完成, 剩余 4 个任务仍在处理中...
2026-05-30 22:43:30,939 [INFO] merge_service - [Poll] 进度: 0/4 完成, 剩余 4 个任务仍在处理中...
2026-05-30 22:43:33,985 [INFO] merge_service - [Poll] 进度: 0/4 完成, 剩余 4 个任务仍在处理中...
2026-05-30 22:43:37,054 [INFO] merge_service - [Poll] 进度: 0/4 完成, 剩余 4 个任务仍在处理中...
2026-05-30 22:43:40,102 [INFO] merge_service - [Poll] 进度: 0/4 完成, 剩余 4 个任务仍在处理中...
2026-05-30 22:43:43,153 [INFO] merge_service - [Poll] 进度: 0/4 完成, 剩余 4 个任务仍在处理中...
2026-05-30 22:43:46,199 [INFO] merge_service - [Poll] 进度: 0/4 完成, 剩余 4 个任务仍在处理中...
2026-05-30 22:43:49,258 [INFO] merge_service - [Poll] 进度: 0/4 完成, 剩余 4 个任务仍在处理中...
2026-05-30 22:43:52,304 [INFO] merge_service - [Poll] 进度: 0/4 完成, 剩余 4 个任务仍在处理中...
2026-05-30 22:43:55,356 [INFO] merge_service - [Poll] 进度: 0/4 完成, 剩余 4 个任务仍在处理中...
2026-05-30 22:43:58,406 [INFO] merge_service - [Poll] 进度: 0/4 完成, 剩余 4 个任务仍在处理中...
2026-05-30 22:44:01,451 [INFO] merge_service - [Poll] 进度: 0/4 完成, 剩余 4 个任务仍在处理中...
2026-05-30 22:44:04,537 [INFO] merge_service - [Poll] 进度: 0/4 完成, 剩余 4 个任务仍在处理中...
2026-05-30 22:44:07,580 [INFO] merge_service - [Poll] 进度: 0/4 完成, 剩余 4 个任务仍在处理中...
2026-05-30 22:44:10,662 [INFO] merge_service - [Poll] 进度: 0/4 完成, 剩余 4 个任务仍在处理中...
2026-05-30 22:44:13,708 [INFO] merge_service - [Poll] 进度: 0/4 完成, 剩余 4 个任务仍在处理中...
2026-05-30 22:44:16,760 [INFO] merge_service - [Poll] 任务 aecaf050-1884-4838-b81b-1cf8b161cd46 (【医脉通】2017年ACR关于高度疑诊冠心病慢性胸痛患者的影像诊断技术适用性标准_1.png) → completed [成功]
2026-05-30 22:44:16,789 [INFO] merge_service - [Poll] 任务 c6ee902f-e978-4f8f-b616-74229a94e527 (【医脉通】2017年ACR关于高度疑诊冠心病慢性胸痛患者的影像诊断技术适用性标准_2.png) → completed [成功]
2026-05-30 22:44:16,789 [INFO] merge_service - [Poll] 进度: 2/4 完成, 剩余 2 个任务仍在处理中...
2026-05-30 22:44:19,812 [INFO] merge_service - [Poll] 进度: 2/4 完成, 剩余 2 个任务仍在处理中...
2026-05-30 22:44:22,857 [INFO] merge_service - [Poll] 进度: 2/4 完成, 剩余 2 个任务仍在处理中...
2026-05-30 22:44:25,884 [INFO] merge_service - [Poll] 进度: 2/4 完成, 剩余 2 个任务仍在处理中...
2026-05-30 22:44:28,911 [INFO] merge_service - [Poll] 进度: 2/4 完成, 剩余 2 个任务仍在处理中...
2026-05-30 22:44:31,964 [INFO] merge_service - [Poll] 进度: 2/4 完成, 剩余 2 个任务仍在处理中...
2026-05-30 22:44:34,987 [INFO] merge_service - [Poll] 进度: 2/4 完成, 剩余 2 个任务仍在处理中...
2026-05-30 22:44:38,032 [INFO] merge_service - [Poll] 进度: 2/4 完成, 剩余 2 个任务仍在处理中...
2026-05-30 22:44:41,060 [INFO] merge_service - [Poll] 任务 9302d203-73a0-41e6-8f6d-79265a59fedb (【医脉通】2017年ACR关于高度疑诊冠心病慢性胸痛患者的影像诊断技术适用性标准_4.png) → completed [成功]
2026-05-30 22:44:41,060 [INFO] merge_service - [Poll] 进度: 3/4 完成, 剩余 1 个任务仍在处理中...
2026-05-30 22:44:44,077 [INFO] merge_service - [Poll] 进度: 3/4 完成, 剩余 1 个任务仍在处理中...
2026-05-30 22:44:47,108 [INFO] merge_service - [Poll] 任务 8c35e2c5-f2a0-489b-9dcd-d6ddb4b780b3 (【医脉通】2017年ACR关于高度疑诊冠心病慢性胸痛患者的影像诊断技术适用性标准_3.png) → completed [成功]
2026-05-30 22:44:47,108 [INFO] merge_service - [339bac43-6ba1-48cd-abaa-10f2061705f9] 所有提取任务已完成，开始合并清洗...
2026-05-30 22:44:47,108 [INFO] merge_service - [339bac43-6ba1-48cd-abaa-10f2061705f9] 合并顺序（按原图片文件名序号）:
2026-05-30 22:44:47,108 [INFO] merge_service -   第1页: 【医脉通】2017年ACR关于高度疑诊冠心病慢性胸痛患者的影像诊断技术适用性标准_1.png → output/医脉通】2017年ACR关于高度疑诊冠心病慢性胸痛患者的影像诊断技术适用性标准/医脉通】2017年ACR关于高度疑诊冠心病慢性胸痛患者的影像诊断技术适用性标准_1.md
2026-05-30 22:44:47,108 [INFO] merge_service -   第2页: 【医脉通】2017年ACR关于高度疑诊冠心病慢性胸痛患者的影像诊断技术适用性标准_2.png → output/医脉通】2017年ACR关于高度疑诊冠心病慢性胸痛患者的影像诊断技术适用性标准/医脉通】2017年ACR关于高度疑诊冠心病慢性胸痛患者的影像诊断技术适用性标准_2.md
2026-05-30 22:44:47,108 [INFO] merge_service -   第3页: 【医脉通】2017年ACR关于高度疑诊冠心病慢性胸痛患者的影像诊断技术适用性标准_3.png → output/医脉通】2017年ACR关于高度疑诊冠心病慢性胸痛患者的影像诊断技术适用性标准/医脉通】2017年ACR关于高度疑诊冠心病慢性胸痛患者的影像诊断技术适用性标准_3.md
2026-05-30 22:44:47,108 [INFO] merge_service -   第4页: 【医脉通】2017年ACR关于高度疑诊冠心病慢性胸痛患者的影像诊断技术适用性标准_4.png → output/医脉通】2017年ACR关于高度疑诊冠心病慢性胸痛患者的影像诊断技术适用性标准/医脉通】2017年ACR关于高度疑诊冠心病慢性胸痛患者的影像诊断技术适用性标准_4.md
2026-05-30 22:44:47,119 [INFO] merge_service - 
==================================================
2026-05-30 22:44:47,119 [INFO] merge_service - [339bac43-6ba1-48cd-abaa-10f2061705f9] 合并清洗完成!
2026-05-30 22:44:47,119 [INFO] merge_service -   合并文件: output/医脉通】2017年ACR关于高度疑诊冠心病慢性胸痛患者的影像诊断技术适用性标准/医脉通】2017年ACR关于高度疑诊冠心病慢性胸痛患者的影像诊断技术适用性标准_merged_output.md
2026-05-30 22:44:47,119 [INFO] merge_service -   有效页面: 4/4
2026-05-30 22:44:47,119 [INFO] merge_service -   总字符数: 7554
2026-05-30 22:44:47,119 [INFO] merge_service -   轮询耗时: 109.88s, 合并耗时: 0.01s
2026-05-30 22:44:47,119 [INFO] merge_service - ==================================================
