2026-05-30 22:08:05,042 [INFO] merge_service - ============================================================
2026-05-30 22:08:05,042 [INFO] merge_service - 合并+清洗服务 — 新任务
2026-05-30 22:08:05,042 [INFO] merge_service -   合并ID: b27e2eb0-e733-4c4c-972e-ecc767d7a5cc
2026-05-30 22:08:05,042 [INFO] merge_service -   PDF名称: 冠心病血运重建后心脏性猝死的预防 (原始: 冠心病血运重建后心脏性猝死的预防.pdf)
2026-05-30 22:08:05,042 [INFO] merge_service -   关联提取任务数: 13
2026-05-30 22:08:05,042 [INFO] merge_service -   输出目录: ./output
2026-05-30 22:08:05,042 [INFO] merge_service -   提取服务: http://localhost:8001
2026-05-30 22:08:05,042 [INFO] merge_service - ============================================================
2026-05-30 22:08:05,043 [INFO] merge_service - [Poll] 开始轮询 13 个提取任务...
2026-05-30 22:08:05,043 [INFO] merge_service - [Poll] 提取服务地址: http://localhost:8001
2026-05-30 22:08:05,043 [INFO] merge_service - [Poll] 轮询间隔: 3.0s, 最大等待: 3600.0s
2026-05-30 22:08:05,313 [INFO] merge_service - [Poll] 进度: 0/13 完成, 剩余 13 个任务仍在处理中...
2026-05-30 22:08:08,459 [INFO] merge_service - [Poll] 进度: 0/13 完成, 剩余 13 个任务仍在处理中...
2026-05-30 22:08:11,641 [INFO] merge_service - [Poll] 进度: 0/13 完成, 剩余 13 个任务仍在处理中...
2026-05-30 22:08:14,814 [INFO] merge_service - [Poll] 进度: 0/13 完成, 剩余 13 个任务仍在处理中...
2026-05-30 22:08:17,959 [INFO] merge_service - [Poll] 进度: 0/13 完成, 剩余 13 个任务仍在处理中...
2026-05-30 22:08:21,130 [INFO] merge_service - [Poll] 进度: 0/13 完成, 剩余 13 个任务仍在处理中...
2026-05-30 22:08:24,302 [INFO] merge_service - [Poll] 进度: 0/13 完成, 剩余 13 个任务仍在处理中...
2026-05-30 22:08:27,464 [INFO] merge_service - [Poll] 进度: 0/13 完成, 剩余 13 个任务仍在处理中...
2026-05-30 22:08:30,621 [INFO] merge_service - [Poll] 进度: 0/13 完成, 剩余 13 个任务仍在处理中...
2026-05-30 22:08:33,805 [INFO] merge_service - [Poll] 进度: 0/13 完成, 剩余 13 个任务仍在处理中...
2026-05-30 22:08:36,959 [INFO] merge_service - [Poll] 进度: 0/13 完成, 剩余 13 个任务仍在处理中...
2026-05-30 22:08:40,123 [INFO] merge_service - [Poll] 进度: 0/13 完成, 剩余 13 个任务仍在处理中...
2026-05-30 22:08:43,305 [INFO] merge_service - [Poll] 进度: 0/13 完成, 剩余 13 个任务仍在处理中...
2026-05-30 22:08:46,470 [INFO] merge_service - [Poll] 进度: 0/13 完成, 剩余 13 个任务仍在处理中...
2026-05-30 22:08:49,666 [INFO] merge_service - [Poll] 进度: 0/13 完成, 剩余 13 个任务仍在处理中...
2026-05-30 22:08:52,814 [INFO] merge_service - [Poll] 进度: 0/13 完成, 剩余 13 个任务仍在处理中...
2026-05-30 22:08:55,963 [INFO] merge_service - [Poll] 进度: 0/13 完成, 剩余 13 个任务仍在处理中...
2026-05-30 22:08:59,110 [INFO] merge_service - [Poll] 进度: 0/13 完成, 剩余 13 个任务仍在处理中...
2026-05-30 22:09:02,267 [INFO] merge_service - [Poll] 进度: 0/13 完成, 剩余 13 个任务仍在处理中...
2026-05-30 22:09:05,408 [INFO] merge_service - [Poll] 进度: 0/13 完成, 剩余 13 个任务仍在处理中...
2026-05-30 22:09:08,556 [INFO] merge_service - [Poll] 进度: 0/13 完成, 剩余 13 个任务仍在处理中...
2026-05-30 22:09:11,654 [INFO] merge_service - [Poll] 任务 98905ea9-8cce-49e2-afcb-fe7e3058af19 (冠心病血运重建后心脏性猝死的预防_4.png) → completed [成功]
2026-05-30 22:09:11,733 [INFO] merge_service - [Poll] 进度: 1/13 完成, 剩余 12 个任务仍在处理中...
2026-05-30 22:09:14,820 [INFO] merge_service - [Poll] 任务 2b0203d4-f9a7-4e66-97ca-1f9a944a0b17 (冠心病血运重建后心脏性猝死的预防_2.png) → completed [成功]
2026-05-30 22:09:14,872 [INFO] merge_service - [Poll] 进度: 2/13 完成, 剩余 11 个任务仍在处理中...
2026-05-30 22:09:17,996 [INFO] merge_service - [Poll] 进度: 2/13 完成, 剩余 11 个任务仍在处理中...
2026-05-30 22:09:21,166 [INFO] merge_service - [Poll] 进度: 2/13 完成, 剩余 11 个任务仍在处理中...
2026-05-30 22:09:24,300 [INFO] merge_service - [Poll] 进度: 2/13 完成, 剩余 11 个任务仍在处理中...
2026-05-30 22:09:27,421 [INFO] merge_service - [Poll] 进度: 2/13 完成, 剩余 11 个任务仍在处理中...
2026-05-30 22:09:30,579 [INFO] merge_service - [Poll] 进度: 2/13 完成, 剩余 11 个任务仍在处理中...
2026-05-30 22:09:33,703 [INFO] merge_service - [Poll] 进度: 2/13 完成, 剩余 11 个任务仍在处理中...
2026-05-30 22:09:36,835 [INFO] merge_service - [Poll] 进度: 2/13 完成, 剩余 11 个任务仍在处理中...
2026-05-30 22:09:39,998 [INFO] merge_service - [Poll] 进度: 2/13 完成, 剩余 11 个任务仍在处理中...
2026-05-30 22:09:43,125 [INFO] merge_service - [Poll] 进度: 2/13 完成, 剩余 11 个任务仍在处理中...
2026-05-30 22:09:46,250 [INFO] merge_service - [Poll] 进度: 2/13 完成, 剩余 11 个任务仍在处理中...
2026-05-30 22:09:49,371 [INFO] merge_service - [Poll] 任务 68663587-3a85-4763-86ba-2befb662da8f (冠心病血运重建后心脏性猝死的预防_1.png) → completed [成功]
2026-05-30 22:09:49,414 [INFO] merge_service - [Poll] 进度: 3/13 完成, 剩余 10 个任务仍在处理中...
2026-05-30 22:09:52,541 [INFO] merge_service - [Poll] 进度: 3/13 完成, 剩余 10 个任务仍在处理中...
2026-05-30 22:09:55,653 [INFO] merge_service - [Poll] 进度: 3/13 完成, 剩余 10 个任务仍在处理中...
2026-05-30 22:09:58,810 [INFO] merge_service - [Poll] 进度: 3/13 完成, 剩余 10 个任务仍在处理中...
2026-05-30 22:10:01,921 [INFO] merge_service - [Poll] 进度: 3/13 完成, 剩余 10 个任务仍在处理中...
2026-05-30 22:10:05,045 [INFO] merge_service - [Poll] 进度: 3/13 完成, 剩余 10 个任务仍在处理中...
2026-05-30 22:10:08,175 [INFO] merge_service - [Poll] 进度: 3/13 完成, 剩余 10 个任务仍在处理中...
2026-05-30 22:10:11,285 [INFO] merge_service - [Poll] 进度: 3/13 完成, 剩余 10 个任务仍在处理中...
2026-05-30 22:10:14,408 [INFO] merge_service - [Poll] 进度: 3/13 完成, 剩余 10 个任务仍在处理中...
2026-05-30 22:10:17,452 [INFO] merge_service - [Poll] 任务 b8d98c05-a68a-47a0-9265-f57113cc7985 (冠心病血运重建后心脏性猝死的预防_7.png) → completed [成功]
2026-05-30 22:10:17,495 [INFO] merge_service - [Poll] 任务 50875fd1-df06-41d7-b945-0bddbe2848ca (冠心病血运重建后心脏性猝死的预防_11.png) → completed [成功]
2026-05-30 22:10:17,529 [INFO] merge_service - [Poll] 进度: 5/13 完成, 剩余 8 个任务仍在处理中...
2026-05-30 22:10:20,619 [INFO] merge_service - [Poll] 进度: 5/13 完成, 剩余 8 个任务仍在处理中...
2026-05-30 22:10:23,639 [INFO] merge_service - [Poll] 任务 7033af53-28ab-4037-bed9-18612c2220de (冠心病血运重建后心脏性猝死的预防_5.png) → completed [成功]
2026-05-30 22:10:23,671 [INFO] merge_service - [Poll] 任务 9608468d-370c-41cf-8ef0-52857837d422 (冠心病血运重建后心脏性猝死的预防_3.png) → completed [成功]
2026-05-30 22:10:23,753 [INFO] merge_service - [Poll] 进度: 7/13 完成, 剩余 6 个任务仍在处理中...
2026-05-30 22:10:26,823 [INFO] merge_service - [Poll] 进度: 7/13 完成, 剩余 6 个任务仍在处理中...
2026-05-30 22:10:29,932 [INFO] merge_service - [Poll] 进度: 7/13 完成, 剩余 6 个任务仍在处理中...
2026-05-30 22:10:32,980 [INFO] merge_service - [Poll] 任务 337f2a84-0d9f-45a9-9c29-cf913948d3f8 (冠心病血运重建后心脏性猝死的预防_13.png) → completed [成功]
2026-05-30 22:10:33,004 [INFO] merge_service - [Poll] 进度: 8/13 完成, 剩余 5 个任务仍在处理中...
2026-05-30 22:10:36,065 [INFO] merge_service - [Poll] 进度: 8/13 完成, 剩余 5 个任务仍在处理中...
2026-05-30 22:10:39,121 [INFO] merge_service - [Poll] 进度: 8/13 完成, 剩余 5 个任务仍在处理中...
2026-05-30 22:10:42,202 [INFO] merge_service - [Poll] 进度: 8/13 完成, 剩余 5 个任务仍在处理中...
2026-05-30 22:10:45,259 [INFO] merge_service - [Poll] 进度: 8/13 完成, 剩余 5 个任务仍在处理中...
2026-05-30 22:10:48,343 [INFO] merge_service - [Poll] 进度: 8/13 完成, 剩余 5 个任务仍在处理中...
2026-05-30 22:10:51,398 [INFO] merge_service - [Poll] 进度: 8/13 完成, 剩余 5 个任务仍在处理中...
2026-05-30 22:10:54,431 [INFO] merge_service - [Poll] 任务 f35b7209-93c1-47c6-aa4f-641ca32721f4 (冠心病血运重建后心脏性猝死的预防_6.png) → completed [成功]
2026-05-30 22:10:54,484 [INFO] merge_service - [Poll] 任务 67f72f4f-3796-4d33-a1c2-c5d745fa7dd8 (冠心病血运重建后心脏性猝死的预防_10.png) → completed [成功]
2026-05-30 22:10:54,494 [INFO] merge_service - [Poll] 进度: 10/13 完成, 剩余 3 个任务仍在处理中...
2026-05-30 22:10:57,529 [INFO] merge_service - [Poll] 进度: 10/13 完成, 剩余 3 个任务仍在处理中...
2026-05-30 22:11:00,601 [INFO] merge_service - [Poll] 进度: 10/13 完成, 剩余 3 个任务仍在处理中...
2026-05-30 22:11:03,637 [INFO] merge_service - [Poll] 进度: 10/13 完成, 剩余 3 个任务仍在处理中...
2026-05-30 22:11:06,672 [INFO] merge_service - [Poll] 任务 7a909149-3046-463a-8856-407f7b1cc2b3 (冠心病血运重建后心脏性猝死的预防_8.png) → completed [成功]
2026-05-30 22:11:06,709 [INFO] merge_service - [Poll] 进度: 11/13 完成, 剩余 2 个任务仍在处理中...
2026-05-30 22:11:09,732 [INFO] merge_service - [Poll] 进度: 11/13 完成, 剩余 2 个任务仍在处理中...
2026-05-30 22:11:12,777 [INFO] merge_service - [Poll] 进度: 11/13 完成, 剩余 2 个任务仍在处理中...
2026-05-30 22:11:15,801 [INFO] merge_service - [Poll] 进度: 11/13 完成, 剩余 2 个任务仍在处理中...
2026-05-30 22:11:18,834 [INFO] merge_service - [Poll] 进度: 11/13 完成, 剩余 2 个任务仍在处理中...
2026-05-30 22:11:21,868 [INFO] merge_service - [Poll] 进度: 11/13 完成, 剩余 2 个任务仍在处理中...
2026-05-30 22:11:24,892 [INFO] merge_service - [Poll] 进度: 11/13 完成, 剩余 2 个任务仍在处理中...
2026-05-30 22:11:27,955 [INFO] merge_service - [Poll] 进度: 11/13 完成, 剩余 2 个任务仍在处理中...
2026-05-30 22:11:30,978 [INFO] merge_service - [Poll] 进度: 11/13 完成, 剩余 2 个任务仍在处理中...
2026-05-30 22:11:34,025 [INFO] merge_service - [Poll] 进度: 11/13 完成, 剩余 2 个任务仍在处理中...
2026-05-30 22:11:37,040 [INFO] merge_service - [Poll] 任务 6360d4c3-dac6-42cc-90e1-32e0ee121f3c (冠心病血运重建后心脏性猝死的预防_12.png) → completed [成功]
2026-05-30 22:11:37,051 [INFO] merge_service - [Poll] 进度: 12/13 完成, 剩余 1 个任务仍在处理中...
2026-05-30 22:11:40,071 [INFO] merge_service - [Poll] 进度: 12/13 完成, 剩余 1 个任务仍在处理中...
2026-05-30 22:11:43,090 [INFO] merge_service - [Poll] 进度: 12/13 完成, 剩余 1 个任务仍在处理中...
2026-05-30 22:11:46,103 [INFO] merge_service - [Poll] 进度: 12/13 完成, 剩余 1 个任务仍在处理中...
2026-05-30 22:11:49,130 [INFO] merge_service - [Poll] 进度: 12/13 完成, 剩余 1 个任务仍在处理中...
2026-05-30 22:11:52,143 [INFO] merge_service - [Poll] 进度: 12/13 完成, 剩余 1 个任务仍在处理中...
2026-05-30 22:11:55,155 [INFO] merge_service - [Poll] 进度: 12/13 完成, 剩余 1 个任务仍在处理中...
2026-05-30 22:11:58,194 [INFO] merge_service - [Poll] 进度: 12/13 完成, 剩余 1 个任务仍在处理中...
2026-05-30 22:12:01,213 [INFO] merge_service - [Poll] 进度: 12/13 完成, 剩余 1 个任务仍在处理中...
2026-05-30 22:12:04,226 [INFO] merge_service - [Poll] 进度: 12/13 完成, 剩余 1 个任务仍在处理中...
2026-05-30 22:12:07,262 [INFO] merge_service - [Poll] 进度: 12/13 完成, 剩余 1 个任务仍在处理中...
2026-05-30 22:12:10,274 [INFO] merge_service - [Poll] 进度: 12/13 完成, 剩余 1 个任务仍在处理中...
2026-05-30 22:12:13,289 [INFO] merge_service - [Poll] 进度: 12/13 完成, 剩余 1 个任务仍在处理中...
2026-05-30 22:12:16,324 [INFO] merge_service - [Poll] 进度: 12/13 完成, 剩余 1 个任务仍在处理中...
2026-05-30 22:12:19,337 [INFO] merge_service - [Poll] 进度: 12/13 完成, 剩余 1 个任务仍在处理中...
2026-05-30 22:12:22,358 [INFO] merge_service - [Poll] 进度: 12/13 完成, 剩余 1 个任务仍在处理中...
2026-05-30 22:12:25,373 [INFO] merge_service - [Poll] 进度: 12/13 完成, 剩余 1 个任务仍在处理中...
2026-05-30 22:12:28,386 [INFO] merge_service - [Poll] 进度: 12/13 完成, 剩余 1 个任务仍在处理中...
2026-05-30 22:12:31,414 [INFO] merge_service - [Poll] 进度: 12/13 完成, 剩余 1 个任务仍在处理中...
2026-05-30 22:12:34,425 [INFO] merge_service - [Poll] 进度: 12/13 完成, 剩余 1 个任务仍在处理中...
2026-05-30 22:12:37,438 [INFO] merge_service - [Poll] 进度: 12/13 完成, 剩余 1 个任务仍在处理中...
2026-05-30 22:12:40,479 [INFO] merge_service - [Poll] 进度: 12/13 完成, 剩余 1 个任务仍在处理中...
2026-05-30 22:12:43,492 [INFO] merge_service - [Poll] 进度: 12/13 完成, 剩余 1 个任务仍在处理中...
2026-05-30 22:12:46,511 [INFO] merge_service - [Poll] 进度: 12/13 完成, 剩余 1 个任务仍在处理中...
2026-05-30 22:12:49,544 [INFO] merge_service - [Poll] 进度: 12/13 完成, 剩余 1 个任务仍在处理中...
2026-05-30 22:12:52,557 [INFO] merge_service - [Poll] 进度: 12/13 完成, 剩余 1 个任务仍在处理中...
2026-05-30 22:12:55,572 [INFO] merge_service - [Poll] 进度: 12/13 完成, 剩余 1 个任务仍在处理中...
2026-05-30 22:12:58,609 [INFO] merge_service - [Poll] 进度: 12/13 完成, 剩余 1 个任务仍在处理中...
2026-05-30 22:13:01,622 [INFO] merge_service - [Poll] 进度: 12/13 完成, 剩余 1 个任务仍在处理中...
2026-05-30 22:13:04,642 [INFO] merge_service - [Poll] 进度: 12/13 完成, 剩余 1 个任务仍在处理中...
2026-05-30 22:13:07,656 [INFO] merge_service - [Poll] 进度: 12/13 完成, 剩余 1 个任务仍在处理中...
2026-05-30 22:13:10,668 [INFO] merge_service - [Poll] 任务 d1297234-c8ae-4e6a-bab3-1026239d7b57 (冠心病血运重建后心脏性猝死的预防_9.png) → completed [成功]
2026-05-30 22:13:10,669 [INFO] merge_service - [b27e2eb0-e733-4c4c-972e-ecc767d7a5cc] 所有提取任务已完成，开始合并清洗...
2026-05-30 22:13:10,669 [INFO] merge_service - [b27e2eb0-e733-4c4c-972e-ecc767d7a5cc] 合并顺序（按原图片文件名序号）:
2026-05-30 22:13:10,669 [INFO] merge_service -   第1页: 冠心病血运重建后心脏性猝死的预防_1.png → output/冠心病血运重建后心脏性猝死的预防/冠心病血运重建后心脏性猝死的预防_1.md
2026-05-30 22:13:10,669 [INFO] merge_service -   第2页: 冠心病血运重建后心脏性猝死的预防_2.png → output/冠心病血运重建后心脏性猝死的预防/冠心病血运重建后心脏性猝死的预防_2.md
2026-05-30 22:13:10,669 [INFO] merge_service -   第3页: 冠心病血运重建后心脏性猝死的预防_3.png → output/冠心病血运重建后心脏性猝死的预防/冠心病血运重建后心脏性猝死的预防_3.md
2026-05-30 22:13:10,669 [INFO] merge_service -   第4页: 冠心病血运重建后心脏性猝死的预防_4.png → output/冠心病血运重建后心脏性猝死的预防/冠心病血运重建后心脏性猝死的预防_4.md
2026-05-30 22:13:10,669 [INFO] merge_service -   第5页: 冠心病血运重建后心脏性猝死的预防_5.png → output/冠心病血运重建后心脏性猝死的预防/冠心病血运重建后心脏性猝死的预防_5.md
2026-05-30 22:13:10,669 [INFO] merge_service -   第6页: 冠心病血运重建后心脏性猝死的预防_6.png → output/冠心病血运重建后心脏性猝死的预防/冠心病血运重建后心脏性猝死的预防_6.md
2026-05-30 22:13:10,669 [INFO] merge_service -   第7页: 冠心病血运重建后心脏性猝死的预防_7.png → output/冠心病血运重建后心脏性猝死的预防/冠心病血运重建后心脏性猝死的预防_7.md
2026-05-30 22:13:10,669 [INFO] merge_service -   第8页: 冠心病血运重建后心脏性猝死的预防_8.png → output/冠心病血运重建后心脏性猝死的预防/冠心病血运重建后心脏性猝死的预防_8.md
2026-05-30 22:13:10,669 [INFO] merge_service -   第9页: 冠心病血运重建后心脏性猝死的预防_9.png → output/冠心病血运重建后心脏性猝死的预防/冠心病血运重建后心脏性猝死的预防_9.md
2026-05-30 22:13:10,669 [INFO] merge_service -   第10页: 冠心病血运重建后心脏性猝死的预防_10.png → output/冠心病血运重建后心脏性猝死的预防/冠心病血运重建后心脏性猝死的预防_10.md
2026-05-30 22:13:10,669 [INFO] merge_service -   第11页: 冠心病血运重建后心脏性猝死的预防_11.png → output/冠心病血运重建后心脏性猝死的预防/冠心病血运重建后心脏性猝死的预防_11.md
2026-05-30 22:13:10,669 [INFO] merge_service -   第12页: 冠心病血运重建后心脏性猝死的预防_12.png → output/冠心病血运重建后心脏性猝死的预防/冠心病血运重建后心脏性猝死的预防_12.md
2026-05-30 22:13:10,669 [INFO] merge_service -   第13页: 冠心病血运重建后心脏性猝死的预防_13.png → output/冠心病血运重建后心脏性猝死的预防/冠心病血运重建后心脏性猝死的预防_13.md
2026-05-30 22:13:10,695 [INFO] merge_service - 
==================================================
2026-05-30 22:13:10,695 [INFO] merge_service - [b27e2eb0-e733-4c4c-972e-ecc767d7a5cc] 合并清洗完成!
2026-05-30 22:13:10,696 [INFO] merge_service -   合并文件: output/冠心病血运重建后心脏性猝死的预防/冠心病血运重建后心脏性猝死的预防_merged_output.md
2026-05-30 22:13:10,696 [INFO] merge_service -   有效页面: 11/13
2026-05-30 22:13:10,696 [INFO] merge_service -   总字符数: 29840
2026-05-30 22:13:10,696 [INFO] merge_service -   轮询耗时: 305.63s, 合并耗时: 0.03s
2026-05-30 22:13:10,696 [INFO] merge_service -   跳过页面（参考文献）: [12, 13]
2026-05-30 22:13:10,696 [INFO] merge_service - ==================================================
