2026-05-30 21:03:43,942 [INFO] merge_service - ============================================================
2026-05-30 21:03:43,942 [INFO] merge_service - 合并+清洗服务 — 新任务
2026-05-30 21:03:43,942 [INFO] merge_service -   合并ID: 529eb7bf-722e-434b-83a5-631754883325
2026-05-30 21:03:43,942 [INFO] merge_service -   PDF名称: 光学相干断层成像技术在冠心病介入诊疗领域的应用中国专家建议 (原始: 光学相干断层成像技术在冠心病介入诊疗领域的应用中国专家建议.pdf)
2026-05-30 21:03:43,942 [INFO] merge_service -   关联提取任务数: 8
2026-05-30 21:03:43,942 [INFO] merge_service -   输出目录: ./output
2026-05-30 21:03:43,942 [INFO] merge_service -   提取服务: http://localhost:8001
2026-05-30 21:03:43,942 [INFO] merge_service - ============================================================
2026-05-30 21:03:43,943 [INFO] merge_service - [Poll] 开始轮询 8 个提取任务...
2026-05-30 21:03:43,943 [INFO] merge_service - [Poll] 提取服务地址: http://localhost:8001
2026-05-30 21:03:43,943 [INFO] merge_service - [Poll] 轮询间隔: 3.0s, 最大等待: 3600.0s
2026-05-30 21:03:44,158 [INFO] merge_service - [Poll] 进度: 0/8 完成, 剩余 8 个任务仍在处理中...
2026-05-30 21:03:47,294 [INFO] merge_service - [Poll] 进度: 0/8 完成, 剩余 8 个任务仍在处理中...
2026-05-30 21:03:50,441 [INFO] merge_service - [Poll] 进度: 0/8 完成, 剩余 8 个任务仍在处理中...
2026-05-30 21:03:53,547 [INFO] merge_service - [Poll] 进度: 0/8 完成, 剩余 8 个任务仍在处理中...
2026-05-30 21:03:56,641 [INFO] merge_service - [Poll] 进度: 0/8 完成, 剩余 8 个任务仍在处理中...
2026-05-30 21:03:59,746 [INFO] merge_service - [Poll] 进度: 0/8 完成, 剩余 8 个任务仍在处理中...
2026-05-30 21:04:02,885 [INFO] merge_service - [Poll] 进度: 0/8 完成, 剩余 8 个任务仍在处理中...
2026-05-30 21:04:05,985 [INFO] merge_service - [Poll] 进度: 0/8 完成, 剩余 8 个任务仍在处理中...
2026-05-30 21:04:09,125 [INFO] merge_service - [Poll] 进度: 0/8 完成, 剩余 8 个任务仍在处理中...
2026-05-30 21:04:12,219 [INFO] merge_service - [Poll] 进度: 0/8 完成, 剩余 8 个任务仍在处理中...
2026-05-30 21:04:15,313 [INFO] merge_service - [Poll] 进度: 0/8 完成, 剩余 8 个任务仍在处理中...
2026-05-30 21:04:18,410 [INFO] merge_service - [Poll] 进度: 0/8 完成, 剩余 8 个任务仍在处理中...
2026-05-30 21:04:21,507 [INFO] merge_service - [Poll] 进度: 0/8 完成, 剩余 8 个任务仍在处理中...
2026-05-30 21:04:24,608 [INFO] merge_service - [Poll] 进度: 0/8 完成, 剩余 8 个任务仍在处理中...
2026-05-30 21:04:27,696 [INFO] merge_service - [Poll] 进度: 0/8 完成, 剩余 8 个任务仍在处理中...
2026-05-30 21:04:30,834 [INFO] merge_service - [Poll] 进度: 0/8 完成, 剩余 8 个任务仍在处理中...
2026-05-30 21:04:33,907 [INFO] merge_service - [Poll] 任务 8dd5b659-26a3-4287-8c2d-9551b6ac5947 (光学相干断层成像技术在冠心病介入诊疗领域的应用中国专家建议_1.png) → completed [成功]
2026-05-30 21:04:33,928 [INFO] merge_service - [Poll] 进度: 1/8 完成, 剩余 7 个任务仍在处理中...
2026-05-30 21:04:37,009 [INFO] merge_service - [Poll] 进度: 1/8 完成, 剩余 7 个任务仍在处理中...
2026-05-30 21:04:40,101 [INFO] merge_service - [Poll] 进度: 1/8 完成, 剩余 7 个任务仍在处理中...
2026-05-30 21:04:43,184 [INFO] merge_service - [Poll] 进度: 1/8 完成, 剩余 7 个任务仍在处理中...
2026-05-30 21:04:46,266 [INFO] merge_service - [Poll] 进度: 1/8 完成, 剩余 7 个任务仍在处理中...
2026-05-30 21:04:49,346 [INFO] merge_service - [Poll] 进度: 1/8 完成, 剩余 7 个任务仍在处理中...
2026-05-30 21:04:52,462 [INFO] merge_service - [Poll] 进度: 1/8 完成, 剩余 7 个任务仍在处理中...
2026-05-30 21:04:55,502 [INFO] merge_service - [Poll] 任务 cc674c29-4771-43a3-ac91-01f15b15fb7d (光学相干断层成像技术在冠心病介入诊疗领域的应用中国专家建议_3.png) → completed [成功]
2026-05-30 21:04:55,547 [INFO] merge_service - [Poll] 进度: 2/8 完成, 剩余 6 个任务仍在处理中...
2026-05-30 21:04:58,623 [INFO] merge_service - [Poll] 进度: 2/8 完成, 剩余 6 个任务仍在处理中...
2026-05-30 21:05:01,692 [INFO] merge_service - [Poll] 进度: 2/8 完成, 剩余 6 个任务仍在处理中...
2026-05-30 21:05:04,778 [INFO] merge_service - [Poll] 进度: 2/8 完成, 剩余 6 个任务仍在处理中...
2026-05-30 21:05:07,857 [INFO] merge_service - [Poll] 进度: 2/8 完成, 剩余 6 个任务仍在处理中...
2026-05-30 21:05:10,895 [INFO] merge_service - [Poll] 任务 a69d19b9-8ed0-4b3d-8f29-c1efb143de70 (光学相干断层成像技术在冠心病介入诊疗领域的应用中国专家建议_8.png) → completed [成功]
2026-05-30 21:05:10,927 [INFO] merge_service - [Poll] 进度: 3/8 完成, 剩余 5 个任务仍在处理中...
2026-05-30 21:05:14,012 [INFO] merge_service - [Poll] 进度: 3/8 完成, 剩余 5 个任务仍在处理中...
2026-05-30 21:05:17,072 [INFO] merge_service - [Poll] 进度: 3/8 完成, 剩余 5 个任务仍在处理中...
2026-05-30 21:05:20,168 [INFO] merge_service - [Poll] 进度: 3/8 完成, 剩余 5 个任务仍在处理中...
2026-05-30 21:05:23,227 [INFO] merge_service - [Poll] 进度: 3/8 完成, 剩余 5 个任务仍在处理中...
2026-05-30 21:05:26,320 [INFO] merge_service - [Poll] 进度: 3/8 完成, 剩余 5 个任务仍在处理中...
2026-05-30 21:05:29,379 [INFO] merge_service - [Poll] 进度: 3/8 完成, 剩余 5 个任务仍在处理中...
2026-05-30 21:05:32,406 [INFO] merge_service - [Poll] 任务 8f54129e-e916-47f0-8223-06ba0e8d93f9 (光学相干断层成像技术在冠心病介入诊疗领域的应用中国专家建议_4.png) → completed [成功]
2026-05-30 21:05:32,461 [INFO] merge_service - [Poll] 任务 ee81e7cf-348c-4d6f-bbc5-c952aecd01ab (光学相干断层成像技术在冠心病介入诊疗领域的应用中国专家建议_7.png) → completed [成功]
2026-05-30 21:05:32,462 [INFO] merge_service - [Poll] 进度: 5/8 完成, 剩余 3 个任务仍在处理中...
2026-05-30 21:05:35,488 [INFO] merge_service - [Poll] 任务 f19c2ce2-a0e8-4c93-923e-4de3f15568be (光学相干断层成像技术在冠心病介入诊疗领域的应用中国专家建议_5.png) → completed [成功]
2026-05-30 21:05:35,499 [INFO] merge_service - [Poll] 进度: 6/8 完成, 剩余 2 个任务仍在处理中...
2026-05-30 21:05:38,525 [INFO] merge_service - [Poll] 进度: 6/8 完成, 剩余 2 个任务仍在处理中...
2026-05-30 21:05:41,550 [INFO] merge_service - [Poll] 进度: 6/8 完成, 剩余 2 个任务仍在处理中...
2026-05-30 21:05:44,574 [INFO] merge_service - [Poll] 任务 739e43e3-585c-410b-a6f9-f11b30bcd524 (光学相干断层成像技术在冠心病介入诊疗领域的应用中国专家建议_6.png) → completed [成功]
2026-05-30 21:05:44,574 [INFO] merge_service - [Poll] 进度: 7/8 完成, 剩余 1 个任务仍在处理中...
2026-05-30 21:05:47,604 [INFO] merge_service - [Poll] 进度: 7/8 完成, 剩余 1 个任务仍在处理中...
2026-05-30 21:05:50,620 [INFO] merge_service - [Poll] 进度: 7/8 完成, 剩余 1 个任务仍在处理中...
2026-05-30 21:05:53,641 [INFO] merge_service - [Poll] 进度: 7/8 完成, 剩余 1 个任务仍在处理中...
2026-05-30 21:05:56,656 [INFO] merge_service - [Poll] 进度: 7/8 完成, 剩余 1 个任务仍在处理中...
2026-05-30 21:05:59,669 [INFO] merge_service - [Poll] 进度: 7/8 完成, 剩余 1 个任务仍在处理中...
2026-05-30 21:06:02,689 [INFO] merge_service - [Poll] 任务 31461d29-de4a-429b-a9e3-339bc3212b2b (光学相干断层成像技术在冠心病介入诊疗领域的应用中国专家建议_2.png) → completed [成功]
2026-05-30 21:06:02,690 [INFO] merge_service - [529eb7bf-722e-434b-83a5-631754883325] 所有提取任务已完成，开始合并清洗...
2026-05-30 21:06:02,690 [INFO] merge_service - [529eb7bf-722e-434b-83a5-631754883325] 合并顺序（按原图片文件名序号）:
2026-05-30 21:06:02,690 [INFO] merge_service -   第1页: 光学相干断层成像技术在冠心病介入诊疗领域的应用中国专家建议_1.png → output/光学相干断层成像技术在冠心病介入诊疗领域的应用中国专家建议/光学相干断层成像技术在冠心病介入诊疗领域的应用中国专家建议_1.md
2026-05-30 21:06:02,690 [INFO] merge_service -   第2页: 光学相干断层成像技术在冠心病介入诊疗领域的应用中国专家建议_2.png → output/光学相干断层成像技术在冠心病介入诊疗领域的应用中国专家建议/光学相干断层成像技术在冠心病介入诊疗领域的应用中国专家建议_2.md
2026-05-30 21:06:02,690 [INFO] merge_service -   第3页: 光学相干断层成像技术在冠心病介入诊疗领域的应用中国专家建议_3.png → output/光学相干断层成像技术在冠心病介入诊疗领域的应用中国专家建议/光学相干断层成像技术在冠心病介入诊疗领域的应用中国专家建议_3.md
2026-05-30 21:06:02,690 [INFO] merge_service -   第4页: 光学相干断层成像技术在冠心病介入诊疗领域的应用中国专家建议_4.png → output/光学相干断层成像技术在冠心病介入诊疗领域的应用中国专家建议/光学相干断层成像技术在冠心病介入诊疗领域的应用中国专家建议_4.md
2026-05-30 21:06:02,690 [INFO] merge_service -   第5页: 光学相干断层成像技术在冠心病介入诊疗领域的应用中国专家建议_5.png → output/光学相干断层成像技术在冠心病介入诊疗领域的应用中国专家建议/光学相干断层成像技术在冠心病介入诊疗领域的应用中国专家建议_5.md
2026-05-30 21:06:02,690 [INFO] merge_service -   第6页: 光学相干断层成像技术在冠心病介入诊疗领域的应用中国专家建议_6.png → output/光学相干断层成像技术在冠心病介入诊疗领域的应用中国专家建议/光学相干断层成像技术在冠心病介入诊疗领域的应用中国专家建议_6.md
2026-05-30 21:06:02,690 [INFO] merge_service -   第7页: 光学相干断层成像技术在冠心病介入诊疗领域的应用中国专家建议_7.png → output/光学相干断层成像技术在冠心病介入诊疗领域的应用中国专家建议/光学相干断层成像技术在冠心病介入诊疗领域的应用中国专家建议_7.md
2026-05-30 21:06:02,690 [INFO] merge_service -   第8页: 光学相干断层成像技术在冠心病介入诊疗领域的应用中国专家建议_8.png → output/光学相干断层成像技术在冠心病介入诊疗领域的应用中国专家建议/光学相干断层成像技术在冠心病介入诊疗领域的应用中国专家建议_8.md
2026-05-30 21:06:02,702 [INFO] merge_service - 
==================================================
2026-05-30 21:06:02,702 [INFO] merge_service - [529eb7bf-722e-434b-83a5-631754883325] 合并清洗完成!
2026-05-30 21:06:02,702 [INFO] merge_service -   合并文件: output/光学相干断层成像技术在冠心病介入诊疗领域的应用中国专家建议/光学相干断层成像技术在冠心病介入诊疗领域的应用中国专家建议_merged_output.md
2026-05-30 21:06:02,702 [INFO] merge_service -   有效页面: 12/8
2026-05-30 21:06:02,702 [INFO] merge_service -   总字符数: 12163
2026-05-30 21:06:02,702 [INFO] merge_service -   轮询耗时: 138.75s, 合并耗时: 0.01s
2026-05-30 21:06:02,702 [INFO] merge_service -   跳过页面（参考文献）: [8]
2026-05-30 21:06:02,702 [INFO] merge_service - ==================================================
