2026-05-30 22:18:42,301 [INFO] merge_service - ============================================================
2026-05-30 22:18:42,302 [INFO] merge_service - 合并+清洗服务 — 新任务
2026-05-30 22:18:42,302 [INFO] merge_service -   合并ID: d92a84ab-cb62-42e4-ba6f-1d1a149b10c1
2026-05-30 22:18:42,302 [INFO] merge_service -   PDF名称: 急性冠状动脉综合征非血运重建患者抗血小板治疗中国专家共识(2018) (原始: 急性冠状动脉综合征非血运重建患者抗血小板治疗中国专家共识(2018).pdf)
2026-05-30 22:18:42,302 [INFO] merge_service -   关联提取任务数: 13
2026-05-30 22:18:42,302 [INFO] merge_service -   输出目录: ./output
2026-05-30 22:18:42,302 [INFO] merge_service -   提取服务: http://localhost:8001
2026-05-30 22:18:42,302 [INFO] merge_service - ============================================================
2026-05-30 22:18:42,302 [INFO] merge_service - [Poll] 开始轮询 13 个提取任务...
2026-05-30 22:18:42,302 [INFO] merge_service - [Poll] 提取服务地址: http://localhost:8001
2026-05-30 22:18:42,302 [INFO] merge_service - [Poll] 轮询间隔: 3.0s, 最大等待: 3600.0s
2026-05-30 22:18:42,517 [INFO] merge_service - [Poll] 进度: 0/13 完成, 剩余 13 个任务仍在处理中...
2026-05-30 22:18:45,661 [INFO] merge_service - [Poll] 进度: 0/13 完成, 剩余 13 个任务仍在处理中...
2026-05-30 22:18:48,809 [INFO] merge_service - [Poll] 进度: 0/13 完成, 剩余 13 个任务仍在处理中...
2026-05-30 22:18:51,971 [INFO] merge_service - [Poll] 进度: 0/13 完成, 剩余 13 个任务仍在处理中...
2026-05-30 22:18:55,134 [INFO] merge_service - [Poll] 进度: 0/13 完成, 剩余 13 个任务仍在处理中...
2026-05-30 22:18:58,305 [INFO] merge_service - [Poll] 进度: 0/13 完成, 剩余 13 个任务仍在处理中...
2026-05-30 22:19:01,449 [INFO] merge_service - [Poll] 进度: 0/13 完成, 剩余 13 个任务仍在处理中...
2026-05-30 22:19:04,605 [INFO] merge_service - [Poll] 进度: 0/13 完成, 剩余 13 个任务仍在处理中...
2026-05-30 22:19:07,784 [INFO] merge_service - [Poll] 进度: 0/13 完成, 剩余 13 个任务仍在处理中...
2026-05-30 22:19:10,936 [INFO] merge_service - [Poll] 进度: 0/13 完成, 剩余 13 个任务仍在处理中...
2026-05-30 22:19:14,079 [INFO] merge_service - [Poll] 进度: 0/13 完成, 剩余 13 个任务仍在处理中...
2026-05-30 22:19:17,261 [INFO] merge_service - [Poll] 进度: 0/13 完成, 剩余 13 个任务仍在处理中...
2026-05-30 22:19:20,353 [INFO] merge_service - [Poll] 任务 2ac16f9a-81ee-48a5-a5cb-b59d191dd64d (急性冠状动脉综合征非血运重建患者抗血小板治疗中国专家共识(2018)_1.png) → completed [成功]
2026-05-30 22:19:20,407 [INFO] merge_service - [Poll] 进度: 1/13 完成, 剩余 12 个任务仍在处理中...
2026-05-30 22:19:23,542 [INFO] merge_service - [Poll] 进度: 1/13 完成, 剩余 12 个任务仍在处理中...
2026-05-30 22:19:26,722 [INFO] merge_service - [Poll] 进度: 1/13 完成, 剩余 12 个任务仍在处理中...
2026-05-30 22:19:29,856 [INFO] merge_service - [Poll] 进度: 1/13 完成, 剩余 12 个任务仍在处理中...
2026-05-30 22:19:32,989 [INFO] merge_service - [Poll] 进度: 1/13 完成, 剩余 12 个任务仍在处理中...
2026-05-30 22:19:36,164 [INFO] merge_service - [Poll] 进度: 1/13 完成, 剩余 12 个任务仍在处理中...
2026-05-30 22:19:39,298 [INFO] merge_service - [Poll] 进度: 1/13 完成, 剩余 12 个任务仍在处理中...
2026-05-30 22:19:42,313 [INFO] merge_service - [Poll] 任务 188b1ef5-7261-4413-965a-76163e1e89c9 (急性冠状动脉综合征非血运重建患者抗血小板治疗中国专家共识(2018)_4.png) → completed [成功]
2026-05-30 22:19:42,435 [INFO] merge_service - [Poll] 进度: 2/13 完成, 剩余 11 个任务仍在处理中...
2026-05-30 22:19:45,603 [INFO] merge_service - [Poll] 进度: 2/13 完成, 剩余 11 个任务仍在处理中...
2026-05-30 22:19:48,725 [INFO] merge_service - [Poll] 进度: 2/13 完成, 剩余 11 个任务仍在处理中...
2026-05-30 22:19:51,866 [INFO] merge_service - [Poll] 进度: 2/13 完成, 剩余 11 个任务仍在处理中...
2026-05-30 22:19:54,910 [INFO] merge_service - [Poll] 任务 c2b8381d-4c20-4713-a922-0d5e2aab331d (急性冠状动脉综合征非血运重建患者抗血小板治疗中国专家共识(2018)_8.png) → completed [成功]
2026-05-30 22:19:54,988 [INFO] merge_service - [Poll] 进度: 3/13 完成, 剩余 10 个任务仍在处理中...
2026-05-30 22:19:58,112 [INFO] merge_service - [Poll] 进度: 3/13 完成, 剩余 10 个任务仍在处理中...
2026-05-30 22:20:01,226 [INFO] merge_service - [Poll] 进度: 3/13 完成, 剩余 10 个任务仍在处理中...
2026-05-30 22:20:04,339 [INFO] merge_service - [Poll] 进度: 3/13 完成, 剩余 10 个任务仍在处理中...
2026-05-30 22:20:07,478 [INFO] merge_service - [Poll] 进度: 3/13 完成, 剩余 10 个任务仍在处理中...
2026-05-30 22:20:10,557 [INFO] merge_service - [Poll] 任务 26dce79c-74f8-44d6-bde1-afe57cb1d442 (急性冠状动脉综合征非血运重建患者抗血小板治疗中国专家共识(2018)_11.png) → completed [成功]
2026-05-30 22:20:10,591 [INFO] merge_service - [Poll] 进度: 4/13 完成, 剩余 9 个任务仍在处理中...
2026-05-30 22:20:13,693 [INFO] merge_service - [Poll] 进度: 4/13 完成, 剩余 9 个任务仍在处理中...
2026-05-30 22:20:16,804 [INFO] merge_service - [Poll] 进度: 4/13 完成, 剩余 9 个任务仍在处理中...
2026-05-30 22:20:19,906 [INFO] merge_service - [Poll] 进度: 4/13 完成, 剩余 9 个任务仍在处理中...
2026-05-30 22:20:23,037 [INFO] merge_service - [Poll] 进度: 4/13 完成, 剩余 9 个任务仍在处理中...
2026-05-30 22:20:26,139 [INFO] merge_service - [Poll] 进度: 4/13 完成, 剩余 9 个任务仍在处理中...
2026-05-30 22:20:29,244 [INFO] merge_service - [Poll] 进度: 4/13 完成, 剩余 9 个任务仍在处理中...
2026-05-30 22:20:32,348 [INFO] merge_service - [Poll] 进度: 4/13 完成, 剩余 9 个任务仍在处理中...
2026-05-30 22:20:35,450 [INFO] merge_service - [Poll] 进度: 4/13 完成, 剩余 9 个任务仍在处理中...
2026-05-30 22:20:38,491 [INFO] merge_service - [Poll] 任务 cbc3ce1f-b28c-4e46-bebe-0c2af75f24de (急性冠状动脉综合征非血运重建患者抗血小板治疗中国专家共识(2018)_12.png) → completed [成功]
2026-05-30 22:20:38,573 [INFO] merge_service - [Poll] 任务 4353ea7e-e80a-4a1c-af6b-7160e4b1e45a (急性冠状动脉综合征非血运重建患者抗血小板治疗中国专家共识(2018)_3.png) → completed [成功]
2026-05-30 22:20:38,573 [INFO] merge_service - [Poll] 进度: 6/13 完成, 剩余 7 个任务仍在处理中...
2026-05-30 22:20:41,650 [INFO] merge_service - [Poll] 进度: 6/13 完成, 剩余 7 个任务仍在处理中...
2026-05-30 22:20:44,704 [INFO] merge_service - [Poll] 任务 23013028-9e0d-4953-b0c4-7444eaaa75ab (急性冠状动脉综合征非血运重建患者抗血小板治疗中国专家共识(2018)_5.png) → completed [成功]
2026-05-30 22:20:44,734 [INFO] merge_service - [Poll] 任务 4f35b217-e487-4463-87a4-9d267a1e4c6f (急性冠状动脉综合征非血运重建患者抗血小板治疗中国专家共识(2018)_7.png) → completed [成功]
2026-05-30 22:20:44,768 [INFO] merge_service - [Poll] 进度: 8/13 完成, 剩余 5 个任务仍在处理中...
2026-05-30 22:20:47,826 [INFO] merge_service - [Poll] 进度: 8/13 完成, 剩余 5 个任务仍在处理中...
2026-05-30 22:20:50,922 [INFO] merge_service - [Poll] 进度: 8/13 完成, 剩余 5 个任务仍在处理中...
2026-05-30 22:20:53,934 [INFO] merge_service - [Poll] 任务 e3d974dc-9ff9-475f-af0b-b4f5bceb0b19 (急性冠状动脉综合征非血运重建患者抗血小板治疗中国专家共识(2018)_2.png) → completed [成功]
2026-05-30 22:20:53,978 [INFO] merge_service - [Poll] 进度: 9/13 完成, 剩余 4 个任务仍在处理中...
2026-05-30 22:20:57,061 [INFO] merge_service - [Poll] 进度: 9/13 完成, 剩余 4 个任务仍在处理中...
2026-05-30 22:21:00,104 [INFO] merge_service - [Poll] 进度: 9/13 完成, 剩余 4 个任务仍在处理中...
2026-05-30 22:21:03,188 [INFO] merge_service - [Poll] 进度: 9/13 完成, 剩余 4 个任务仍在处理中...
2026-05-30 22:21:06,201 [INFO] merge_service - [Poll] 任务 43acf9bb-0448-4f0e-afb9-fde2665a9a29 (急性冠状动脉综合征非血运重建患者抗血小板治疗中国专家共识(2018)_6.png) → completed [成功]
2026-05-30 22:21:06,232 [INFO] merge_service - [Poll] 进度: 10/13 完成, 剩余 3 个任务仍在处理中...
2026-05-30 22:21:09,303 [INFO] merge_service - [Poll] 进度: 10/13 完成, 剩余 3 个任务仍在处理中...
2026-05-30 22:21:12,341 [INFO] merge_service - [Poll] 进度: 10/13 完成, 剩余 3 个任务仍在处理中...
2026-05-30 22:21:15,391 [INFO] merge_service - [Poll] 进度: 10/13 完成, 剩余 3 个任务仍在处理中...
2026-05-30 22:21:18,414 [INFO] merge_service - [Poll] 任务 9b713ec4-4bc8-4f89-ab97-11deb9e4932d (急性冠状动脉综合征非血运重建患者抗血小板治疗中国专家共识(2018)_10.png) → completed [成功]
2026-05-30 22:21:18,425 [INFO] merge_service - [Poll] 进度: 11/13 完成, 剩余 2 个任务仍在处理中...
2026-05-30 22:21:21,452 [INFO] merge_service - [Poll] 进度: 11/13 完成, 剩余 2 个任务仍在处理中...
2026-05-30 22:21:24,512 [INFO] merge_service - [Poll] 进度: 11/13 完成, 剩余 2 个任务仍在处理中...
2026-05-30 22:21:27,536 [INFO] merge_service - [Poll] 进度: 11/13 完成, 剩余 2 个任务仍在处理中...
2026-05-30 22:21:30,561 [INFO] merge_service - [Poll] 任务 c6445848-c276-4a36-ba34-32f91657c653 (急性冠状动脉综合征非血运重建患者抗血小板治疗中国专家共识(2018)_9.png) → completed [成功]
2026-05-30 22:21:30,577 [INFO] merge_service - [Poll] 进度: 12/13 完成, 剩余 1 个任务仍在处理中...
2026-05-30 22:21:33,589 [INFO] merge_service - [Poll] 进度: 12/13 完成, 剩余 1 个任务仍在处理中...
2026-05-30 22:21:36,604 [INFO] merge_service - [Poll] 进度: 12/13 完成, 剩余 1 个任务仍在处理中...
2026-05-30 22:21:39,637 [INFO] merge_service - [Poll] 进度: 12/13 完成, 剩余 1 个任务仍在处理中...
2026-05-30 22:21:42,650 [INFO] merge_service - [Poll] 进度: 12/13 完成, 剩余 1 个任务仍在处理中...
2026-05-30 22:21:45,665 [INFO] merge_service - [Poll] 进度: 12/13 完成, 剩余 1 个任务仍在处理中...
2026-05-30 22:21:48,704 [INFO] merge_service - [Poll] 进度: 12/13 完成, 剩余 1 个任务仍在处理中...
2026-05-30 22:21:51,720 [INFO] merge_service - [Poll] 进度: 12/13 完成, 剩余 1 个任务仍在处理中...
2026-05-30 22:21:54,740 [INFO] merge_service - [Poll] 进度: 12/13 完成, 剩余 1 个任务仍在处理中...
2026-05-30 22:21:57,760 [INFO] merge_service - [Poll] 进度: 12/13 完成, 剩余 1 个任务仍在处理中...
2026-05-30 22:22:00,772 [INFO] merge_service - [Poll] 进度: 12/13 完成, 剩余 1 个任务仍在处理中...
2026-05-30 22:22:03,799 [INFO] merge_service - [Poll] 进度: 12/13 完成, 剩余 1 个任务仍在处理中...
2026-05-30 22:22:06,812 [INFO] merge_service - [Poll] 进度: 12/13 完成, 剩余 1 个任务仍在处理中...
2026-05-30 22:22:09,825 [INFO] merge_service - [Poll] 进度: 12/13 完成, 剩余 1 个任务仍在处理中...
2026-05-30 22:22:12,858 [INFO] merge_service - [Poll] 进度: 12/13 完成, 剩余 1 个任务仍在处理中...
2026-05-30 22:22:15,871 [INFO] merge_service - [Poll] 任务 61fad1ba-27c8-459e-93ef-458c58ffe164 (急性冠状动脉综合征非血运重建患者抗血小板治疗中国专家共识(2018)_13.png) → completed [成功]
2026-05-30 22:22:15,871 [INFO] merge_service - [d92a84ab-cb62-42e4-ba6f-1d1a149b10c1] 所有提取任务已完成，开始合并清洗...
2026-05-30 22:22:15,871 [INFO] merge_service - [d92a84ab-cb62-42e4-ba6f-1d1a149b10c1] 合并顺序（按原图片文件名序号）:
2026-05-30 22:22:15,871 [INFO] merge_service -   第1页: 急性冠状动脉综合征非血运重建患者抗血小板治疗中国专家共识(2018)_1.png → output/急性冠状动脉综合征非血运重建患者抗血小板治疗中国专家共识(2018)/急性冠状动脉综合征非血运重建患者抗血小板治疗中国专家共识(2018)_1.md
2026-05-30 22:22:15,871 [INFO] merge_service -   第2页: 急性冠状动脉综合征非血运重建患者抗血小板治疗中国专家共识(2018)_2.png → output/急性冠状动脉综合征非血运重建患者抗血小板治疗中国专家共识(2018)/急性冠状动脉综合征非血运重建患者抗血小板治疗中国专家共识(2018)_2.md
2026-05-30 22:22:15,871 [INFO] merge_service -   第3页: 急性冠状动脉综合征非血运重建患者抗血小板治疗中国专家共识(2018)_3.png → output/急性冠状动脉综合征非血运重建患者抗血小板治疗中国专家共识(2018)/急性冠状动脉综合征非血运重建患者抗血小板治疗中国专家共识(2018)_3.md
2026-05-30 22:22:15,871 [INFO] merge_service -   第4页: 急性冠状动脉综合征非血运重建患者抗血小板治疗中国专家共识(2018)_4.png → output/急性冠状动脉综合征非血运重建患者抗血小板治疗中国专家共识(2018)/急性冠状动脉综合征非血运重建患者抗血小板治疗中国专家共识(2018)_4.md
2026-05-30 22:22:15,871 [INFO] merge_service -   第5页: 急性冠状动脉综合征非血运重建患者抗血小板治疗中国专家共识(2018)_5.png → output/急性冠状动脉综合征非血运重建患者抗血小板治疗中国专家共识(2018)/急性冠状动脉综合征非血运重建患者抗血小板治疗中国专家共识(2018)_5.md
2026-05-30 22:22:15,871 [INFO] merge_service -   第6页: 急性冠状动脉综合征非血运重建患者抗血小板治疗中国专家共识(2018)_6.png → output/急性冠状动脉综合征非血运重建患者抗血小板治疗中国专家共识(2018)/急性冠状动脉综合征非血运重建患者抗血小板治疗中国专家共识(2018)_6.md
2026-05-30 22:22:15,871 [INFO] merge_service -   第7页: 急性冠状动脉综合征非血运重建患者抗血小板治疗中国专家共识(2018)_7.png → output/急性冠状动脉综合征非血运重建患者抗血小板治疗中国专家共识(2018)/急性冠状动脉综合征非血运重建患者抗血小板治疗中国专家共识(2018)_7.md
2026-05-30 22:22:15,871 [INFO] merge_service -   第8页: 急性冠状动脉综合征非血运重建患者抗血小板治疗中国专家共识(2018)_8.png → output/急性冠状动脉综合征非血运重建患者抗血小板治疗中国专家共识(2018)/急性冠状动脉综合征非血运重建患者抗血小板治疗中国专家共识(2018)_8.md
2026-05-30 22:22:15,871 [INFO] merge_service -   第9页: 急性冠状动脉综合征非血运重建患者抗血小板治疗中国专家共识(2018)_9.png → output/急性冠状动脉综合征非血运重建患者抗血小板治疗中国专家共识(2018)/急性冠状动脉综合征非血运重建患者抗血小板治疗中国专家共识(2018)_9.md
2026-05-30 22:22:15,871 [INFO] merge_service -   第10页: 急性冠状动脉综合征非血运重建患者抗血小板治疗中国专家共识(2018)_10.png → output/急性冠状动脉综合征非血运重建患者抗血小板治疗中国专家共识(2018)/急性冠状动脉综合征非血运重建患者抗血小板治疗中国专家共识(2018)_10.md
2026-05-30 22:22:15,871 [INFO] merge_service -   第11页: 急性冠状动脉综合征非血运重建患者抗血小板治疗中国专家共识(2018)_11.png → output/急性冠状动脉综合征非血运重建患者抗血小板治疗中国专家共识(2018)/急性冠状动脉综合征非血运重建患者抗血小板治疗中国专家共识(2018)_11.md
2026-05-30 22:22:15,871 [INFO] merge_service -   第12页: 急性冠状动脉综合征非血运重建患者抗血小板治疗中国专家共识(2018)_12.png → output/急性冠状动脉综合征非血运重建患者抗血小板治疗中国专家共识(2018)/急性冠状动脉综合征非血运重建患者抗血小板治疗中国专家共识(2018)_12.md
2026-05-30 22:22:15,871 [INFO] merge_service -   第13页: 急性冠状动脉综合征非血运重建患者抗血小板治疗中国专家共识(2018)_13.png → output/急性冠状动脉综合征非血运重建患者抗血小板治疗中国专家共识(2018)/急性冠状动脉综合征非血运重建患者抗血小板治疗中国专家共识(2018)_13.md
2026-05-30 22:22:15,883 [INFO] merge_service - 
==================================================
2026-05-30 22:22:15,883 [INFO] merge_service - [d92a84ab-cb62-42e4-ba6f-1d1a149b10c1] 合并清洗完成!
2026-05-30 22:22:15,883 [INFO] merge_service -   合并文件: output/急性冠状动脉综合征非血运重建患者抗血小板治疗中国专家共识(2018)/急性冠状动脉综合征非血运重建患者抗血小板治疗中国专家共识(2018)_merged_output.md
2026-05-30 22:22:15,883 [INFO] merge_service -   有效页面: 10/13
2026-05-30 22:22:15,883 [INFO] merge_service -   总字符数: 20618
2026-05-30 22:22:15,883 [INFO] merge_service -   轮询耗时: 213.57s, 合并耗时: 0.01s
2026-05-30 22:22:15,883 [INFO] merge_service -   跳过页面（参考文献）: [11, 12, 13]
2026-05-30 22:22:15,883 [INFO] merge_service - ==================================================
