2026-05-30 21:19:16,506 [INFO] merge_service - ============================================================
2026-05-30 21:19:16,507 [INFO] merge_service - 合并+清洗服务 — 新任务
2026-05-30 21:19:16,507 [INFO] merge_service -   合并ID: 39c4f12c-4dfc-4832-b6ce-90390b66a7a1
2026-05-30 21:19:16,507 [INFO] merge_service -   PDF名称: 医脉通】胸痛基层诊疗指南（2019年） (原始: 医脉通】胸痛基层诊疗指南（2019年）.pdf)
2026-05-30 21:19:16,507 [INFO] merge_service -   关联提取任务数: 7
2026-05-30 21:19:16,507 [INFO] merge_service -   输出目录: ./output
2026-05-30 21:19:16,507 [INFO] merge_service -   提取服务: http://localhost:8001
2026-05-30 21:19:16,507 [INFO] merge_service - ============================================================
2026-05-30 21:19:16,508 [INFO] merge_service - [Poll] 开始轮询 7 个提取任务...
2026-05-30 21:19:16,508 [INFO] merge_service - [Poll] 提取服务地址: http://localhost:8001
2026-05-30 21:19:16,508 [INFO] merge_service - [Poll] 轮询间隔: 3.0s, 最大等待: 3600.0s
2026-05-30 21:19:16,652 [INFO] merge_service - [Poll] 进度: 0/7 完成, 剩余 7 个任务仍在处理中...
2026-05-30 21:19:19,782 [INFO] merge_service - [Poll] 进度: 0/7 完成, 剩余 7 个任务仍在处理中...
2026-05-30 21:19:22,868 [INFO] merge_service - [Poll] 进度: 0/7 完成, 剩余 7 个任务仍在处理中...
2026-05-30 21:19:25,955 [INFO] merge_service - [Poll] 进度: 0/7 完成, 剩余 7 个任务仍在处理中...
2026-05-30 21:19:29,049 [INFO] merge_service - [Poll] 进度: 0/7 完成, 剩余 7 个任务仍在处理中...
2026-05-30 21:19:32,132 [INFO] merge_service - [Poll] 进度: 0/7 完成, 剩余 7 个任务仍在处理中...
2026-05-30 21:19:35,221 [INFO] merge_service - [Poll] 进度: 0/7 完成, 剩余 7 个任务仍在处理中...
2026-05-30 21:19:38,300 [INFO] merge_service - [Poll] 进度: 0/7 完成, 剩余 7 个任务仍在处理中...
2026-05-30 21:19:41,389 [INFO] merge_service - [Poll] 进度: 0/7 完成, 剩余 7 个任务仍在处理中...
2026-05-30 21:19:44,474 [INFO] merge_service - [Poll] 进度: 0/7 完成, 剩余 7 个任务仍在处理中...
2026-05-30 21:19:47,560 [INFO] merge_service - [Poll] 进度: 0/7 完成, 剩余 7 个任务仍在处理中...
2026-05-30 21:19:50,642 [INFO] merge_service - [Poll] 进度: 0/7 完成, 剩余 7 个任务仍在处理中...
2026-05-30 21:19:53,722 [INFO] merge_service - [Poll] 进度: 0/7 完成, 剩余 7 个任务仍在处理中...
2026-05-30 21:19:56,833 [INFO] merge_service - [Poll] 进度: 0/7 完成, 剩余 7 个任务仍在处理中...
2026-05-30 21:19:59,924 [INFO] merge_service - [Poll] 进度: 0/7 完成, 剩余 7 个任务仍在处理中...
2026-05-30 21:20:03,002 [INFO] merge_service - [Poll] 进度: 0/7 完成, 剩余 7 个任务仍在处理中...
2026-05-30 21:20:06,062 [INFO] merge_service - [Poll] 任务 ff3bbfc7-a2f6-4dcc-8d05-053b35bffc66 (【医脉通】胸痛基层诊疗指南（2019年）_7.png) → completed [成功]
2026-05-30 21:20:06,085 [INFO] merge_service - [Poll] 进度: 1/7 完成, 剩余 6 个任务仍在处理中...
2026-05-30 21:20:09,158 [INFO] merge_service - [Poll] 进度: 1/7 完成, 剩余 6 个任务仍在处理中...
2026-05-30 21:20:12,226 [INFO] merge_service - [Poll] 进度: 1/7 完成, 剩余 6 个任务仍在处理中...
2026-05-30 21:20:15,295 [INFO] merge_service - [Poll] 进度: 1/7 完成, 剩余 6 个任务仍在处理中...
2026-05-30 21:20:18,374 [INFO] merge_service - [Poll] 进度: 1/7 完成, 剩余 6 个任务仍在处理中...
2026-05-30 21:20:21,443 [INFO] merge_service - [Poll] 进度: 1/7 完成, 剩余 6 个任务仍在处理中...
2026-05-30 21:20:24,530 [INFO] merge_service - [Poll] 进度: 1/7 完成, 剩余 6 个任务仍在处理中...
2026-05-30 21:20:27,608 [INFO] merge_service - [Poll] 任务 e90d0494-61eb-42e4-a05d-60b64f6a2397 (【医脉通】胸痛基层诊疗指南（2019年）_3.png) → completed [成功]
2026-05-30 21:20:27,608 [INFO] merge_service - [Poll] 进度: 2/7 完成, 剩余 5 个任务仍在处理中...
2026-05-30 21:20:30,665 [INFO] merge_service - [Poll] 进度: 2/7 完成, 剩余 5 个任务仍在处理中...
2026-05-30 21:20:33,753 [INFO] merge_service - [Poll] 进度: 2/7 完成, 剩余 5 个任务仍在处理中...
2026-05-30 21:20:36,814 [INFO] merge_service - [Poll] 进度: 2/7 完成, 剩余 5 个任务仍在处理中...
2026-05-30 21:20:39,873 [INFO] merge_service - [Poll] 进度: 2/7 完成, 剩余 5 个任务仍在处理中...
2026-05-30 21:20:42,952 [INFO] merge_service - [Poll] 进度: 2/7 完成, 剩余 5 个任务仍在处理中...
2026-05-30 21:20:46,022 [INFO] merge_service - [Poll] 进度: 2/7 完成, 剩余 5 个任务仍在处理中...
2026-05-30 21:20:49,081 [INFO] merge_service - [Poll] 进度: 2/7 完成, 剩余 5 个任务仍在处理中...
2026-05-30 21:20:52,152 [INFO] merge_service - [Poll] 进度: 2/7 完成, 剩余 5 个任务仍在处理中...
2026-05-30 21:20:55,208 [INFO] merge_service - [Poll] 进度: 2/7 完成, 剩余 5 个任务仍在处理中...
2026-05-30 21:20:58,295 [INFO] merge_service - [Poll] 进度: 2/7 完成, 剩余 5 个任务仍在处理中...
2026-05-30 21:21:01,358 [INFO] merge_service - [Poll] 进度: 2/7 完成, 剩余 5 个任务仍在处理中...
2026-05-30 21:21:04,415 [INFO] merge_service - [Poll] 进度: 2/7 完成, 剩余 5 个任务仍在处理中...
2026-05-30 21:21:07,474 [INFO] merge_service - [Poll] 进度: 2/7 完成, 剩余 5 个任务仍在处理中...
2026-05-30 21:21:10,544 [INFO] merge_service - [Poll] 进度: 2/7 完成, 剩余 5 个任务仍在处理中...
2026-05-30 21:21:13,600 [INFO] merge_service - [Poll] 进度: 2/7 完成, 剩余 5 个任务仍在处理中...
2026-05-30 21:21:16,690 [INFO] merge_service - [Poll] 任务 07b7cd36-e885-4b32-8716-dfe813a37e37 (【医脉通】胸痛基层诊疗指南（2019年）_4.png) → completed [成功]
2026-05-30 21:21:16,690 [INFO] merge_service - [Poll] 进度: 3/7 完成, 剩余 4 个任务仍在处理中...
2026-05-30 21:21:19,717 [INFO] merge_service - [Poll] 任务 81ba064c-25fc-44a5-b1da-b8a68a9e1e37 (【医脉通】胸痛基层诊疗指南（2019年）_1.png) → completed [成功]
2026-05-30 21:21:19,738 [INFO] merge_service - [Poll] 进度: 4/7 完成, 剩余 3 个任务仍在处理中...
2026-05-30 21:21:22,796 [INFO] merge_service - [Poll] 进度: 4/7 完成, 剩余 3 个任务仍在处理中...
2026-05-30 21:21:25,832 [INFO] merge_service - [Poll] 进度: 4/7 完成, 剩余 3 个任务仍在处理中...
2026-05-30 21:21:28,846 [INFO] merge_service - [Poll] 任务 ba571ef9-6621-4c08-b0f6-bb131834265c (【医脉通】胸痛基层诊疗指南（2019年）_6.png) → completed [成功]
2026-05-30 21:21:28,867 [INFO] merge_service - [Poll] 进度: 5/7 完成, 剩余 2 个任务仍在处理中...
2026-05-30 21:21:31,925 [INFO] merge_service - [Poll] 进度: 5/7 完成, 剩余 2 个任务仍在处理中...
2026-05-30 21:21:34,952 [INFO] merge_service - [Poll] 进度: 5/7 完成, 剩余 2 个任务仍在处理中...
2026-05-30 21:21:37,978 [INFO] merge_service - [Poll] 进度: 5/7 完成, 剩余 2 个任务仍在处理中...
2026-05-30 21:21:41,033 [INFO] merge_service - [Poll] 进度: 5/7 完成, 剩余 2 个任务仍在处理中...
2026-05-30 21:21:44,056 [INFO] merge_service - [Poll] 进度: 5/7 完成, 剩余 2 个任务仍在处理中...
2026-05-30 21:21:47,103 [INFO] merge_service - [Poll] 进度: 5/7 完成, 剩余 2 个任务仍在处理中...
2026-05-30 21:21:50,129 [INFO] merge_service - [Poll] 进度: 5/7 完成, 剩余 2 个任务仍在处理中...
2026-05-30 21:21:53,159 [INFO] merge_service - [Poll] 进度: 5/7 完成, 剩余 2 个任务仍在处理中...
2026-05-30 21:21:56,201 [INFO] merge_service - [Poll] 进度: 5/7 完成, 剩余 2 个任务仍在处理中...
2026-05-30 21:21:59,224 [INFO] merge_service - [Poll] 进度: 5/7 完成, 剩余 2 个任务仍在处理中...
2026-05-30 21:22:02,271 [INFO] merge_service - [Poll] 进度: 5/7 完成, 剩余 2 个任务仍在处理中...
2026-05-30 21:22:05,298 [INFO] merge_service - [Poll] 进度: 5/7 完成, 剩余 2 个任务仍在处理中...
2026-05-30 21:22:08,323 [INFO] merge_service - [Poll] 任务 dfb052a1-4bb5-4810-b169-4ca629ce60b5 (【医脉通】胸痛基层诊疗指南（2019年）_2.png) → completed [成功]
2026-05-30 21:22:08,338 [INFO] merge_service - [Poll] 进度: 6/7 完成, 剩余 1 个任务仍在处理中...
2026-05-30 21:22:11,352 [INFO] merge_service - [Poll] 进度: 6/7 完成, 剩余 1 个任务仍在处理中...
2026-05-30 21:22:14,367 [INFO] merge_service - [Poll] 进度: 6/7 完成, 剩余 1 个任务仍在处理中...
2026-05-30 21:22:17,403 [INFO] merge_service - [Poll] 进度: 6/7 完成, 剩余 1 个任务仍在处理中...
2026-05-30 21:22:20,416 [INFO] merge_service - [Poll] 进度: 6/7 完成, 剩余 1 个任务仍在处理中...
2026-05-30 21:22:23,436 [INFO] merge_service - [Poll] 进度: 6/7 完成, 剩余 1 个任务仍在处理中...
2026-05-30 21:22:26,456 [INFO] merge_service - [Poll] 进度: 6/7 完成, 剩余 1 个任务仍在处理中...
2026-05-30 21:22:29,470 [INFO] merge_service - [Poll] 进度: 6/7 完成, 剩余 1 个任务仍在处理中...
2026-05-30 21:22:32,496 [INFO] merge_service - [Poll] 进度: 6/7 完成, 剩余 1 个任务仍在处理中...
2026-05-30 21:22:35,529 [INFO] merge_service - [Poll] 进度: 6/7 完成, 剩余 1 个任务仍在处理中...
2026-05-30 21:22:38,543 [INFO] merge_service - [Poll] 进度: 6/7 完成, 剩余 1 个任务仍在处理中...
2026-05-30 21:22:41,571 [INFO] merge_service - [Poll] 进度: 6/7 完成, 剩余 1 个任务仍在处理中...
2026-05-30 21:22:44,583 [INFO] merge_service - [Poll] 进度: 6/7 完成, 剩余 1 个任务仍在处理中...
2026-05-30 21:22:47,598 [INFO] merge_service - [Poll] 进度: 6/7 完成, 剩余 1 个任务仍在处理中...
2026-05-30 21:22:50,632 [INFO] merge_service - [Poll] 进度: 6/7 完成, 剩余 1 个任务仍在处理中...
2026-05-30 21:22:53,645 [INFO] merge_service - [Poll] 进度: 6/7 完成, 剩余 1 个任务仍在处理中...
2026-05-30 21:22:56,669 [INFO] merge_service - [Poll] 进度: 6/7 完成, 剩余 1 个任务仍在处理中...
2026-05-30 21:22:59,688 [INFO] merge_service - [Poll] 进度: 6/7 完成, 剩余 1 个任务仍在处理中...
2026-05-30 21:23:02,701 [INFO] merge_service - [Poll] 进度: 6/7 完成, 剩余 1 个任务仍在处理中...
2026-05-30 21:23:05,732 [INFO] merge_service - [Poll] 进度: 6/7 完成, 剩余 1 个任务仍在处理中...
2026-05-30 21:23:08,744 [INFO] merge_service - [Poll] 进度: 6/7 完成, 剩余 1 个任务仍在处理中...
2026-05-30 21:23:11,762 [INFO] merge_service - [Poll] 进度: 6/7 完成, 剩余 1 个任务仍在处理中...
2026-05-30 21:23:14,798 [INFO] merge_service - [Poll] 进度: 6/7 完成, 剩余 1 个任务仍在处理中...
2026-05-30 21:23:17,811 [INFO] merge_service - [Poll] 进度: 6/7 完成, 剩余 1 个任务仍在处理中...
2026-05-30 21:23:20,838 [INFO] merge_service - [Poll] 进度: 6/7 完成, 剩余 1 个任务仍在处理中...
2026-05-30 21:23:23,850 [INFO] merge_service - [Poll] 进度: 6/7 完成, 剩余 1 个任务仍在处理中...
2026-05-30 21:23:26,865 [INFO] merge_service - [Poll] 进度: 6/7 完成, 剩余 1 个任务仍在处理中...
2026-05-30 21:23:29,907 [INFO] merge_service - [Poll] 进度: 6/7 完成, 剩余 1 个任务仍在处理中...
2026-05-30 21:23:32,921 [INFO] merge_service - [Poll] 任务 e291371d-99d1-4966-8929-cf0edb40a803 (【医脉通】胸痛基层诊疗指南（2019年）_5.png) → completed [成功]
2026-05-30 21:23:32,921 [INFO] merge_service - [39c4f12c-4dfc-4832-b6ce-90390b66a7a1] 所有提取任务已完成，开始合并清洗...
2026-05-30 21:23:32,921 [INFO] merge_service - [39c4f12c-4dfc-4832-b6ce-90390b66a7a1] 合并顺序（按原图片文件名序号）:
2026-05-30 21:23:32,921 [INFO] merge_service -   第1页: 【医脉通】胸痛基层诊疗指南（2019年）_1.png → output/医脉通】胸痛基层诊疗指南（2019年）/医脉通】胸痛基层诊疗指南（2019年）_1.md
2026-05-30 21:23:32,921 [INFO] merge_service -   第2页: 【医脉通】胸痛基层诊疗指南（2019年）_2.png → output/医脉通】胸痛基层诊疗指南（2019年）/医脉通】胸痛基层诊疗指南（2019年）_2.md
2026-05-30 21:23:32,921 [INFO] merge_service -   第3页: 【医脉通】胸痛基层诊疗指南（2019年）_3.png → output/医脉通】胸痛基层诊疗指南（2019年）/医脉通】胸痛基层诊疗指南（2019年）_3.md
2026-05-30 21:23:32,921 [INFO] merge_service -   第4页: 【医脉通】胸痛基层诊疗指南（2019年）_4.png → output/医脉通】胸痛基层诊疗指南（2019年）/医脉通】胸痛基层诊疗指南（2019年）_4.md
2026-05-30 21:23:32,921 [INFO] merge_service -   第5页: 【医脉通】胸痛基层诊疗指南（2019年）_5.png → output/医脉通】胸痛基层诊疗指南（2019年）/医脉通】胸痛基层诊疗指南（2019年）_5.md
2026-05-30 21:23:32,921 [INFO] merge_service -   第6页: 【医脉通】胸痛基层诊疗指南（2019年）_6.png → output/医脉通】胸痛基层诊疗指南（2019年）/医脉通】胸痛基层诊疗指南（2019年）_6.md
2026-05-30 21:23:32,921 [INFO] merge_service -   第7页: 【医脉通】胸痛基层诊疗指南（2019年）_7.png → output/医脉通】胸痛基层诊疗指南（2019年）/医脉通】胸痛基层诊疗指南（2019年）_7.md
2026-05-30 21:23:32,954 [INFO] merge_service - 
==================================================
2026-05-30 21:23:32,954 [INFO] merge_service - [39c4f12c-4dfc-4832-b6ce-90390b66a7a1] 合并清洗完成!
2026-05-30 21:23:32,954 [INFO] merge_service -   合并文件: output/医脉通】胸痛基层诊疗指南（2019年）/医脉通】胸痛基层诊疗指南（2019年）_merged_output.md
2026-05-30 21:23:32,954 [INFO] merge_service -   有效页面: 7/7
2026-05-30 21:23:32,954 [INFO] merge_service -   总字符数: 25739
2026-05-30 21:23:32,954 [INFO] merge_service -   轮询耗时: 256.41s, 合并耗时: 0.03s
2026-05-30 21:23:32,954 [INFO] merge_service - ==================================================
