2026-05-30 16:43:43,649 [INFO] merge_service - ============================================================
2026-05-30 16:43:43,650 [INFO] merge_service - 合并+清洗服务 — 新任务
2026-05-30 16:43:43,650 [INFO] merge_service -   合并ID: b59e4e24-5b80-4014-ae3b-e427e8d26527
2026-05-30 16:43:43,650 [INFO] merge_service -   PDF名称: 中国心血管病一级预防指南基层版 (原始: 中国心血管病一级预防指南基层版.pdf)
2026-05-30 16:43:43,650 [INFO] merge_service -   关联提取任务数: 21
2026-05-30 16:43:43,650 [INFO] merge_service -   输出目录: ./output
2026-05-30 16:43:43,650 [INFO] merge_service -   提取服务: http://localhost:8001
2026-05-30 16:43:43,650 [INFO] merge_service - ============================================================
2026-05-30 16:43:43,650 [INFO] merge_service - [Poll] 开始轮询 21 个提取任务...
2026-05-30 16:43:43,650 [INFO] merge_service - [Poll] 提取服务地址: http://localhost:8001
2026-05-30 16:43:43,650 [INFO] merge_service - [Poll] 轮询间隔: 3.0s, 最大等待: 3600.0s
2026-05-30 16:43:43,977 [INFO] merge_service - [Poll] 进度: 0/21 完成, 剩余 21 个任务仍在处理中...
2026-05-30 16:43:47,218 [INFO] merge_service - [Poll] 进度: 0/21 完成, 剩余 21 个任务仍在处理中...
2026-05-30 16:43:50,452 [INFO] merge_service - [Poll] 进度: 0/21 完成, 剩余 21 个任务仍在处理中...
2026-05-30 16:43:53,692 [INFO] merge_service - [Poll] 进度: 0/21 完成, 剩余 21 个任务仍在处理中...
2026-05-30 16:43:56,927 [INFO] merge_service - [Poll] 进度: 0/21 完成, 剩余 21 个任务仍在处理中...
2026-05-30 16:44:00,161 [INFO] merge_service - [Poll] 进度: 0/21 完成, 剩余 21 个任务仍在处理中...
2026-05-30 16:44:03,402 [INFO] merge_service - [Poll] 进度: 0/21 完成, 剩余 21 个任务仍在处理中...
2026-05-30 16:44:06,675 [INFO] merge_service - [Poll] 进度: 0/21 完成, 剩余 21 个任务仍在处理中...
2026-05-30 16:44:09,934 [INFO] merge_service - [Poll] 进度: 0/21 完成, 剩余 21 个任务仍在处理中...
2026-05-30 16:44:13,177 [INFO] merge_service - [Poll] 进度: 0/21 完成, 剩余 21 个任务仍在处理中...
2026-05-30 16:44:16,421 [INFO] merge_service - [Poll] 进度: 0/21 完成, 剩余 21 个任务仍在处理中...
2026-05-30 16:44:19,651 [INFO] merge_service - [Poll] 进度: 0/21 完成, 剩余 21 个任务仍在处理中...
2026-05-30 16:44:22,883 [INFO] merge_service - [Poll] 进度: 0/21 完成, 剩余 21 个任务仍在处理中...
2026-05-30 16:44:26,115 [INFO] merge_service - [Poll] 进度: 0/21 完成, 剩余 21 个任务仍在处理中...
2026-05-30 16:44:29,385 [INFO] merge_service - [Poll] 进度: 0/21 完成, 剩余 21 个任务仍在处理中...
2026-05-30 16:44:32,644 [INFO] merge_service - [Poll] 进度: 0/21 完成, 剩余 21 个任务仍在处理中...
2026-05-30 16:44:35,891 [INFO] merge_service - [Poll] 进度: 0/21 完成, 剩余 21 个任务仍在处理中...
2026-05-30 16:44:39,138 [INFO] merge_service - [Poll] 进度: 0/21 完成, 剩余 21 个任务仍在处理中...
2026-05-30 16:44:42,323 [INFO] merge_service - [Poll] 任务 80de9891-baf4-4dda-9875-3898a91ee340 (中国心血管病一级预防指南基层版_3.png) → completed [成功]
2026-05-30 16:44:42,366 [INFO] merge_service - [Poll] 进度: 1/21 完成, 剩余 20 个任务仍在处理中...
2026-05-30 16:44:45,582 [INFO] merge_service - [Poll] 进度: 1/21 完成, 剩余 20 个任务仍在处理中...
2026-05-30 16:44:48,799 [INFO] merge_service - [Poll] 进度: 1/21 完成, 剩余 20 个任务仍在处理中...
2026-05-30 16:44:52,035 [INFO] merge_service - [Poll] 进度: 1/21 完成, 剩余 20 个任务仍在处理中...
2026-05-30 16:44:55,301 [INFO] merge_service - [Poll] 进度: 1/21 完成, 剩余 20 个任务仍在处理中...
2026-05-30 16:44:58,560 [INFO] merge_service - [Poll] 进度: 1/21 完成, 剩余 20 个任务仍在处理中...
2026-05-30 16:45:01,803 [INFO] merge_service - [Poll] 进度: 1/21 完成, 剩余 20 个任务仍在处理中...
2026-05-30 16:45:05,027 [INFO] merge_service - [Poll] 进度: 1/21 完成, 剩余 20 个任务仍在处理中...
2026-05-30 16:45:08,240 [INFO] merge_service - [Poll] 进度: 1/21 完成, 剩余 20 个任务仍在处理中...
2026-05-30 16:45:11,456 [INFO] merge_service - [Poll] 进度: 1/21 完成, 剩余 20 个任务仍在处理中...
2026-05-30 16:45:14,682 [INFO] merge_service - [Poll] 进度: 1/21 完成, 剩余 20 个任务仍在处理中...
2026-05-30 16:45:17,949 [INFO] merge_service - [Poll] 进度: 1/21 完成, 剩余 20 个任务仍在处理中...
2026-05-30 16:45:21,204 [INFO] merge_service - [Poll] 进度: 1/21 完成, 剩余 20 个任务仍在处理中...
2026-05-30 16:45:24,445 [INFO] merge_service - [Poll] 进度: 1/21 完成, 剩余 20 个任务仍在处理中...
2026-05-30 16:45:27,682 [INFO] merge_service - [Poll] 进度: 1/21 完成, 剩余 20 个任务仍在处理中...
2026-05-30 16:45:30,902 [INFO] merge_service - [Poll] 进度: 1/21 完成, 剩余 20 个任务仍在处理中...
2026-05-30 16:45:34,115 [INFO] merge_service - [Poll] 进度: 1/21 完成, 剩余 20 个任务仍在处理中...
2026-05-30 16:45:37,329 [INFO] merge_service - [Poll] 进度: 1/21 完成, 剩余 20 个任务仍在处理中...
2026-05-30 16:45:40,402 [INFO] merge_service - [Poll] 任务 a11afdeb-cba8-4975-b843-a1a7adc9677c (中国心血管病一级预防指南基层版_1.png) → completed [成功]
2026-05-30 16:45:40,539 [INFO] merge_service - [Poll] 任务 2d393798-9aae-4c66-b52b-7b7f4f3f3871 (中国心血管病一级预防指南基层版_6.png) → completed [成功]
2026-05-30 16:45:40,549 [INFO] merge_service - [Poll] 进度: 3/21 完成, 剩余 18 个任务仍在处理中...
2026-05-30 16:45:43,583 [INFO] merge_service - [Poll] 任务 9c72e243-d093-4480-bd81-e2f4f92a5969 (中国心血管病一级预防指南基层版_8.png) → completed [成功]
2026-05-30 16:45:43,763 [INFO] merge_service - [Poll] 进度: 4/21 完成, 剩余 17 个任务仍在处理中...
2026-05-30 16:45:46,986 [INFO] merge_service - [Poll] 进度: 4/21 完成, 剩余 17 个任务仍在处理中...
2026-05-30 16:45:50,200 [INFO] merge_service - [Poll] 进度: 4/21 完成, 剩余 17 个任务仍在处理中...
2026-05-30 16:45:53,303 [INFO] merge_service - [Poll] 任务 74826628-2f86-4c96-bbc5-819fb16edf66 (中国心血管病一级预防指南基层版_7.png) → completed [成功]
2026-05-30 16:45:53,385 [INFO] merge_service - [Poll] 进度: 5/21 完成, 剩余 16 个任务仍在处理中...
2026-05-30 16:45:56,558 [INFO] merge_service - [Poll] 进度: 5/21 完成, 剩余 16 个任务仍在处理中...
2026-05-30 16:45:59,750 [INFO] merge_service - [Poll] 进度: 5/21 完成, 剩余 16 个任务仍在处理中...
2026-05-30 16:46:02,876 [INFO] merge_service - [Poll] 任务 aea7910c-ca93-459c-91d0-3b1b740e39f7 (中国心血管病一级预防指南基层版_5.png) → completed [成功]
2026-05-30 16:46:02,964 [INFO] merge_service - [Poll] 进度: 6/21 完成, 剩余 15 个任务仍在处理中...
2026-05-30 16:46:06,133 [INFO] merge_service - [Poll] 进度: 6/21 完成, 剩余 15 个任务仍在处理中...
2026-05-30 16:46:09,293 [INFO] merge_service - [Poll] 进度: 6/21 完成, 剩余 15 个任务仍在处理中...
2026-05-30 16:46:12,459 [INFO] merge_service - [Poll] 进度: 6/21 完成, 剩余 15 个任务仍在处理中...
2026-05-30 16:46:15,584 [INFO] merge_service - [Poll] 任务 1c6868c3-2b30-4fe2-8550-9f34aef5e595 (中国心血管病一级预防指南基层版_2.png) → completed [成功]
2026-05-30 16:46:15,649 [INFO] merge_service - [Poll] 任务 8f694282-3a78-4bf2-86a0-dad0c15c7970 (中国心血管病一级预防指南基层版_4.png) → completed [成功]
2026-05-30 16:46:15,660 [INFO] merge_service - [Poll] 进度: 8/21 完成, 剩余 13 个任务仍在处理中...
2026-05-30 16:46:18,806 [INFO] merge_service - [Poll] 进度: 8/21 完成, 剩余 13 个任务仍在处理中...
2026-05-30 16:46:21,903 [INFO] merge_service - [Poll] 任务 20be40c9-3fc9-4f82-a7a9-ac4c6983af05 (中国心血管病一级预防指南基层版_14.png) → completed [成功]
2026-05-30 16:46:21,947 [INFO] merge_service - [Poll] 进度: 9/21 完成, 剩余 12 个任务仍在处理中...
2026-05-30 16:46:25,012 [INFO] merge_service - [Poll] 任务 41f27a86-544f-4827-af14-c59a72d94612 (中国心血管病一级预防指南基层版_13.png) → completed [成功]
2026-05-30 16:46:25,079 [INFO] merge_service - [Poll] 进度: 10/21 完成, 剩余 11 个任务仍在处理中...
2026-05-30 16:46:28,232 [INFO] merge_service - [Poll] 进度: 10/21 完成, 剩余 11 个任务仍在处理中...
2026-05-30 16:46:31,352 [INFO] merge_service - [Poll] 进度: 10/21 完成, 剩余 11 个任务仍在处理中...
2026-05-30 16:46:34,482 [INFO] merge_service - [Poll] 进度: 10/21 完成, 剩余 11 个任务仍在处理中...
2026-05-30 16:46:37,644 [INFO] merge_service - [Poll] 进度: 10/21 完成, 剩余 11 个任务仍在处理中...
2026-05-30 16:46:40,775 [INFO] merge_service - [Poll] 进度: 10/21 完成, 剩余 11 个任务仍在处理中...
2026-05-30 16:46:43,898 [INFO] merge_service - [Poll] 进度: 10/21 完成, 剩余 11 个任务仍在处理中...
2026-05-30 16:46:47,044 [INFO] merge_service - [Poll] 进度: 10/21 完成, 剩余 11 个任务仍在处理中...
2026-05-30 16:46:50,164 [INFO] merge_service - [Poll] 进度: 10/21 完成, 剩余 11 个任务仍在处理中...
2026-05-30 16:46:53,285 [INFO] merge_service - [Poll] 进度: 10/21 完成, 剩余 11 个任务仍在处理中...
2026-05-30 16:46:56,444 [INFO] merge_service - [Poll] 进度: 10/21 完成, 剩余 11 个任务仍在处理中...
2026-05-30 16:46:59,564 [INFO] merge_service - [Poll] 进度: 10/21 完成, 剩余 11 个任务仍在处理中...
2026-05-30 16:47:02,687 [INFO] merge_service - [Poll] 进度: 10/21 完成, 剩余 11 个任务仍在处理中...
2026-05-30 16:47:05,839 [INFO] merge_service - [Poll] 进度: 10/21 完成, 剩余 11 个任务仍在处理中...
2026-05-30 16:47:08,959 [INFO] merge_service - [Poll] 进度: 10/21 完成, 剩余 11 个任务仍在处理中...
2026-05-30 16:47:12,083 [INFO] merge_service - [Poll] 进度: 10/21 完成, 剩余 11 个任务仍在处理中...
2026-05-30 16:47:15,218 [INFO] merge_service - [Poll] 进度: 10/21 完成, 剩余 11 个任务仍在处理中...
2026-05-30 16:47:18,336 [INFO] merge_service - [Poll] 进度: 10/21 完成, 剩余 11 个任务仍在处理中...
2026-05-30 16:47:21,374 [INFO] merge_service - [Poll] 任务 583e7ce1-6b8b-4eab-9d11-46f093a4fd40 (中国心血管病一级预防指南基层版_9.png) → completed [成功]
2026-05-30 16:47:21,462 [INFO] merge_service - [Poll] 任务 1a0fd37e-7b90-4416-89c3-e93ab8693b10 (中国心血管病一级预防指南基层版_10.png) → completed [成功]
2026-05-30 16:47:21,484 [INFO] merge_service - [Poll] 进度: 12/21 完成, 剩余 9 个任务仍在处理中...
2026-05-30 16:47:24,589 [INFO] merge_service - [Poll] 进度: 12/21 完成, 剩余 9 个任务仍在处理中...
2026-05-30 16:47:27,687 [INFO] merge_service - [Poll] 进度: 12/21 完成, 剩余 9 个任务仍在处理中...
2026-05-30 16:47:30,829 [INFO] merge_service - [Poll] 进度: 12/21 完成, 剩余 9 个任务仍在处理中...
2026-05-30 16:47:33,930 [INFO] merge_service - [Poll] 进度: 12/21 完成, 剩余 9 个任务仍在处理中...
2026-05-30 16:47:37,031 [INFO] merge_service - [Poll] 进度: 12/21 完成, 剩余 9 个任务仍在处理中...
2026-05-30 16:47:40,116 [INFO] merge_service - [Poll] 任务 a30202ff-35d5-40fc-a3a1-2b7b621c03b5 (中国心血管病一级预防指南基层版_17.png) → completed [成功]
2026-05-30 16:47:40,150 [INFO] merge_service - [Poll] 进度: 13/21 完成, 剩余 8 个任务仍在处理中...
2026-05-30 16:47:43,224 [INFO] merge_service - [Poll] 任务 df7349fd-37bf-4a28-ba15-1f49d0249ecb (中国心血管病一级预防指南基层版_11.png) → completed [成功]
2026-05-30 16:47:43,234 [INFO] merge_service - [Poll] 进度: 14/21 完成, 剩余 7 个任务仍在处理中...
2026-05-30 16:47:46,358 [INFO] merge_service - [Poll] 进度: 14/21 完成, 剩余 7 个任务仍在处理中...
2026-05-30 16:47:49,436 [INFO] merge_service - [Poll] 进度: 14/21 完成, 剩余 7 个任务仍在处理中...
2026-05-30 16:47:52,528 [INFO] merge_service - [Poll] 任务 86a47c86-3400-4876-a0be-88957e343268 (中国心血管病一级预防指南基层版_12.png) → completed [成功]
2026-05-30 16:47:52,528 [INFO] merge_service - [Poll] 进度: 15/21 完成, 剩余 6 个任务仍在处理中...
2026-05-30 16:47:55,542 [INFO] merge_service - [Poll] 任务 63da7631-b3dd-4598-8e60-ef6f52cdf837 (中国心血管病一级预防指南基层版_21.png) → completed [成功]
2026-05-30 16:47:55,565 [INFO] merge_service - [Poll] 任务 966c94ae-636d-4b0d-bf05-e06c4f272a24 (中国心血管病一级预防指南基层版_15.png) → completed [成功]
2026-05-30 16:47:55,575 [INFO] merge_service - [Poll] 任务 0e9628bb-0300-4cbb-a167-ca6c3e7db711 (中国心血管病一级预防指南基层版_16.png) → completed [成功]
2026-05-30 16:47:55,596 [INFO] merge_service - [Poll] 进度: 18/21 完成, 剩余 3 个任务仍在处理中...
2026-05-30 16:47:58,640 [INFO] merge_service - [Poll] 进度: 18/21 完成, 剩余 3 个任务仍在处理中...
2026-05-30 16:48:01,672 [INFO] merge_service - [Poll] 进度: 18/21 完成, 剩余 3 个任务仍在处理中...
2026-05-30 16:48:04,750 [INFO] merge_service - [Poll] 任务 9ae2daae-abc1-4815-ac83-33a40b9addd5 (中国心血管病一级预防指南基层版_18.png) → completed [成功]
2026-05-30 16:48:04,751 [INFO] merge_service - [Poll] 进度: 19/21 完成, 剩余 2 个任务仍在处理中...
2026-05-30 16:48:07,774 [INFO] merge_service - [Poll] 进度: 19/21 完成, 剩余 2 个任务仍在处理中...
2026-05-30 16:48:10,813 [INFO] merge_service - [Poll] 进度: 19/21 完成, 剩余 2 个任务仍在处理中...
2026-05-30 16:48:13,836 [INFO] merge_service - [Poll] 进度: 19/21 完成, 剩余 2 个任务仍在处理中...
2026-05-30 16:48:16,858 [INFO] merge_service - [Poll] 进度: 19/21 完成, 剩余 2 个任务仍在处理中...
2026-05-30 16:48:19,917 [INFO] merge_service - [Poll] 进度: 19/21 完成, 剩余 2 个任务仍在处理中...
2026-05-30 16:48:22,941 [INFO] merge_service - [Poll] 进度: 19/21 完成, 剩余 2 个任务仍在处理中...
2026-05-30 16:48:25,981 [INFO] merge_service - [Poll] 进度: 19/21 完成, 剩余 2 个任务仍在处理中...
2026-05-30 16:48:29,005 [INFO] merge_service - [Poll] 进度: 19/21 完成, 剩余 2 个任务仍在处理中...
2026-05-30 16:48:32,030 [INFO] merge_service - [Poll] 进度: 19/21 完成, 剩余 2 个任务仍在处理中...
2026-05-30 16:48:35,086 [INFO] merge_service - [Poll] 进度: 19/21 完成, 剩余 2 个任务仍在处理中...
2026-05-30 16:48:38,114 [INFO] merge_service - [Poll] 任务 f4f736d3-1602-4530-9c97-4520944d5ddc (中国心血管病一级预防指南基层版_19.png) → completed [成功]
2026-05-30 16:48:38,114 [INFO] merge_service - [Poll] 进度: 20/21 完成, 剩余 1 个任务仍在处理中...
2026-05-30 16:48:41,133 [INFO] merge_service - [Poll] 进度: 20/21 完成, 剩余 1 个任务仍在处理中...
2026-05-30 16:48:44,174 [INFO] merge_service - [Poll] 进度: 20/21 完成, 剩余 1 个任务仍在处理中...
2026-05-30 16:48:47,188 [INFO] merge_service - [Poll] 进度: 20/21 完成, 剩余 1 个任务仍在处理中...
2026-05-30 16:48:50,205 [INFO] merge_service - [Poll] 进度: 20/21 完成, 剩余 1 个任务仍在处理中...
2026-05-30 16:48:53,232 [INFO] merge_service - [Poll] 任务 ef0234e6-d021-4d80-9ddd-0b23019fc767 (中国心血管病一级预防指南基层版_20.png) → completed [成功]
2026-05-30 16:48:53,233 [INFO] merge_service - [b59e4e24-5b80-4014-ae3b-e427e8d26527] 所有提取任务已完成，开始合并清洗...
2026-05-30 16:48:53,233 [INFO] merge_service - [b59e4e24-5b80-4014-ae3b-e427e8d26527] 合并顺序（按原图片文件名序号）:
2026-05-30 16:48:53,233 [INFO] merge_service -   第1页: 中国心血管病一级预防指南基层版_1.png → output/中国心血管病一级预防指南基层版/中国心血管病一级预防指南基层版_1.md
2026-05-30 16:48:53,233 [INFO] merge_service -   第2页: 中国心血管病一级预防指南基层版_2.png → output/中国心血管病一级预防指南基层版/中国心血管病一级预防指南基层版_2.md
2026-05-30 16:48:53,233 [INFO] merge_service -   第3页: 中国心血管病一级预防指南基层版_3.png → output/中国心血管病一级预防指南基层版/中国心血管病一级预防指南基层版_3.md
2026-05-30 16:48:53,233 [INFO] merge_service -   第4页: 中国心血管病一级预防指南基层版_4.png → output/中国心血管病一级预防指南基层版/中国心血管病一级预防指南基层版_4.md
2026-05-30 16:48:53,233 [INFO] merge_service -   第5页: 中国心血管病一级预防指南基层版_5.png → output/中国心血管病一级预防指南基层版/中国心血管病一级预防指南基层版_5.md
2026-05-30 16:48:53,233 [INFO] merge_service -   第6页: 中国心血管病一级预防指南基层版_6.png → output/中国心血管病一级预防指南基层版/中国心血管病一级预防指南基层版_6.md
2026-05-30 16:48:53,233 [INFO] merge_service -   第7页: 中国心血管病一级预防指南基层版_7.png → output/中国心血管病一级预防指南基层版/中国心血管病一级预防指南基层版_7.md
2026-05-30 16:48:53,233 [INFO] merge_service -   第8页: 中国心血管病一级预防指南基层版_8.png → output/中国心血管病一级预防指南基层版/中国心血管病一级预防指南基层版_8.md
2026-05-30 16:48:53,233 [INFO] merge_service -   第9页: 中国心血管病一级预防指南基层版_9.png → output/中国心血管病一级预防指南基层版/中国心血管病一级预防指南基层版_9.md
2026-05-30 16:48:53,233 [INFO] merge_service -   第10页: 中国心血管病一级预防指南基层版_10.png → output/中国心血管病一级预防指南基层版/中国心血管病一级预防指南基层版_10.md
2026-05-30 16:48:53,233 [INFO] merge_service -   第11页: 中国心血管病一级预防指南基层版_11.png → output/中国心血管病一级预防指南基层版/中国心血管病一级预防指南基层版_11.md
2026-05-30 16:48:53,233 [INFO] merge_service -   第12页: 中国心血管病一级预防指南基层版_12.png → output/中国心血管病一级预防指南基层版/中国心血管病一级预防指南基层版_12.md
2026-05-30 16:48:53,233 [INFO] merge_service -   第13页: 中国心血管病一级预防指南基层版_13.png → output/中国心血管病一级预防指南基层版/中国心血管病一级预防指南基层版_13.md
2026-05-30 16:48:53,233 [INFO] merge_service -   第14页: 中国心血管病一级预防指南基层版_14.png → output/中国心血管病一级预防指南基层版/中国心血管病一级预防指南基层版_14.md
2026-05-30 16:48:53,233 [INFO] merge_service -   第15页: 中国心血管病一级预防指南基层版_15.png → output/中国心血管病一级预防指南基层版/中国心血管病一级预防指南基层版_15.md
2026-05-30 16:48:53,233 [INFO] merge_service -   第16页: 中国心血管病一级预防指南基层版_16.png → output/中国心血管病一级预防指南基层版/中国心血管病一级预防指南基层版_16.md
2026-05-30 16:48:53,233 [INFO] merge_service -   第17页: 中国心血管病一级预防指南基层版_17.png → output/中国心血管病一级预防指南基层版/中国心血管病一级预防指南基层版_17.md
2026-05-30 16:48:53,233 [INFO] merge_service -   第18页: 中国心血管病一级预防指南基层版_18.png → output/中国心血管病一级预防指南基层版/中国心血管病一级预防指南基层版_18.md
2026-05-30 16:48:53,233 [INFO] merge_service -   第19页: 中国心血管病一级预防指南基层版_19.png → output/中国心血管病一级预防指南基层版/中国心血管病一级预防指南基层版_19.md
2026-05-30 16:48:53,233 [INFO] merge_service -   第20页: 中国心血管病一级预防指南基层版_20.png → output/中国心血管病一级预防指南基层版/中国心血管病一级预防指南基层版_20.md
2026-05-30 16:48:53,233 [INFO] merge_service -   第21页: 中国心血管病一级预防指南基层版_21.png → output/中国心血管病一级预防指南基层版/中国心血管病一级预防指南基层版_21.md
2026-05-30 16:48:53,265 [INFO] merge_service - 
==================================================
2026-05-30 16:48:53,265 [INFO] merge_service - [b59e4e24-5b80-4014-ae3b-e427e8d26527] 合并清洗完成!
2026-05-30 16:48:53,265 [INFO] merge_service -   合并文件: output/中国心血管病一级预防指南基层版/中国心血管病一级预防指南基层版_merged_output.md
2026-05-30 16:48:53,265 [INFO] merge_service -   有效页面: 18/21
2026-05-30 16:48:53,265 [INFO] merge_service -   总字符数: 30680
2026-05-30 16:48:53,265 [INFO] merge_service -   轮询耗时: 309.58s, 合并耗时: 0.03s
2026-05-30 16:48:53,265 [INFO] merge_service -   跳过页面（参考文献）: [14, 18, 21]
2026-05-30 16:48:53,265 [INFO] merge_service - ==================================================
