2026-05-31 13:32:35,963 [INFO] merge_service - ============================================================
2026-05-31 13:32:35,963 [INFO] merge_service - 合并+清洗服务 — 新任务
2026-05-31 13:32:35,963 [INFO] merge_service -   合并ID: e4948d20-739a-4b93-8010-49aa33acda4d
2026-05-31 13:32:35,963 [INFO] merge_service -   PDF名称: 医脉通】2020+ESC指南：非持续性ST段抬高型急性冠脉综合征的管理 (原始: 医脉通】2020+ESC指南：非持续性ST段抬高型急性冠脉综合征的管理.pdf)
2026-05-31 13:32:35,963 [INFO] merge_service -   关联提取任务数: 79
2026-05-31 13:32:35,963 [INFO] merge_service -   输出目录: ./output
2026-05-31 13:32:35,963 [INFO] merge_service -   提取服务: http://localhost:8001
2026-05-31 13:32:35,963 [INFO] merge_service - ============================================================
2026-05-31 13:32:35,964 [INFO] merge_service - [Poll] 开始轮询 79 个提取任务...
2026-05-31 13:32:35,964 [INFO] merge_service - [Poll] 提取服务地址: http://localhost:8001
2026-05-31 13:32:35,964 [INFO] merge_service - [Poll] 轮询间隔: 3.0s, 最大等待: 3600.0s
2026-05-31 13:32:37,043 [INFO] merge_service - [Poll] 进度: 0/79 完成, 剩余 79 个任务仍在处理中...
2026-05-31 13:32:40,897 [INFO] merge_service - [Poll] 进度: 0/79 完成, 剩余 79 个任务仍在处理中...
2026-05-31 13:32:44,793 [INFO] merge_service - [Poll] 进度: 0/79 完成, 剩余 79 个任务仍在处理中...
2026-05-31 13:32:48,642 [INFO] merge_service - [Poll] 进度: 0/79 完成, 剩余 79 个任务仍在处理中...
2026-05-31 13:32:52,516 [INFO] merge_service - [Poll] 进度: 0/79 完成, 剩余 79 个任务仍在处理中...
2026-05-31 13:32:56,391 [INFO] merge_service - [Poll] 进度: 0/79 完成, 剩余 79 个任务仍在处理中...
2026-05-31 13:33:00,256 [INFO] merge_service - [Poll] 进度: 0/79 完成, 剩余 79 个任务仍在处理中...
2026-05-31 13:33:04,106 [INFO] merge_service - [Poll] 进度: 0/79 完成, 剩余 79 个任务仍在处理中...
2026-05-31 13:33:07,959 [INFO] merge_service - [Poll] 进度: 0/79 完成, 剩余 79 个任务仍在处理中...
2026-05-31 13:33:11,891 [INFO] merge_service - [Poll] 进度: 0/79 完成, 剩余 79 个任务仍在处理中...
2026-05-31 13:33:15,736 [INFO] merge_service - [Poll] 进度: 0/79 完成, 剩余 79 个任务仍在处理中...
2026-05-31 13:33:19,613 [INFO] merge_service - [Poll] 进度: 0/79 完成, 剩余 79 个任务仍在处理中...
2026-05-31 13:33:23,504 [INFO] merge_service - [Poll] 进度: 0/79 完成, 剩余 79 个任务仍在处理中...
2026-05-31 13:33:26,607 [INFO] merge_service - [Poll] 任务 046e014d-a3b3-4d23-b8ee-ef3731b71059 (【医脉通】2020+ESC指南：非持续性ST段抬高型急性冠脉综合征的管理_1.png) → completed [成功]
2026-05-31 13:33:26,830 [INFO] merge_service - [Poll] 任务 dbcbe85e-5122-464b-a2a6-046af92c3ee8 (【医脉通】2020+ESC指南：非持续性ST段抬高型急性冠脉综合征的管理_8.png) → completed [成功]
2026-05-31 13:33:27,276 [INFO] merge_service - [Poll] 任务 339f3908-c49f-4201-b90b-c790d2369a42 (【医脉通】2020+ESC指南：非持续性ST段抬高型急性冠脉综合征的管理_5.png) → completed [成功]
2026-05-31 13:33:27,383 [INFO] merge_service - [Poll] 进度: 3/79 完成, 剩余 76 个任务仍在处理中...
2026-05-31 13:33:31,205 [INFO] merge_service - [Poll] 进度: 3/79 完成, 剩余 76 个任务仍在处理中...
2026-05-31 13:33:35,049 [INFO] merge_service - [Poll] 进度: 3/79 完成, 剩余 76 个任务仍在处理中...
2026-05-31 13:33:38,159 [INFO] merge_service - [Poll] 任务 58259d72-4d02-4d40-b220-a23f21797f1d (【医脉通】2020+ESC指南：非持续性ST段抬高型急性冠脉综合征的管理_7.png) → completed [成功]
2026-05-31 13:33:38,886 [INFO] merge_service - [Poll] 进度: 4/79 完成, 剩余 75 个任务仍在处理中...
2026-05-31 13:33:42,729 [INFO] merge_service - [Poll] 进度: 4/79 完成, 剩余 75 个任务仍在处理中...
2026-05-31 13:33:46,548 [INFO] merge_service - [Poll] 进度: 4/79 完成, 剩余 75 个任务仍在处理中...
2026-05-31 13:33:50,366 [INFO] merge_service - [Poll] 进度: 4/79 完成, 剩余 75 个任务仍在处理中...
2026-05-31 13:33:54,164 [INFO] merge_service - [Poll] 进度: 4/79 完成, 剩余 75 个任务仍在处理中...
2026-05-31 13:33:57,316 [INFO] merge_service - [Poll] 任务 abf862db-07fb-4b25-858d-601d4a569b2b (【医脉通】2020+ESC指南：非持续性ST段抬高型急性冠脉综合征的管理_6.png) → completed [成功]
2026-05-31 13:33:57,991 [INFO] merge_service - [Poll] 进度: 5/79 完成, 剩余 74 个任务仍在处理中...
2026-05-31 13:34:01,814 [INFO] merge_service - [Poll] 进度: 5/79 完成, 剩余 74 个任务仍在处理中...
2026-05-31 13:34:04,975 [INFO] merge_service - [Poll] 任务 84e5bc4f-0664-4c2b-b780-22c2b911226d (【医脉通】2020+ESC指南：非持续性ST段抬高型急性冠脉综合征的管理_3.png) → completed [成功]
2026-05-31 13:34:05,563 [INFO] merge_service - [Poll] 任务 3917a863-2949-4664-a8e6-1254ec1172ef (【医脉通】2020+ESC指南：非持续性ST段抬高型急性冠脉综合征的管理_4.png) → completed [成功]
2026-05-31 13:34:05,617 [INFO] merge_service - [Poll] 进度: 7/79 完成, 剩余 72 个任务仍在处理中...
2026-05-31 13:34:09,398 [INFO] merge_service - [Poll] 进度: 7/79 完成, 剩余 72 个任务仍在处理中...
2026-05-31 13:34:13,171 [INFO] merge_service - [Poll] 进度: 7/79 完成, 剩余 72 个任务仍在处理中...
2026-05-31 13:34:16,966 [INFO] merge_service - [Poll] 进度: 7/79 完成, 剩余 72 个任务仍在处理中...
2026-05-31 13:34:20,742 [INFO] merge_service - [Poll] 进度: 7/79 完成, 剩余 72 个任务仍在处理中...
2026-05-31 13:34:24,511 [INFO] merge_service - [Poll] 进度: 7/79 完成, 剩余 72 个任务仍在处理中...
2026-05-31 13:34:28,301 [INFO] merge_service - [Poll] 进度: 7/79 完成, 剩余 72 个任务仍在处理中...
2026-05-31 13:34:31,961 [INFO] merge_service - [Poll] 任务 68c3855d-e6be-46d9-a84d-69017b397642 (【医脉通】2020+ESC指南：非持续性ST段抬高型急性冠脉综合征的管理_12.png) → completed [成功]
2026-05-31 13:34:32,122 [INFO] merge_service - [Poll] 进度: 8/79 完成, 剩余 71 个任务仍在处理中...
2026-05-31 13:34:35,928 [INFO] merge_service - [Poll] 进度: 8/79 完成, 剩余 71 个任务仍在处理中...
2026-05-31 13:34:39,382 [INFO] merge_service - [Poll] 任务 f963e8c9-4abf-4497-befd-65b65940a8d7 (【医脉通】2020+ESC指南：非持续性ST段抬高型急性冠脉综合征的管理_9.png) → completed [成功]
2026-05-31 13:34:39,690 [INFO] merge_service - [Poll] 进度: 9/79 完成, 剩余 70 个任务仍在处理中...
2026-05-31 13:34:42,956 [INFO] merge_service - [Poll] 任务 0c1e7ee0-f775-46c7-a9b2-741238096759 (【医脉通】2020+ESC指南：非持续性ST段抬高型急性冠脉综合征的管理_2.png) → completed [成功]
2026-05-31 13:34:43,451 [INFO] merge_service - [Poll] 进度: 10/79 完成, 剩余 69 个任务仍在处理中...
2026-05-31 13:34:47,187 [INFO] merge_service - [Poll] 进度: 10/79 完成, 剩余 69 个任务仍在处理中...
2026-05-31 13:34:50,924 [INFO] merge_service - [Poll] 进度: 10/79 完成, 剩余 69 个任务仍在处理中...
2026-05-31 13:34:54,682 [INFO] merge_service - [Poll] 进度: 10/79 完成, 剩余 69 个任务仍在处理中...
2026-05-31 13:34:58,420 [INFO] merge_service - [Poll] 进度: 10/79 完成, 剩余 69 个任务仍在处理中...
2026-05-31 13:35:02,154 [INFO] merge_service - [Poll] 进度: 10/79 完成, 剩余 69 个任务仍在处理中...
2026-05-31 13:35:05,881 [INFO] merge_service - [Poll] 进度: 10/79 完成, 剩余 69 个任务仍在处理中...
2026-05-31 13:35:09,729 [INFO] merge_service - [Poll] 进度: 10/79 完成, 剩余 69 个任务仍在处理中...
2026-05-31 13:35:13,554 [INFO] merge_service - [Poll] 进度: 10/79 完成, 剩余 69 个任务仍在处理中...
2026-05-31 13:35:17,339 [INFO] merge_service - [Poll] 进度: 10/79 完成, 剩余 69 个任务仍在处理中...
2026-05-31 13:35:21,121 [INFO] merge_service - [Poll] 进度: 10/79 完成, 剩余 69 个任务仍在处理中...
2026-05-31 13:35:24,879 [INFO] merge_service - [Poll] 进度: 10/79 完成, 剩余 69 个任务仍在处理中...
2026-05-31 13:35:28,686 [INFO] merge_service - [Poll] 进度: 10/79 完成, 剩余 69 个任务仍在处理中...
2026-05-31 13:35:32,126 [INFO] merge_service - [Poll] 任务 b8e454ef-d9ad-46fa-aedd-e4270c3bbcd8 (【医脉通】2020+ESC指南：非持续性ST段抬高型急性冠脉综合征的管理_14.png) → completed [成功]
2026-05-31 13:35:32,477 [INFO] merge_service - [Poll] 进度: 11/79 完成, 剩余 68 个任务仍在处理中...
2026-05-31 13:35:36,245 [INFO] merge_service - [Poll] 进度: 11/79 完成, 剩余 68 个任务仍在处理中...
2026-05-31 13:35:39,593 [INFO] merge_service - [Poll] 任务 05cff355-e8e5-4d25-bc1b-d1283eb401e4 (【医脉通】2020+ESC指南：非持续性ST段抬高型急性冠脉综合征的管理_10.png) → completed [成功]
2026-05-31 13:35:39,825 [INFO] merge_service - [Poll] 任务 5901b5e0-4ece-4953-a90f-d5244424340f (【医脉通】2020+ESC指南：非持续性ST段抬高型急性冠脉综合征的管理_18.png) → completed [成功]
2026-05-31 13:35:40,012 [INFO] merge_service - [Poll] 进度: 13/79 完成, 剩余 66 个任务仍在处理中...
2026-05-31 13:35:43,756 [INFO] merge_service - [Poll] 进度: 13/79 完成, 剩余 66 个任务仍在处理中...
2026-05-31 13:35:47,484 [INFO] merge_service - [Poll] 进度: 13/79 完成, 剩余 66 个任务仍在处理中...
2026-05-31 13:35:51,237 [INFO] merge_service - [Poll] 进度: 13/79 完成, 剩余 66 个任务仍在处理中...
2026-05-31 13:35:54,978 [INFO] merge_service - [Poll] 进度: 13/79 完成, 剩余 66 个任务仍在处理中...
2026-05-31 13:35:58,640 [INFO] merge_service - [Poll] 任务 8c6a6ee3-5382-4cca-a3b6-d62e8d6472f5 (【医脉通】2020+ESC指南：非持续性ST段抬高型急性冠脉综合征的管理_13.png) → completed [成功]
2026-05-31 13:35:58,713 [INFO] merge_service - [Poll] 进度: 14/79 完成, 剩余 65 个任务仍在处理中...
2026-05-31 13:36:02,423 [INFO] merge_service - [Poll] 进度: 14/79 完成, 剩余 65 个任务仍在处理中...
2026-05-31 13:36:06,136 [INFO] merge_service - [Poll] 进度: 14/79 完成, 剩余 65 个任务仍在处理中...
2026-05-31 13:36:09,852 [INFO] merge_service - [Poll] 进度: 14/79 完成, 剩余 65 个任务仍在处理中...
2026-05-31 13:36:13,348 [INFO] merge_service - [Poll] 任务 6958741e-9456-4616-854f-2c776ce442e0 (【医脉通】2020+ESC指南：非持续性ST段抬高型急性冠脉综合征的管理_15.png) → completed [成功]
2026-05-31 13:36:13,568 [INFO] merge_service - [Poll] 进度: 15/79 完成, 剩余 64 个任务仍在处理中...
2026-05-31 13:36:17,296 [INFO] merge_service - [Poll] 进度: 15/79 完成, 剩余 64 个任务仍在处理中...
2026-05-31 13:36:21,042 [INFO] merge_service - [Poll] 进度: 15/79 完成, 剩余 64 个任务仍在处理中...
2026-05-31 13:36:24,786 [INFO] merge_service - [Poll] 进度: 15/79 完成, 剩余 64 个任务仍在处理中...
2026-05-31 13:36:28,552 [INFO] merge_service - [Poll] 进度: 15/79 完成, 剩余 64 个任务仍在处理中...
2026-05-31 13:36:31,568 [INFO] merge_service - [Poll] 任务 58229578-65f9-455c-9e8e-a91cc3014c8f (【医脉通】2020+ESC指南：非持续性ST段抬高型急性冠脉综合征的管理_11.png) → completed [成功]
2026-05-31 13:36:32,259 [INFO] merge_service - [Poll] 进度: 16/79 完成, 剩余 63 个任务仍在处理中...
2026-05-31 13:36:35,957 [INFO] merge_service - [Poll] 进度: 16/79 完成, 剩余 63 个任务仍在处理中...
2026-05-31 13:36:39,645 [INFO] merge_service - [Poll] 进度: 16/79 完成, 剩余 63 个任务仍在处理中...
2026-05-31 13:36:43,158 [INFO] merge_service - [Poll] 任务 f542a10b-f0f7-47cf-8590-edc9def33500 (【医脉通】2020+ESC指南：非持续性ST段抬高型急性冠脉综合征的管理_17.png) → completed [成功]
2026-05-31 13:36:43,190 [INFO] merge_service - [Poll] 任务 ce8a4869-527a-4951-ae88-e3be67acf469 (【医脉通】2020+ESC指南：非持续性ST段抬高型急性冠脉综合征的管理_21.png) → completed [成功]
2026-05-31 13:36:43,342 [INFO] merge_service - [Poll] 进度: 18/79 完成, 剩余 61 个任务仍在处理中...
2026-05-31 13:36:47,032 [INFO] merge_service - [Poll] 进度: 18/79 完成, 剩余 61 个任务仍在处理中...
2026-05-31 13:36:50,706 [INFO] merge_service - [Poll] 进度: 18/79 完成, 剩余 61 个任务仍在处理中...
2026-05-31 13:36:54,377 [INFO] merge_service - [Poll] 进度: 18/79 完成, 剩余 61 个任务仍在处理中...
2026-05-31 13:36:58,057 [INFO] merge_service - [Poll] 进度: 18/79 完成, 剩余 61 个任务仍在处理中...
2026-05-31 13:37:01,746 [INFO] merge_service - [Poll] 进度: 18/79 完成, 剩余 61 个任务仍在处理中...
2026-05-31 13:37:05,444 [INFO] merge_service - [Poll] 进度: 18/79 完成, 剩余 61 个任务仍在处理中...
2026-05-31 13:37:08,946 [INFO] merge_service - [Poll] 任务 200d0171-bd6d-4d11-a921-2bebdf835260 (【医脉通】2020+ESC指南：非持续性ST段抬高型急性冠脉综合征的管理_16.png) → completed [成功]
2026-05-31 13:37:09,144 [INFO] merge_service - [Poll] 进度: 19/79 完成, 剩余 60 个任务仍在处理中...
2026-05-31 13:37:12,828 [INFO] merge_service - [Poll] 进度: 19/79 完成, 剩余 60 个任务仍在处理中...
2026-05-31 13:37:16,518 [INFO] merge_service - [Poll] 进度: 19/79 完成, 剩余 60 个任务仍在处理中...
2026-05-31 13:37:19,619 [INFO] merge_service - [Poll] 任务 0b4abe74-9691-44c2-af18-0fd1d280e491 (【医脉通】2020+ESC指南：非持续性ST段抬高型急性冠脉综合征的管理_23.png) → completed [成功]
2026-05-31 13:37:20,213 [INFO] merge_service - [Poll] 进度: 20/79 完成, 剩余 59 个任务仍在处理中...
2026-05-31 13:37:23,913 [INFO] merge_service - [Poll] 进度: 20/79 完成, 剩余 59 个任务仍在处理中...
2026-05-31 13:37:27,592 [INFO] merge_service - [Poll] 进度: 20/79 完成, 剩余 59 个任务仍在处理中...
2026-05-31 13:37:31,296 [INFO] merge_service - [Poll] 进度: 20/79 完成, 剩余 59 个任务仍在处理中...
2026-05-31 13:37:34,966 [INFO] merge_service - [Poll] 进度: 20/79 完成, 剩余 59 个任务仍在处理中...
2026-05-31 13:37:38,630 [INFO] merge_service - [Poll] 任务 d46279d4-6a0c-4594-94de-c5168babb2c0 (【医脉通】2020+ESC指南：非持续性ST段抬高型急性冠脉综合征的管理_19.png) → completed [成功]
2026-05-31 13:37:38,663 [INFO] merge_service - [Poll] 进度: 21/79 完成, 剩余 58 个任务仍在处理中...
2026-05-31 13:37:42,279 [INFO] merge_service - [Poll] 任务 8bc69c1d-b553-4d19-a27e-bf39407812d2 (【医脉通】2020+ESC指南：非持续性ST段抬高型急性冠脉综合征的管理_20.png) → completed [成功]
2026-05-31 13:37:42,338 [INFO] merge_service - [Poll] 进度: 22/79 完成, 剩余 57 个任务仍在处理中...
2026-05-31 13:37:45,989 [INFO] merge_service - [Poll] 进度: 22/79 完成, 剩余 57 个任务仍在处理中...
2026-05-31 13:37:49,637 [INFO] merge_service - [Poll] 进度: 22/79 完成, 剩余 57 个任务仍在处理中...
2026-05-31 13:37:53,305 [INFO] merge_service - [Poll] 进度: 22/79 完成, 剩余 57 个任务仍在处理中...
2026-05-31 13:37:56,963 [INFO] merge_service - [Poll] 进度: 22/79 完成, 剩余 57 个任务仍在处理中...
2026-05-31 13:38:00,619 [INFO] merge_service - [Poll] 进度: 22/79 完成, 剩余 57 个任务仍在处理中...
2026-05-31 13:38:04,308 [INFO] merge_service - [Poll] 进度: 22/79 完成, 剩余 57 个任务仍在处理中...
2026-05-31 13:38:07,969 [INFO] merge_service - [Poll] 进度: 22/79 完成, 剩余 57 个任务仍在处理中...
2026-05-31 13:38:11,628 [INFO] merge_service - [Poll] 进度: 22/79 完成, 剩余 57 个任务仍在处理中...
2026-05-31 13:38:15,295 [INFO] merge_service - [Poll] 进度: 22/79 完成, 剩余 57 个任务仍在处理中...
2026-05-31 13:38:18,925 [INFO] merge_service - [Poll] 任务 b41efa87-1044-4a8c-b8c9-4fc1f03f3da2 (【医脉通】2020+ESC指南：非持续性ST段抬高型急性冠脉综合征的管理_27.png) → completed [成功]
2026-05-31 13:38:18,957 [INFO] merge_service - [Poll] 进度: 23/79 完成, 剩余 56 个任务仍在处理中...
2026-05-31 13:38:22,604 [INFO] merge_service - [Poll] 进度: 23/79 完成, 剩余 56 个任务仍在处理中...
2026-05-31 13:38:26,252 [INFO] merge_service - [Poll] 进度: 23/79 完成, 剩余 56 个任务仍在处理中...
2026-05-31 13:38:29,904 [INFO] merge_service - [Poll] 任务 48c0caa8-86e1-48fe-8993-3ab11158327e (【医脉通】2020+ESC指南：非持续性ST段抬高型急性冠脉综合征的管理_24.png) → completed [成功]
2026-05-31 13:38:29,904 [INFO] merge_service - [Poll] 进度: 24/79 完成, 剩余 55 个任务仍在处理中...
2026-05-31 13:38:33,536 [INFO] merge_service - [Poll] 进度: 24/79 完成, 剩余 55 个任务仍在处理中...
2026-05-31 13:38:37,211 [INFO] merge_service - [Poll] 进度: 24/79 完成, 剩余 55 个任务仍在处理中...
2026-05-31 13:38:40,849 [INFO] merge_service - [Poll] 进度: 24/79 完成, 剩余 55 个任务仍在处理中...
2026-05-31 13:38:44,477 [INFO] merge_service - [Poll] 进度: 24/79 完成, 剩余 55 个任务仍在处理中...
2026-05-31 13:38:48,096 [INFO] merge_service - [Poll] 进度: 24/79 完成, 剩余 55 个任务仍在处理中...
2026-05-31 13:38:51,718 [INFO] merge_service - [Poll] 进度: 24/79 完成, 剩余 55 个任务仍在处理中...
2026-05-31 13:38:55,024 [INFO] merge_service - [Poll] 任务 7d291136-6ce0-4f81-a4ee-87a7499305b3 (【医脉通】2020+ESC指南：非持续性ST段抬高型急性冠脉综合征的管理_30.png) → completed [成功]
2026-05-31 13:38:55,327 [INFO] merge_service - [Poll] 进度: 25/79 完成, 剩余 54 个任务仍在处理中...
2026-05-31 13:38:58,341 [INFO] merge_service - [Poll] 任务 f8d99aea-19da-48ac-b298-d42469dc4c2c (【医脉通】2020+ESC指南：非持续性ST段抬高型急性冠脉综合征的管理_26.png) → completed [成功]
2026-05-31 13:38:58,920 [INFO] merge_service - [Poll] 进度: 26/79 完成, 剩余 53 个任务仍在处理中...
2026-05-31 13:39:02,345 [INFO] merge_service - [Poll] 任务 f71f5469-1d73-44fd-ab5f-1e24be6c71e7 (【医脉通】2020+ESC指南：非持续性ST段抬高型急性冠脉综合征的管理_22.png) → completed [成功]
2026-05-31 13:39:02,501 [INFO] merge_service - [Poll] 进度: 27/79 完成, 剩余 52 个任务仍在处理中...
2026-05-31 13:39:06,071 [INFO] merge_service - [Poll] 进度: 27/79 完成, 剩余 52 个任务仍在处理中...
2026-05-31 13:39:09,644 [INFO] merge_service - [Poll] 进度: 27/79 完成, 剩余 52 个任务仍在处理中...
2026-05-31 13:39:13,251 [INFO] merge_service - [Poll] 进度: 27/79 完成, 剩余 52 个任务仍在处理中...
2026-05-31 13:39:16,839 [INFO] merge_service - [Poll] 进度: 27/79 完成, 剩余 52 个任务仍在处理中...
2026-05-31 13:39:20,423 [INFO] merge_service - [Poll] 进度: 27/79 完成, 剩余 52 个任务仍在处理中...
2026-05-31 13:39:24,008 [INFO] merge_service - [Poll] 进度: 27/79 完成, 剩余 52 个任务仍在处理中...
2026-05-31 13:39:27,586 [INFO] merge_service - [Poll] 进度: 27/79 完成, 剩余 52 个任务仍在处理中...
2026-05-31 13:39:30,837 [INFO] merge_service - [Poll] 任务 910e6cd6-20ab-45b4-a393-1470331373dd (【医脉通】2020+ESC指南：非持续性ST段抬高型急性冠脉综合征的管理_28.png) → completed [成功]
2026-05-31 13:39:31,185 [INFO] merge_service - [Poll] 进度: 28/79 完成, 剩余 51 个任务仍在处理中...
2026-05-31 13:39:34,278 [INFO] merge_service - [Poll] 任务 f5d6160e-ae2a-4ab2-88e5-9643bd98a849 (【医脉通】2020+ESC指南：非持续性ST段抬高型急性冠脉综合征的管理_31.png) → completed [成功]
2026-05-31 13:39:34,768 [INFO] merge_service - [Poll] 进度: 29/79 完成, 剩余 50 个任务仍在处理中...
2026-05-31 13:39:38,331 [INFO] merge_service - [Poll] 进度: 29/79 完成, 剩余 50 个任务仍在处理中...
2026-05-31 13:39:41,901 [INFO] merge_service - [Poll] 进度: 29/79 完成, 剩余 50 个任务仍在处理中...
2026-05-31 13:39:45,182 [INFO] merge_service - [Poll] 任务 5b6d5fef-2e53-4509-94f6-c07931bcccf9 (【医脉通】2020+ESC指南：非持续性ST段抬高型急性冠脉综合征的管理_29.png) → completed [成功]
2026-05-31 13:39:45,453 [INFO] merge_service - [Poll] 进度: 30/79 完成, 剩余 49 个任务仍在处理中...
2026-05-31 13:39:48,999 [INFO] merge_service - [Poll] 进度: 30/79 完成, 剩余 49 个任务仍在处理中...
2026-05-31 13:39:52,128 [INFO] merge_service - [Poll] 任务 12d0b468-6508-48f3-a2b4-36078a7eb34c (【医脉通】2020+ESC指南：非持续性ST段抬高型急性冠脉综合征的管理_25.png) → completed [成功]
2026-05-31 13:39:52,559 [INFO] merge_service - [Poll] 进度: 31/79 完成, 剩余 48 个任务仍在处理中...
2026-05-31 13:39:56,103 [INFO] merge_service - [Poll] 进度: 31/79 完成, 剩余 48 个任务仍在处理中...
2026-05-31 13:39:59,628 [INFO] merge_service - [Poll] 进度: 31/79 完成, 剩余 48 个任务仍在处理中...
2026-05-31 13:40:03,151 [INFO] merge_service - [Poll] 进度: 31/79 完成, 剩余 48 个任务仍在处理中...
2026-05-31 13:40:06,746 [INFO] merge_service - [Poll] 进度: 31/79 完成, 剩余 48 个任务仍在处理中...
2026-05-31 13:40:10,294 [INFO] merge_service - [Poll] 进度: 31/79 完成, 剩余 48 个任务仍在处理中...
2026-05-31 13:40:13,838 [INFO] merge_service - [Poll] 进度: 31/79 完成, 剩余 48 个任务仍在处理中...
2026-05-31 13:40:17,367 [INFO] merge_service - [Poll] 进度: 31/79 完成, 剩余 48 个任务仍在处理中...
2026-05-31 13:40:20,901 [INFO] merge_service - [Poll] 进度: 31/79 完成, 剩余 48 个任务仍在处理中...
2026-05-31 13:40:24,475 [INFO] merge_service - [Poll] 进度: 31/79 完成, 剩余 48 个任务仍在处理中...
2026-05-31 13:40:27,591 [INFO] merge_service - [Poll] 任务 17393e81-ab18-4e5e-b435-319c13ab882f (【医脉通】2020+ESC指南：非持续性ST段抬高型急性冠脉综合征的管理_34.png) → completed [成功]
2026-05-31 13:40:28,022 [INFO] merge_service - [Poll] 进度: 32/79 完成, 剩余 47 个任务仍在处理中...
2026-05-31 13:40:31,544 [INFO] merge_service - [Poll] 进度: 32/79 完成, 剩余 47 个任务仍在处理中...
2026-05-31 13:40:35,074 [INFO] merge_service - [Poll] 进度: 32/79 完成, 剩余 47 个任务仍在处理中...
2026-05-31 13:40:38,610 [INFO] merge_service - [Poll] 进度: 32/79 完成, 剩余 47 个任务仍在处理中...
2026-05-31 13:40:42,128 [INFO] merge_service - [Poll] 进度: 32/79 完成, 剩余 47 个任务仍在处理中...
2026-05-31 13:40:45,645 [INFO] merge_service - [Poll] 进度: 32/79 完成, 剩余 47 个任务仍在处理中...
2026-05-31 13:40:49,188 [INFO] merge_service - [Poll] 进度: 32/79 完成, 剩余 47 个任务仍在处理中...
2026-05-31 13:40:52,574 [INFO] merge_service - [Poll] 任务 a34fc704-271d-48ec-9c25-3b11f50f0b56 (【医脉通】2020+ESC指南：非持续性ST段抬高型急性冠脉综合征的管理_36.png) → completed [成功]
2026-05-31 13:40:52,707 [INFO] merge_service - [Poll] 进度: 33/79 完成, 剩余 46 个任务仍在处理中...
2026-05-31 13:40:55,742 [INFO] merge_service - [Poll] 任务 d371bcb9-e199-4e96-b91a-e836f4920cbd (【医脉通】2020+ESC指南：非持续性ST段抬高型急性冠脉综合征的管理_37.png) → completed [成功]
2026-05-31 13:40:56,230 [INFO] merge_service - [Poll] 任务 5df71d12-def3-43b2-b72e-13d00cb82bdd (【医脉通】2020+ESC指南：非持续性ST段抬高型急性冠脉综合征的管理_33.png) → completed [成功]
2026-05-31 13:40:56,231 [INFO] merge_service - [Poll] 进度: 35/79 完成, 剩余 44 个任务仍在处理中...
2026-05-31 13:40:59,764 [INFO] merge_service - [Poll] 进度: 35/79 完成, 剩余 44 个任务仍在处理中...
2026-05-31 13:41:03,261 [INFO] merge_service - [Poll] 进度: 35/79 完成, 剩余 44 个任务仍在处理中...
2026-05-31 13:41:06,740 [INFO] merge_service - [Poll] 进度: 35/79 完成, 剩余 44 个任务仍在处理中...
2026-05-31 13:41:10,255 [INFO] merge_service - [Poll] 进度: 35/79 完成, 剩余 44 个任务仍在处理中...
2026-05-31 13:41:13,747 [INFO] merge_service - [Poll] 进度: 35/79 完成, 剩余 44 个任务仍在处理中...
2026-05-31 13:41:17,227 [INFO] merge_service - [Poll] 进度: 35/79 完成, 剩余 44 个任务仍在处理中...
2026-05-31 13:41:20,746 [INFO] merge_service - [Poll] 进度: 35/79 完成, 剩余 44 个任务仍在处理中...
2026-05-31 13:41:24,225 [INFO] merge_service - [Poll] 进度: 35/79 完成, 剩余 44 个任务仍在处理中...
2026-05-31 13:41:27,709 [INFO] merge_service - [Poll] 进度: 35/79 完成, 剩余 44 个任务仍在处理中...
2026-05-31 13:41:31,196 [INFO] merge_service - [Poll] 进度: 35/79 完成, 剩余 44 个任务仍在处理中...
2026-05-31 13:41:34,676 [INFO] merge_service - [Poll] 进度: 35/79 完成, 剩余 44 个任务仍在处理中...
2026-05-31 13:41:38,165 [INFO] merge_service - [Poll] 任务 527fc2bc-f774-4b7a-a087-5b8e955c644e (【医脉通】2020+ESC指南：非持续性ST段抬高型急性冠脉综合征的管理_35.png) → completed [成功]
2026-05-31 13:41:38,190 [INFO] merge_service - [Poll] 进度: 36/79 完成, 剩余 43 个任务仍在处理中...
2026-05-31 13:41:41,672 [INFO] merge_service - [Poll] 进度: 36/79 完成, 剩余 43 个任务仍在处理中...
2026-05-31 13:41:45,143 [INFO] merge_service - [Poll] 进度: 36/79 完成, 剩余 43 个任务仍在处理中...
2026-05-31 13:41:48,193 [INFO] merge_service - [Poll] 任务 7dec2c17-4853-4949-938e-149c3124702a (【医脉通】2020+ESC指南：非持续性ST段抬高型急性冠脉综合征的管理_32.png) → completed [成功]
2026-05-31 13:41:48,630 [INFO] merge_service - [Poll] 进度: 37/79 完成, 剩余 42 个任务仍在处理中...
2026-05-31 13:41:52,092 [INFO] merge_service - [Poll] 进度: 37/79 完成, 剩余 42 个任务仍在处理中...
2026-05-31 13:41:55,591 [INFO] merge_service - [Poll] 进度: 37/79 完成, 剩余 42 个任务仍在处理中...
2026-05-31 13:41:59,057 [INFO] merge_service - [Poll] 进度: 37/79 完成, 剩余 42 个任务仍在处理中...
2026-05-31 13:42:02,517 [INFO] merge_service - [Poll] 进度: 37/79 完成, 剩余 42 个任务仍在处理中...
2026-05-31 13:42:05,659 [INFO] merge_service - [Poll] 任务 5646c27b-fb68-4c2a-9ff7-e93131db1ec9 (【医脉通】2020+ESC指南：非持续性ST段抬高型急性冠脉综合征的管理_39.png) → completed [成功]
2026-05-31 13:42:06,002 [INFO] merge_service - [Poll] 进度: 38/79 完成, 剩余 41 个任务仍在处理中...
2026-05-31 13:42:09,094 [INFO] merge_service - [Poll] 任务 ee4776b4-504c-4f8f-8fa6-48a471d8c498 (【医脉通】2020+ESC指南：非持续性ST段抬高型急性冠脉综合征的管理_38.png) → completed [成功]
2026-05-31 13:42:09,451 [INFO] merge_service - [Poll] 进度: 39/79 完成, 剩余 40 个任务仍在处理中...
2026-05-31 13:42:12,480 [INFO] merge_service - [Poll] 任务 8ccf82dd-f1db-4ec4-a74c-9095ef532043 (【医脉通】2020+ESC指南：非持续性ST段抬高型急性冠脉综合征的管理_40.png) → completed [成功]
2026-05-31 13:42:12,901 [INFO] merge_service - [Poll] 进度: 40/79 完成, 剩余 39 个任务仍在处理中...
2026-05-31 13:42:15,937 [INFO] merge_service - [Poll] 任务 87543ed8-ef2b-454b-a583-9c65e23ca131 (【医脉通】2020+ESC指南：非持续性ST段抬高型急性冠脉综合征的管理_41.png) → completed [成功]
2026-05-31 13:42:16,331 [INFO] merge_service - [Poll] 进度: 41/79 完成, 剩余 38 个任务仍在处理中...
2026-05-31 13:42:19,761 [INFO] merge_service - [Poll] 进度: 41/79 完成, 剩余 38 个任务仍在处理中...
2026-05-31 13:42:23,186 [INFO] merge_service - [Poll] 进度: 41/79 完成, 剩余 38 个任务仍在处理中...
2026-05-31 13:42:26,612 [INFO] merge_service - [Poll] 进度: 41/79 完成, 剩余 38 个任务仍在处理中...
2026-05-31 13:42:30,029 [INFO] merge_service - [Poll] 进度: 41/79 完成, 剩余 38 个任务仍在处理中...
2026-05-31 13:42:33,446 [INFO] merge_service - [Poll] 进度: 41/79 完成, 剩余 38 个任务仍在处理中...
2026-05-31 13:42:36,889 [INFO] merge_service - [Poll] 进度: 41/79 完成, 剩余 38 个任务仍在处理中...
2026-05-31 13:42:40,334 [INFO] merge_service - [Poll] 进度: 41/79 完成, 剩余 38 个任务仍在处理中...
2026-05-31 13:42:43,771 [INFO] merge_service - [Poll] 进度: 41/79 完成, 剩余 38 个任务仍在处理中...
2026-05-31 13:42:47,186 [INFO] merge_service - [Poll] 进度: 41/79 完成, 剩余 38 个任务仍在处理中...
2026-05-31 13:42:50,647 [INFO] merge_service - [Poll] 进度: 41/79 完成, 剩余 38 个任务仍在处理中...
2026-05-31 13:42:54,074 [INFO] merge_service - [Poll] 进度: 41/79 完成, 剩余 38 个任务仍在处理中...
2026-05-31 13:42:57,508 [INFO] merge_service - [Poll] 进度: 41/79 完成, 剩余 38 个任务仍在处理中...
2026-05-31 13:43:00,780 [INFO] merge_service - [Poll] 任务 1e3948db-0a94-4627-850f-91d3895c067c (【医脉通】2020+ESC指南：非持续性ST段抬高型急性冠脉综合征的管理_42.png) → completed [成功]
2026-05-31 13:43:00,936 [INFO] merge_service - [Poll] 进度: 42/79 完成, 剩余 37 个任务仍在处理中...
2026-05-31 13:43:04,349 [INFO] merge_service - [Poll] 进度: 42/79 完成, 剩余 37 个任务仍在处理中...
2026-05-31 13:43:07,510 [INFO] merge_service - [Poll] 任务 61a6a24f-df32-4e7d-9fab-1bea4022bc0c (【医脉通】2020+ESC指南：非持续性ST段抬高型急性冠脉综合征的管理_49.png) → completed [成功]
2026-05-31 13:43:07,754 [INFO] merge_service - [Poll] 进度: 43/79 完成, 剩余 36 个任务仍在处理中...
2026-05-31 13:43:11,185 [INFO] merge_service - [Poll] 进度: 43/79 完成, 剩余 36 个任务仍在处理中...
2026-05-31 13:43:14,451 [INFO] merge_service - [Poll] 任务 bdb84c05-a24e-48dd-9523-d7bc80884f54 (【医脉通】2020+ESC指南：非持续性ST段抬高型急性冠脉综合征的管理_46.png) → completed [成功]
2026-05-31 13:43:14,586 [INFO] merge_service - [Poll] 进度: 44/79 完成, 剩余 35 个任务仍在处理中...
2026-05-31 13:43:17,977 [INFO] merge_service - [Poll] 进度: 44/79 完成, 剩余 35 个任务仍在处理中...
2026-05-31 13:43:21,069 [INFO] merge_service - [Poll] 任务 2dbde8df-a964-4775-bc29-1d5b31dfd296 (【医脉通】2020+ESC指南：非持续性ST段抬高型急性冠脉综合征的管理_43.png) → completed [成功]
2026-05-31 13:43:21,366 [INFO] merge_service - [Poll] 进度: 45/79 完成, 剩余 34 个任务仍在处理中...
2026-05-31 13:43:24,776 [INFO] merge_service - [Poll] 进度: 45/79 完成, 剩余 34 个任务仍在处理中...
2026-05-31 13:43:28,146 [INFO] merge_service - [Poll] 进度: 45/79 完成, 剩余 34 个任务仍在处理中...
2026-05-31 13:43:31,523 [INFO] merge_service - [Poll] 任务 7c351c60-e30e-4f1e-9776-44633c605941 (【医脉通】2020+ESC指南：非持续性ST段抬高型急性冠脉综合征的管理_48.png) → completed [成功]
2026-05-31 13:43:31,544 [INFO] merge_service - [Poll] 进度: 46/79 完成, 剩余 33 个任务仍在处理中...
2026-05-31 13:43:34,910 [INFO] merge_service - [Poll] 进度: 46/79 完成, 剩余 33 个任务仍在处理中...
2026-05-31 13:43:38,269 [INFO] merge_service - [Poll] 进度: 46/79 完成, 剩余 33 个任务仍在处理中...
2026-05-31 13:43:41,658 [INFO] merge_service - [Poll] 进度: 46/79 完成, 剩余 33 个任务仍在处理中...
2026-05-31 13:43:45,013 [INFO] merge_service - [Poll] 进度: 46/79 完成, 剩余 33 个任务仍在处理中...
2026-05-31 13:43:48,389 [INFO] merge_service - [Poll] 进度: 46/79 完成, 剩余 33 个任务仍在处理中...
2026-05-31 13:43:51,778 [INFO] merge_service - [Poll] 进度: 46/79 完成, 剩余 33 个任务仍在处理中...
2026-05-31 13:43:55,035 [INFO] merge_service - [Poll] 任务 39503796-dfb6-4345-861f-68638dbc1203 (【医脉通】2020+ESC指南：非持续性ST段抬高型急性冠脉综合征的管理_51.png) → completed [成功]
2026-05-31 13:43:55,092 [INFO] merge_service - [Poll] 任务 8992529b-f0e9-4278-ae92-8d27b4e38ecf (【医脉通】2020+ESC指南：非持续性ST段抬高型急性冠脉综合征的管理_44.png) → completed [成功]
2026-05-31 13:43:55,134 [INFO] merge_service - [Poll] 进度: 48/79 完成, 剩余 31 个任务仍在处理中...
2026-05-31 13:43:58,515 [INFO] merge_service - [Poll] 进度: 48/79 完成, 剩余 31 个任务仍在处理中...
2026-05-31 13:44:01,855 [INFO] merge_service - [Poll] 进度: 48/79 完成, 剩余 31 个任务仍在处理中...
2026-05-31 13:44:04,890 [INFO] merge_service - [Poll] 任务 b0c60bcd-03ce-41f8-97a5-4ce9310ea11e (【医脉通】2020+ESC指南：非持续性ST段抬高型急性冠脉综合征的管理_45.png) → completed [成功]
2026-05-31 13:44:05,192 [INFO] merge_service - [Poll] 进度: 49/79 完成, 剩余 30 个任务仍在处理中...
2026-05-31 13:44:08,530 [INFO] merge_service - [Poll] 任务 17d64b24-ad86-4c7f-a537-c3886c185b20 (【医脉通】2020+ESC指南：非持续性ST段抬高型急性冠脉综合征的管理_47.png) → completed [成功]
2026-05-31 13:44:08,552 [INFO] merge_service - [Poll] 进度: 50/79 完成, 剩余 29 个任务仍在处理中...
2026-05-31 13:44:11,882 [INFO] merge_service - [Poll] 进度: 50/79 完成, 剩余 29 个任务仍在处理中...
2026-05-31 13:44:15,198 [INFO] merge_service - [Poll] 进度: 50/79 完成, 剩余 29 个任务仍在处理中...
2026-05-31 13:44:18,553 [INFO] merge_service - [Poll] 进度: 50/79 完成, 剩余 29 个任务仍在处理中...
2026-05-31 13:44:21,666 [INFO] merge_service - [Poll] 任务 9571beb4-6341-4353-bc5b-6fd808978d88 (【医脉通】2020+ESC指南：非持续性ST段抬高型急性冠脉综合征的管理_53.png) → completed [成功]
2026-05-31 13:44:21,786 [INFO] merge_service - [Poll] 任务 07d27cf6-bec6-4e70-95dd-28c976f0e082 (【医脉通】2020+ESC指南：非持续性ST段抬高型急性冠脉综合征的管理_54.png) → completed [成功]
2026-05-31 13:44:21,875 [INFO] merge_service - [Poll] 进度: 52/79 完成, 剩余 27 个任务仍在处理中...
2026-05-31 13:44:25,184 [INFO] merge_service - [Poll] 进度: 52/79 完成, 剩余 27 个任务仍在处理中...
2026-05-31 13:44:28,494 [INFO] merge_service - [Poll] 进度: 52/79 完成, 剩余 27 个任务仍在处理中...
2026-05-31 13:44:31,813 [INFO] merge_service - [Poll] 进度: 52/79 完成, 剩余 27 个任务仍在处理中...
2026-05-31 13:44:34,837 [INFO] merge_service - [Poll] 任务 19a68cc6-7af6-422c-bd7a-a21d276d8dc4 (【医脉通】2020+ESC指南：非持续性ST段抬高型急性冠脉综合征的管理_50.png) → completed [成功]
2026-05-31 13:44:35,111 [INFO] merge_service - [Poll] 进度: 53/79 完成, 剩余 26 个任务仍在处理中...
2026-05-31 13:44:38,377 [INFO] merge_service - [Poll] 任务 463a8f46-3aad-42d2-a795-ae4ab817710d (【医脉通】2020+ESC指南：非持续性ST段抬高型急性冠脉综合征的管理_55.png) → completed [成功]
2026-05-31 13:44:38,437 [INFO] merge_service - [Poll] 进度: 54/79 完成, 剩余 25 个任务仍在处理中...
2026-05-31 13:44:41,743 [INFO] merge_service - [Poll] 进度: 54/79 完成, 剩余 25 个任务仍在处理中...
2026-05-31 13:44:45,019 [INFO] merge_service - [Poll] 进度: 54/79 完成, 剩余 25 个任务仍在处理中...
2026-05-31 13:44:48,296 [INFO] merge_service - [Poll] 进度: 54/79 完成, 剩余 25 个任务仍在处理中...
2026-05-31 13:44:51,610 [INFO] merge_service - [Poll] 进度: 54/79 完成, 剩余 25 个任务仍在处理中...
2026-05-31 13:44:54,896 [INFO] merge_service - [Poll] 进度: 54/79 完成, 剩余 25 个任务仍在处理中...
2026-05-31 13:44:58,189 [INFO] merge_service - [Poll] 进度: 54/79 完成, 剩余 25 个任务仍在处理中...
2026-05-31 13:45:01,466 [INFO] merge_service - [Poll] 进度: 54/79 完成, 剩余 25 个任务仍在处理中...
2026-05-31 13:45:04,746 [INFO] merge_service - [Poll] 进度: 54/79 完成, 剩余 25 个任务仍在处理中...
2026-05-31 13:45:07,980 [INFO] merge_service - [Poll] 任务 25e76f69-2a3c-470a-aeae-820fcd63cd8a (【医脉通】2020+ESC指南：非持续性ST段抬高型急性冠脉综合征的管理_62.png) → completed [成功]
2026-05-31 13:45:08,040 [INFO] merge_service - [Poll] 进度: 55/79 完成, 剩余 24 个任务仍在处理中...
2026-05-31 13:45:11,109 [INFO] merge_service - [Poll] 任务 a0164efb-e777-4861-875d-9e4a1371b5f8 (【医脉通】2020+ESC指南：非持续性ST段抬高型急性冠脉综合征的管理_52.png) → completed [成功]
2026-05-31 13:45:11,317 [INFO] merge_service - [Poll] 进度: 56/79 完成, 剩余 23 个任务仍在处理中...
2026-05-31 13:45:14,593 [INFO] merge_service - [Poll] 进度: 56/79 完成, 剩余 23 个任务仍在处理中...
2026-05-31 13:45:17,862 [INFO] merge_service - [Poll] 进度: 56/79 完成, 剩余 23 个任务仍在处理中...
2026-05-31 13:45:21,151 [INFO] merge_service - [Poll] 进度: 56/79 完成, 剩余 23 个任务仍在处理中...
2026-05-31 13:45:24,433 [INFO] merge_service - [Poll] 进度: 56/79 完成, 剩余 23 个任务仍在处理中...
2026-05-31 13:45:27,701 [INFO] merge_service - [Poll] 进度: 56/79 完成, 剩余 23 个任务仍在处理中...
2026-05-31 13:45:30,959 [INFO] merge_service - [Poll] 进度: 56/79 完成, 剩余 23 个任务仍在处理中...
2026-05-31 13:45:34,221 [INFO] merge_service - [Poll] 进度: 56/79 完成, 剩余 23 个任务仍在处理中...
2026-05-31 13:45:37,473 [INFO] merge_service - [Poll] 进度: 56/79 完成, 剩余 23 个任务仍在处理中...
2026-05-31 13:45:40,727 [INFO] merge_service - [Poll] 进度: 56/79 完成, 剩余 23 个任务仍在处理中...
2026-05-31 13:45:43,831 [INFO] merge_service - [Poll] 任务 abfb37e0-dc19-4b08-b691-0475701a7304 (【医脉通】2020+ESC指南：非持续性ST段抬高型急性冠脉综合征的管理_58.png) → completed [成功]
2026-05-31 13:45:43,983 [INFO] merge_service - [Poll] 进度: 57/79 完成, 剩余 22 个任务仍在处理中...
2026-05-31 13:45:47,241 [INFO] merge_service - [Poll] 进度: 57/79 完成, 剩余 22 个任务仍在处理中...
2026-05-31 13:45:50,514 [INFO] merge_service - [Poll] 进度: 57/79 完成, 剩余 22 个任务仍在处理中...
2026-05-31 13:45:53,786 [INFO] merge_service - [Poll] 进度: 57/79 完成, 剩余 22 个任务仍在处理中...
2026-05-31 13:45:57,033 [INFO] merge_service - [Poll] 进度: 57/79 完成, 剩余 22 个任务仍在处理中...
2026-05-31 13:46:00,208 [INFO] merge_service - [Poll] 任务 46845072-cd25-414e-939a-43c2112f0f36 (【医脉通】2020+ESC指南：非持续性ST段抬高型急性冠脉综合征的管理_65.png) → completed [成功]
2026-05-31 13:46:00,285 [INFO] merge_service - [Poll] 进度: 58/79 完成, 剩余 21 个任务仍在处理中...
2026-05-31 13:57:11,742 [INFO] merge_service - [Poll] 进度: 58/79 完成, 剩余 21 个任务仍在处理中...
2026-05-31 13:57:14,884 [INFO] merge_service - [Poll] 任务 21ca581d-271f-4547-8f95-58ad150de935 (【医脉通】2020+ESC指南：非持续性ST段抬高型急性冠脉综合征的管理_64.png) → failed [失败]
2026-05-31 13:57:14,914 [INFO] merge_service - [Poll] 任务 e491a64e-3f32-4ba7-a859-a772eecc30a2 (【医脉通】2020+ESC指南：非持续性ST段抬高型急性冠脉综合征的管理_66.png) → failed [失败]
2026-05-31 13:57:14,945 [INFO] merge_service - [Poll] 任务 11c6bdc6-aa9d-4ff5-992f-d70d669aba2b (【医脉通】2020+ESC指南：非持续性ST段抬高型急性冠脉综合征的管理_61.png) → failed [失败]
2026-05-31 13:57:15,048 [INFO] merge_service - [Poll] 任务 4d5eb3c9-1af2-4ff1-b965-eb935821a2c9 (【医脉通】2020+ESC指南：非持续性ST段抬高型急性冠脉综合征的管理_63.png) → failed [失败]
2026-05-31 13:57:15,079 [INFO] merge_service - [Poll] 任务 c7b4c63d-ab96-4f68-ae39-b54aa27fb723 (【医脉通】2020+ESC指南：非持续性ST段抬高型急性冠脉综合征的管理_59.png) → failed [失败]
2026-05-31 13:57:15,184 [INFO] merge_service - [Poll] 任务 da636275-6050-48fe-be64-fcb5ad165c1c (【医脉通】2020+ESC指南：非持续性ST段抬高型急性冠脉综合征的管理_57.png) → failed [失败]
2026-05-31 13:57:15,227 [INFO] merge_service - [Poll] 任务 d80fd5cb-2f74-42cf-8b24-32fa23fad102 (【医脉通】2020+ESC指南：非持续性ST段抬高型急性冠脉综合征的管理_56.png) → failed [失败]
2026-05-31 13:57:15,439 [INFO] merge_service - [Poll] 任务 a75e34b7-f2c1-4845-913a-f1b99c205626 (【医脉通】2020+ESC指南：非持续性ST段抬高型急性冠脉综合征的管理_60.png) → failed [失败]
2026-05-31 13:57:15,466 [INFO] merge_service - [Poll] 进度: 66/79 完成, 剩余 13 个任务仍在处理中...
2026-05-31 13:57:18,758 [INFO] merge_service - [Poll] 进度: 66/79 完成, 剩余 13 个任务仍在处理中...
2026-05-31 13:57:21,939 [INFO] merge_service - [Poll] 进度: 66/79 完成, 剩余 13 个任务仍在处理中...
2026-05-31 13:57:25,076 [INFO] merge_service - [Poll] 进度: 66/79 完成, 剩余 13 个任务仍在处理中...
2026-05-31 13:57:28,241 [INFO] merge_service - [Poll] 进度: 66/79 完成, 剩余 13 个任务仍在处理中...
2026-05-31 13:57:31,291 [INFO] merge_service - [Poll] 任务 ae3e97ef-e618-4f52-b58a-189c8697f198 (【医脉通】2020+ESC指南：非持续性ST段抬高型急性冠脉综合征的管理_74.png) → completed [成功]
2026-05-31 13:57:31,337 [INFO] merge_service - [Poll] 任务 b65ef564-52b7-430f-9a88-719afb7547c5 (【医脉通】2020+ESC指南：非持续性ST段抬高型急性冠脉综合征的管理_71.png) → completed [成功]
2026-05-31 13:57:31,349 [INFO] merge_service - [Poll] 任务 02574cb7-f6be-44f5-94b1-a02e29b150a1 (【医脉通】2020+ESC指南：非持续性ST段抬高型急性冠脉综合征的管理_67.png) → completed [成功]
2026-05-31 13:57:31,399 [INFO] merge_service - [Poll] 任务 3ea2a29e-5dd5-40f7-98dd-454dc212a8fd (【医脉通】2020+ESC指南：非持续性ST段抬高型急性冠脉综合征的管理_73.png) → completed [成功]
2026-05-31 13:57:31,412 [INFO] merge_service - [Poll] 进度: 70/79 完成, 剩余 9 个任务仍在处理中...
2026-05-31 13:57:34,520 [INFO] merge_service - [Poll] 进度: 70/79 完成, 剩余 9 个任务仍在处理中...
2026-05-31 13:57:37,635 [INFO] merge_service - [Poll] 任务 6db858c3-0245-4f83-8533-238dd24b8ac0 (【医脉通】2020+ESC指南：非持续性ST段抬高型急性冠脉综合征的管理_68.png) → completed [成功]
2026-05-31 13:57:37,635 [INFO] merge_service - [Poll] 进度: 71/79 完成, 剩余 8 个任务仍在处理中...
2026-05-31 13:57:40,759 [INFO] merge_service - [Poll] 进度: 71/79 完成, 剩余 8 个任务仍在处理中...
2026-05-31 13:57:43,890 [INFO] merge_service - [Poll] 进度: 71/79 完成, 剩余 8 个任务仍在处理中...
2026-05-31 13:57:47,013 [INFO] merge_service - [Poll] 进度: 71/79 完成, 剩余 8 个任务仍在处理中...
2026-05-31 13:57:50,134 [INFO] merge_service - [Poll] 进度: 71/79 完成, 剩余 8 个任务仍在处理中...
2026-05-31 13:57:53,226 [INFO] merge_service - [Poll] 任务 3cf6fb2e-05e3-4eb6-befd-8e24f36c403e (【医脉通】2020+ESC指南：非持续性ST段抬高型急性冠脉综合征的管理_78.png) → completed [成功]
2026-05-31 13:57:53,262 [INFO] merge_service - [Poll] 进度: 72/79 完成, 剩余 7 个任务仍在处理中...
2026-05-31 13:57:56,369 [INFO] merge_service - [Poll] 进度: 72/79 完成, 剩余 7 个任务仍在处理中...
2026-05-31 13:57:59,434 [INFO] merge_service - [Poll] 任务 1a3141b8-0af9-4128-95b0-0c043bb4a83a (【医脉通】2020+ESC指南：非持续性ST段抬高型急性冠脉综合征的管理_69.png) → completed [成功]
2026-05-31 13:57:59,479 [INFO] merge_service - [Poll] 进度: 73/79 完成, 剩余 6 个任务仍在处理中...
2026-05-31 13:58:02,567 [INFO] merge_service - [Poll] 进度: 73/79 完成, 剩余 6 个任务仍在处理中...
2026-05-31 13:58:05,651 [INFO] merge_service - [Poll] 进度: 73/79 完成, 剩余 6 个任务仍在处理中...
2026-05-31 13:58:08,731 [INFO] merge_service - [Poll] 进度: 73/79 完成, 剩余 6 个任务仍在处理中...
2026-05-31 13:58:11,799 [INFO] merge_service - [Poll] 进度: 73/79 完成, 剩余 6 个任务仍在处理中...
2026-05-31 13:58:14,864 [INFO] merge_service - [Poll] 进度: 73/79 完成, 剩余 6 个任务仍在处理中...
2026-05-31 13:58:17,930 [INFO] merge_service - [Poll] 进度: 73/79 完成, 剩余 6 个任务仍在处理中...
2026-05-31 13:58:20,998 [INFO] merge_service - [Poll] 进度: 73/79 完成, 剩余 6 个任务仍在处理中...
2026-05-31 13:58:24,083 [INFO] merge_service - [Poll] 进度: 73/79 完成, 剩余 6 个任务仍在处理中...
2026-05-31 13:58:27,185 [INFO] merge_service - [Poll] 进度: 73/79 完成, 剩余 6 个任务仍在处理中...
2026-05-31 13:58:30,280 [INFO] merge_service - [Poll] 进度: 73/79 完成, 剩余 6 个任务仍在处理中...
2026-05-31 13:58:33,367 [INFO] merge_service - [Poll] 进度: 73/79 完成, 剩余 6 个任务仍在处理中...
2026-05-31 13:58:36,434 [INFO] merge_service - [Poll] 进度: 73/79 完成, 剩余 6 个任务仍在处理中...
2026-05-31 13:58:39,502 [INFO] merge_service - [Poll] 进度: 73/79 完成, 剩余 6 个任务仍在处理中...
2026-05-31 13:58:42,568 [INFO] merge_service - [Poll] 进度: 73/79 完成, 剩余 6 个任务仍在处理中...
2026-05-31 13:58:45,633 [INFO] merge_service - [Poll] 进度: 73/79 完成, 剩余 6 个任务仍在处理中...
2026-05-31 13:58:48,702 [INFO] merge_service - [Poll] 进度: 73/79 完成, 剩余 6 个任务仍在处理中...
2026-05-31 13:58:51,798 [INFO] merge_service - [Poll] 进度: 73/79 完成, 剩余 6 个任务仍在处理中...
2026-05-31 13:58:54,899 [INFO] merge_service - [Poll] 进度: 73/79 完成, 剩余 6 个任务仍在处理中...
2026-05-31 13:58:57,990 [INFO] merge_service - [Poll] 进度: 73/79 完成, 剩余 6 个任务仍在处理中...
2026-05-31 13:59:01,011 [INFO] merge_service - [Poll] 任务 0fcfd1bf-3698-4dcd-8b6d-981b9b42aee6 (【医脉通】2020+ESC指南：非持续性ST段抬高型急性冠脉综合征的管理_79.png) → completed [成功]
2026-05-31 13:59:01,074 [INFO] merge_service - [Poll] 进度: 74/79 完成, 剩余 5 个任务仍在处理中...
2026-05-31 13:59:04,136 [INFO] merge_service - [Poll] 进度: 74/79 完成, 剩余 5 个任务仍在处理中...
2026-05-31 13:59:07,182 [INFO] merge_service - [Poll] 任务 3f92c86d-6116-4570-b399-f08ad033bc91 (【医脉通】2020+ESC指南：非持续性ST段抬高型急性冠脉综合征的管理_72.png) → completed [成功]
2026-05-31 13:59:07,192 [INFO] merge_service - [Poll] 进度: 75/79 完成, 剩余 4 个任务仍在处理中...
2026-05-31 13:59:10,237 [INFO] merge_service - [Poll] 任务 4a4f8c2d-2b70-4c1f-b850-f24a5647fe23 (【医脉通】2020+ESC指南：非持续性ST段抬高型急性冠脉综合征的管理_70.png) → completed [成功]
2026-05-31 13:59:10,237 [INFO] merge_service - [Poll] 进度: 76/79 完成, 剩余 3 个任务仍在处理中...
2026-05-31 13:59:13,271 [INFO] merge_service - [Poll] 进度: 76/79 完成, 剩余 3 个任务仍在处理中...
2026-05-31 13:59:16,329 [INFO] merge_service - [Poll] 进度: 76/79 完成, 剩余 3 个任务仍在处理中...
2026-05-31 13:59:19,379 [INFO] merge_service - [Poll] 进度: 76/79 完成, 剩余 3 个任务仍在处理中...
2026-05-31 13:59:22,419 [INFO] merge_service - [Poll] 进度: 76/79 完成, 剩余 3 个任务仍在处理中...
2026-05-31 13:59:25,454 [INFO] merge_service - [Poll] 进度: 76/79 完成, 剩余 3 个任务仍在处理中...
2026-05-31 13:59:28,482 [INFO] merge_service - [Poll] 任务 8ea413a4-1d3d-4fba-9c0b-27b86d91f007 (【医脉通】2020+ESC指南：非持续性ST段抬高型急性冠脉综合征的管理_77.png) → completed [成功]
2026-05-31 13:59:28,494 [INFO] merge_service - [Poll] 进度: 77/79 完成, 剩余 2 个任务仍在处理中...
2026-05-31 13:59:31,516 [INFO] merge_service - [Poll] 进度: 77/79 完成, 剩余 2 个任务仍在处理中...
2026-05-31 13:59:34,556 [INFO] merge_service - [Poll] 进度: 77/79 完成, 剩余 2 个任务仍在处理中...
2026-05-31 13:59:37,568 [INFO] merge_service - [Poll] 任务 6157087e-af24-42bd-83b0-5902db848a87 (【医脉通】2020+ESC指南：非持续性ST段抬高型急性冠脉综合征的管理_76.png) → completed [成功]
2026-05-31 13:59:37,579 [INFO] merge_service - [Poll] 进度: 78/79 完成, 剩余 1 个任务仍在处理中...
2026-05-31 13:59:40,591 [INFO] merge_service - [Poll] 任务 9541b7fc-cbcb-450a-ae51-42fac2c7395f (【医脉通】2020+ESC指南：非持续性ST段抬高型急性冠脉综合征的管理_75.png) → completed [成功]
2026-05-31 13:59:40,591 [ERROR] merge_service - [e4948d20-739a-4b93-8010-49aa33acda4d] 合并终止: 存在失败的提取任务
2026-05-31 14:03:50,852 [INFO] merge_service - ============================================================
2026-05-31 14:03:50,852 [INFO] merge_service - 合并+清洗服务 — 新任务
2026-05-31 14:03:50,852 [INFO] merge_service -   合并ID: edc7f1a1-93c5-4d9f-9840-7cf1b716aed2
2026-05-31 14:03:50,852 [INFO] merge_service -   PDF名称: 医脉通】2020+ESC指南：非持续性ST段抬高型急性冠脉综合征的管理 (原始: 医脉通】2020+ESC指南：非持续性ST段抬高型急性冠脉综合征的管理.pdf)
2026-05-31 14:03:50,852 [INFO] merge_service -   关联提取任务数: 79
2026-05-31 14:03:50,852 [INFO] merge_service -   输出目录: ./output
2026-05-31 14:03:50,852 [INFO] merge_service -   提取服务: http://localhost:8001
2026-05-31 14:03:50,852 [INFO] merge_service - ============================================================
2026-05-31 14:03:50,853 [INFO] merge_service - [Poll] 开始轮询 79 个提取任务...
2026-05-31 14:03:50,853 [INFO] merge_service - [Poll] 提取服务地址: http://localhost:8001
2026-05-31 14:03:50,853 [INFO] merge_service - [Poll] 轮询间隔: 3.0s, 最大等待: 3600.0s
2026-05-31 14:03:51,919 [INFO] merge_service - [Poll] 进度: 0/79 完成, 剩余 79 个任务仍在处理中...
2026-05-31 14:03:55,816 [INFO] merge_service - [Poll] 进度: 0/79 完成, 剩余 79 个任务仍在处理中...
2026-05-31 14:03:59,677 [INFO] merge_service - [Poll] 进度: 0/79 完成, 剩余 79 个任务仍在处理中...
2026-05-31 14:04:03,524 [INFO] merge_service - [Poll] 进度: 0/79 完成, 剩余 79 个任务仍在处理中...
2026-05-31 14:04:07,414 [INFO] merge_service - [Poll] 进度: 0/79 完成, 剩余 79 个任务仍在处理中...
2026-05-31 14:04:11,278 [INFO] merge_service - [Poll] 进度: 0/79 完成, 剩余 79 个任务仍在处理中...
2026-05-31 14:04:15,127 [INFO] merge_service - [Poll] 进度: 0/79 完成, 剩余 79 个任务仍在处理中...
2026-05-31 14:04:18,975 [INFO] merge_service - [Poll] 进度: 0/79 完成, 剩余 79 个任务仍在处理中...
2026-05-31 14:04:22,852 [INFO] merge_service - [Poll] 进度: 0/79 完成, 剩余 79 个任务仍在处理中...
2026-05-31 14:04:26,702 [INFO] merge_service - [Poll] 进度: 0/79 完成, 剩余 79 个任务仍在处理中...
2026-05-31 14:04:30,076 [INFO] merge_service - [Poll] 任务 032d57be-987b-4cd8-9910-4ca5815708d1 (【医脉通】2020+ESC指南：非持续性ST段抬高型急性冠脉综合征的管理_1.png) → completed [成功]
2026-05-31 14:04:30,551 [INFO] merge_service - [Poll] 进度: 1/79 完成, 剩余 78 个任务仍在处理中...
2026-05-31 14:04:34,398 [INFO] merge_service - [Poll] 进度: 1/79 完成, 剩余 78 个任务仍在处理中...
2026-05-31 14:04:37,937 [INFO] merge_service - [Poll] 任务 a6a34941-9277-43a4-962e-66089c4b8558 (【医脉通】2020+ESC指南：非持续性ST段抬高型急性冠脉综合征的管理_7.png) → completed [成功]
2026-05-31 14:04:38,131 [INFO] merge_service - [Poll] 任务 b33614c0-4cfe-4c0d-9357-b4f7da60c611 (【医脉通】2020+ESC指南：非持续性ST段抬高型急性冠脉综合征的管理_4.png) → completed [成功]
2026-05-31 14:04:38,256 [INFO] merge_service - [Poll] 任务 1063c9e7-b642-4430-83ec-8bb65fcf78e3 (【医脉通】2020+ESC指南：非持续性ST段抬高型急性冠脉综合征的管理_8.png) → completed [成功]
2026-05-31 14:04:38,268 [INFO] merge_service - [Poll] 进度: 4/79 完成, 剩余 75 个任务仍在处理中...
2026-05-31 14:04:42,154 [INFO] merge_service - [Poll] 进度: 4/79 完成, 剩余 75 个任务仍在处理中...
2026-05-31 14:04:46,062 [INFO] merge_service - [Poll] 进度: 4/79 完成, 剩余 75 个任务仍在处理中...
2026-05-31 14:04:50,059 [INFO] merge_service - [Poll] 进度: 4/79 完成, 剩余 75 个任务仍在处理中...
2026-05-31 14:04:53,878 [INFO] merge_service - [Poll] 进度: 4/79 完成, 剩余 75 个任务仍在处理中...
2026-05-31 14:04:57,685 [INFO] merge_service - [Poll] 进度: 4/79 完成, 剩余 75 个任务仍在处理中...
2026-05-31 14:05:01,518 [INFO] merge_service - [Poll] 进度: 4/79 完成, 剩余 75 个任务仍在处理中...
2026-05-31 14:05:05,354 [INFO] merge_service - [Poll] 进度: 4/79 完成, 剩余 75 个任务仍在处理中...
2026-05-31 14:05:09,194 [INFO] merge_service - [Poll] 进度: 4/79 完成, 剩余 75 个任务仍在处理中...
2026-05-31 14:05:12,565 [INFO] merge_service - [Poll] 任务 38647efe-ad4c-4b04-af00-445713edf980 (【医脉通】2020+ESC指南：非持续性ST段抬高型急性冠脉综合征的管理_3.png) → completed [成功]
2026-05-31 14:05:12,823 [INFO] merge_service - [Poll] 任务 3c624212-4fc2-47c2-b932-ef5299c64bdd (【医脉通】2020+ESC指南：非持续性ST段抬高型急性冠脉综合征的管理_5.png) → completed [成功]
2026-05-31 14:05:13,079 [INFO] merge_service - [Poll] 任务 fd70761d-64f6-4c87-8ce0-819b1778c220 (【医脉通】2020+ESC指南：非持续性ST段抬高型急性冠脉综合征的管理_6.png) → completed [成功]
2026-05-31 14:05:13,101 [INFO] merge_service - [Poll] 进度: 7/79 完成, 剩余 72 个任务仍在处理中...
2026-05-31 14:05:17,020 [INFO] merge_service - [Poll] 进度: 7/79 完成, 剩余 72 个任务仍在处理中...
2026-05-31 14:05:20,816 [INFO] merge_service - [Poll] 进度: 7/79 完成, 剩余 72 个任务仍在处理中...
2026-05-31 14:05:24,636 [INFO] merge_service - [Poll] 进度: 7/79 完成, 剩余 72 个任务仍在处理中...
2026-05-31 14:05:28,475 [INFO] merge_service - [Poll] 进度: 7/79 完成, 剩余 72 个任务仍在处理中...
2026-05-31 14:05:31,976 [INFO] merge_service - [Poll] 任务 b0382f01-f831-4b14-a7f3-8f8c541960d4 (【医脉通】2020+ESC指南：非持续性ST段抬高型急性冠脉综合征的管理_9.png) → completed [成功]
2026-05-31 14:05:32,276 [INFO] merge_service - [Poll] 进度: 8/79 完成, 剩余 71 个任务仍在处理中...
2026-05-31 14:05:36,060 [INFO] merge_service - [Poll] 进度: 8/79 完成, 剩余 71 个任务仍在处理中...
2026-05-31 14:05:39,867 [INFO] merge_service - [Poll] 进度: 8/79 完成, 剩余 71 个任务仍在处理中...
2026-05-31 14:05:43,071 [INFO] merge_service - [Poll] 任务 f0628b7c-5a75-42f0-b5e4-434cec5c43f7 (【医脉通】2020+ESC指南：非持续性ST段抬高型急性冠脉综合征的管理_10.png) → completed [成功]
2026-05-31 14:05:43,679 [INFO] merge_service - [Poll] 进度: 9/79 完成, 剩余 70 个任务仍在处理中...
2026-05-31 14:05:47,468 [INFO] merge_service - [Poll] 进度: 9/79 完成, 剩余 70 个任务仍在处理中...
2026-05-31 14:05:51,259 [INFO] merge_service - [Poll] 进度: 9/79 完成, 剩余 70 个任务仍在处理中...
2026-05-31 14:05:54,273 [INFO] merge_service - [Poll] 任务 d75ebd7c-5499-4733-8206-65edf7edb505 (【医脉通】2020+ESC指南：非持续性ST段抬高型急性冠脉综合征的管理_2.png) → completed [成功]
2026-05-31 14:05:55,029 [INFO] merge_service - [Poll] 进度: 10/79 完成, 剩余 69 个任务仍在处理中...
2026-05-31 14:05:58,814 [INFO] merge_service - [Poll] 进度: 10/79 完成, 剩余 69 个任务仍在处理中...
2026-05-31 14:06:02,611 [INFO] merge_service - [Poll] 进度: 10/79 完成, 剩余 69 个任务仍在处理中...
2026-05-31 14:06:06,376 [INFO] merge_service - [Poll] 进度: 10/79 完成, 剩余 69 个任务仍在处理中...
2026-05-31 14:06:10,138 [INFO] merge_service - [Poll] 进度: 10/79 完成, 剩余 69 个任务仍在处理中...
2026-05-31 14:06:13,893 [INFO] merge_service - [Poll] 进度: 10/79 完成, 剩余 69 个任务仍在处理中...
2026-05-31 14:06:17,702 [INFO] merge_service - [Poll] 进度: 10/79 完成, 剩余 69 个任务仍在处理中...
2026-05-31 14:06:21,484 [INFO] merge_service - [Poll] 进度: 10/79 完成, 剩余 69 个任务仍在处理中...
2026-05-31 14:06:25,302 [INFO] merge_service - [Poll] 进度: 10/79 完成, 剩余 69 个任务仍在处理中...
2026-05-31 14:06:28,524 [INFO] merge_service - [Poll] 任务 61b3cdae-f93c-45cb-abc9-2ff77576b472 (【医脉通】2020+ESC指南：非持续性ST段抬高型急性冠脉综合征的管理_12.png) → completed [成功]
2026-05-31 14:06:29,065 [INFO] merge_service - [Poll] 进度: 11/79 完成, 剩余 68 个任务仍在处理中...
2026-05-31 14:06:32,819 [INFO] merge_service - [Poll] 进度: 11/79 完成, 剩余 68 个任务仍在处理中...
2026-05-31 14:06:36,567 [INFO] merge_service - [Poll] 进度: 11/79 完成, 剩余 68 个任务仍在处理中...
2026-05-31 14:06:40,335 [INFO] merge_service - [Poll] 进度: 11/79 完成, 剩余 68 个任务仍在处理中...
2026-05-31 14:06:44,116 [INFO] merge_service - [Poll] 进度: 11/79 完成, 剩余 68 个任务仍在处理中...
2026-05-31 14:06:47,947 [INFO] merge_service - [Poll] 进度: 11/79 完成, 剩余 68 个任务仍在处理中...
2026-05-31 14:06:51,009 [INFO] merge_service - [Poll] 任务 a150decc-2c97-4d84-a07c-53aafe736d91 (【医脉通】2020+ESC指南：非持续性ST段抬高型急性冠脉综合征的管理_18.png) → completed [成功]
2026-05-31 14:06:51,697 [INFO] merge_service - [Poll] 进度: 12/79 完成, 剩余 67 个任务仍在处理中...
2026-05-31 14:06:55,433 [INFO] merge_service - [Poll] 进度: 12/79 完成, 剩余 67 个任务仍在处理中...
2026-05-31 14:06:59,181 [INFO] merge_service - [Poll] 进度: 12/79 完成, 剩余 67 个任务仍在处理中...
2026-05-31 14:07:02,825 [INFO] merge_service - [Poll] 任务 0081a8ba-0fd1-4057-a82c-334da097b508 (【医脉通】2020+ESC指南：非持续性ST段抬高型急性冠脉综合征的管理_13.png) → completed [成功]
2026-05-31 14:07:02,949 [INFO] merge_service - [Poll] 进度: 13/79 完成, 剩余 66 个任务仍在处理中...
2026-05-31 14:07:06,715 [INFO] merge_service - [Poll] 进度: 13/79 完成, 剩余 66 个任务仍在处理中...
2026-05-31 14:07:10,441 [INFO] merge_service - [Poll] 进度: 13/79 完成, 剩余 66 个任务仍在处理中...
2026-05-31 14:07:14,186 [INFO] merge_service - [Poll] 进度: 13/79 完成, 剩余 66 个任务仍在处理中...
2026-05-31 14:07:17,912 [INFO] merge_service - [Poll] 进度: 13/79 完成, 剩余 66 个任务仍在处理中...
2026-05-31 14:07:21,638 [INFO] merge_service - [Poll] 进度: 13/79 完成, 剩余 66 个任务仍在处理中...
2026-05-31 14:07:24,700 [INFO] merge_service - [Poll] 任务 3def234f-9bf4-4da0-83e2-afef6c0f7866 (【医脉通】2020+ESC指南：非持续性ST段抬高型急性冠脉综合征的管理_15.png) → completed [成功]
2026-05-31 14:07:25,378 [INFO] merge_service - [Poll] 进度: 14/79 完成, 剩余 65 个任务仍在处理中...
2026-05-31 14:07:29,136 [INFO] merge_service - [Poll] 进度: 14/79 完成, 剩余 65 个任务仍在处理中...
2026-05-31 14:07:32,655 [INFO] merge_service - [Poll] 任务 68209e13-31dd-489e-8c26-78197f2b2ebc (【医脉通】2020+ESC指南：非持续性ST段抬高型急性冠脉综合征的管理_11.png) → completed [成功]
2026-05-31 14:07:32,856 [INFO] merge_service - [Poll] 进度: 15/79 完成, 剩余 64 个任务仍在处理中...
2026-05-31 14:07:36,560 [INFO] merge_service - [Poll] 进度: 15/79 完成, 剩余 64 个任务仍在处理中...
2026-05-31 14:07:40,275 [INFO] merge_service - [Poll] 进度: 15/79 完成, 剩余 64 个任务仍在处理中...
2026-05-31 14:07:43,355 [INFO] merge_service - [Poll] 任务 9595782f-c657-41eb-b8d2-387b1ed128ac (【医脉通】2020+ESC指南：非持续性ST段抬高型急性冠脉综合征的管理_14.png) → completed [成功]
2026-05-31 14:07:44,001 [INFO] merge_service - [Poll] 进度: 16/79 完成, 剩余 63 个任务仍在处理中...
2026-05-31 14:07:47,698 [INFO] merge_service - [Poll] 进度: 16/79 完成, 剩余 63 个任务仍在处理中...
2026-05-31 14:07:51,049 [INFO] merge_service - [Poll] 任务 f17071bb-eae5-4474-b11a-6b7d1846c423 (【医脉通】2020+ESC指南：非持续性ST段抬高型急性冠脉综合征的管理_20.png) → completed [成功]
2026-05-31 14:07:51,392 [INFO] merge_service - [Poll] 进度: 17/79 完成, 剩余 62 个任务仍在处理中...
2026-05-31 14:07:54,894 [INFO] merge_service - [Poll] 任务 b863b91b-a910-4ab1-b614-53e6dffcfa63 (【医脉通】2020+ESC指南：非持续性ST段抬高型急性冠脉综合征的管理_17.png) → completed [成功]
2026-05-31 14:07:55,071 [INFO] merge_service - [Poll] 进度: 18/79 完成, 剩余 61 个任务仍在处理中...
2026-05-31 14:07:58,467 [INFO] merge_service - [Poll] 任务 a6358b9f-5571-457a-91dc-61009744941f (【医脉通】2020+ESC指南：非持续性ST段抬高型急性冠脉综合征的管理_21.png) → completed [成功]
2026-05-31 14:07:58,744 [INFO] merge_service - [Poll] 进度: 19/79 完成, 剩余 60 个任务仍在处理中...
2026-05-31 14:08:02,403 [INFO] merge_service - [Poll] 进度: 19/79 完成, 剩余 60 个任务仍在处理中...
2026-05-31 14:08:06,070 [INFO] merge_service - [Poll] 进度: 19/79 完成, 剩余 60 个任务仍在处理中...
2026-05-31 14:08:09,734 [INFO] merge_service - [Poll] 进度: 19/79 完成, 剩余 60 个任务仍在处理中...
2026-05-31 14:08:12,925 [INFO] merge_service - [Poll] 任务 b1c4d09b-1711-4f6a-a4a6-965359e57565 (【医脉通】2020+ESC指南：非持续性ST段抬高型急性冠脉综合征的管理_16.png) → completed [成功]
2026-05-31 14:08:13,394 [INFO] merge_service - [Poll] 进度: 20/79 完成, 剩余 59 个任务仍在处理中...
2026-05-31 14:08:17,052 [INFO] merge_service - [Poll] 进度: 20/79 完成, 剩余 59 个任务仍在处理中...
2026-05-31 14:08:20,709 [INFO] merge_service - [Poll] 进度: 20/79 完成, 剩余 59 个任务仍在处理中...
2026-05-31 14:08:24,366 [INFO] merge_service - [Poll] 进度: 20/79 完成, 剩余 59 个任务仍在处理中...
2026-05-31 14:08:28,027 [INFO] merge_service - [Poll] 进度: 20/79 完成, 剩余 59 个任务仍在处理中...
2026-05-31 14:08:31,713 [INFO] merge_service - [Poll] 进度: 20/79 完成, 剩余 59 个任务仍在处理中...
2026-05-31 14:08:34,830 [INFO] merge_service - [Poll] 任务 7fb79225-f9c9-4615-8c65-3b1f12607d4f (【医脉通】2020+ESC指南：非持续性ST段抬高型急性冠脉综合征的管理_19.png) → completed [成功]
2026-05-31 14:08:35,379 [INFO] merge_service - [Poll] 进度: 21/79 完成, 剩余 58 个任务仍在处理中...
2026-05-31 14:08:39,042 [INFO] merge_service - [Poll] 进度: 21/79 完成, 剩余 58 个任务仍在处理中...
2026-05-31 14:08:42,710 [INFO] merge_service - [Poll] 进度: 21/79 完成, 剩余 58 个任务仍在处理中...
2026-05-31 14:08:46,379 [INFO] merge_service - [Poll] 进度: 21/79 完成, 剩余 58 个任务仍在处理中...
2026-05-31 14:08:50,043 [INFO] merge_service - [Poll] 进度: 21/79 完成, 剩余 58 个任务仍在处理中...
2026-05-31 14:08:53,706 [INFO] merge_service - [Poll] 进度: 21/79 完成, 剩余 58 个任务仍在处理中...
2026-05-31 14:08:57,371 [INFO] merge_service - [Poll] 进度: 21/79 完成, 剩余 58 个任务仍在处理中...
2026-05-31 14:09:01,054 [INFO] merge_service - [Poll] 进度: 21/79 完成, 剩余 58 个任务仍在处理中...
2026-05-31 14:09:04,717 [INFO] merge_service - [Poll] 进度: 21/79 完成, 剩余 58 个任务仍在处理中...
2026-05-31 14:09:08,379 [INFO] merge_service - [Poll] 进度: 21/79 完成, 剩余 58 个任务仍在处理中...
2026-05-31 14:09:12,046 [INFO] merge_service - [Poll] 进度: 21/79 完成, 剩余 58 个任务仍在处理中...
2026-05-31 14:09:15,610 [INFO] merge_service - [Poll] 任务 f3b29126-b0a9-440c-ab28-9a1dfa01ca51 (【医脉通】2020+ESC指南：非持续性ST段抬高型急性冠脉综合征的管理_27.png) → completed [成功]
2026-05-31 14:09:15,711 [INFO] merge_service - [Poll] 进度: 22/79 完成, 剩余 57 个任务仍在处理中...
2026-05-31 14:09:19,369 [INFO] merge_service - [Poll] 进度: 22/79 完成, 剩余 57 个任务仍在处理中...
2026-05-31 14:09:23,033 [INFO] merge_service - [Poll] 进度: 22/79 完成, 剩余 57 个任务仍在处理中...
2026-05-31 14:09:26,703 [INFO] merge_service - [Poll] 进度: 22/79 完成, 剩余 57 个任务仍在处理中...
2026-05-31 14:09:30,363 [INFO] merge_service - [Poll] 进度: 22/79 完成, 剩余 57 个任务仍在处理中...
2026-05-31 14:09:33,803 [INFO] merge_service - [Poll] 任务 6ed4f2f9-bcf4-4ceb-8199-77894080249d (【医脉通】2020+ESC指南：非持续性ST段抬高型急性冠脉综合征的管理_23.png) → completed [成功]
2026-05-31 14:09:34,022 [INFO] merge_service - [Poll] 进度: 23/79 完成, 剩余 56 个任务仍在处理中...
2026-05-31 14:09:37,667 [INFO] merge_service - [Poll] 进度: 23/79 完成, 剩余 56 个任务仍在处理中...
2026-05-31 14:09:41,316 [INFO] merge_service - [Poll] 进度: 23/79 完成, 剩余 56 个任务仍在处理中...
2026-05-31 14:09:44,343 [INFO] merge_service - [Poll] 任务 87814747-1a28-429d-911c-f98926b1eb8c (【医脉通】2020+ESC指南：非持续性ST段抬高型急性冠脉综合征的管理_22.png) → completed [成功]
2026-05-31 14:09:44,955 [INFO] merge_service - [Poll] 进度: 24/79 完成, 剩余 55 个任务仍在处理中...
2026-05-31 14:09:48,256 [INFO] merge_service - [Poll] 任务 64c4db0a-69fa-4a72-8859-b0f622b518c6 (【医脉通】2020+ESC指南：非持续性ST段抬高型急性冠脉综合征的管理_24.png) → completed [成功]
2026-05-31 14:09:48,582 [INFO] merge_service - [Poll] 进度: 25/79 完成, 剩余 54 个任务仍在处理中...
2026-05-31 14:09:52,204 [INFO] merge_service - [Poll] 进度: 25/79 完成, 剩余 54 个任务仍在处理中...
2026-05-31 14:09:55,819 [INFO] merge_service - [Poll] 进度: 25/79 完成, 剩余 54 个任务仍在处理中...
2026-05-31 14:09:59,032 [INFO] merge_service - [Poll] 任务 de6717f2-7955-4ca3-b07c-9155706d30f2 (【医脉通】2020+ESC指南：非持续性ST段抬高型急性冠脉综合征的管理_26.png) → completed [成功]
2026-05-31 14:09:59,416 [INFO] merge_service - [Poll] 进度: 26/79 完成, 剩余 53 个任务仍在处理中...
2026-05-31 14:10:02,994 [INFO] merge_service - [Poll] 进度: 26/79 完成, 剩余 53 个任务仍在处理中...
2026-05-31 14:10:06,570 [INFO] merge_service - [Poll] 进度: 26/79 完成, 剩余 53 个任务仍在处理中...
2026-05-31 14:10:10,189 [INFO] merge_service - [Poll] 进度: 26/79 完成, 剩余 53 个任务仍在处理中...
2026-05-31 14:10:13,782 [INFO] merge_service - [Poll] 进度: 26/79 完成, 剩余 53 个任务仍在处理中...
2026-05-31 14:10:17,395 [INFO] merge_service - [Poll] 进度: 26/79 完成, 剩余 53 个任务仍在处理中...
2026-05-31 14:10:21,000 [INFO] merge_service - [Poll] 进度: 26/79 完成, 剩余 53 个任务仍在处理中...
2026-05-31 14:10:24,267 [INFO] merge_service - [Poll] 任务 d81505fa-89bb-466f-a57a-5c9515be0723 (【医脉通】2020+ESC指南：非持续性ST段抬高型急性冠脉综合征的管理_28.png) → completed [成功]
2026-05-31 14:10:24,604 [INFO] merge_service - [Poll] 进度: 27/79 完成, 剩余 52 个任务仍在处理中...
2026-05-31 14:10:28,176 [INFO] merge_service - [Poll] 进度: 27/79 完成, 剩余 52 个任务仍在处理中...
2026-05-31 14:10:31,764 [INFO] merge_service - [Poll] 进度: 27/79 完成, 剩余 52 个任务仍在处理中...
2026-05-31 14:10:35,351 [INFO] merge_service - [Poll] 进度: 27/79 完成, 剩余 52 个任务仍在处理中...
2026-05-31 14:10:38,501 [INFO] merge_service - [Poll] 任务 52ddeee6-bde3-43b3-8476-de7272372dd3 (【医脉通】2020+ESC指南：非持续性ST段抬高型急性冠脉综合征的管理_29.png) → completed [成功]
2026-05-31 14:10:38,935 [INFO] merge_service - [Poll] 进度: 28/79 完成, 剩余 51 个任务仍在处理中...
2026-05-31 14:10:42,045 [INFO] merge_service - [Poll] 任务 c3bca530-dcb1-4fda-acbc-e514916daf42 (【医脉通】2020+ESC指南：非持续性ST段抬高型急性冠脉综合征的管理_34.png) → completed [成功]
2026-05-31 14:10:42,553 [INFO] merge_service - [Poll] 进度: 29/79 完成, 剩余 50 个任务仍在处理中...
2026-05-31 14:10:45,661 [INFO] merge_service - [Poll] 任务 244b4b4c-a2e6-43ff-b70c-f4b3e9a79ac9 (【医脉通】2020+ESC指南：非持续性ST段抬高型急性冠脉综合征的管理_31.png) → completed [成功]
2026-05-31 14:10:46,122 [INFO] merge_service - [Poll] 进度: 30/79 完成, 剩余 49 个任务仍在处理中...
2026-05-31 14:10:49,673 [INFO] merge_service - [Poll] 进度: 30/79 完成, 剩余 49 个任务仍在处理中...
2026-05-31 14:10:53,214 [INFO] merge_service - [Poll] 进度: 30/79 完成, 剩余 49 个任务仍在处理中...
2026-05-31 14:10:56,782 [INFO] merge_service - [Poll] 进度: 30/79 完成, 剩余 49 个任务仍在处理中...
2026-05-31 14:11:00,134 [INFO] merge_service - [Poll] 任务 76768823-3eba-4c39-aad9-7e97d02473af (【医脉通】2020+ESC指南：非持续性ST段抬高型急性冠脉综合征的管理_25.png) → completed [成功]
2026-05-31 14:11:00,321 [INFO] merge_service - [Poll] 进度: 31/79 完成, 剩余 48 个任务仍在处理中...
2026-05-31 14:11:03,852 [INFO] merge_service - [Poll] 进度: 31/79 完成, 剩余 48 个任务仍在处理中...
2026-05-31 14:11:07,417 [INFO] merge_service - [Poll] 进度: 31/79 完成, 剩余 48 个任务仍在处理中...
2026-05-31 14:11:10,970 [INFO] merge_service - [Poll] 进度: 31/79 完成, 剩余 48 个任务仍在处理中...
2026-05-31 14:11:14,503 [INFO] merge_service - [Poll] 进度: 31/79 完成, 剩余 48 个任务仍在处理中...
2026-05-31 14:11:17,990 [INFO] merge_service - [Poll] 任务 08a184c1-8b08-46c6-9d6c-63aed17cc581 (【医脉通】2020+ESC指南：非持续性ST段抬高型急性冠脉综合征的管理_30.png) → completed [成功]
2026-05-31 14:11:18,034 [INFO] merge_service - [Poll] 进度: 32/79 完成, 剩余 47 个任务仍在处理中...
2026-05-31 14:11:21,582 [INFO] merge_service - [Poll] 进度: 32/79 完成, 剩余 47 个任务仍在处理中...
2026-05-31 14:11:25,126 [INFO] merge_service - [Poll] 进度: 32/79 完成, 剩余 47 个任务仍在处理中...
2026-05-31 14:11:28,644 [INFO] merge_service - [Poll] 进度: 32/79 完成, 剩余 47 个任务仍在处理中...
2026-05-31 14:11:32,160 [INFO] merge_service - [Poll] 进度: 32/79 完成, 剩余 47 个任务仍在处理中...
2026-05-31 14:11:35,727 [INFO] merge_service - [Poll] 进度: 32/79 完成, 剩余 47 个任务仍在处理中...
2026-05-31 14:11:39,248 [INFO] merge_service - [Poll] 进度: 32/79 完成, 剩余 47 个任务仍在处理中...
2026-05-31 14:11:42,763 [INFO] merge_service - [Poll] 进度: 32/79 完成, 剩余 47 个任务仍在处理中...
2026-05-31 14:11:45,938 [INFO] merge_service - [Poll] 任务 2323ab31-6219-4227-8c7d-a9d7536d57b8 (【医脉通】2020+ESC指南：非持续性ST段抬高型急性冠脉综合征的管理_33.png) → completed [成功]
2026-05-31 14:11:46,286 [INFO] merge_service - [Poll] 进度: 33/79 完成, 剩余 46 个任务仍在处理中...
2026-05-31 14:11:49,809 [INFO] merge_service - [Poll] 进度: 33/79 完成, 剩余 46 个任务仍在处理中...
2026-05-31 14:11:53,314 [INFO] merge_service - [Poll] 进度: 33/79 完成, 剩余 46 个任务仍在处理中...
2026-05-31 14:11:56,821 [INFO] merge_service - [Poll] 进度: 33/79 完成, 剩余 46 个任务仍在处理中...
2026-05-31 14:12:00,354 [INFO] merge_service - [Poll] 进度: 33/79 完成, 剩余 46 个任务仍在处理中...
2026-05-31 14:12:03,864 [INFO] merge_service - [Poll] 进度: 33/79 完成, 剩余 46 个任务仍在处理中...
2026-05-31 14:12:07,368 [INFO] merge_service - [Poll] 进度: 33/79 完成, 剩余 46 个任务仍在处理中...
2026-05-31 14:12:10,900 [INFO] merge_service - [Poll] 进度: 33/79 完成, 剩余 46 个任务仍在处理中...
2026-05-31 14:12:14,422 [INFO] merge_service - [Poll] 进度: 33/79 完成, 剩余 46 个任务仍在处理中...
2026-05-31 14:12:17,928 [INFO] merge_service - [Poll] 进度: 33/79 完成, 剩余 46 个任务仍在处理中...
2026-05-31 14:12:21,432 [INFO] merge_service - [Poll] 进度: 33/79 完成, 剩余 46 个任务仍在处理中...
2026-05-31 14:12:24,972 [INFO] merge_service - [Poll] 进度: 33/79 完成, 剩余 46 个任务仍在处理中...
2026-05-31 14:12:28,490 [INFO] merge_service - [Poll] 进度: 33/79 完成, 剩余 46 个任务仍在处理中...
2026-05-31 14:12:32,008 [INFO] merge_service - [Poll] 进度: 33/79 完成, 剩余 46 个任务仍在处理中...
2026-05-31 14:12:35,507 [INFO] merge_service - [Poll] 进度: 33/79 完成, 剩余 46 个任务仍在处理中...
2026-05-31 14:12:39,033 [INFO] merge_service - [Poll] 进度: 33/79 完成, 剩余 46 个任务仍在处理中...
2026-05-31 14:12:42,540 [INFO] merge_service - [Poll] 进度: 33/79 完成, 剩余 46 个任务仍在处理中...
2026-05-31 14:12:46,009 [INFO] merge_service - [Poll] 任务 668a4b93-976a-4b2f-b7a9-1791d850b2e8 (【医脉通】2020+ESC指南：非持续性ST段抬高型急性冠脉综合征的管理_38.png) → completed [成功]
2026-05-31 14:12:46,041 [INFO] merge_service - [Poll] 进度: 34/79 完成, 剩余 45 个任务仍在处理中...
2026-05-31 14:12:49,238 [INFO] merge_service - [Poll] 任务 ca1104ca-70ca-458c-9710-a3305cf65bd3 (【医脉通】2020+ESC指南：非持续性ST段抬高型急性冠脉综合征的管理_35.png) → completed [成功]
2026-05-31 14:12:49,545 [INFO] merge_service - [Poll] 任务 4946e388-0915-4bfa-b704-e5636c16fc36 (【医脉通】2020+ESC指南：非持续性ST段抬高型急性冠脉综合征的管理_41.png) → completed [成功]
2026-05-31 14:12:49,569 [INFO] merge_service - [Poll] 进度: 36/79 完成, 剩余 43 个任务仍在处理中...
2026-05-31 14:12:53,052 [INFO] merge_service - [Poll] 进度: 36/79 完成, 剩余 43 个任务仍在处理中...
2026-05-31 14:12:56,166 [INFO] merge_service - [Poll] 任务 f54fe88b-6a13-4a4a-a7db-f77033c48afc (【医脉通】2020+ESC指南：非持续性ST段抬高型急性冠脉综合征的管理_32.png) → completed [成功]
2026-05-31 14:12:56,541 [INFO] merge_service - [Poll] 进度: 37/79 完成, 剩余 42 个任务仍在处理中...
2026-05-31 14:13:00,035 [INFO] merge_service - [Poll] 进度: 37/79 完成, 剩余 42 个任务仍在处理中...
2026-05-31 14:13:03,515 [INFO] merge_service - [Poll] 进度: 37/79 完成, 剩余 42 个任务仍在处理中...
2026-05-31 14:13:06,708 [INFO] merge_service - [Poll] 任务 2a5ee982-c13f-48b4-86c1-22c0d492a4cc (【医脉通】2020+ESC指南：非持续性ST段抬高型急性冠脉综合征的管理_40.png) → completed [成功]
2026-05-31 14:13:06,987 [INFO] merge_service - [Poll] 进度: 38/79 完成, 剩余 41 个任务仍在处理中...
2026-05-31 14:13:10,451 [INFO] merge_service - [Poll] 进度: 38/79 完成, 剩余 41 个任务仍在处理中...
2026-05-31 14:13:13,897 [INFO] merge_service - [Poll] 进度: 38/79 完成, 剩余 41 个任务仍在处理中...
2026-05-31 14:13:17,212 [INFO] merge_service - [Poll] 任务 5af03176-58ad-49c1-b971-d84150e32e25 (【医脉通】2020+ESC指南：非持续性ST段抬高型急性冠脉综合征的管理_36.png) → completed [成功]
2026-05-31 14:13:17,382 [INFO] merge_service - [Poll] 进度: 39/79 完成, 剩余 40 个任务仍在处理中...
2026-05-31 14:13:20,821 [INFO] merge_service - [Poll] 进度: 39/79 完成, 剩余 40 个任务仍在处理中...
2026-05-31 14:13:23,988 [INFO] merge_service - [Poll] 任务 987e5592-93c4-4179-85c8-991029a8be4c (【医脉通】2020+ESC指南：非持续性ST段抬高型急性冠脉综合征的管理_39.png) → completed [成功]
2026-05-31 14:13:24,258 [INFO] merge_service - [Poll] 进度: 40/79 完成, 剩余 39 个任务仍在处理中...
2026-05-31 14:13:27,716 [INFO] merge_service - [Poll] 进度: 40/79 完成, 剩余 39 个任务仍在处理中...
2026-05-31 14:13:30,823 [INFO] merge_service - [Poll] 任务 a6172c1f-814e-4dd3-aa1c-8c24a7ee9913 (【医脉通】2020+ESC指南：非持续性ST段抬高型急性冠脉综合征的管理_37.png) → completed [成功]
2026-05-31 14:13:31,143 [INFO] merge_service - [Poll] 进度: 41/79 完成, 剩余 38 个任务仍在处理中...
2026-05-31 14:13:34,578 [INFO] merge_service - [Poll] 进度: 41/79 完成, 剩余 38 个任务仍在处理中...
2026-05-31 14:13:37,994 [INFO] merge_service - [Poll] 进度: 41/79 完成, 剩余 38 个任务仍在处理中...
2026-05-31 14:13:41,442 [INFO] merge_service - [Poll] 进度: 41/79 完成, 剩余 38 个任务仍在处理中...
2026-05-31 14:13:44,853 [INFO] merge_service - [Poll] 进度: 41/79 完成, 剩余 38 个任务仍在处理中...
2026-05-31 14:13:48,324 [INFO] merge_service - [Poll] 进度: 41/79 完成, 剩余 38 个任务仍在处理中...
2026-05-31 14:13:51,745 [INFO] merge_service - [Poll] 进度: 41/79 完成, 剩余 38 个任务仍在处理中...
2026-05-31 14:13:55,192 [INFO] merge_service - [Poll] 进度: 41/79 完成, 剩余 38 个任务仍在处理中...
2026-05-31 14:13:58,598 [INFO] merge_service - [Poll] 任务 c22a80aa-7998-4f78-aaf3-a4b1c0c4ba01 (【医脉通】2020+ESC指南：非持续性ST段抬高型急性冠脉综合征的管理_44.png) → completed [成功]
2026-05-31 14:13:58,609 [INFO] merge_service - [Poll] 进度: 42/79 完成, 剩余 37 个任务仍在处理中...
2026-05-31 14:14:02,020 [INFO] merge_service - [Poll] 进度: 42/79 完成, 剩余 37 个任务仍在处理中...
2026-05-31 14:14:05,437 [INFO] merge_service - [Poll] 进度: 42/79 完成, 剩余 37 个任务仍在处理中...
2026-05-31 14:14:08,854 [INFO] merge_service - [Poll] 进度: 42/79 完成, 剩余 37 个任务仍在处理中...
2026-05-31 14:14:12,264 [INFO] merge_service - [Poll] 进度: 42/79 完成, 剩余 37 个任务仍在处理中...
2026-05-31 14:14:15,669 [INFO] merge_service - [Poll] 进度: 42/79 完成, 剩余 37 个任务仍在处理中...
2026-05-31 14:14:18,947 [INFO] merge_service - [Poll] 任务 1a8cced6-fc01-4e1c-85e4-c5c70bd89eb3 (【医脉通】2020+ESC指南：非持续性ST段抬高型急性冠脉综合征的管理_49.png) → completed [成功]
2026-05-31 14:14:19,085 [INFO] merge_service - [Poll] 进度: 43/79 完成, 剩余 36 个任务仍在处理中...
2026-05-31 14:14:22,480 [INFO] merge_service - [Poll] 进度: 43/79 完成, 剩余 36 个任务仍在处理中...
2026-05-31 14:14:25,872 [INFO] merge_service - [Poll] 进度: 43/79 完成, 剩余 36 个任务仍在处理中...
2026-05-31 14:14:29,274 [INFO] merge_service - [Poll] 进度: 43/79 完成, 剩余 36 个任务仍在处理中...
2026-05-31 14:14:32,662 [INFO] merge_service - [Poll] 进度: 43/79 完成, 剩余 36 个任务仍在处理中...
2026-05-31 14:14:35,969 [INFO] merge_service - [Poll] 任务 e941b73b-331c-48fe-a10c-40521ba35558 (【医脉通】2020+ESC指南：非持续性ST段抬高型急性冠脉综合征的管理_42.png) → completed [成功]
2026-05-31 14:14:36,091 [INFO] merge_service - [Poll] 进度: 44/79 完成, 剩余 35 个任务仍在处理中...
2026-05-31 14:14:39,476 [INFO] merge_service - [Poll] 进度: 44/79 完成, 剩余 35 个任务仍在处理中...
2026-05-31 14:14:42,905 [INFO] merge_service - [Poll] 进度: 44/79 完成, 剩余 35 个任务仍在处理中...
2026-05-31 14:14:46,279 [INFO] merge_service - [Poll] 进度: 44/79 完成, 剩余 35 个任务仍在处理中...
2026-05-31 14:14:49,696 [INFO] merge_service - [Poll] 进度: 44/79 完成, 剩余 35 个任务仍在处理中...
2026-05-31 14:14:53,072 [INFO] merge_service - [Poll] 进度: 44/79 完成, 剩余 35 个任务仍在处理中...
2026-05-31 14:14:56,493 [INFO] merge_service - [Poll] 进度: 44/79 完成, 剩余 35 个任务仍在处理中...
2026-05-31 14:14:59,873 [INFO] merge_service - [Poll] 进度: 44/79 完成, 剩余 35 个任务仍在处理中...
2026-05-31 14:15:02,989 [INFO] merge_service - [Poll] 任务 a063b69a-9bca-41cf-8ede-a20c785a250c (【医脉通】2020+ESC指南：非持续性ST段抬高型急性冠脉综合征的管理_45.png) → completed [成功]
2026-05-31 14:15:03,294 [INFO] merge_service - [Poll] 进度: 45/79 完成, 剩余 34 个任务仍在处理中...
2026-05-31 14:15:06,444 [INFO] merge_service - [Poll] 任务 6f8ab42d-eaab-4881-802d-b755d5471923 (【医脉通】2020+ESC指南：非持续性ST段抬高型急性冠脉综合征的管理_47.png) → completed [成功]
2026-05-31 14:15:06,562 [INFO] merge_service - [Poll] 任务 898a3e07-82d2-4a7a-8abc-40ccd885d6fa (【医脉通】2020+ESC指南：非持续性ST段抬高型急性冠脉综合征的管理_46.png) → completed [成功]
2026-05-31 14:15:06,650 [INFO] merge_service - [Poll] 任务 be2e1e14-aecd-4e57-8240-d1691c20144e (【医脉通】2020+ESC指南：非持续性ST段抬高型急性冠脉综合征的管理_43.png) → completed [成功]
2026-05-31 14:15:06,660 [INFO] merge_service - [Poll] 进度: 48/79 完成, 剩余 31 个任务仍在处理中...
2026-05-31 14:15:09,933 [INFO] merge_service - [Poll] 任务 55433528-293e-4a24-84d8-6728b7420e95 (【医脉通】2020+ESC指南：非持续性ST段抬高型急性冠脉综合征的管理_51.png) → completed [成功]
2026-05-31 14:15:10,038 [INFO] merge_service - [Poll] 进度: 49/79 完成, 剩余 30 个任务仍在处理中...
2026-05-31 14:15:13,364 [INFO] merge_service - [Poll] 进度: 49/79 完成, 剩余 30 个任务仍在处理中...
2026-05-31 14:15:16,698 [INFO] merge_service - [Poll] 进度: 49/79 完成, 剩余 30 个任务仍在处理中...
2026-05-31 14:15:19,767 [INFO] merge_service - [Poll] 任务 a406ae1c-f304-4fc2-be61-fa76819783d9 (【医脉通】2020+ESC指南：非持续性ST段抬高型急性冠脉综合征的管理_50.png) → completed [成功]
2026-05-31 14:15:20,054 [INFO] merge_service - [Poll] 进度: 50/79 完成, 剩余 29 个任务仍在处理中...
2026-05-31 14:15:23,369 [INFO] merge_service - [Poll] 进度: 50/79 完成, 剩余 29 个任务仍在处理中...
2026-05-31 14:15:26,700 [INFO] merge_service - [Poll] 进度: 50/79 完成, 剩余 29 个任务仍在处理中...
2026-05-31 14:15:29,727 [INFO] merge_service - [Poll] 任务 eeb88507-759e-4949-9dff-324581146db3 (【医脉通】2020+ESC指南：非持续性ST段抬高型急性冠脉综合征的管理_48.png) → completed [成功]
2026-05-31 14:15:30,024 [INFO] merge_service - [Poll] 进度: 51/79 完成, 剩余 28 个任务仍在处理中...
2026-05-31 14:15:33,326 [INFO] merge_service - [Poll] 进度: 51/79 完成, 剩余 28 个任务仍在处理中...
2026-05-31 14:15:36,640 [INFO] merge_service - [Poll] 进度: 51/79 完成, 剩余 28 个任务仍在处理中...
2026-05-31 14:15:39,974 [INFO] merge_service - [Poll] 进度: 51/79 完成, 剩余 28 个任务仍在处理中...
2026-05-31 14:15:43,289 [INFO] merge_service - [Poll] 进度: 51/79 完成, 剩余 28 个任务仍在处理中...
2026-05-31 14:15:46,592 [INFO] merge_service - [Poll] 进度: 51/79 完成, 剩余 28 个任务仍在处理中...
2026-05-31 14:15:49,656 [INFO] merge_service - [Poll] 任务 5e8bd422-cf90-45a9-b09c-d3924671da1d (【医脉通】2020+ESC指南：非持续性ST段抬高型急性冠脉综合征的管理_54.png) → completed [成功]
2026-05-31 14:15:49,945 [INFO] merge_service - [Poll] 进度: 52/79 完成, 剩余 27 个任务仍在处理中...
2026-05-31 14:15:53,240 [INFO] merge_service - [Poll] 进度: 52/79 完成, 剩余 27 个任务仍在处理中...
2026-05-31 14:15:56,288 [INFO] merge_service - [Poll] 任务 5043bdad-36fa-4a7b-9cb2-19dc66503f66 (【医脉通】2020+ESC指南：非持续性ST段抬高型急性冠脉综合征的管理_55.png) → completed [成功]
2026-05-31 14:15:56,341 [INFO] merge_service - [Poll] 任务 3fa0bc40-413b-453a-a46f-74db278661c3 (【医脉通】2020+ESC指南：非持续性ST段抬高型急性冠脉综合征的管理_53.png) → completed [成功]
2026-05-31 14:15:56,561 [INFO] merge_service - [Poll] 进度: 54/79 完成, 剩余 25 个任务仍在处理中...
2026-05-31 14:15:59,871 [INFO] merge_service - [Poll] 进度: 54/79 完成, 剩余 25 个任务仍在处理中...
2026-05-31 14:16:03,150 [INFO] merge_service - [Poll] 进度: 54/79 完成, 剩余 25 个任务仍在处理中...
2026-05-31 14:16:06,421 [INFO] merge_service - [Poll] 进度: 54/79 完成, 剩余 25 个任务仍在处理中...
2026-05-31 14:16:09,500 [INFO] merge_service - [Poll] 任务 fc900148-9a59-4b52-b7b9-a40221868790 (【医脉通】2020+ESC指南：非持续性ST段抬高型急性冠脉综合征的管理_61.png) → completed [成功]
2026-05-31 14:16:09,695 [INFO] merge_service - [Poll] 进度: 55/79 完成, 剩余 24 个任务仍在处理中...
2026-05-31 14:16:12,978 [INFO] merge_service - [Poll] 进度: 55/79 完成, 剩余 24 个任务仍在处理中...
2026-05-31 14:16:16,220 [INFO] merge_service - [Poll] 任务 4e7a3be7-fdcc-4a4a-8ff6-36a2c987db2a (【医脉通】2020+ESC指南：非持续性ST段抬高型急性冠脉综合征的管理_62.png) → completed [成功]
2026-05-31 14:16:16,318 [INFO] merge_service - [Poll] 进度: 56/79 完成, 剩余 23 个任务仍在处理中...
2026-05-31 14:16:19,575 [INFO] merge_service - [Poll] 进度: 56/79 完成, 剩余 23 个任务仍在处理中...
2026-05-31 14:16:22,710 [INFO] merge_service - [Poll] 任务 b5360d1e-2da7-4401-b79a-a406489be3a5 (【医脉通】2020+ESC指南：非持续性ST段抬高型急性冠脉综合征的管理_52.png) → completed [成功]
2026-05-31 14:16:22,832 [INFO] merge_service - [Poll] 进度: 57/79 完成, 剩余 22 个任务仍在处理中...
2026-05-31 14:16:25,969 [INFO] merge_service - [Poll] 任务 ae8574c8-9728-43bd-aca5-20be5fae532c (【医脉通】2020+ESC指南：非持续性ST段抬高型急性冠脉综合征的管理_63.png) → completed [成功]
2026-05-31 14:16:26,032 [INFO] merge_service - [Poll] 任务 a24dd2cd-ec81-406b-b5f7-05dcfdb98353 (【医脉通】2020+ESC指南：非持续性ST段抬高型急性冠脉综合征的管理_64.png) → completed [成功]
2026-05-31 14:16:26,076 [INFO] merge_service - [Poll] 进度: 59/79 完成, 剩余 20 个任务仍在处理中...
2026-05-31 14:16:29,298 [INFO] merge_service - [Poll] 进度: 59/79 完成, 剩余 20 个任务仍在处理中...
2026-05-31 14:16:32,517 [INFO] merge_service - [Poll] 进度: 59/79 完成, 剩余 20 个任务仍在处理中...
2026-05-31 14:16:35,732 [INFO] merge_service - [Poll] 进度: 59/79 完成, 剩余 20 个任务仍在处理中...
2026-05-31 14:16:38,945 [INFO] merge_service - [Poll] 进度: 59/79 完成, 剩余 20 个任务仍在处理中...
2026-05-31 14:16:42,052 [INFO] merge_service - [Poll] 任务 07cd6829-90ab-4985-a9d9-8a8aa54feef2 (【医脉通】2020+ESC指南：非持续性ST段抬高型急性冠脉综合征的管理_67.png) → completed [成功]
2026-05-31 14:16:42,159 [INFO] merge_service - [Poll] 进度: 60/79 完成, 剩余 19 个任务仍在处理中...
2026-05-31 14:16:45,276 [INFO] merge_service - [Poll] 任务 91146d4e-397c-4fe1-85ca-8c6c32e6287b (【医脉通】2020+ESC指南：非持续性ST段抬高型急性冠脉综合征的管理_66.png) → completed [成功]
2026-05-31 14:16:45,352 [INFO] merge_service - [Poll] 任务 38df301f-42b7-43d9-ba65-4d6f5528360d (【医脉通】2020+ESC指南：非持续性ST段抬高型急性冠脉综合征的管理_56.png) → completed [成功]
2026-05-31 14:16:45,375 [INFO] merge_service - [Poll] 进度: 62/79 完成, 剩余 17 个任务仍在处理中...
2026-05-31 14:16:48,534 [INFO] merge_service - [Poll] 任务 129a1b0b-9f1f-4a26-867b-a9726b8680d5 (【医脉通】2020+ESC指南：非持续性ST段抬高型急性冠脉综合征的管理_57.png) → completed [成功]
2026-05-31 14:16:48,577 [INFO] merge_service - [Poll] 进度: 63/79 完成, 剩余 16 个任务仍在处理中...
2026-05-31 14:16:51,776 [INFO] merge_service - [Poll] 进度: 63/79 完成, 剩余 16 个任务仍在处理中...
2026-05-31 14:16:54,882 [INFO] merge_service - [Poll] 任务 1f3807a9-a961-47a6-9027-e207539f156a (【医脉通】2020+ESC指南：非持续性ST段抬高型急性冠脉综合征的管理_58.png) → completed [成功]
2026-05-31 14:16:54,977 [INFO] merge_service - [Poll] 进度: 64/79 完成, 剩余 15 个任务仍在处理中...
2026-05-31 14:16:58,175 [INFO] merge_service - [Poll] 进度: 64/79 完成, 剩余 15 个任务仍在处理中...
2026-05-31 14:17:01,332 [INFO] merge_service - [Poll] 任务 9ae0a27d-aceb-47a7-a555-abd25c4944c1 (【医脉通】2020+ESC指南：非持续性ST段抬高型急性冠脉综合征的管理_70.png) → completed [成功]
2026-05-31 14:17:01,354 [INFO] merge_service - [Poll] 进度: 65/79 完成, 剩余 14 个任务仍在处理中...
2026-05-31 14:17:04,557 [INFO] merge_service - [Poll] 进度: 65/79 完成, 剩余 14 个任务仍在处理中...
2026-05-31 14:17:07,655 [INFO] merge_service - [Poll] 任务 7cb6bd99-814d-4b75-bab9-e4dbffee4e4a (【医脉通】2020+ESC指南：非持续性ST段抬高型急性冠脉综合征的管理_71.png) → completed [成功]
2026-05-31 14:17:07,734 [INFO] merge_service - [Poll] 进度: 66/79 完成, 剩余 13 个任务仍在处理中...
2026-05-31 14:17:10,912 [INFO] merge_service - [Poll] 进度: 66/79 完成, 剩余 13 个任务仍在处理中...
2026-05-31 14:17:14,088 [INFO] merge_service - [Poll] 进度: 66/79 完成, 剩余 13 个任务仍在处理中...
2026-05-31 14:17:17,279 [INFO] merge_service - [Poll] 进度: 66/79 完成, 剩余 13 个任务仍在处理中...
2026-05-31 14:17:20,434 [INFO] merge_service - [Poll] 任务 bbdb9151-033b-43e8-ba26-2213ea6f02e2 (【医脉通】2020+ESC指南：非持续性ST段抬高型急性冠脉综合征的管理_73.png) → completed [成功]
2026-05-31 14:17:20,455 [INFO] merge_service - [Poll] 进度: 67/79 完成, 剩余 12 个任务仍在处理中...
2026-05-31 14:17:23,622 [INFO] merge_service - [Poll] 进度: 67/79 完成, 剩余 12 个任务仍在处理中...
2026-05-31 14:17:26,741 [INFO] merge_service - [Poll] 任务 a0dc61f2-ba7f-44de-9b24-b9cda4b91f00 (【医脉通】2020+ESC指南：非持续性ST段抬高型急性冠脉综合征的管理_69.png) → completed [成功]
2026-05-31 14:17:26,802 [INFO] merge_service - [Poll] 进度: 68/79 完成, 剩余 11 个任务仍在处理中...
2026-05-31 14:17:29,919 [INFO] merge_service - [Poll] 任务 f2512728-5551-4dd5-b55b-cb98c37db196 (【医脉通】2020+ESC指南：非持续性ST段抬高型急性冠脉综合征的管理_59.png) → completed [成功]
2026-05-31 14:17:29,930 [INFO] merge_service - [Poll] 进度: 69/79 完成, 剩余 10 个任务仍在处理中...
2026-05-31 14:17:33,064 [INFO] merge_service - [Poll] 进度: 69/79 完成, 剩余 10 个任务仍在处理中...
2026-05-31 14:17:36,207 [INFO] merge_service - [Poll] 进度: 69/79 完成, 剩余 10 个任务仍在处理中...
2026-05-31 14:17:39,319 [INFO] merge_service - [Poll] 任务 1b26354a-aae3-4264-805c-ff050e9a4012 (【医脉通】2020+ESC指南：非持续性ST段抬高型急性冠脉综合征的管理_76.png) → completed [成功]
2026-05-31 14:17:39,351 [INFO] merge_service - [Poll] 进度: 70/79 完成, 剩余 9 个任务仍在处理中...
2026-05-31 14:17:42,483 [INFO] merge_service - [Poll] 进度: 70/79 完成, 剩余 9 个任务仍在处理中...
2026-05-31 14:17:45,616 [INFO] merge_service - [Poll] 进度: 70/79 完成, 剩余 9 个任务仍在处理中...
2026-05-31 14:17:48,733 [INFO] merge_service - [Poll] 进度: 70/79 完成, 剩余 9 个任务仍在处理中...
2026-05-31 14:17:51,842 [INFO] merge_service - [Poll] 进度: 70/79 完成, 剩余 9 个任务仍在处理中...
2026-05-31 14:17:54,945 [INFO] merge_service - [Poll] 进度: 70/79 完成, 剩余 9 个任务仍在处理中...
2026-05-31 14:17:58,042 [INFO] merge_service - [Poll] 进度: 70/79 完成, 剩余 9 个任务仍在处理中...
2026-05-31 14:18:01,118 [INFO] merge_service - [Poll] 任务 0e82bd38-5774-4672-8c0e-b406501b352a (【医脉通】2020+ESC指南：非持续性ST段抬高型急性冠脉综合征的管理_60.png) → completed [成功]
2026-05-31 14:18:01,139 [INFO] merge_service - [Poll] 进度: 71/79 完成, 剩余 8 个任务仍在处理中...
2026-05-31 14:18:04,227 [INFO] merge_service - [Poll] 进度: 71/79 完成, 剩余 8 个任务仍在处理中...
2026-05-31 14:18:07,343 [INFO] merge_service - [Poll] 进度: 71/79 完成, 剩余 8 个任务仍在处理中...
2026-05-31 14:18:10,463 [INFO] merge_service - [Poll] 进度: 71/79 完成, 剩余 8 个任务仍在处理中...
2026-05-31 14:18:13,565 [INFO] merge_service - [Poll] 进度: 71/79 完成, 剩余 8 个任务仍在处理中...
2026-05-31 14:18:16,659 [INFO] merge_service - [Poll] 进度: 71/79 完成, 剩余 8 个任务仍在处理中...
2026-05-31 14:18:19,672 [INFO] merge_service - [Poll] 任务 d7413292-d5b9-4ed8-aa90-d87ae9e9ec62 (【医脉通】2020+ESC指南：非持续性ST段抬高型急性冠脉综合征的管理_65.png) → completed [成功]
2026-05-31 14:18:19,752 [INFO] merge_service - [Poll] 进度: 72/79 完成, 剩余 7 个任务仍在处理中...
2026-05-31 14:18:22,808 [INFO] merge_service - [Poll] 任务 edfa022f-d5b7-49f4-b85b-c1dfeb259c5a (【医脉通】2020+ESC指南：非持续性ST段抬高型急性冠脉综合征的管理_79.png) → completed [成功]
2026-05-31 14:18:22,837 [INFO] merge_service - [Poll] 进度: 73/79 完成, 剩余 6 个任务仍在处理中...
2026-05-31 14:18:25,903 [INFO] merge_service - [Poll] 进度: 73/79 完成, 剩余 6 个任务仍在处理中...
2026-05-31 14:18:29,001 [INFO] merge_service - [Poll] 进度: 73/79 完成, 剩余 6 个任务仍在处理中...
2026-05-31 14:18:32,086 [INFO] merge_service - [Poll] 进度: 73/79 完成, 剩余 6 个任务仍在处理中...
2026-05-31 14:18:35,155 [INFO] merge_service - [Poll] 进度: 73/79 完成, 剩余 6 个任务仍在处理中...
2026-05-31 14:18:38,223 [INFO] merge_service - [Poll] 进度: 73/79 完成, 剩余 6 个任务仍在处理中...
2026-05-31 14:18:41,291 [INFO] merge_service - [Poll] 进度: 73/79 完成, 剩余 6 个任务仍在处理中...
2026-05-31 14:18:44,389 [INFO] merge_service - [Poll] 进度: 73/79 完成, 剩余 6 个任务仍在处理中...
2026-05-31 14:18:47,451 [INFO] merge_service - [Poll] 任务 f2a0f1cc-debe-4ed0-80b1-bbd9eb4c35b1 (【医脉通】2020+ESC指南：非持续性ST段抬高型急性冠脉综合征的管理_68.png) → completed [成功]
2026-05-31 14:18:47,473 [INFO] merge_service - [Poll] 进度: 74/79 完成, 剩余 5 个任务仍在处理中...
2026-05-31 14:18:50,532 [INFO] merge_service - [Poll] 进度: 74/79 完成, 剩余 5 个任务仍在处理中...
2026-05-31 14:18:53,589 [INFO] merge_service - [Poll] 进度: 74/79 完成, 剩余 5 个任务仍在处理中...
2026-05-31 14:18:56,647 [INFO] merge_service - [Poll] 进度: 74/79 完成, 剩余 5 个任务仍在处理中...
2026-05-31 14:18:59,730 [INFO] merge_service - [Poll] 进度: 74/79 完成, 剩余 5 个任务仍在处理中...
2026-05-31 14:19:02,778 [INFO] merge_service - [Poll] 任务 e19a4245-bff4-460d-a034-97ed8d9b4b39 (【医脉通】2020+ESC指南：非持续性ST段抬高型急性冠脉综合征的管理_74.png) → completed [成功]
2026-05-31 14:19:02,800 [INFO] merge_service - [Poll] 任务 e0bc2b7e-9b8a-41fe-9187-86addcc901d7 (【医脉通】2020+ESC指南：非持续性ST段抬高型急性冠脉综合征的管理_72.png) → completed [成功]
2026-05-31 14:19:02,800 [INFO] merge_service - [Poll] 进度: 76/79 完成, 剩余 3 个任务仍在处理中...
2026-05-31 14:19:05,834 [INFO] merge_service - [Poll] 进度: 76/79 完成, 剩余 3 个任务仍在处理中...
2026-05-31 14:19:08,871 [INFO] merge_service - [Poll] 进度: 76/79 完成, 剩余 3 个任务仍在处理中...
2026-05-31 14:19:11,914 [INFO] merge_service - [Poll] 进度: 76/79 完成, 剩余 3 个任务仍在处理中...
2026-05-31 14:19:14,952 [INFO] merge_service - [Poll] 进度: 76/79 完成, 剩余 3 个任务仍在处理中...
2026-05-31 14:19:17,989 [INFO] merge_service - [Poll] 进度: 76/79 完成, 剩余 3 个任务仍在处理中...
2026-05-31 14:19:21,025 [INFO] merge_service - [Poll] 进度: 76/79 完成, 剩余 3 个任务仍在处理中...
2026-05-31 14:19:24,040 [INFO] merge_service - [Poll] 任务 81c0b52e-8ef6-4b63-858e-1968726fb90c (【医脉通】2020+ESC指南：非持续性ST段抬高型急性冠脉综合征的管理_75.png) → completed [成功]
2026-05-31 14:19:24,052 [INFO] merge_service - [Poll] 任务 cdb64226-28e6-4f96-96cb-0b4dbc02522b (【医脉通】2020+ESC指南：非持续性ST段抬高型急性冠脉综合征的管理_77.png) → completed [成功]
2026-05-31 14:19:24,063 [INFO] merge_service - [Poll] 进度: 78/79 完成, 剩余 1 个任务仍在处理中...
2026-05-31 14:19:27,089 [INFO] merge_service - [Poll] 进度: 78/79 完成, 剩余 1 个任务仍在处理中...
2026-05-31 14:19:30,103 [INFO] merge_service - [Poll] 进度: 78/79 完成, 剩余 1 个任务仍在处理中...
2026-05-31 14:19:33,116 [INFO] merge_service - [Poll] 进度: 78/79 完成, 剩余 1 个任务仍在处理中...
2026-05-31 14:19:36,144 [INFO] merge_service - [Poll] 进度: 78/79 完成, 剩余 1 个任务仍在处理中...
2026-05-31 14:19:39,160 [INFO] merge_service - [Poll] 进度: 78/79 完成, 剩余 1 个任务仍在处理中...
2026-05-31 14:19:42,171 [INFO] merge_service - [Poll] 进度: 78/79 完成, 剩余 1 个任务仍在处理中...
2026-05-31 14:19:45,199 [INFO] merge_service - [Poll] 进度: 78/79 完成, 剩余 1 个任务仍在处理中...
2026-05-31 14:19:48,213 [INFO] merge_service - [Poll] 进度: 78/79 完成, 剩余 1 个任务仍在处理中...
2026-05-31 14:19:51,226 [INFO] merge_service - [Poll] 进度: 78/79 完成, 剩余 1 个任务仍在处理中...
2026-05-31 14:19:54,254 [INFO] merge_service - [Poll] 任务 cc4d4100-c9f3-4b60-b9a4-6de6bc279a1c (【医脉通】2020+ESC指南：非持续性ST段抬高型急性冠脉综合征的管理_78.png) → completed [成功]
2026-05-31 14:19:54,255 [INFO] merge_service - [edc7f1a1-93c5-4d9f-9840-7cf1b716aed2] 所有提取任务已完成，开始合并清洗...
2026-05-31 14:19:54,255 [INFO] merge_service - [edc7f1a1-93c5-4d9f-9840-7cf1b716aed2] 合并顺序（按原图片文件名序号）:
2026-05-31 14:19:54,255 [INFO] merge_service -   第1页: 【医脉通】2020+ESC指南：非持续性ST段抬高型急性冠脉综合征的管理_1.png → output/医脉通】2020+ESC指南：非持续性ST段抬高型急性冠脉综合征的管理/医脉通】2020+ESC指南：非持续性ST段抬高型急性冠脉综合征的管理_1.md
2026-05-31 14:19:54,255 [INFO] merge_service -   第2页: 【医脉通】2020+ESC指南：非持续性ST段抬高型急性冠脉综合征的管理_2.png → output/医脉通】2020+ESC指南：非持续性ST段抬高型急性冠脉综合征的管理/医脉通】2020+ESC指南：非持续性ST段抬高型急性冠脉综合征的管理_2.md
2026-05-31 14:19:54,255 [INFO] merge_service -   第3页: 【医脉通】2020+ESC指南：非持续性ST段抬高型急性冠脉综合征的管理_3.png → output/医脉通】2020+ESC指南：非持续性ST段抬高型急性冠脉综合征的管理/医脉通】2020+ESC指南：非持续性ST段抬高型急性冠脉综合征的管理_3.md
2026-05-31 14:19:54,255 [INFO] merge_service -   第4页: 【医脉通】2020+ESC指南：非持续性ST段抬高型急性冠脉综合征的管理_4.png → output/医脉通】2020+ESC指南：非持续性ST段抬高型急性冠脉综合征的管理/医脉通】2020+ESC指南：非持续性ST段抬高型急性冠脉综合征的管理_4.md
2026-05-31 14:19:54,255 [INFO] merge_service -   第5页: 【医脉通】2020+ESC指南：非持续性ST段抬高型急性冠脉综合征的管理_5.png → output/医脉通】2020+ESC指南：非持续性ST段抬高型急性冠脉综合征的管理/医脉通】2020+ESC指南：非持续性ST段抬高型急性冠脉综合征的管理_5.md
2026-05-31 14:19:54,255 [INFO] merge_service -   第6页: 【医脉通】2020+ESC指南：非持续性ST段抬高型急性冠脉综合征的管理_6.png → output/医脉通】2020+ESC指南：非持续性ST段抬高型急性冠脉综合征的管理/医脉通】2020+ESC指南：非持续性ST段抬高型急性冠脉综合征的管理_6.md
2026-05-31 14:19:54,255 [INFO] merge_service -   第7页: 【医脉通】2020+ESC指南：非持续性ST段抬高型急性冠脉综合征的管理_7.png → output/医脉通】2020+ESC指南：非持续性ST段抬高型急性冠脉综合征的管理/医脉通】2020+ESC指南：非持续性ST段抬高型急性冠脉综合征的管理_7.md
2026-05-31 14:19:54,255 [INFO] merge_service -   第8页: 【医脉通】2020+ESC指南：非持续性ST段抬高型急性冠脉综合征的管理_8.png → output/医脉通】2020+ESC指南：非持续性ST段抬高型急性冠脉综合征的管理/医脉通】2020+ESC指南：非持续性ST段抬高型急性冠脉综合征的管理_8.md
2026-05-31 14:19:54,255 [INFO] merge_service -   第9页: 【医脉通】2020+ESC指南：非持续性ST段抬高型急性冠脉综合征的管理_9.png → output/医脉通】2020+ESC指南：非持续性ST段抬高型急性冠脉综合征的管理/医脉通】2020+ESC指南：非持续性ST段抬高型急性冠脉综合征的管理_9.md
2026-05-31 14:19:54,255 [INFO] merge_service -   第10页: 【医脉通】2020+ESC指南：非持续性ST段抬高型急性冠脉综合征的管理_10.png → output/医脉通】2020+ESC指南：非持续性ST段抬高型急性冠脉综合征的管理/医脉通】2020+ESC指南：非持续性ST段抬高型急性冠脉综合征的管理_10.md
2026-05-31 14:19:54,255 [INFO] merge_service -   第11页: 【医脉通】2020+ESC指南：非持续性ST段抬高型急性冠脉综合征的管理_11.png → output/医脉通】2020+ESC指南：非持续性ST段抬高型急性冠脉综合征的管理/医脉通】2020+ESC指南：非持续性ST段抬高型急性冠脉综合征的管理_11.md
2026-05-31 14:19:54,255 [INFO] merge_service -   第12页: 【医脉通】2020+ESC指南：非持续性ST段抬高型急性冠脉综合征的管理_12.png → output/医脉通】2020+ESC指南：非持续性ST段抬高型急性冠脉综合征的管理/医脉通】2020+ESC指南：非持续性ST段抬高型急性冠脉综合征的管理_12.md
2026-05-31 14:19:54,255 [INFO] merge_service -   第13页: 【医脉通】2020+ESC指南：非持续性ST段抬高型急性冠脉综合征的管理_13.png → output/医脉通】2020+ESC指南：非持续性ST段抬高型急性冠脉综合征的管理/医脉通】2020+ESC指南：非持续性ST段抬高型急性冠脉综合征的管理_13.md
2026-05-31 14:19:54,255 [INFO] merge_service -   第14页: 【医脉通】2020+ESC指南：非持续性ST段抬高型急性冠脉综合征的管理_14.png → output/医脉通】2020+ESC指南：非持续性ST段抬高型急性冠脉综合征的管理/医脉通】2020+ESC指南：非持续性ST段抬高型急性冠脉综合征的管理_14.md
2026-05-31 14:19:54,255 [INFO] merge_service -   第15页: 【医脉通】2020+ESC指南：非持续性ST段抬高型急性冠脉综合征的管理_15.png → output/医脉通】2020+ESC指南：非持续性ST段抬高型急性冠脉综合征的管理/医脉通】2020+ESC指南：非持续性ST段抬高型急性冠脉综合征的管理_15.md
2026-05-31 14:19:54,255 [INFO] merge_service -   第16页: 【医脉通】2020+ESC指南：非持续性ST段抬高型急性冠脉综合征的管理_16.png → output/医脉通】2020+ESC指南：非持续性ST段抬高型急性冠脉综合征的管理/医脉通】2020+ESC指南：非持续性ST段抬高型急性冠脉综合征的管理_16.md
2026-05-31 14:19:54,255 [INFO] merge_service -   第17页: 【医脉通】2020+ESC指南：非持续性ST段抬高型急性冠脉综合征的管理_17.png → output/医脉通】2020+ESC指南：非持续性ST段抬高型急性冠脉综合征的管理/医脉通】2020+ESC指南：非持续性ST段抬高型急性冠脉综合征的管理_17.md
2026-05-31 14:19:54,255 [INFO] merge_service -   第18页: 【医脉通】2020+ESC指南：非持续性ST段抬高型急性冠脉综合征的管理_18.png → output/医脉通】2020+ESC指南：非持续性ST段抬高型急性冠脉综合征的管理/医脉通】2020+ESC指南：非持续性ST段抬高型急性冠脉综合征的管理_18.md
2026-05-31 14:19:54,256 [INFO] merge_service -   第19页: 【医脉通】2020+ESC指南：非持续性ST段抬高型急性冠脉综合征的管理_19.png → output/医脉通】2020+ESC指南：非持续性ST段抬高型急性冠脉综合征的管理/医脉通】2020+ESC指南：非持续性ST段抬高型急性冠脉综合征的管理_19.md
2026-05-31 14:19:54,256 [INFO] merge_service -   第20页: 【医脉通】2020+ESC指南：非持续性ST段抬高型急性冠脉综合征的管理_20.png → output/医脉通】2020+ESC指南：非持续性ST段抬高型急性冠脉综合征的管理/医脉通】2020+ESC指南：非持续性ST段抬高型急性冠脉综合征的管理_20.md
2026-05-31 14:19:54,256 [INFO] merge_service -   第21页: 【医脉通】2020+ESC指南：非持续性ST段抬高型急性冠脉综合征的管理_21.png → output/医脉通】2020+ESC指南：非持续性ST段抬高型急性冠脉综合征的管理/医脉通】2020+ESC指南：非持续性ST段抬高型急性冠脉综合征的管理_21.md
2026-05-31 14:19:54,256 [INFO] merge_service -   第22页: 【医脉通】2020+ESC指南：非持续性ST段抬高型急性冠脉综合征的管理_22.png → output/医脉通】2020+ESC指南：非持续性ST段抬高型急性冠脉综合征的管理/医脉通】2020+ESC指南：非持续性ST段抬高型急性冠脉综合征的管理_22.md
2026-05-31 14:19:54,256 [INFO] merge_service -   第23页: 【医脉通】2020+ESC指南：非持续性ST段抬高型急性冠脉综合征的管理_23.png → output/医脉通】2020+ESC指南：非持续性ST段抬高型急性冠脉综合征的管理/医脉通】2020+ESC指南：非持续性ST段抬高型急性冠脉综合征的管理_23.md
2026-05-31 14:19:54,256 [INFO] merge_service -   第24页: 【医脉通】2020+ESC指南：非持续性ST段抬高型急性冠脉综合征的管理_24.png → output/医脉通】2020+ESC指南：非持续性ST段抬高型急性冠脉综合征的管理/医脉通】2020+ESC指南：非持续性ST段抬高型急性冠脉综合征的管理_24.md
2026-05-31 14:19:54,256 [INFO] merge_service -   第25页: 【医脉通】2020+ESC指南：非持续性ST段抬高型急性冠脉综合征的管理_25.png → output/医脉通】2020+ESC指南：非持续性ST段抬高型急性冠脉综合征的管理/医脉通】2020+ESC指南：非持续性ST段抬高型急性冠脉综合征的管理_25.md
2026-05-31 14:19:54,256 [INFO] merge_service -   第26页: 【医脉通】2020+ESC指南：非持续性ST段抬高型急性冠脉综合征的管理_26.png → output/医脉通】2020+ESC指南：非持续性ST段抬高型急性冠脉综合征的管理/医脉通】2020+ESC指南：非持续性ST段抬高型急性冠脉综合征的管理_26.md
2026-05-31 14:19:54,256 [INFO] merge_service -   第27页: 【医脉通】2020+ESC指南：非持续性ST段抬高型急性冠脉综合征的管理_27.png → output/医脉通】2020+ESC指南：非持续性ST段抬高型急性冠脉综合征的管理/医脉通】2020+ESC指南：非持续性ST段抬高型急性冠脉综合征的管理_27.md
2026-05-31 14:19:54,256 [INFO] merge_service -   第28页: 【医脉通】2020+ESC指南：非持续性ST段抬高型急性冠脉综合征的管理_28.png → output/医脉通】2020+ESC指南：非持续性ST段抬高型急性冠脉综合征的管理/医脉通】2020+ESC指南：非持续性ST段抬高型急性冠脉综合征的管理_28.md
2026-05-31 14:19:54,256 [INFO] merge_service -   第29页: 【医脉通】2020+ESC指南：非持续性ST段抬高型急性冠脉综合征的管理_29.png → output/医脉通】2020+ESC指南：非持续性ST段抬高型急性冠脉综合征的管理/医脉通】2020+ESC指南：非持续性ST段抬高型急性冠脉综合征的管理_29.md
2026-05-31 14:19:54,256 [INFO] merge_service -   第30页: 【医脉通】2020+ESC指南：非持续性ST段抬高型急性冠脉综合征的管理_30.png → output/医脉通】2020+ESC指南：非持续性ST段抬高型急性冠脉综合征的管理/医脉通】2020+ESC指南：非持续性ST段抬高型急性冠脉综合征的管理_30.md
2026-05-31 14:19:54,256 [INFO] merge_service -   第31页: 【医脉通】2020+ESC指南：非持续性ST段抬高型急性冠脉综合征的管理_31.png → output/医脉通】2020+ESC指南：非持续性ST段抬高型急性冠脉综合征的管理/医脉通】2020+ESC指南：非持续性ST段抬高型急性冠脉综合征的管理_31.md
2026-05-31 14:19:54,256 [INFO] merge_service -   第32页: 【医脉通】2020+ESC指南：非持续性ST段抬高型急性冠脉综合征的管理_32.png → output/医脉通】2020+ESC指南：非持续性ST段抬高型急性冠脉综合征的管理/医脉通】2020+ESC指南：非持续性ST段抬高型急性冠脉综合征的管理_32.md
2026-05-31 14:19:54,256 [INFO] merge_service -   第33页: 【医脉通】2020+ESC指南：非持续性ST段抬高型急性冠脉综合征的管理_33.png → output/医脉通】2020+ESC指南：非持续性ST段抬高型急性冠脉综合征的管理/医脉通】2020+ESC指南：非持续性ST段抬高型急性冠脉综合征的管理_33.md
2026-05-31 14:19:54,256 [INFO] merge_service -   第34页: 【医脉通】2020+ESC指南：非持续性ST段抬高型急性冠脉综合征的管理_34.png → output/医脉通】2020+ESC指南：非持续性ST段抬高型急性冠脉综合征的管理/医脉通】2020+ESC指南：非持续性ST段抬高型急性冠脉综合征的管理_34.md
2026-05-31 14:19:54,256 [INFO] merge_service -   第35页: 【医脉通】2020+ESC指南：非持续性ST段抬高型急性冠脉综合征的管理_35.png → output/医脉通】2020+ESC指南：非持续性ST段抬高型急性冠脉综合征的管理/医脉通】2020+ESC指南：非持续性ST段抬高型急性冠脉综合征的管理_35.md
2026-05-31 14:19:54,256 [INFO] merge_service -   第36页: 【医脉通】2020+ESC指南：非持续性ST段抬高型急性冠脉综合征的管理_36.png → output/医脉通】2020+ESC指南：非持续性ST段抬高型急性冠脉综合征的管理/医脉通】2020+ESC指南：非持续性ST段抬高型急性冠脉综合征的管理_36.md
2026-05-31 14:19:54,256 [INFO] merge_service -   第37页: 【医脉通】2020+ESC指南：非持续性ST段抬高型急性冠脉综合征的管理_37.png → output/医脉通】2020+ESC指南：非持续性ST段抬高型急性冠脉综合征的管理/医脉通】2020+ESC指南：非持续性ST段抬高型急性冠脉综合征的管理_37.md
2026-05-31 14:19:54,256 [INFO] merge_service -   第38页: 【医脉通】2020+ESC指南：非持续性ST段抬高型急性冠脉综合征的管理_38.png → output/医脉通】2020+ESC指南：非持续性ST段抬高型急性冠脉综合征的管理/医脉通】2020+ESC指南：非持续性ST段抬高型急性冠脉综合征的管理_38.md
2026-05-31 14:19:54,256 [INFO] merge_service -   第39页: 【医脉通】2020+ESC指南：非持续性ST段抬高型急性冠脉综合征的管理_39.png → output/医脉通】2020+ESC指南：非持续性ST段抬高型急性冠脉综合征的管理/医脉通】2020+ESC指南：非持续性ST段抬高型急性冠脉综合征的管理_39.md
2026-05-31 14:19:54,256 [INFO] merge_service -   第40页: 【医脉通】2020+ESC指南：非持续性ST段抬高型急性冠脉综合征的管理_40.png → output/医脉通】2020+ESC指南：非持续性ST段抬高型急性冠脉综合征的管理/医脉通】2020+ESC指南：非持续性ST段抬高型急性冠脉综合征的管理_40.md
2026-05-31 14:19:54,256 [INFO] merge_service -   第41页: 【医脉通】2020+ESC指南：非持续性ST段抬高型急性冠脉综合征的管理_41.png → output/医脉通】2020+ESC指南：非持续性ST段抬高型急性冠脉综合征的管理/医脉通】2020+ESC指南：非持续性ST段抬高型急性冠脉综合征的管理_41.md
2026-05-31 14:19:54,256 [INFO] merge_service -   第42页: 【医脉通】2020+ESC指南：非持续性ST段抬高型急性冠脉综合征的管理_42.png → output/医脉通】2020+ESC指南：非持续性ST段抬高型急性冠脉综合征的管理/医脉通】2020+ESC指南：非持续性ST段抬高型急性冠脉综合征的管理_42.md
2026-05-31 14:19:54,256 [INFO] merge_service -   第43页: 【医脉通】2020+ESC指南：非持续性ST段抬高型急性冠脉综合征的管理_43.png → output/医脉通】2020+ESC指南：非持续性ST段抬高型急性冠脉综合征的管理/医脉通】2020+ESC指南：非持续性ST段抬高型急性冠脉综合征的管理_43.md
2026-05-31 14:19:54,256 [INFO] merge_service -   第44页: 【医脉通】2020+ESC指南：非持续性ST段抬高型急性冠脉综合征的管理_44.png → output/医脉通】2020+ESC指南：非持续性ST段抬高型急性冠脉综合征的管理/医脉通】2020+ESC指南：非持续性ST段抬高型急性冠脉综合征的管理_44.md
2026-05-31 14:19:54,256 [INFO] merge_service -   第45页: 【医脉通】2020+ESC指南：非持续性ST段抬高型急性冠脉综合征的管理_45.png → output/医脉通】2020+ESC指南：非持续性ST段抬高型急性冠脉综合征的管理/医脉通】2020+ESC指南：非持续性ST段抬高型急性冠脉综合征的管理_45.md
2026-05-31 14:19:54,256 [INFO] merge_service -   第46页: 【医脉通】2020+ESC指南：非持续性ST段抬高型急性冠脉综合征的管理_46.png → output/医脉通】2020+ESC指南：非持续性ST段抬高型急性冠脉综合征的管理/医脉通】2020+ESC指南：非持续性ST段抬高型急性冠脉综合征的管理_46.md
2026-05-31 14:19:54,257 [INFO] merge_service -   第47页: 【医脉通】2020+ESC指南：非持续性ST段抬高型急性冠脉综合征的管理_47.png → output/医脉通】2020+ESC指南：非持续性ST段抬高型急性冠脉综合征的管理/医脉通】2020+ESC指南：非持续性ST段抬高型急性冠脉综合征的管理_47.md
2026-05-31 14:19:54,257 [INFO] merge_service -   第48页: 【医脉通】2020+ESC指南：非持续性ST段抬高型急性冠脉综合征的管理_48.png → output/医脉通】2020+ESC指南：非持续性ST段抬高型急性冠脉综合征的管理/医脉通】2020+ESC指南：非持续性ST段抬高型急性冠脉综合征的管理_48.md
2026-05-31 14:19:54,257 [INFO] merge_service -   第49页: 【医脉通】2020+ESC指南：非持续性ST段抬高型急性冠脉综合征的管理_49.png → output/医脉通】2020+ESC指南：非持续性ST段抬高型急性冠脉综合征的管理/医脉通】2020+ESC指南：非持续性ST段抬高型急性冠脉综合征的管理_49.md
2026-05-31 14:19:54,257 [INFO] merge_service -   第50页: 【医脉通】2020+ESC指南：非持续性ST段抬高型急性冠脉综合征的管理_50.png → output/医脉通】2020+ESC指南：非持续性ST段抬高型急性冠脉综合征的管理/医脉通】2020+ESC指南：非持续性ST段抬高型急性冠脉综合征的管理_50.md
2026-05-31 14:19:54,257 [INFO] merge_service -   第51页: 【医脉通】2020+ESC指南：非持续性ST段抬高型急性冠脉综合征的管理_51.png → output/医脉通】2020+ESC指南：非持续性ST段抬高型急性冠脉综合征的管理/医脉通】2020+ESC指南：非持续性ST段抬高型急性冠脉综合征的管理_51.md
2026-05-31 14:19:54,257 [INFO] merge_service -   第52页: 【医脉通】2020+ESC指南：非持续性ST段抬高型急性冠脉综合征的管理_52.png → output/医脉通】2020+ESC指南：非持续性ST段抬高型急性冠脉综合征的管理/医脉通】2020+ESC指南：非持续性ST段抬高型急性冠脉综合征的管理_52.md
2026-05-31 14:19:54,257 [INFO] merge_service -   第53页: 【医脉通】2020+ESC指南：非持续性ST段抬高型急性冠脉综合征的管理_53.png → output/医脉通】2020+ESC指南：非持续性ST段抬高型急性冠脉综合征的管理/医脉通】2020+ESC指南：非持续性ST段抬高型急性冠脉综合征的管理_53.md
2026-05-31 14:19:54,257 [INFO] merge_service -   第54页: 【医脉通】2020+ESC指南：非持续性ST段抬高型急性冠脉综合征的管理_54.png → output/医脉通】2020+ESC指南：非持续性ST段抬高型急性冠脉综合征的管理/医脉通】2020+ESC指南：非持续性ST段抬高型急性冠脉综合征的管理_54.md
2026-05-31 14:19:54,257 [INFO] merge_service -   第55页: 【医脉通】2020+ESC指南：非持续性ST段抬高型急性冠脉综合征的管理_55.png → output/医脉通】2020+ESC指南：非持续性ST段抬高型急性冠脉综合征的管理/医脉通】2020+ESC指南：非持续性ST段抬高型急性冠脉综合征的管理_55.md
2026-05-31 14:19:54,257 [INFO] merge_service -   第56页: 【医脉通】2020+ESC指南：非持续性ST段抬高型急性冠脉综合征的管理_56.png → output/医脉通】2020+ESC指南：非持续性ST段抬高型急性冠脉综合征的管理/医脉通】2020+ESC指南：非持续性ST段抬高型急性冠脉综合征的管理_56.md
2026-05-31 14:19:54,257 [INFO] merge_service -   第57页: 【医脉通】2020+ESC指南：非持续性ST段抬高型急性冠脉综合征的管理_57.png → output/医脉通】2020+ESC指南：非持续性ST段抬高型急性冠脉综合征的管理/医脉通】2020+ESC指南：非持续性ST段抬高型急性冠脉综合征的管理_57.md
2026-05-31 14:19:54,257 [INFO] merge_service -   第58页: 【医脉通】2020+ESC指南：非持续性ST段抬高型急性冠脉综合征的管理_58.png → output/医脉通】2020+ESC指南：非持续性ST段抬高型急性冠脉综合征的管理/医脉通】2020+ESC指南：非持续性ST段抬高型急性冠脉综合征的管理_58.md
2026-05-31 14:19:54,257 [INFO] merge_service -   第59页: 【医脉通】2020+ESC指南：非持续性ST段抬高型急性冠脉综合征的管理_59.png → output/医脉通】2020+ESC指南：非持续性ST段抬高型急性冠脉综合征的管理/医脉通】2020+ESC指南：非持续性ST段抬高型急性冠脉综合征的管理_59.md
2026-05-31 14:19:54,257 [INFO] merge_service -   第60页: 【医脉通】2020+ESC指南：非持续性ST段抬高型急性冠脉综合征的管理_60.png → output/医脉通】2020+ESC指南：非持续性ST段抬高型急性冠脉综合征的管理/医脉通】2020+ESC指南：非持续性ST段抬高型急性冠脉综合征的管理_60.md
2026-05-31 14:19:54,257 [INFO] merge_service -   第61页: 【医脉通】2020+ESC指南：非持续性ST段抬高型急性冠脉综合征的管理_61.png → output/医脉通】2020+ESC指南：非持续性ST段抬高型急性冠脉综合征的管理/医脉通】2020+ESC指南：非持续性ST段抬高型急性冠脉综合征的管理_61.md
2026-05-31 14:19:54,257 [INFO] merge_service -   第62页: 【医脉通】2020+ESC指南：非持续性ST段抬高型急性冠脉综合征的管理_62.png → output/医脉通】2020+ESC指南：非持续性ST段抬高型急性冠脉综合征的管理/医脉通】2020+ESC指南：非持续性ST段抬高型急性冠脉综合征的管理_62.md
2026-05-31 14:19:54,257 [INFO] merge_service -   第63页: 【医脉通】2020+ESC指南：非持续性ST段抬高型急性冠脉综合征的管理_63.png → output/医脉通】2020+ESC指南：非持续性ST段抬高型急性冠脉综合征的管理/医脉通】2020+ESC指南：非持续性ST段抬高型急性冠脉综合征的管理_63.md
2026-05-31 14:19:54,257 [INFO] merge_service -   第64页: 【医脉通】2020+ESC指南：非持续性ST段抬高型急性冠脉综合征的管理_64.png → output/医脉通】2020+ESC指南：非持续性ST段抬高型急性冠脉综合征的管理/医脉通】2020+ESC指南：非持续性ST段抬高型急性冠脉综合征的管理_64.md
2026-05-31 14:19:54,257 [INFO] merge_service -   第65页: 【医脉通】2020+ESC指南：非持续性ST段抬高型急性冠脉综合征的管理_65.png → output/医脉通】2020+ESC指南：非持续性ST段抬高型急性冠脉综合征的管理/医脉通】2020+ESC指南：非持续性ST段抬高型急性冠脉综合征的管理_65.md
2026-05-31 14:19:54,257 [INFO] merge_service -   第66页: 【医脉通】2020+ESC指南：非持续性ST段抬高型急性冠脉综合征的管理_66.png → output/医脉通】2020+ESC指南：非持续性ST段抬高型急性冠脉综合征的管理/医脉通】2020+ESC指南：非持续性ST段抬高型急性冠脉综合征的管理_66.md
2026-05-31 14:19:54,257 [INFO] merge_service -   第67页: 【医脉通】2020+ESC指南：非持续性ST段抬高型急性冠脉综合征的管理_67.png → output/医脉通】2020+ESC指南：非持续性ST段抬高型急性冠脉综合征的管理/医脉通】2020+ESC指南：非持续性ST段抬高型急性冠脉综合征的管理_67.md
2026-05-31 14:19:54,257 [INFO] merge_service -   第68页: 【医脉通】2020+ESC指南：非持续性ST段抬高型急性冠脉综合征的管理_68.png → output/医脉通】2020+ESC指南：非持续性ST段抬高型急性冠脉综合征的管理/医脉通】2020+ESC指南：非持续性ST段抬高型急性冠脉综合征的管理_68.md
2026-05-31 14:19:54,257 [INFO] merge_service -   第69页: 【医脉通】2020+ESC指南：非持续性ST段抬高型急性冠脉综合征的管理_69.png → output/医脉通】2020+ESC指南：非持续性ST段抬高型急性冠脉综合征的管理/医脉通】2020+ESC指南：非持续性ST段抬高型急性冠脉综合征的管理_69.md
2026-05-31 14:19:54,257 [INFO] merge_service -   第70页: 【医脉通】2020+ESC指南：非持续性ST段抬高型急性冠脉综合征的管理_70.png → output/医脉通】2020+ESC指南：非持续性ST段抬高型急性冠脉综合征的管理/医脉通】2020+ESC指南：非持续性ST段抬高型急性冠脉综合征的管理_70.md
2026-05-31 14:19:54,257 [INFO] merge_service -   第71页: 【医脉通】2020+ESC指南：非持续性ST段抬高型急性冠脉综合征的管理_71.png → output/医脉通】2020+ESC指南：非持续性ST段抬高型急性冠脉综合征的管理/医脉通】2020+ESC指南：非持续性ST段抬高型急性冠脉综合征的管理_71.md
2026-05-31 14:19:54,258 [INFO] merge_service -   第72页: 【医脉通】2020+ESC指南：非持续性ST段抬高型急性冠脉综合征的管理_72.png → output/医脉通】2020+ESC指南：非持续性ST段抬高型急性冠脉综合征的管理/医脉通】2020+ESC指南：非持续性ST段抬高型急性冠脉综合征的管理_72.md
2026-05-31 14:19:54,258 [INFO] merge_service -   第73页: 【医脉通】2020+ESC指南：非持续性ST段抬高型急性冠脉综合征的管理_73.png → output/医脉通】2020+ESC指南：非持续性ST段抬高型急性冠脉综合征的管理/医脉通】2020+ESC指南：非持续性ST段抬高型急性冠脉综合征的管理_73.md
2026-05-31 14:19:54,258 [INFO] merge_service -   第74页: 【医脉通】2020+ESC指南：非持续性ST段抬高型急性冠脉综合征的管理_74.png → output/医脉通】2020+ESC指南：非持续性ST段抬高型急性冠脉综合征的管理/医脉通】2020+ESC指南：非持续性ST段抬高型急性冠脉综合征的管理_74.md
2026-05-31 14:19:54,258 [INFO] merge_service -   第75页: 【医脉通】2020+ESC指南：非持续性ST段抬高型急性冠脉综合征的管理_75.png → output/医脉通】2020+ESC指南：非持续性ST段抬高型急性冠脉综合征的管理/医脉通】2020+ESC指南：非持续性ST段抬高型急性冠脉综合征的管理_75.md
2026-05-31 14:19:54,258 [INFO] merge_service -   第76页: 【医脉通】2020+ESC指南：非持续性ST段抬高型急性冠脉综合征的管理_76.png → output/医脉通】2020+ESC指南：非持续性ST段抬高型急性冠脉综合征的管理/医脉通】2020+ESC指南：非持续性ST段抬高型急性冠脉综合征的管理_76.md
2026-05-31 14:19:54,258 [INFO] merge_service -   第77页: 【医脉通】2020+ESC指南：非持续性ST段抬高型急性冠脉综合征的管理_77.png → output/医脉通】2020+ESC指南：非持续性ST段抬高型急性冠脉综合征的管理/医脉通】2020+ESC指南：非持续性ST段抬高型急性冠脉综合征的管理_77.md
2026-05-31 14:19:54,258 [INFO] merge_service -   第78页: 【医脉通】2020+ESC指南：非持续性ST段抬高型急性冠脉综合征的管理_78.png → output/医脉通】2020+ESC指南：非持续性ST段抬高型急性冠脉综合征的管理/医脉通】2020+ESC指南：非持续性ST段抬高型急性冠脉综合征的管理_78.md
2026-05-31 14:19:54,258 [INFO] merge_service -   第79页: 【医脉通】2020+ESC指南：非持续性ST段抬高型急性冠脉综合征的管理_79.png → output/医脉通】2020+ESC指南：非持续性ST段抬高型急性冠脉综合征的管理/医脉通】2020+ESC指南：非持续性ST段抬高型急性冠脉综合征的管理_79.md
2026-05-31 14:19:54,463 [INFO] merge_service - 
==================================================
2026-05-31 14:19:54,464 [INFO] merge_service - [edc7f1a1-93c5-4d9f-9840-7cf1b716aed2] 合并清洗完成!
2026-05-31 14:19:54,464 [INFO] merge_service -   合并文件: output/医脉通】2020+ESC指南：非持续性ST段抬高型急性冠脉综合征的管理/医脉通】2020+ESC指南：非持续性ST段抬高型急性冠脉综合征的管理_merged_output.md
2026-05-31 14:19:54,464 [INFO] merge_service -   有效页面: 68/79
2026-05-31 14:19:54,464 [INFO] merge_service -   总字符数: 418491
2026-05-31 14:19:54,464 [INFO] merge_service -   轮询耗时: 963.4s, 合并耗时: 0.21s
2026-05-31 14:19:54,464 [INFO] merge_service -   跳过页面（参考文献）: [61, 62, 63, 64, 66, 67, 70, 71, 73, 76, 79]
2026-05-31 14:19:54,464 [INFO] merge_service - ==================================================
